
> distAndRunE2ETests:mac:local
> lerna run --scope @quiet/desktop distMac:local && lerna run --scope e2e-tests test:localBinary -- multiple


> @quiet/desktop:"distMac:local"

> @quiet/desktop@2.1.2-alpha.13 distMac:local
> export DEBUG=* SOURCE_PATH=darwin TEST_MODE=true IS_LOCAL=true && npm run copyBinariesDarwin && ./scripts/shell/clear_electron_builds.sh && npm run build:dev:dist && electron-builder --mac -p never -c.mac.type=development -c.mac.identity=null
> @quiet/desktop@2.1.2-alpha.13 copyBinariesDarwin
> cp -R ../../3rd-party/tor/$SOURCE_PATH/ ./tor/ && chmod 775 ./tor/arm64/tor ./tor/x64/tor
> @quiet/desktop@2.1.2-alpha.13 build:dev:dist
> concurrently "npm run build:main" "npm run build:renderer:prod"
[90m[2m[1][22m[39m 
[90m[2m[1][22m[39m > @quiet/desktop@2.1.2-alpha.13 build:renderer:prod
[90m[2m[1][22m[39m > webpack --config webpack/webpack.config.renderer.prod.js
[90m[2m[1][22m[39m 
[90m[2m[0][22m[39m 
[90m[2m[0][22m[39m > @quiet/desktop@2.1.2-alpha.13 build:main
[90m[2m[0][22m[39m > tsc -p tsconfig.build.json
[90m[2m[0][22m[39m 
[90m[2m[0][22m[39m [90m[2mnpm run build:main exited with code 0[22m[39m
[90m[2m[1][22m[39m assets by status 599 KiB [1m[32m[cached][39m[22m 80 assets
[90m[2m[1][22m[39m assets by path [1m[32m../desktop/src/[39m[22m 143 KiB 310 assets
[90m[2m[1][22m[39m assets by path [1m[32m../state-manager/src/[39m[22m 42.4 KiB 93 assets
[90m[2m[1][22m[39m assets by path [1m[32m../common/src/*.ts[39m[22m 5.34 KiB 15 assets
[90m[2m[1][22m[39m assets by path [1m[32m../types/src/*.ts[39m[22m 16.9 KiB
[90m[2m[1][22m[39m   asset [1m[32m../types/src/channel.d.ts[39m[22m 2.86 KiB [1m[33m[compared for emit][39m[22m
[90m[2m[1][22m[39m   + 11 assets
[90m[2m[1][22m[39m assets by path [1m[32m../identity/src/[39m[22m 6.6 KiB
[90m[2m[1][22m[39m   asset [1m[32m../identity/src/index.d.ts[39m[22m 1.71 KiB [1m[33m[compared for emit][39m[22m
[90m[2m[1][22m[39m   + 10 assets
[90m[2m[1][22m[39m assets by path [1m[32m*.html[39m[22m 5.65 KiB
[90m[2m[1][22m[39m   asset [1m[32mindex.html[39m[22m 4.3 KiB [1m[32m[emitted][39m[22m
[90m[2m[1][22m[39m   asset [1m[32msplash.html[39m[22m 1.34 KiB [1m[32m[emitted][39m[22m
[90m[2m[1][22m[39m asset [1m[32mindex.js[39m[22m 27.6 MiB [1m[32m[emitted][39m[22m [1m[32m[minimized][39m[22m (name: index)
[90m[2m[1][22m[39m asset [1m[32m../logger/src/index.d.ts[39m[22m 288 bytes [1m[33m[compared for emit][39m[22m
[90m[2m[1][22m[39m orphan modules 4.51 MiB [1m[33m[orphan][39m[22m 1431 modules
[90m[2m[1][22m[39m runtime modules 3.96 KiB 10 modules
[90m[2m[1][22m[39m built modules 10.2 MiB (javascript) 1.91 KiB (asset) [1m[33m[built][39m[22m
[90m[2m[1][22m[39m   modules by path [1m./[39m[22m 6.53 MiB (javascript) 1.91 KiB (asset)
[90m[2m[1][22m[39m     javascript modules 6.52 MiB 814 modules
[90m[2m[1][22m[39m     asset modules 1010 bytes (javascript) 1.91 KiB (asset) 24 modules
[90m[2m[1][22m[39m     json modules 6.6 KiB 5 modules
[90m[2m[1][22m[39m   modules by path [1m../[39m[22m 3.62 MiB
[90m[2m[1][22m[39m     modules by path [1m../state-manager/[39m[22m 2.19 MiB 290 modules
[90m[2m[1][22m[39m     modules by path [1m../common/[39m[22m 254 KiB 121 modules
[90m[2m[1][22m[39m     modules by path [1m../identity/[39m[22m 1.16 MiB 16 modules
[90m[2m[1][22m[39m     modules by path [1m../types/lib/*.js[39m[22m 11.2 KiB 12 modules
[90m[2m[1][22m[39m     modules by path [1m../logger/[39m[22m 15.7 KiB 4 modules
[90m[2m[1][22m[39m   + 8 modules
[90m[2m[1][22m[39m webpack 5.75.0 compiled [1m[32msuccessfully[39m[22m in 16603 ms
[90m[2m[1][22m[39m 
[90m[2m[1][22m[39m > @quiet/desktop@2.1.2-alpha.13 copyFonts
[90m[2m[1][22m[39m > cp src/renderer/fonts/* dist/main
[90m[2m[1][22m[39m 
[90m[2m[1][22m[39m [90m[2mnpm run build:renderer:prod exited with code 0[22m[39m
  [34m•[39m electron-builder  [34mversion[39m=23.6.0 [34mos[39m=23.4.0
  [34m•[39m loaded configuration  [34mfile[39m=package.json ("build" field)
  [37m•[39m effective config  [37mconfig[39m=directories:
  output: dist
  buildResources: build
afterSign: scripts/notarize.js
afterAllArtifactBuild: scripts/setEnvs.js
productName: Quiet
appId: Quiet
protocols:
  name: electron-deep-linking
  schemes:
    - quiet
mac:
  icon: ./build/icon.icns
  hardenedRuntime: true
  gatekeeperAssess: false
  entitlements: build/entitlements.mac.plist
  entitlementsInherit: build/entitlements.mac.plist
  category: public.app-category.social-networking
  files:
    - dist/**/*
    - build/icon.*
    - package.json
  type: development
  identity: null
win:
  icon: ./build/icon.ico
  target: NSIS
  sign: scripts/sign.js
  files:
    - dist/**/*
    - build/icon.*
    - package.json
linux:
  icon: ./build/icon.png
  target:
    - AppImage
  extraFiles:
    - from: tor/libssl.so
      to: usr/lib/libssl.so
    - from: resources/libcrypto.so.1.1
      to: usr/lib/libcrypto.so.1.1
    - from: resources/libssl.so.1.1
      to: usr/lib/libssl.so.1.1
    - from: resources/quiet.desktop
      to: resources/quiet.desktop
  files:
    - dist/**/*
    - build/icon.*
    - package.json
publish:
  provider: s3
  bucket: test.quiet
extraResources:
  - filter:
      - tor/**/*
      - mainEnvs.json
files: []
  [37m•[39m spawning        [37mcommand[39m=/Users/isla/Dev/quiet/packages/desktop/node_modules/app-builder-bin/mac/app-builder_arm64 node-dep-tree --dir /Users/isla/Dev/quiet/packages/desktop
[37m  • [0munresolved deps  [37munresolved[0m=electron-localshortcut [37mnodeModuleDir[0m=/Users/isla/Dev/quiet/node_modules [37mround[0m=0
[37m  • [0munresolved deps  [37munresolved[0m=asn1jspvtsutilspvutils [37mnodeModuleDir[0m=/Users/isla/Dev/quiet/packages/desktop/node_modules [37mround[0m=0
[37m  • [0munresolved deps  [37munresolved[0m=pvtsutilspvutils [37mnodeModuleDir[0m=/Users/isla/Dev/quiet/packages/desktop/node_modules [37mround[0m=0
[37m  • [0munresolved deps  [37munresolved[0m=pvtsutilspvutils [37mnodeModuleDir[0m=/Users/isla/Dev/quiet/node_modules [37mround[0m=1
[37m  • [0munresolved deps  [37munresolved[0m=nice-trypath-keyshebang-commandwhich [37mnodeModuleDir[0m=/Users/isla/Dev/quiet/packages/desktop/node_modules/@quiet/common/node_modules/@quiet/types/node_modules [37mround[0m=0
[37m  • [0munresolved deps  [37munresolved[0m=shebang-commandwhichnice-trypath-key [37mnodeModuleDir[0m=/Users/isla/Dev/quiet/packages/desktop/node_modules/@quiet/common/node_modules [37mround[0m=0
[37m  • [0munresolved deps  [37munresolved[0m=js-yamllazy-vallodash.escaperegexplodash.isequal [37mnodeModuleDir[0m=/Users/isla/Dev/quiet/packages/desktop/node_modules [37mround[0m=0
[37m  • [0munresolved deps  [37munresolved[0m=debugsax [37mnodeModuleDir[0m=/Users/isla/Dev/quiet/packages/desktop/node_modules [37mround[0m=0
[37m  • [0munresolved deps  [37munresolved[0m=graceful-fs [37mnodeModuleDir[0m=/Users/isla/Dev/quiet/packages/desktop/node_modules [37mround[0m=0
[37m  • [0munresolved deps  [37munresolved[0m=universalify [37mnodeModuleDir[0m=/Users/isla/Dev/quiet/packages/desktop/node_modules [37mround[0m=0
[37m  • [0munresolved deps  [37munresolved[0m=graceful-fs [37mnodeModuleDir[0m=/Users/isla/Dev/quiet/packages/desktop/node_modules [37mround[0m=0
[37m  • [0munresolved deps  [37munresolved[0m=graceful-fs [37mnodeModuleDir[0m=/Users/isla/Dev/quiet/node_modules [37mround[0m=1
[37m  • [0munresolved deps  [37munresolved[0m=style-to-objectunist-util-visitvfileprop-typesspace-separated-tokenscomma-separated-tokensproperty-informationunified
                     [37mnodeModuleDir[0m=/Users/isla/Dev/quiet/packages/desktop/node_modules
                     [37mround[0m=0
[37m  • [0munresolved deps  [37munresolved[0m=parse-entitiesunist-util-stringify-position [37mnodeModuleDir[0m=/Users/isla/Dev/quiet/packages/desktop/node_modules [37mround[0m=0
[37m  • [0munresolved deps  [37munresolved[0m=debugparse-entities [37mnodeModuleDir[0m=/Users/isla/Dev/quiet/packages/desktop/node_modules [37mround[0m=0
[37m  • [0munresolved deps  [37munresolved[0m=debugparse-entities [37mnodeModuleDir[0m=/Users/isla/Dev/quiet/node_modules [37mround[0m=1
[37m  • [0munresolved deps  [37munresolved[0m=is-decimal [37mnodeModuleDir[0m=/Users/isla/Dev/quiet/node_modules [37mround[0m=0
[37m  • [0munresolved deps  [37munresolved[0m=mdast-util-definitionsmdurlunist-builderunist-util-generatedunist-util-positionunist-util-visit [37mnodeModuleDir[0m=/Users/isla/Dev/quiet/packages/desktop/node_modules [37mround[0m=0
[37m  • [0munresolved deps  [37munresolved[0m=unist-util-visit [37mnodeModuleDir[0m=/Users/isla/Dev/quiet/node_modules [37mround[0m=1
[37m  • [0munresolved deps  [37munresolved[0m=unist-util-visit [37mnodeModuleDir[0m=/Users/isla/Dev/quiet/node_modules [37mround[0m=0
[37m  • [0munresolved deps  [37munresolved[0m=unist-util-is [37mnodeModuleDir[0m=/Users/isla/Dev/quiet/node_modules [37mround[0m=0
[37m  • [0munresolved deps  [37munresolved[0m=unist-util-stringify-positionvfile-message [37mnodeModuleDir[0m=/Users/isla/Dev/quiet/packages/desktop/node_modules [37mround[0m=0
[37m  • [0munresolved deps  [37munresolved[0m=unist-util-stringify-position [37mnodeModuleDir[0m=/Users/isla/Dev/quiet/node_modules [37mround[0m=1
[37m  • [0munresolved deps  [37munresolved[0m=unist-util-stringify-position [37mnodeModuleDir[0m=/Users/isla/Dev/quiet/node_modules [37mround[0m=0
[37m  • [0munresolved deps  [37munresolved[0m=extendtroughvfilebail [37mnodeModuleDir[0m=/Users/isla/Dev/quiet/packages/desktop/node_modules [37mround[0m=0
[37m  • [0munresolved deps  [37munresolved[0m=vfile [37mnodeModuleDir[0m=/Users/isla/Dev/quiet/node_modules [37mround[0m=1
[37m  • [0munresolved deps  [37munresolved[0m=prop-types [37mnodeModuleDir[0m=/Users/isla/Dev/quiet/node_modules [37mround[0m=0
[37m  • [0munresolved deps  [37munresolved[0m=webcrypto-core@peculiar/asn1-schema@peculiar/json-schemapvtsutils [37mnodeModuleDir[0m=/Users/isla/Dev/quiet/packages/desktop/node_modules [37mround[0m=0
[37m  • [0munresolved deps  [37munresolved[0m=pvtsutils [37mnodeModuleDir[0m=/Users/isla/Dev/quiet/node_modules [37mround[0m=1
[37m  • [0munresolved deps  [37munresolved[0m=@peculiar/asn1-schema@peculiar/json-schemaasn1jspvtsutils [37mnodeModuleDir[0m=/Users/isla/Dev/quiet/packages/desktop/node_modules [37mround[0m=0
[37m  • [0munresolved deps  [37munresolved[0m=@peculiar/asn1-schema@peculiar/json-schemaasn1jspvtsutils [37mnodeModuleDir[0m=/Users/isla/Dev/quiet/node_modules [37mround[0m=1
[37m  • [0munresolved deps  [37munresolved[0m=asn1jspvtsutils [37mnodeModuleDir[0m=/Users/isla/Dev/quiet/packages/desktop/node_modules [37mround[0m=0
[37m  • [0munresolved deps  [37munresolved[0m=asn1jspvtsutils [37mnodeModuleDir[0m=/Users/isla/Dev/quiet/node_modules [37mround[0m=1
[37m  • [0munresolved deps  [37munresolved[0m=shebang-commandwhichnice-trypath-key [37mnodeModuleDir[0m=/Users/isla/Dev/quiet/packages/desktop/node_modules/@quiet/types/node_modules [37mround[0m=0
[37m  • [0munresolved deps  [37munresolved[0m=@sentry/node [37mnodeModuleDir[0m=/Users/isla/Dev/quiet/packages/desktop/node_modules [37mround[0m=0
[37m  • [0munresolved deps  [37munresolved[0m=@sentry/core@sentry/types@sentry/utils [37mnodeModuleDir[0m=/Users/isla/Dev/quiet/packages/desktop/node_modules/@sentry/electron/node_modules [37mround[0m=0
[37m  • [0munresolved deps  [37munresolved[0m=@sentry/core@sentry/types@sentry/utils [37mnodeModuleDir[0m=/Users/isla/Dev/quiet/packages/desktop/node_modules [37mround[0m=1
[37m  • [0munresolved deps  [37munresolved[0m=@sentry/utils@sentry/types [37mnodeModuleDir[0m=/Users/isla/Dev/quiet/node_modules [37mround[0m=0
[37m  • [0munresolved deps  [37munresolved[0m=@sentry/types@sentry/utilstslib [37mnodeModuleDir[0m=/Users/isla/Dev/quiet/node_modules [37mround[0m=0
[37m  • [0munresolved deps  [37munresolved[0m=@sentry/hub@sentry/typestslib [37mnodeModuleDir[0m=/Users/isla/Dev/quiet/node_modules [37mround[0m=0
[37m  • [0munresolved deps  [37munresolved[0m=@sentry/typestslib [37mnodeModuleDir[0m=/Users/isla/Dev/quiet/node_modules [37mround[0m=0
[37m  • [0munresolved deps  [37munresolved[0m=@sentry/types@sentry/utils@sentry/hub@sentry/minimal [37mnodeModuleDir[0m=/Users/isla/Dev/quiet/packages/desktop/node_modules/@sentry/electron/node_modules [37mround[0m=0
[37m  • [0munresolved deps  [37munresolved[0m=@sentry/types@sentry/utils@sentry/minimal [37mnodeModuleDir[0m=/Users/isla/Dev/quiet/packages/desktop/node_modules [37mround[0m=1
[37m  • [0munresolved deps  [37munresolved[0m=@sentry/types@sentry/utils@sentry/minimal [37mnodeModuleDir[0m=/Users/isla/Dev/quiet/node_modules [37mround[0m=2
[37m  • [0munresolved deps  [37munresolved[0m=@sentry/types@sentry/utils [37mnodeModuleDir[0m=/Users/isla/Dev/quiet/packages/desktop/node_modules/@sentry/electron/node_modules [37mround[0m=0
[37m  • [0munresolved deps  [37munresolved[0m=@sentry/types@sentry/utils [37mnodeModuleDir[0m=/Users/isla/Dev/quiet/packages/desktop/node_modules [37mround[0m=1
[37m  • [0munresolved deps  [37munresolved[0m=@sentry/types@sentry/utils [37mnodeModuleDir[0m=/Users/isla/Dev/quiet/node_modules [37mround[0m=2
[37m  • [0munresolved deps  [37munresolved[0m=@sentry/hub@sentry/types [37mnodeModuleDir[0m=/Users/isla/Dev/quiet/packages/desktop/node_modules/@sentry/electron/node_modules [37mround[0m=0
[37m  • [0munresolved deps  [37munresolved[0m=@sentry/hub@sentry/types [37mnodeModuleDir[0m=/Users/isla/Dev/quiet/packages/desktop/node_modules [37mround[0m=1
[37m  • [0munresolved deps  [37munresolved[0m=@sentry/hub@sentry/types [37mnodeModuleDir[0m=/Users/isla/Dev/quiet/node_modules [37mround[0m=2
[37m  • [0munresolved deps  [37munresolved[0m=@sentry/types [37mnodeModuleDir[0m=/Users/isla/Dev/quiet/packages/desktop/node_modules/@sentry/electron/node_modules [37mround[0m=0
[37m  • [0munresolved deps  [37munresolved[0m=@sentry/types [37mnodeModuleDir[0m=/Users/isla/Dev/quiet/packages/desktop/node_modules [37mround[0m=1
[37m  • [0munresolved deps  [37munresolved[0m=@sentry/types [37mnodeModuleDir[0m=/Users/isla/Dev/quiet/node_modules [37mround[0m=2
[37m  • [0munresolved deps  [37munresolved[0m=tslibhttps-proxy-agentlru_map [37mnodeModuleDir[0m=/Users/isla/Dev/quiet/packages/desktop/node_modules [37mround[0m=0
[37m  • [0munresolved deps  [37munresolved[0m=tslib [37mnodeModuleDir[0m=/Users/isla/Dev/quiet/node_modules [37mround[0m=1
[37m  • [0munresolved deps  [37munresolved[0m=@sentry/hub@sentry/types@sentry/utilstslib [37mnodeModuleDir[0m=/Users/isla/Dev/quiet/packages/desktop/node_modules [37mround[0m=0
[37m  • [0munresolved deps  [37munresolved[0m=@sentry/hub@sentry/types@sentry/utilstslib [37mnodeModuleDir[0m=/Users/isla/Dev/quiet/node_modules [37mround[0m=1
[37m  • [0munresolved deps  [37munresolved[0m=@sentry/typestslib@sentry/hub [37mnodeModuleDir[0m=/Users/isla/Dev/quiet/packages/desktop/node_modules [37mround[0m=0
[37m  • [0munresolved deps  [37munresolved[0m=@sentry/typestslib@sentry/hub [37mnodeModuleDir[0m=/Users/isla/Dev/quiet/node_modules [37mround[0m=1
[37m  • [0munresolved deps  [37munresolved[0m=@sentry/types@sentry/utilstslib [37mnodeModuleDir[0m=/Users/isla/Dev/quiet/packages/desktop/node_modules [37mround[0m=0
[37m  • [0munresolved deps  [37munresolved[0m=@sentry/types@sentry/utilstslib [37mnodeModuleDir[0m=/Users/isla/Dev/quiet/node_modules [37mround[0m=1
[37m  • [0munresolved deps  [37munresolved[0m=@sentry/typestslib [37mnodeModuleDir[0m=/Users/isla/Dev/quiet/packages/desktop/node_modules [37mround[0m=0
[37m  • [0munresolved deps  [37munresolved[0m=@sentry/typestslib [37mnodeModuleDir[0m=/Users/isla/Dev/quiet/node_modules [37mround[0m=1
[37m  • [0munresolved deps  [37munresolved[0m=@sentry/hub@sentry/minimal@sentry/types@sentry/utilstslib [37mnodeModuleDir[0m=/Users/isla/Dev/quiet/packages/desktop/node_modules [37mround[0m=0
[37m  • [0munresolved deps  [37munresolved[0m=@sentry/hub@sentry/minimal@sentry/types@sentry/utilstslib [37mnodeModuleDir[0m=/Users/isla/Dev/quiet/node_modules [37mround[0m=1
[37m  • [0munresolved deps  [37munresolved[0m=debug [37mnodeModuleDir[0m=/Users/isla/Dev/quiet/node_modules [37mround[0m=0
[37m  • [0munresolved deps  [37munresolved[0m=debug [37mnodeModuleDir[0m=/Users/isla/Dev/quiet/node_modules [37mround[0m=0
[37m  • [0munresolved deps  [37munresolved[0m=debug [37mnodeModuleDir[0m=/Users/isla/Dev/quiet/node_modules [37mround[0m=0
[37m  • [0munresolved deps  [37munresolved[0m=ajv-formatsdebounce-fnjson-schema-typedatomically [37mnodeModuleDir[0m=/Users/isla/Dev/quiet/packages/desktop/node_modules [37mround[0m=0
[37m  • [0munresolved deps  [37munresolved[0m=require-from-stringuri-js [37mnodeModuleDir[0m=/Users/isla/Dev/quiet/packages/desktop/node_modules [37mround[0m=0
[37m  • [0munresolved deps  [37munresolved[0m=find-up [37mnodeModuleDir[0m=/Users/isla/Dev/quiet/packages/desktop/node_modules [37mround[0m=0
[37m  • [0munresolved deps  [37munresolved[0m=lru-cache [37mnodeModuleDir[0m=/Users/isla/Dev/quiet/packages/desktop/node_modules [37mround[0m=0
[37m  • [0munresolved deps  [37munresolved[0m=require-from-stringuri-js [37mnodeModuleDir[0m=/Users/isla/Dev/quiet/packages/desktop/node_modules [37mround[0m=0
[37m  • [0munresolved deps  [37munresolved[0m=require-from-stringuri-js [37mnodeModuleDir[0m=/Users/isla/Dev/quiet/node_modules [37mround[0m=1
[37m  • [0munresolved deps  [37munresolved[0m=debug [37mnodeModuleDir[0m=/Users/isla/Dev/quiet/packages/desktop/node_modules [37mround[0m=0
[37m  • [0munresolved deps  [37munresolved[0m=debug [37mnodeModuleDir[0m=/Users/isla/Dev/quiet/node_modules [37mround[0m=1
[37m  • [0munresolved deps  [37munresolved[0m=@socket.io/component-emitterdebug [37mnodeModuleDir[0m=/Users/isla/Dev/quiet/packages/desktop/node_modules [37mround[0m=0
[37m  • [0munresolved deps  [37munresolved[0m=@socket.io/component-emitterdebug [37mnodeModuleDir[0m=/Users/isla/Dev/quiet/node_modules [37mround[0m=1
[37m  • [0munresolved deps  [37munresolved[0m=@socket.io/component-emitterdebug [37mnodeModuleDir[0m=/Users/isla/Dev/quiet/packages/desktop/node_modules [37mround[0m=0
[37m  • [0munresolved deps  [37munresolved[0m=@socket.io/component-emitterdebug [37mnodeModuleDir[0m=/Users/isla/Dev/quiet/node_modules [37mround[0m=1
[37m  • [0munresolved deps  [37munresolved[0m=parse-entitiesrepeat-stringzwitch [37mnodeModuleDir[0m=/Users/isla/Dev/quiet/packages/desktop/node_modules [37mround[0m=0
[37m  • [0munresolved deps  [37munresolved[0m=parse-entities [37mnodeModuleDir[0m=/Users/isla/Dev/quiet/node_modules [37mround[0m=1
[37m  • [0munresolved deps  [37munresolved[0m=ccount [37mnodeModuleDir[0m=/Users/isla/Dev/quiet/packages/desktop/node_modules [37mround[0m=0
[37m  • [0munresolved deps  [37munresolved[0m=unist-util-isunist-util-visit-parents [37mnodeModuleDir[0m=/Users/isla/Dev/quiet/packages/desktop/node_modules [37mround[0m=0
[37m  • [0munresolved deps  [37munresolved[0m=unist-util-isunist-util-visit-parents [37mnodeModuleDir[0m=/Users/isla/Dev/quiet/node_modules [37mround[0m=1
[37m  • [0munresolved deps  [37munresolved[0m=debugparse-entities [37mnodeModuleDir[0m=/Users/isla/Dev/quiet/packages/desktop/node_modules [37mround[0m=0
[37m  • [0munresolved deps  [37munresolved[0m=debugparse-entities [37mnodeModuleDir[0m=/Users/isla/Dev/quiet/node_modules [37mround[0m=1
[37m  • [0munresolved deps  [37munresolved[0m=mdast-util-to-markdown [37mnodeModuleDir[0m=/Users/isla/Dev/quiet/packages/desktop/node_modules [37mround[0m=0
[37m  • [0munresolved deps  [37munresolved[0m=mdast-util-to-markdown [37mnodeModuleDir[0m=/Users/isla/Dev/quiet/node_modules [37mround[0m=1
[37m  • [0munresolved deps  [37munresolved[0m=mdast-util-to-markdown [37mnodeModuleDir[0m=/Users/isla/Dev/quiet/packages/desktop/node_modules [37mround[0m=0
[37m  • [0munresolved deps  [37munresolved[0m=mdast-util-to-markdown [37mnodeModuleDir[0m=/Users/isla/Dev/quiet/node_modules [37mround[0m=1
[37m  • [0munresolved deps  [37munresolved[0m=repeat-string [37mnodeModuleDir[0m=/Users/isla/Dev/quiet/packages/desktop/node_modules [37mround[0m=0
[37m  • [0munresolved deps  [37munresolved[0m=repeat-string [37mnodeModuleDir[0m=/Users/isla/Dev/quiet/node_modules [37mround[0m=1
[37m  • [0munresolved deps  [37munresolved[0m=mdast-util-to-markdown [37mnodeModuleDir[0m=/Users/isla/Dev/quiet/packages/desktop/node_modules [37mround[0m=0
[37m  • [0munresolved deps  [37munresolved[0m=mdast-util-to-markdown [37mnodeModuleDir[0m=/Users/isla/Dev/quiet/node_modules [37mround[0m=1
[37m  • [0munresolved deps  [37munresolved[0m=micromark [37mnodeModuleDir[0m=/Users/isla/Dev/quiet/packages/desktop/node_modules [37mround[0m=0
[37m  • [0munresolved deps  [37munresolved[0m=micromark [37mnodeModuleDir[0m=/Users/isla/Dev/quiet/node_modules [37mround[0m=1
[37m  • [0munresolved deps  [37munresolved[0m=micromark [37mnodeModuleDir[0m=/Users/isla/Dev/quiet/packages/desktop/node_modules [37mround[0m=0
[37m  • [0munresolved deps  [37munresolved[0m=micromark [37mnodeModuleDir[0m=/Users/isla/Dev/quiet/node_modules [37mround[0m=1
[37m  • [0munresolved deps  [37munresolved[0m=micromark [37mnodeModuleDir[0m=/Users/isla/Dev/quiet/packages/desktop/node_modules [37mround[0m=0
[37m  • [0munresolved deps  [37munresolved[0m=micromark [37mnodeModuleDir[0m=/Users/isla/Dev/quiet/node_modules [37mround[0m=1
[37m  • [0munresolved deps  [37munresolved[0m=micromark [37mnodeModuleDir[0m=/Users/isla/Dev/quiet/packages/desktop/node_modules [37mround[0m=0
[37m  • [0munresolved deps  [37munresolved[0m=micromark [37mnodeModuleDir[0m=/Users/isla/Dev/quiet/node_modules [37mround[0m=1
[37m  • [0munresolved deps  [37munresolved[0m=micromark [37mnodeModuleDir[0m=/Users/isla/Dev/quiet/packages/desktop/node_modules [37mround[0m=0
[37m  • [0munresolved deps  [37munresolved[0m=micromark [37mnodeModuleDir[0m=/Users/isla/Dev/quiet/node_modules [37mround[0m=1
  [37m•[39m exited          [37mcommand[39m=app-builder_arm64 [37mcode[39m=0 [37mpid[39m=17953 [37mout[39m=[{"dir":"/Users/isla/Dev/quiet/node_modules","deps":[{"name":"debug","version":"4.3.4"},{"name":"graceful-fs","version":"4.2.10","optional":true},{"name":"ms","version":"2.1.2"},{"name":"punycode","version":"2.3.1"},{"name":"tslib","version":"2.6.2"},{"name":"uri-js","version":"4.4.1"}]},{"dir":"/Users/isla/Dev/quiet/packages/desktop/node_modules","deps":[{"name":"@electron/remote","version":"2.0.8"},{"name":"@peculiar/asn1-schema","version":"2.3.6"},{"name":"@peculiar/json-schema","version":"1.1.12"},{"name":"@peculiar/webcrypto","version":"1.4.3"},{"name":"@quiet/common","version":"2.0.2-alpha.1"},{"name":"@quiet/logger","version":"2.0.2-alpha.0"},{"name":"@quiet/types","version":"2.0.2-alpha.1"},{"name":"@sentry/core","version":"6.19.7"},{"name":"@sentry/electron","version":"2.5.4"},{"name":"@sentry/hub","version":"6.19.7"},{"name":"@sentry/minimal","version":"6.19.7"},{"name":"@sentry/node","version":"6.7.1"},{"name":"@sentry/types","version":"6.19.7"},{"name":"@sentry/utils","version":"6.19.7"},{"name":"agent-base","version":"6.0.1"},{"name":"ajv-formats","version":"2.1.1"},{"name":"argparse","version":"2.0.1"},{"name":"asn1js","version":"3.0.5"},{"name":"atomically","version":"1.7.0"},{"name":"backend-bundle","version":"2.0.1-alpha.4"},{"name":"bail","version":"1.0.5"},{"name":"ccount","version":"1.1.0"},{"name":"character-entities","version":"1.2.4"},{"name":"character-entities-legacy","version":"1.1.4"},{"name":"character-reference-invalid","version":"1.1.4"},{"name":"comma-separated-tokens","version":"1.0.8"},{"name":"conf","version":"10.1.1"},{"name":"debounce-fn","version":"4.0.0"},{"name":"debug","version":"4.3.4"},{"name":"electron-debug","version":"3.0.1"},{"name":"electron-is-accelerator","version":"0.1.2"},{"name":"electron-is-dev","version":"1.1.0"},{"name":"electron-localshortcut","version":"3.2.1"},{"name":"electron-store","version":"8.0.1"},{"name":"electron-updater","version":"5.0.1"},{"name":"extend","version":"3.0.2"},{"name":"find-up","version":"3.0.0"},{"name":"get-port","version":"5.1.1"},{"name":"graceful-fs","version":"4.2.10"},{"name":"https-proxy-agent","version":"5.0.0"},{"name":"inline-style-parser","version":"0.1.1"},{"name":"is-alphabetical","version":"1.0.4"},{"name":"is-alphanumerical","version":"1.0.4"},{"name":"is-decimal","version":"1.0.4"},{"name":"is-hexadecimal","version":"1.0.4"},{"name":"js-tokens","version":"4.0.0"},{"name":"js-yaml","version":"4.1.0"},{"name":"json-schema-typed","version":"7.0.3"},{"name":"keyboardevent-from-electron-accelerator","version":"2.0.0"},{"name":"keyboardevents-areequal","version":"0.2.2"},{"name":"keymirror","version":"0.1.1"},{"name":"lazy-val","version":"1.0.5"},{"name":"locate-path","version":"3.0.0"},{"name":"lodash.escaperegexp","version":"4.1.2"},{"name":"lodash.isequal","version":"4.5.0"},{"name":"loose-envify","version":"1.4.0"},{"name":"lru-cache","version":"6.0.0"},{"name":"lru_map","version":"0.3.3"},{"name":"mdast-util-definitions","version":"4.0.0"},{"name":"mdurl","version":"1.0.1"},{"name":"object-assign","version":"4.1.1"},{"name":"p-limit","version":"2.3.0"},{"name":"p-locate","version":"3.0.0"},{"name":"p-try","version":"2.0.0"},{"name":"parse-entities","version":"2.0.0"},{"name":"path-exists","version":"3.0.0"},{"name":"pkijs","version":"3.0.15"},{"name":"prop-types","version":"15.8.1"},{"name":"property-information","version":"5.6.0"},{"name":"punycode","version":"2.1.1"},{"name":"pvtsutils","version":"1.3.2"},{"name":"pvutils","version":"1.1.3"},{"name":"qr.js","version":"0.0.0"},{"name":"react-is","version":"16.13.1"},{"name":"react-markdown","version":"6.0.3"},{"name":"react-qr-code","version":"2.0.11"},{"name":"remark-gfm","version":"1.0.0"},{"name":"repeat-string","version":"1.6.1"},{"name":"require-from-string","version":"2.0.2"},{"name":"sax","version":"1.2.4"},{"name":"socket.io-client","version":"4.7.4"},{"name":"space-separated-tokens","version":"1.1.5"},{"name":"style-to-object","version":"0.3.0"},{"name":"trough","version":"1.0.5"},{"name":"tslib","version":"1.14.1"},{"name":"type-fest","version":"1.4.0"},{"name":"unified","version":"9.2.0"},{"name":"unist-builder","version":"2.0.3"},{"name":"unist-util-generated","version":"1.1.6"},{"name":"unist-util-is","version":"4.1.0"},{"name":"unist-util-position","version":"3.1.0"},{"name":"unist-util-stringify-position","version":"2.0.3"},{"name":"unist-util-visit","version":"2.0.3"},{"name":"unist-util-visit-parents","version":"3.1.1"},{"name":"universalify","version":"0.1.2"},{"name":"uri-js","version":"4.2.2"},{"name":"vfile","version":"4.2.1"},{"name":"vfile-message","version":"2.0.4"},{"name":"webcrypto-core","version":"1.7.7"},{"name":"xtend","version":"4.0.2"},{"name":"yallist","version":"4.0.0"},{"name":"zwitch","version":"1.0.5"}]},{"dir":"/Users/isla/Dev/quiet/packages/desktop/node_modules/ajv-formats/node_modules","deps":[{"name":"ajv","version":"8.11.0"},{"name":"fast-deep-equal","version":"3.1.3"},{"name":"json-schema-traverse","version":"1.0.0"}]},{"dir":"/Users/isla/Dev/quiet/packages/desktop/node_modules/asn1js/node_modules","deps":[{"name":"tslib","version":"2.4.1"}]},{"dir":"/Users/isla/Dev/quiet/packages/desktop/node_modules/conf/node_modules","deps":[{"name":"ajv","version":"8.11.0"},{"name":"dot-prop","version":"6.0.1"},{"name":"env-paths","version":"2.2.1"},{"name":"fast-deep-equal","version":"3.1.3"},{"name":"is-obj","version":"2.0.0"},{"name":"json-schema-traverse","version":"1.0.0"},{"name":"mimic-fn","version":"2.1.0"},{"name":"onetime","version":"5.1.2"},{"name":"pkg-up","version":"3.1.0"},{"name":"semver","version":"7.3.5"}]},{"dir":"/Users/isla/Dev/quiet/packages/desktop/node_modules/debounce-fn/node_modules","deps":[{"name":"mimic-fn","version":"3.1.0"}]},{"dir":"/Users/isla/Dev/quiet/packages/desktop/node_modules/debug/node_modules","deps":[{"name":"ms","version":"2.1.2"}]},{"dir":"/Users/isla/Dev/quiet/packages/desktop/node_modules/electron-updater/node_modules","deps":[{"name":"builder-util-runtime","version":"9.0.0"},{"name":"fs-extra","version":"10.0.1"},{"name":"jsonfile","version":"6.1.0"},{"name":"lru-cache","version":"7.8.1"},{"name":"semver","version":"7.3.6"},{"name":"universalify","version":"2.0.0"}]},{"dir":"/Users/isla/Dev/quiet/packages/desktop/node_modules/pkijs/node_modules","deps":[{"name":"bytestreamjs","version":"2.0.1"},{"name":"tslib","version":"2.6.2"}]},{"dir":"/Users/isla/Dev/quiet/packages/desktop/node_modules/pvtsutils/node_modules","deps":[{"name":"tslib","version":"2.4.1"}]},{"dir":"/Users/isla/Dev/quiet/packages/desktop/node_modules/react-markdown/node_modules","deps":[{"name":"mdast-util-from-markdown","version":"0.8.5"},{"name":"mdast-util-to-hast","version":"10.2.0"},{"name":"mdast-util-to-string","version":"2.0.0"},{"name":"micromark","version":"2.11.4"},{"name":"react-is","version":"17.0.2"},{"name":"remark-parse","version":"9.0.0"},{"name":"remark-rehype","version":"8.1.0"}]},{"dir":"/Users/isla/Dev/quiet/packages/desktop/node_modules/remark-gfm/node_modules","deps":[{"name":"escape-string-regexp","version":"4.0.0"},{"name":"longest-streak","version":"2.0.4"},{"name":"markdown-table","version":"2.0.0"},{"name":"mdast-util-find-and-replace","version":"1.1.1"},{"name":"mdast-util-gfm","version":"0.1.2"},{"name":"mdast-util-gfm-autolink-literal","version":"0.1.3"},{"name":"mdast-util-gfm-strikethrough","version":"0.2.3"},{"name":"mdast-util-gfm-table","version":"0.1.6"},{"name":"mdast-util-gfm-task-list-item","version":"0.1.6"},{"name":"mdast-util-to-markdown","version":"0.6.5"},{"name":"mdast-util-to-string","version":"2.0.0"},{"name":"micromark","version":"2.11.4"},{"name":"micromark-extension-gfm","version":"0.3.3"},{"name":"micromark-extension-gfm-autolink-literal","version":"0.5.7"},{"name":"micromark-extension-gfm-strikethrough","version":"0.6.5"},{"name":"micromark-extension-gfm-table","version":"0.4.3"},{"name":"micromark-extension-gfm-tagfilter","version":"0.3.0"},{"name":"micromark-extension-gfm-task-list-item","version":"0.3.3"}]},{"dir":"/Users/isla/Dev/quiet/packages/desktop/node_modules/socket.io-client/node_modules","deps":[{"name":"@socket.io/component-emitter","version":"3.1.0"},{"name":"engine.io-client","version":"6.5.3"},{"name":"engine.io-parser","version":"5.2.1"},{"name":"socket.io-parser","version":"4.2.4"},{"name":"ws","version":"8.11.0"},{"name":"xmlhttprequest-ssl","version":"2.0.0"}]},{"dir":"/Users/isla/Dev/quiet/packages/desktop/node_modules/unified/node_modules","deps":[{"name":"is-buffer","version":"2.0.5"},{"name":"is-plain-obj","version":"2.1.0"}]},{"dir":"/Users/isla/Dev/quiet/packages/desktop/node_modules/vfile/node_modules","deps":[{"name":"is-buffer","version":"2.0.5"}]},{"dir":"/Users/isla/Dev/quiet/packages/desktop/node_modules/webcrypto-core/node_modules","deps":[{"name":"tslib","version":"2.5.0"}]},{"dir":"/Users/isla/Dev/quiet/packages/desktop/node_modules/@peculiar/asn1-schema/node_modules","deps":[{"name":"tslib","version":"2.5.0"}]},{"dir":"/Users/isla/Dev/quiet/packages/desktop/node_modules/@peculiar/json-schema/node_modules","deps":[{"name":"tslib","version":"2.5.0"}]},{"dir":"/Users/isla/Dev/quiet/packages/desktop/node_modules/@peculiar/webcrypto/node_modules","deps":[{"name":"tslib","version":"2.5.0"}]},{"dir":"/Users/isla/Dev/quiet/packages/desktop/node_modules/@quiet/common/node_modules","deps":[{"name":"@quiet/logger","version":"2.0.2-alpha.0"},{"name":"@quiet/types","version":"2.0.2-alpha.1"},{"name":"cross-env","version":"5.2.1"},{"name":"cross-spawn","version":"6.0.5"},{"name":"debug","version":"4.3.4"},{"name":"isexe","version":"2.0.0"},{"name":"ms","version":"2.1.2"},{"name":"nice-try","version":"1.0.5"},{"name":"path-key","version":"2.0.1"},{"name":"shebang-command","version":"1.2.0"},{"name":"shebang-regex","version":"1.0.0"},{"name":"validator","version":"13.11.0"},{"name":"which","version":"1.3.1"}]},{"dir":"/Users/isla/Dev/quiet/packages/desktop/node_modules/@quiet/logger/node_modules","deps":[{"name":"cross-env","version":"5.2.1"},{"name":"cross-spawn","version":"6.0.5"},{"name":"debug","version":"4.3.3"},{"name":"isexe","version":"2.0.0"},{"name":"ms","version":"2.1.2"},{"name":"nice-try","version":"1.0.5"},{"name":"path-key","version":"2.0.1"},{"name":"semver","version":"5.7.1"},{"name":"shebang-command","version":"1.2.0"},{"name":"shebang-regex","version":"1.0.0"},{"name":"which","version":"1.3.1"}]},{"dir":"/Users/isla/Dev/quiet/packages/desktop/node_modules/@quiet/types/node_modules","deps":[{"name":"cross-env","version":"5.2.1"},{"name":"cross-spawn","version":"6.0.5"},{"name":"debug","version":"4.3.4"},{"name":"isexe","version":"2.0.0"},{"name":"ms","version":"2.1.2"},{"name":"nice-try","version":"1.0.5"},{"name":"path-key","version":"2.0.1"},{"name":"shebang-command","version":"1.2.0"},{"name":"shebang-regex","version":"1.0.0"},{"name":"which","version":"1.3.1"}]},{"dir":"/Users/isla/Dev/quiet/packages/desktop/node_modules/@sentry/electron/node_modules","deps":[{"name":"@sentry/browser","version":"6.7.1"},{"name":"@sentry/core","version":"6.7.1"},{"name":"@sentry/hub","version":"6.7.1"},{"name":"@sentry/minimal","version":"6.7.1"},{"name":"@sentry/types","version":"6.7.1"},{"name":"@sentry/utils","version":"6.7.1"},{"name":"tslib","version":"2.3.1"}]},{"dir":"/Users/isla/Dev/quiet/packages/desktop/node_modules/@sentry/node/node_modules","deps":[{"name":"@sentry/core","version":"6.7.1"},{"name":"@sentry/hub","version":"6.7.1"},{"name":"@sentry/minimal","version":"6.7.1"},{"name":"@sentry/tracing","version":"6.7.1"},{"name":"@sentry/types","version":"6.7.1"},{"name":"@sentry/utils","version":"6.7.1"},{"name":"cookie","version":"0.4.2"}]},{"dir":"/Users/isla/Dev/quiet/packages/desktop/node_modules/@quiet/common/node_modules/cross-spawn/node_modules","deps":[{"name":"semver","version":"5.7.1"}]},{"dir":"/Users/isla/Dev/quiet/packages/desktop/node_modules/@quiet/types/node_modules/cross-spawn/node_modules","deps":[{"name":"semver","version":"5.7.1"}]},{"dir":"/Users/isla/Dev/quiet/packages/desktop/node_modules/@quiet/common/node_modules/@quiet/logger/node_modules","deps":[{"name":"cross-env","version":"5.2.1"},{"name":"cross-spawn","version":"6.0.5"},{"name":"debug","version":"4.3.3"},{"name":"isexe","version":"2.0.0"},{"name":"ms","version":"2.1.2"},{"name":"nice-try","version":"1.0.5"},{"name":"path-key","version":"2.0.1"},{"name":"semver","version":"5.7.1"},{"name":"shebang-command","version":"1.2.0"},{"name":"shebang-regex","version":"1.0.0"},{"name":"which","version":"1.3.1"}]},{"dir":"/Users/isla/Dev/quiet/packages/desktop/node_modules/@quiet/common/node_modules/@quiet/types/node_modules","deps":[{"name":"cross-env","version":"5.2.1"},{"name":"cross-spawn","version":"6.0.5"},{"name":"debug","version":"4.3.4"},{"name":"isexe","version":"2.0.0"},{"name":"ms","version":"2.1.2"},{"name":"nice-try","version":"1.0.5"},{"name":"path-key","version":"2.0.1"},{"name":"shebang-command","version":"1.2.0"},{"name":"shebang-regex","version":"1.0.0"},{"name":"which","version":"1.3.1"}]},{"dir":"/Users/isla/Dev/quiet/packages/desktop/node_modules/@sentry/electron/node_modules/@sentry/browser/node_modules","deps":[{"name":"tslib","version":"1.14.1"}]},{"dir":"/Users/isla/Dev/quiet/packages/desktop/node_modules/@sentry/electron/node_modules/@sentry/core/node_modules","deps":[{"name":"tslib","version":"1.14.1"}]},{"dir":"/Users/isla/Dev/quiet/packages/desktop/node_modules/@sentry/electron/node_modules/@sentry/hub/node_modules","deps":[{"name":"tslib","version":"1.14.1"}]},{"dir":"/Users/isla/Dev/quiet/packages/desktop/node_modules/@sentry/electron/node_modules/@sentry/minimal/node_modules","deps":[{"name":"tslib","version":"1.14.1"}]},{"dir":"/Users/isla/Dev/quiet/packages/desktop/node_modules/@sentry/electron/node_modules/@sentry/utils/node_modules","deps":[{"name":"tslib","version":"1.14.1"}]},{"dir":"/Users/isla/Dev/quiet/packages/desktop/node_modules/@quiet/common/node_modules/@quiet/types/node_modules/cross-spawn/node_modules","deps":[{"name":"semver","version":"5.7.1"}]}]
  [37m•[39m spawning        [37mcommand[39m=/Users/isla/Dev/quiet/packages/desktop/node_modules/app-builder-bin/mac/app-builder_arm64 rebuild-node-modules [37mcwd[39m=/Users/isla/Dev/quiet/packages/desktop
[37m  • [0mmap async       [37mtaskCount[0m=34
[37m  • [0mmap async       [37mtaskCount[0m=1
[37m  • [0mmap async       [37mtaskCount[0m=1
[37m  • [0mmap async       [37mtaskCount[0m=1
[37m  • [0mmap async       [37mtaskCount[0m=10
[37m  • [0mmap async       [37mtaskCount[0m=102
[37m  • [0mmap async       [37mtaskCount[0m=3
[37m  • [0mmap async       [37mtaskCount[0m=1
[37m  • [0mmap async       [37mtaskCount[0m=1
[37m  • [0mmap async       [37mtaskCount[0m=1
[37m  • [0mmap async       [37mtaskCount[0m=1
[37m  • [0mmap async       [37mtaskCount[0m=13
[37m  • [0mmap async       [37mtaskCount[0m=11
[37m  • [0mmap async       [37mtaskCount[0m=10
[37m  • [0mmap async       [37mtaskCount[0m=7
[37m  • [0mmap async       [37mtaskCount[0m=7
[37m  • [0mmap async       [37mtaskCount[0m=6
[37m  • [0mmap async       [37mtaskCount[0m=18
[37m  • [0mmap async       [37mtaskCount[0m=2
[37m  • [0mmap async       [37mtaskCount[0m=7
[37m  • [0mmap async       [37mtaskCount[0m=1
[37m  • [0mmap async       [37mtaskCount[0m=1
[37m  • [0mmap async       [37mtaskCount[0m=1
[37m  • [0mmap async       [37mtaskCount[0m=11
[37m  • [0mmap async       [37mtaskCount[0m=10
[37m  • [0mmap async       [37mtaskCount[0m=1
[37m  • [0mmap async       [37mtaskCount[0m=1
[37m  • [0mmap async       [37mtaskCount[0m=6
[37m  • [0mmap async       [37mtaskCount[0m=1
[37m  • [0mmap async       [37mtaskCount[0m=2
[37m  • [0mmap async       [37mtaskCount[0m=1
[37m  • [0mmap async       [37mtaskCount[0m=1
[37m  • [0mmap async       [37mtaskCount[0m=1
[37m  • [0mmap async       [37mtaskCount[0m=6
[37m  • [0mmap async       [37mtaskCount[0m=1
[37m  • [0mno native dependencies  
  [37m•[39m exited          [37mcommand[39m=app-builder_arm64 [37mcode[39m=0 [37mpid[39m=17954
  [34m•[39m packaging       [34mplatform[39m=darwin [34march[39m=arm64 [34melectron[39m=23.0.0 [34mappOutDir[39m=dist/mac-arm64
  [37m•[39m spawning        [37mcommand[39m=/Users/isla/Dev/quiet/packages/desktop/node_modules/app-builder-bin/mac/app-builder_arm64 unpack-electron --configuration [{"platform":"darwin","arch":"arm64","version":"23.0.0"}] --output /Users/isla/Dev/quiet/packages/desktop/dist/mac-arm64 --distMacOsAppName Electron.app
[37m  • [0mmap async       [37mtaskCount[0m=2
[37m  • [0mmap async       [37mtaskCount[0m=1
[37m  • [0mmap async       [37mtaskCount[0m=255
  [37m•[39m exited          [37mcommand[39m=app-builder_arm64 [37mcode[39m=0 [37mpid[39m=17955
  [37m•[39m spawning        [37mcommand[39m=/Users/isla/Dev/quiet/packages/desktop/node_modules/app-builder-bin/mac/app-builder_arm64 decode-plist -f /Users/isla/Dev/quiet/packages/desktop/dist/mac-arm64/Electron.app/Contents/Info.plist -f /Users/isla/Dev/quiet/packages/desktop/dist/mac-arm64/Electron.app/Contents/Frameworks/Electron Helper.app/Contents/Info.plist -f /Users/isla/Dev/quiet/packages/desktop/dist/mac-arm64/Electron.app/Contents/Frameworks/Electron Helper EH.app/Contents/Info.plist -f /Users/isla/Dev/quiet/packages/desktop/dist/mac-arm64/Electron.app/Contents/Frameworks/Electron Helper NP.app/Contents/Info.plist -f /Users/isla/Dev/quiet/packages/desktop/dist/mac-arm64/Electron.app/Contents/Frameworks/Electron Helper (Renderer).app/Contents/Info.plist -f /Users/isla/Dev/quiet/packages/desktop/dist/mac-arm64/Electron.app/Contents/Frameworks/Electron Helper (Plugin).app/Contents/Info.plist -f /Users/isla/Dev/quiet/packages/desktop/dist/mac-arm64/Electron.app/Contents/Frameworks/Electron Helper (GPU).app/Contents/Info.plist -f /Users/isla/Dev/quiet/packages/desktop/dist/mac-arm64/Electron.app/Contents/Library/LoginItems/Electron Login Helper.app/Contents/Info.plist
[37m  • [0mmap async       [37mtaskCount[0m=8
  [37m•[39m exited          [37mcommand[39m=app-builder_arm64 [37mcode[39m=0 [37mpid[39m=17961 [37mout[39m=[{"DTSDKBuild":"21E226","LSMinimumSystemVersion":"10.13","NSMainNibFile":"MainMenu","NSMicrophoneUsageDescription":"This app needs access to the microphone","NSSupportsAutomaticGraphicsSwitching":true,"CFBundleIdentifier":"com.github.Electron","CFBundleName":"Electron","CFBundleShortVersionString":"23.0.0","NSQuitAlwaysKeepsWindows":false,"CFBundleIconFile":"electron.icns","CFBundlePackageType":"APPL","LSEnvironment":{"MallocNanoZone":"0"},"NSCameraUsageDescription":"This app needs access to the camera","NSHighResolutionCapable":true,"CFBundleExecutable":"Electron","ElectronAsarIntegrity":{"Resources/default_app.asar":{"algorithm":"SHA256","hash":"12f0dbf82be2524d74f0d26c336f926f1eb2d4c7c140660a77de6bf5d211d8ee"}},"LSApplicationCategoryType":"public.app-category.developer-tools","CFBundleVersion":"23.0.0","DTXcodeBuild":"13E500a","NSBluetoothAlwaysUsageDescription":"This app needs access to Bluetooth","CFBundleInfoDictionaryVersion":"6.0","DTSDKName":"macosx12.3","DTCompiler":"com.apple.compilers.llvm.clang.1_0","NSRequiresAquaSystemAppearance":false,"NSBluetoothPeripheralUsageDescription":"This app needs access to Bluetooth","CFBundleDisplayName":"Electron","DTXcode":"1331","NSAppTransportSecurity":{"NSAllowsArbitraryLoads":true},"NSPrincipalClass":"AtomApplication"},{"DTXcodeBuild":"13E500a","LSEnvironment":{"MallocNanoZone":"0"},"CFBundleIdentifier":"com.github.Electron.helper","CFBundleName":"Electron Helper","CFBundlePackageType":"APPL","DTCompiler":"com.apple.compilers.llvm.clang.1_0","DTSDKBuild":"21E226","DTSDKName":"macosx12.3","DTXcode":"1331","LSUIElement":true,"NSSupportsAutomaticGraphicsSwitching":true},null,null,{"DTXcodeBuild":"13E500a","LSEnvironment":{"MallocNanoZone":"0"},"DTCompiler":"com.apple.compilers.llvm.clang.1_0","CFBundleName":"Electron Helper (Renderer)","CFBundlePackageType":"APPL","DTSDKBuild":"21E226","DTSDKName":"macosx12.3","DTXcode":"1331","LSUIElement":true,"NSSupportsAutomaticGraphicsSwitching":true,"CFBundleIdentifier":"com.github.Electron.helper"},{"CFBundleName":"Electron Helper (Plugin)","DTCompiler":"com.apple.compilers.llvm.clang.1_0","DTSDKName":"macosx12.3","LSEnvironment":{"MallocNanoZone":"0"},"LSUIElement":true,"CFBundleIdentifier":"com.github.Electron.helper","CFBundlePackageType":"APPL","DTSDKBuild":"21E226","DTXcode":"1331","DTXcodeBuild":"13E500a","NSSupportsAutomaticGraphicsSwitching":true},{"DTXcodeBuild":"13E500a","LSEnvironment":{"MallocNanoZone":"0"},"LSUIElement":true,"NSSupportsAutomaticGraphicsSwitching":true,"CFBundleIdentifier":"com.github.Electron.helper","CFBundlePackageType":"APPL","DTCompiler":"com.apple.compilers.llvm.clang.1_0","DTXcode":"1331","CFBundleName":"Electron Helper (GPU)","DTSDKBuild":"21E226","DTSDKName":"macosx12.3"},null]
  [37m•[39m spawning        [37mcommand[39m=/Users/isla/Dev/quiet/packages/desktop/node_modules/app-builder-bin/mac/app-builder_arm64 icon --format icns --root /Users/isla/Dev/quiet/packages/desktop/build --root /Users/isla/Dev/quiet/packages/desktop --out /Users/isla/Dev/quiet/packages/desktop/dist/.icon-icns --input ./build/icon.icns
[37m  • [0mpath doesn't exist  [37mpath[0m=/Users/isla/Dev/quiet/packages/desktop/build/build/icon.icns
[37m  • [0mpath resolved   [37mpath[0m=/Users/isla/Dev/quiet/packages/desktop/build/icon.icns [37moutputFormat[0m=icns
  [37m•[39m exited          [37mcommand[39m=app-builder_arm64 [37mcode[39m=0 [37mpid[39m=17962 [37mout[39m={"icons":[{"file":"/Users/isla/Dev/quiet/packages/desktop/build/icon.icns","size":0}],"isFallback":false}
  [37m•[39m spawning        [37mcommand[39m=/Users/isla/Dev/quiet/packages/desktop/node_modules/app-builder-bin/mac/app-builder_arm64 encode-plist
[37m  • [0mmap async       [37mtaskCount[0m=5
  [37m•[39m exited          [37mcommand[39m=app-builder_arm64 [37mcode[39m=0 [37mpid[39m=17963
  [37m•[39m copying files using pattern  [37mmatcher[39m=from: /Users/isla/Dev/quiet/packages/desktop, to: /Users/isla/Dev/quiet/packages/desktop/dist/mac-arm64/Quiet.app/Contents/Resources, patterns: tor/**/*, mainEnvs.json
  [37m•[39m copying         [37msrc[39m=/Users/isla/Dev/quiet/packages/desktop [37mdestination[39m=/Users/isla/Dev/quiet/packages/desktop/dist/mac-arm64/Quiet.app/Contents/Resources
  [37m•[39m spawning        [37mcommand[39m=/Users/isla/Dev/quiet/packages/desktop/node_modules/app-builder-bin/mac/app-builder_arm64 get-bucket-location --bucket test.quiet
  [37m•[39m exited          [37mcommand[39m=app-builder_arm64 [37mcode[39m=0 [37mpid[39m=17964 [37mout[39m=us-east-1
  [34m•[39m skipped macOS code signing  [34mreason[39m=identity explicitly is set to null
skipping notarization
  [34m•[39m building        [34mtarget[39m=macOS zip [34march[39m=arm64 [34mfile[39m=dist/Quiet-2.1.2-alpha.13-arm64-mac.zip
  [34m•[39m building        [34mtarget[39m=DMG [34march[39m=arm64 [34mfile[39m=dist/Quiet-2.1.2-alpha.13-arm64.dmg
  [37m•[39m executing       [37mfile[39m=/Users/isla/Dev/quiet/packages/desktop/node_modules/7zip-bin/mac/arm64/7za [37margs[39m=a -bd -bb -mx=7 -mtc=off -mm=Deflate -mcu /Users/isla/Dev/quiet/packages/desktop/dist/Quiet-2.1.2-alpha.13-arm64-mac.zip Quiet.app [37mcwd[39m=/Users/isla/Dev/quiet/packages/desktop/dist/mac-arm64
  [33m•[39m Detected arm64 process, HFS+ is unavailable. Creating dmg with APFS - supports Mac OSX 10.12+
  [37m•[39m spawning        [37mcommand[39m=hdiutil create -srcfolder /Users/isla/Dev/quiet/packages/desktop/dist/mac-arm64/Quiet.app -volname Quiet 2.1.2-alpha.13-arm64 -anyowners -nospotlight -format UDRW -quiet -debug -fs APFS /private/var/folders/f1/g7gy1p0x2hd55n01k7zhflvr0000gn/T/t-33v19G/0.dmg
<Setting up source ownership...>
Initializing…
<Preflighting size and permissions...>
Initializing…
Creating…
<Synchronizing permissions...>
Copying…
<Synchronizing permissions...>
<Blessing...>
<Detaching temporary mount point...>
<Optimizing...>
<Resetting source ownership...>
Finishing…
created: /private/var/folders/f1/g7gy1p0x2hd55n01k7zhflvr0000gn/T/t-33v19G/0.dmg
  [37m•[39m exited          [37mcommand[39m=hdiutil [37mcode[39m=0 [37mpid[39m=17966
  [37m•[39m executing       [37mfile[39m=hdiutil [37margs[39m=resize -size 663854687.1 /private/var/folders/f1/g7gy1p0x2hd55n01k7zhflvr0000gn/T/t-33v19G/0.dmg
  [37m•[39m executed        [37mfile[39m=hdiutil
  [37m•[39m executing       [37mfile[39m=hdiutil [37margs[39m=attach -noverify -noautoopen -readwrite /private/var/folders/f1/g7gy1p0x2hd55n01k7zhflvr0000gn/T/t-33v19G/0.dmg
  [37m•[39m executed        [37mfile[39m=hdiutil [37mstdout[39m=/dev/disk4          	GUID_partition_scheme          	
/dev/disk4s1        	Apple_APFS                     	
/dev/disk5          	EF57347C-0000-11AA-AA11-0030654	
/dev/disk5s1        	41504653-0000-11AA-AA11-0030654	/Volumes/Quiet 2.1.2-alpha.13-arm64
  [37m•[39m spawning        [37mcommand[39m=/Users/isla/Dev/quiet/packages/desktop/node_modules/app-builder-bin/mac/app-builder_arm64 dmg --volume /Volumes/Quiet 2.1.2-alpha.13-arm64 --icon /Users/isla/Dev/quiet/packages/desktop/build/icon.icns --background /Users/isla/Dev/quiet/packages/desktop/node_modules/dmg-builder/templates/background.tiff
[37m  • [0mcopy files      [37mfrom[0m=/Users/isla/Dev/quiet/packages/desktop/build/icon.icns [37mto[0m=/Volumes/Quiet 2.1.2-alpha.13-arm64/.VolumeIcon.icns [37misUseHardLinks[0m=false
[37m  • [0mcopy files      [37mfrom[0m=/Users/isla/Dev/quiet/packages/desktop/node_modules/dmg-builder/templates/background.tiff [37mto[0m=/Volumes/Quiet 2.1.2-alpha.13-arm64/.background/background.tiff [37misUseHardLinks[0m=false
[37m  • [0mexecute command  [37mcommand[0m=sips -g pixelHeight -g pixelWidth /Users/isla/Dev/quiet/packages/desktop/node_modules/dmg-builder/templates/background.tiff [37mworkingDirectory[0m=
[37m  • [0mcommand executed  [37mexecutable[0m=sips [37mout[0m=/Users/isla/Dev/quiet/packages/desktop/node_modules/dmg-builder/templates/background.tiff
  pixelHeight: 380
  pixelWidth: 540
  [37m•[39m exited          [37mcommand[39m=app-builder_arm64 [37mcode[39m=0 [37mpid[39m=18044 [37mout[39m={"backgroundWidth":540,"backgroundHeight":380,"backgroundFile":"/Volumes/Quiet 2.1.2-alpha.13-arm64/.background/background.tiff"}
  [37m•[39m executing       [37mfile[39m=ln [37margs[39m=-s /Applications /Volumes/Quiet 2.1.2-alpha.13-arm64/Applications
  [37m•[39m executed        [37mfile[39m=ln
  [37m•[39m executing       [37mfile[39m=which [37margs[39m=python3
  [37m•[39m executed        [37mfile[39m=which [37mstdout[39m=/usr/bin/python3
  [37m•[39m executing       [37mfile[39m=/usr/bin/python3 [37margs[39m=/Users/isla/Dev/quiet/packages/desktop/node_modules/dmg-builder/vendor/dmgbuild/core.py [37mcwd[39m=/Users/isla/Dev/quiet/packages/desktop/node_modules/dmg-builder/vendor [37menv[39m={
  "volumePath": "/Volumes/Quiet 2.1.2-alpha.13-arm64",
  "appFileName": "Quiet.app",
  "iconSize": 80,
  "iconTextSize": 12,
  "PYTHONIOENCODING": "utf8",
  "windowWidth": "540",
  "windowHeight": "380",
  "windowX": 400,
  "windowY": "530",
  "backgroundWidth": 540,
  "backgroundHeight": 380,
  "backgroundFile": "/Volumes/Quiet 2.1.2-alpha.13-arm64/.background/background.tiff",
  "iconLocations": "'Quiet.app': (130, 220),\n'Applications': (410, 220)"
}
  [37m•[39m executed        [37mfile[39m=/usr/bin/python3
  [37m•[39m executing       [37mfile[39m=hdiutil [37margs[39m=detach -quiet /dev/disk4
  [37m•[39m executed        [37mfile[39m=hdiutil
  [37m•[39m spawning        [37mcommand[39m=hdiutil convert /private/var/folders/f1/g7gy1p0x2hd55n01k7zhflvr0000gn/T/t-33v19G/0.dmg -ov -format UDZO -o /Users/isla/Dev/quiet/packages/desktop/dist/Quiet-2.1.2-alpha.13-arm64.dmg -imagekey zlib-level=9 -quiet
  [37m•[39m exited          [37mcommand[39m=hdiutil [37mcode[39m=0 [37mpid[39m=18085
  [34m•[39m building block map  [34mblockMapFile[39m=dist/Quiet-2.1.2-alpha.13-arm64.dmg.blockmap
  [37m•[39m spawning        [37mcommand[39m=/Users/isla/Dev/quiet/packages/desktop/node_modules/app-builder-bin/mac/app-builder_arm64 blockmap --input /Users/isla/Dev/quiet/packages/desktop/dist/Quiet-2.1.2-alpha.13-arm64.dmg --output /Users/isla/Dev/quiet/packages/desktop/dist/Quiet-2.1.2-alpha.13-arm64.dmg.blockmap
  [37m•[39m exited          [37mcommand[39m=app-builder_arm64 [37mcode[39m=0 [37mpid[39m=18095 [37mout[39m={"size":205043176,"sha512":"rBg4DqM43CsQJ6ORU0QtBcSXAiWJRlMuYKG6JUMHuuBi6IeI6ICvQEdJahfWnzU2aHYSp3dAw7Tj7rjmqJa7Aw=="}
  [37m•[39m spawning        [37mcommand[39m=/Users/isla/Dev/quiet/packages/desktop/node_modules/app-builder-bin/mac/app-builder_arm64 get-bucket-location --bucket test.quiet
  [37m•[39m spawning        [37mcommand[39m=/Users/isla/Dev/quiet/packages/desktop/node_modules/app-builder-bin/mac/app-builder_arm64 get-bucket-location --bucket test.quiet
  [37m•[39m exited          [37mcommand[39m=app-builder_arm64 [37mcode[39m=0 [37mpid[39m=18097 [37mout[39m=us-east-1
  [37m•[39m exited          [37mcommand[39m=app-builder_arm64 [37mcode[39m=0 [37mpid[39m=18096 [37mout[39m=us-east-1
  [37m•[39m executed        [37mfile[39m=/Users/isla/Dev/quiet/packages/desktop/node_modules/7zip-bin/mac/arm64/7za [37mstdout[39m=
7-Zip (a) [64] 16.02 : Copyright (c) 1999-2016 Igor Pavlov : 2016-05-21
p7zip Version 16.02 (locale=utf8,Utf16=on,HugeFiles=on,64 bits,14 CPUs LE)
                      Scanning the drive:
148 folders, 113 files, 537597407 bytes (513 MiB)
                      Creating archive: /Users/isla/Dev/quiet/packages/desktop/dist/Quiet-2.1.2-alpha.13-arm64-mac.zip
                      Items to compress: 261
                      + Quiet.app/Contents/Frameworks/Electron Framework.framework/Electron Framework
+ Quiet.app/Contents/Frameworks/Electron Framework.framework/Helpers
+ Quiet.app/Contents/Frameworks/Electron Framework.framework/Libraries
+ Quiet.app/Contents/Frameworks/Electron Framework.framework/Resources
+ Quiet.app/Contents/Frameworks/Electron Framework.framework/Versions/A/Electron Framework
+ Quiet.app/Contents/Frameworks/Electron Framework.framework/Versions/A/Helpers/chrome_crashpad_handler
+ Quiet.app/Contents/Frameworks/Electron Framework.framework/Versions/A/Libraries/libEGL.dylib
+ Quiet.app/Contents/Frameworks/Electron Framework.framework/Versions/A/Libraries/libGLESv2.dylib
+ Quiet.app/Contents/Frameworks/Electron Framework.framework/Versions/A/Libraries/libffmpeg.dylib
+ Quiet.app/Contents/Frameworks/Electron Framework.framework/Versions/A/Libraries/libvk_swiftshader.dylib
+ Quiet.app/Contents/Frameworks/Electron Framework.framework/Versions/A/Libraries/vk_swiftshader_icd.json
+ Quiet.app/Contents/Frameworks/Electron Framework.framework/Versions/A/Resources/Info.plist
+ Quiet.app/Contents/Frameworks/Electron Framework.framework/Versions/A/Resources/MainMenu.nib
+ Quiet.app/Contents/Frameworks/Electron Framework.framework/Versions/A/Resources/af.lproj/locale.pak
+ Quiet.app/Contents/Frameworks/Electron Framework.framework/Versions/A/Resources/am.lproj/locale.pak
+ Quiet.app/Contents/Frameworks/Electron Framework.framework/Versions/A/Resources/ar.lproj/locale.pak
+ Quiet.app/Contents/Frameworks/Electron Framework.framework/Versions/A/Resources/bg.lproj/locale.pak
+ Quiet.app/Contents/Frameworks/Electron Framework.framework/Versions/A/Resources/bn.lproj/locale.pak
+ Quiet.app/Contents/Frameworks/Electron Framework.framework/Versions/A/Resources/ca.lproj/locale.pak
+ Quiet.app/Contents/Frameworks/Electron Framework.framework/Versions/A/Resources/chrome_100_percent.pak
+ Quiet.app/Contents/Frameworks/Electron Framework.framework/Versions/A/Resources/chrome_200_percent.pak
+ Quiet.app/Contents/Frameworks/Electron Framework.framework/Versions/A/Resources/cs.lproj/locale.pak
+ Quiet.app/Contents/Frameworks/Electron Framework.framework/Versions/A/Resources/da.lproj/locale.pak
+ Quiet.app/Contents/Frameworks/Electron Framework.framework/Versions/A/Resources/de.lproj/locale.pak
+ Quiet.app/Contents/Frameworks/Electron Framework.framework/Versions/A/Resources/el.lproj/locale.pak
+ Quiet.app/Contents/Frameworks/Electron Framework.framework/Versions/A/Resources/en.lproj/locale.pak
+ Quiet.app/Contents/Frameworks/Electron Framework.framework/Versions/A/Resources/en_GB.lproj/locale.pak
+ Quiet.app/Contents/Frameworks/Electron Framework.framework/Versions/A/Resources/es.lproj/locale.pak
+ Quiet.app/Contents/Frameworks/Electron Framework.framework/Versions/A/Resources/es_419.lproj/locale.pak
+ Quiet.app/Contents/Frameworks/Electron Framework.framework/Versions/A/Resources/et.lproj/locale.pak
+ Quiet.app/Contents/Frameworks/Electron Framework.framework/Versions/A/Resources/fa.lproj/locale.pak
+ Quiet.app/Contents/Frameworks/Electron Framework.framework/Versions/A/Resources/fi.lproj/locale.pak
+ Quiet.app/Contents/Frameworks/Electron Framework.framework/Versions/A/Resources/fil.lproj/locale.pak
+ Quiet.app/Contents/Frameworks/Electron Framework.framework/Versions/A/Resources/fr.lproj/locale.pak
+ Quiet.app/Contents/Frameworks/Electron Framework.framework/Versions/A/Resources/gu.lproj/locale.pak
+ Quiet.app/Contents/Frameworks/Electron Framework.framework/Versions/A/Resources/he.lproj/locale.pak
+ Quiet.app/Contents/Frameworks/Electron Framework.framework/Versions/A/Resources/hi.lproj/locale.pak
+ Quiet.app/Contents/Frameworks/Electron Framework.framework/Versions/A/Resources/hr.lproj/locale.pak
+ Quiet.app/Contents/Frameworks/Electron Framework.framework/Versions/A/Resources/hu.lproj/locale.pak
+ Quiet.app/Contents/Frameworks/Electron Framework.framework/Versions/A/Resources/icudtl.dat
+ Quiet.app/Contents/Frameworks/Electron Framework.framework/Versions/A/Resources/id.lproj/locale.pak
+ Quiet.app/Contents/Frameworks/Electron Framework.framework/Versions/A/Resources/it.lproj/locale.pak
+ Quiet.app/Contents/Frameworks/Electron Framework.framework/Versions/A/Resources/ja.lproj/locale.pak
+ Quiet.app/Contents/Frameworks/Electron Framework.framework/Versions/A/Resources/kn.lproj/locale.pak
+ Quiet.app/Contents/Frameworks/Electron Framework.framework/Versions/A/Resources/ko.lproj/locale.pak
+ Quiet.app/Contents/Frameworks/Electron Framework.framework/Versions/A/Resources/lt.lproj/locale.pak
+ Quiet.app/Contents/Frameworks/Electron Framework.framework/Versions/A/Resources/lv.lproj/locale.pak
+ Quiet.app/Contents/Frameworks/Electron Framework.framework/Versions/A/Resources/ml.lproj/locale.pak
+ Quiet.app/Contents/Frameworks/Electron Framework.framework/Versions/A/Resources/mr.lproj/locale.pak
+ Quiet.app/Contents/Frameworks/Electron Framework.framework/Versions/A/Resources/ms.lproj/locale.pak
+ Quiet.app/Contents/Frameworks/Electron Framework.framework/Versions/A/Resources/nb.lproj/locale.pak
+ Quiet.app/Contents/Frameworks/Electron Framework.framework/Versions/A/Resources/nl.lproj/locale.pak
+ Quiet.app/Contents/Frameworks/Electron Framework.framework/Versions/A/Resources/pl.lproj/locale.pak
+ Quiet.app/Contents/Frameworks/Electron Framework.framework/Versions/A/Resources/pt_BR.lproj/locale.pak
+ Quiet.app/Contents/Frameworks/Electron Framework.framework/Versions/A/Resources/pt_PT.lproj/locale.pak
+ Quiet.app/Contents/Frameworks/Electron Framework.framework/Versions/A/Resources/resources.pak
+ Quiet.app/Contents/Frameworks/Electron Framework.framework/Versions/A/Resources/ro.lproj/locale.pak
+ Quiet.app/Contents/Frameworks/Electron Framework.framework/Versions/A/Resources/ru.lproj/locale.pak
+ Quiet.app/Contents/Frameworks/Electron Framework.framework/Versions/A/Resources/sk.lproj/locale.pak
+ Quiet.app/Contents/Frameworks/Electron Framework.framework/Versions/A/Resources/sl.lproj/locale.pak
+ Quiet.app/Contents/Frameworks/Electron Framework.framework/Versions/A/Resources/sr.lproj/locale.pak
+ Quiet.app/Contents/Frameworks/Electron Framework.framework/Versions/A/Resources/sv.lproj/locale.pak
+ Quiet.app/Contents/Frameworks/Electron Framework.framework/Versions/A/Resources/sw.lproj/locale.pak
+ Quiet.app/Contents/Frameworks/Electron Framework.framework/Versions/A/Resources/ta.lproj/locale.pak
+ Quiet.app/Contents/Frameworks/Electron Framework.framework/Versions/A/Resources/te.lproj/locale.pak
+ Quiet.app/Contents/Frameworks/Electron Framework.framework/Versions/A/Resources/th.lproj/locale.pak
+ Quiet.app/Contents/Frameworks/Electron Framework.framework/Versions/A/Resources/tr.lproj/locale.pak
+ Quiet.app/Contents/Frameworks/Electron Framework.framework/Versions/A/Resources/uk.lproj/locale.pak
+ Quiet.app/Contents/Frameworks/Electron Framework.framework/Versions/A/Resources/ur.lproj/locale.pak
+ Quiet.app/Contents/Frameworks/Electron Framework.framework/Versions/A/Resources/v8_context_snapshot.arm64.bin
+ Quiet.app/Contents/Frameworks/Electron Framework.framework/Versions/A/Resources/vi.lproj/locale.pak
+ Quiet.app/Contents/Frameworks/Electron Framework.framework/Versions/A/Resources/zh_CN.lproj/locale.pak
+ Quiet.app/Contents/Frameworks/Electron Framework.framework/Versions/A/Resources/zh_TW.lproj/locale.pak
+ Quiet.app/Contents/Frameworks/Electron Framework.framework/Versions/Current
+ Quiet.app/Contents/Frameworks/Mantle.framework/Mantle
+ Quiet.app/Contents/Frameworks/Mantle.framework/Resources
+ Quiet.app/Contents/Frameworks/Mantle.framework/Versions/A/Mantle
+ Quiet.app/Contents/Frameworks/Mantle.framework/Versions/A/Resources/Info.plist
+ Quiet.app/Contents/Frameworks/Mantle.framework/Versions/Current
+ Quiet.app/Contents/Frameworks/Quiet Helper (GPU).app/Contents/Info.plist
+ Quiet.app/Contents/Frameworks/Quiet Helper (GPU).app/Contents/MacOS/Quiet Helper (GPU)
+ Quiet.app/Contents/Frameworks/Quiet Helper (GPU).app/Contents/PkgInfo
+ Quiet.app/Contents/Frameworks/Quiet Helper (Plugin).app/Contents/Info.plist
+ Quiet.app/Contents/Frameworks/Quiet Helper (Plugin).app/Contents/MacOS/Quiet Helper (Plugin)
+ Quiet.app/Contents/Frameworks/Quiet Helper (Plugin).app/Contents/PkgInfo
+ Quiet.app/Contents/Frameworks/Quiet Helper (Renderer).app/Contents/Info.plist
+ Quiet.app/Contents/Frameworks/Quiet Helper (Renderer).app/Contents/MacOS/Quiet Helper (Renderer)
+ Quiet.app/Contents/Frameworks/Quiet Helper (Renderer).app/Contents/PkgInfo
+ Quiet.app/Contents/Frameworks/Quiet Helper.app/Contents/Info.plist
+ Quiet.app/Contents/Frameworks/Quiet Helper.app/Contents/MacOS/Quiet Helper
+ Quiet.app/Contents/Frameworks/Quiet Helper.app/Contents/PkgInfo
+ Quiet.app/Contents/Frameworks/ReactiveObjC.framework/ReactiveObjC
+ Quiet.app/Contents/Frameworks/ReactiveObjC.framework/Resources
+ Quiet.app/Contents/Frameworks/ReactiveObjC.framework/Versions/A/ReactiveObjC
+ Quiet.app/Contents/Frameworks/ReactiveObjC.framework/Versions/A/Resources/Info.plist
+ Quiet.app/Contents/Frameworks/ReactiveObjC.framework/Versions/Current
+ Quiet.app/Contents/Frameworks/Squirrel.framework/Resources
+ Quiet.app/Contents/Frameworks/Squirrel.framework/Squirrel
+ Quiet.app/Contents/Frameworks/Squirrel.framework/Versions/A/Resources/Info.plist
+ Quiet.app/Contents/Frameworks/Squirrel.framework/Versions/A/Resources/ShipIt
+ Quiet.app/Contents/Frameworks/Squirrel.framework/Versions/A/Squirrel
+ Quiet.app/Contents/Frameworks/Squirrel.framework/Versions/Current
+ Quiet.app/Contents/Info.plist
+ Quiet.app/Contents/MacOS/Quiet
+ Quiet.app/Contents/PkgInfo
+ Quiet.app/Contents/Resources/app-update.yml
+ Quiet.app/Contents/Resources/app.asar
+ Quiet.app/Contents/Resources/icon.icns
+ Quiet.app/Contents/Resources/mainEnvs.json
+ Quiet.app/Contents/Resources/tor/arm64/libevent-2.1.7.dylib
+ Quiet.app/Contents/Resources/tor/arm64/tor
+ Quiet.app/Contents/Resources/tor/x64/libevent-2.1.7.dylib
+ Quiet.app/Contents/Resources/tor/x64/tor
                      Files read from disk: 113
Archive size: 197691589 bytes (189 MiB)
Everything is Ok
  [34m•[39m building block map  [34mblockMapFile[39m=dist/Quiet-2.1.2-alpha.13-arm64-mac.zip.blockmap
  [37m•[39m spawning        [37mcommand[39m=/Users/isla/Dev/quiet/packages/desktop/node_modules/app-builder-bin/mac/app-builder_arm64 blockmap --input /Users/isla/Dev/quiet/packages/desktop/dist/Quiet-2.1.2-alpha.13-arm64-mac.zip --output /Users/isla/Dev/quiet/packages/desktop/dist/Quiet-2.1.2-alpha.13-arm64-mac.zip.blockmap
  [37m•[39m exited          [37mcommand[39m=app-builder_arm64 [37mcode[39m=0 [37mpid[39m=18163 [37mout[39m={"size":197691589,"sha512":"nh3eS9ECP3wex8PlioBCUcTposukDnCVYVqoA87cgumGJIlFOzzzgAPzpdhD+eAekX1skMwAU4NQZu6VUNZAYQ=="}
  [37m•[39m spawning        [37mcommand[39m=/Users/isla/Dev/quiet/packages/desktop/node_modules/app-builder-bin/mac/app-builder_arm64 get-bucket-location --bucket test.quiet
  [37m•[39m spawning        [37mcommand[39m=/Users/isla/Dev/quiet/packages/desktop/node_modules/app-builder-bin/mac/app-builder_arm64 get-bucket-location --bucket test.quiet
skipping changing build envs
  [37m•[39m exited          [37mcommand[39m=app-builder_arm64 [37mcode[39m=0 [37mpid[39m=18167 [37mout[39m=us-east-1
  [37m•[39m exited          [37mcommand[39m=app-builder_arm64 [37mcode[39m=0 [37mpid[39m=18166 [37mout[39m=us-east-1

 

 >  Lerna (powered by Nx)   Successfully ran target distMac:local for project @quiet/desktop



> e2e-tests:"test:localBinary" multiple

> e2e-tests@2.0.2-alpha.2 test:localBinary
> cross-env TEST_MODE=true IS_LOCAL=true jest --runInBand --detectOpenHandles --forceExit --verbose -- multiple
  [2mconsole.log[22m
    opening the app e2e_r4pg81niwrk
[2m[22m
[2m      [2mat App.open ([22m[2msrc/selectors.ts[2m:37:13)[22m[2m[22m
  [2mconsole.log[22m
    filename undefined
[2m[22m
[2m      [2mat BuildSetup.getBinaryLocation ([22m[2msrc/utils.ts[2m:48:13)[22m[2m[22m
  [2m[33mconsole.warn[39m[22m
[33m    RUNNING ON LOCAL BINARY[39m
[2m[22m
[2m    [0m [90m 62 |[39m     [36mlet[39m basePath [33m=[39m [32m'/Applications'[39m[0m[22m
[2m    [0m [90m 63 |[39m     [36mif[39m (process[33m.[39menv[33m.[39m[33mIS_LOCAL[39m [33m===[39m [32m'true'[39m) {[0m[22m
[2m    [0m[31m[1m>[22m[2m[39m[90m 64 |[39m       console[33m.[39mwarn([32m'RUNNING ON LOCAL BINARY'[39m)[0m[22m
[2m    [0m [90m    |[39m               [31m[1m^[22m[2m[39m[0m[22m
[2m    [0m [90m 65 |[39m       [36mconst[39m distDirByArch [33m=[39m process[33m.[39march [33m===[39m [32m'arm64'[39m [33m?[39m [32m'mac-arm64'[39m [33m:[39m [32m'mac'[39m[0m[22m
[2m    [0m [90m 66 |[39m       basePath [33m=[39m [32m`${__dirname}/../../desktop/dist/${distDirByArch}`[39m[0m[22m
[2m    [0m [90m 67 |[39m     }[0m[22m
[2m[22m
[2m      [2mat BuildSetup.getMacBinaryDir ([22m[2msrc/utils.ts[2m:64:15)[22m[2m[22m
[2m      [2mat BuildSetup.getBinaryLocation ([22m[2msrc/utils.ts[2m:55:21)[22m[2m[22m
[2m      [2mat BuildSetup.getDriver ([22m[2msrc/utils.ts[2m:185:35)[22m[2m[22m
[2m      [2mat App.open ([22m[2msrc/selectors.ts[2m:41:46)[22m[2m[22m
[2m      [2mat promiseWithTimeout ([22m[2msrc/utils.ts[2m:358:23)[22m[2m[22m
[2m      [2mat promiseWithRetries ([22m[2msrc/utils.ts[2m:378:25)[22m[2m[22m
[2m      [2mat App.openWithRetries ([22m[2msrc/selectors.ts[2m:53:5)[22m[2m[22m
[2m      [2mat Object.<anonymous> ([22m[2m[0m[36msrc/tests/multipleClients.test.ts[39m[0m[2m:83:9)[22m[2m[22m
  [2mconsole.log[22m
    stdout:
    Starting ChromeDriver 110.0.5481.208 (6664d787aa4ffd8951132dde98b5aabe25361aa0-refs/branch-heads/5845@{#410}) on port 62501
    Only local connections are allowed.
    Please see https://chromedriver.chromium.org/security-considerations for suggestions on keeping ChromeDriver safe.
[2m[22m
[2m      [2mat Socket.<anonymous> ([22m[2msrc/utils.ts[2m:149:15)[22m[2m[22m
  [2mconsole.log[22m
    stdout:
    ChromeDriver was started successfully.
[2m[22m
[2m      [2mat Socket.<anonymous> ([22m[2msrc/utils.ts[2m:149:15)[22m[2m[22m
  [2mconsole.log[22m
    stdout:
    Read extra envs: { EXEC_ENV: 'DESKTOP' }
[2m[22m
[2m      [2mat Socket.<anonymous> ([22m[2msrc/utils.ts[2m:149:15)[22m[2m[22m
  [2mconsole.log[22m
    stdout:
    setAsDefaultProtocolClient true
[2m[22m
[2m      [2mat Socket.<anonymous> ([22m[2msrc/utils.ts[2m:149:15)[22m[2m[22m
  [2mconsole.log[22m
    stdout:
    electron main
[2m[22m
[2m      [2mat Socket.<anonymous> ([22m[2msrc/utils.ts[2m:149:15)[22m[2m[22m
  [2mconsole.log[22m
    [e2e_r4pg81niwrk]: 2024-03-22 16:57:54.620 Quiet[18214:6877739] WARNING: Secure coding is not enabled for restorable state! Enable secure coding by implementing NSApplicationDelegate.applicationSupportsSecureRestorableState: and returning YES.
[2m[22m
[2m      [2mat Socket.<anonymous> ([22m[2msrc/utils.ts[2m:159:15)[22m[2m[22m
  [2mconsole.log[22m
    [e2e_r4pg81niwrk]: 2024-03-22T20:57:54.620Z desktop:main:main Event: app.ready
[2m[22m
[2m      [2mat Socket.<anonymous> ([22m[2msrc/utils.ts[2m:159:15)[22m[2m[22m
  [2mconsole.log[22m
    [e2e_r4pg81niwrk]: 2024-03-22T20:57:54.668Z desktop:main:main Event: app.browser-window-created
[2m[22m
[2m      [2mat Socket.<anonymous> ([22m[2msrc/utils.ts[2m:159:15)[22m[2m[22m
  [2mconsole.log[22m
    [e2e_r4pg81niwrk]: 2024-03-22T20:57:54.675Z desktop:main:main Event: app.browser-window-created
[2m[22m
[2m      [2mat Socket.<anonymous> ([22m[2msrc/utils.ts[2m:159:15)[22m[2m[22m
  [2mconsole.log[22m
    [e2e_r4pg81niwrk]: 2024-03-22T20:57:54.683Z desktop:main:main Created mainWindow
[2m[22m
[2m      [2mat Socket.<anonymous> ([22m[2msrc/utils.ts[2m:159:15)[22m[2m[22m
  [2mconsole.log[22m
    [e2e_r4pg81niwrk]: 2024-03-22T20:57:54.783Z desktop:main:main Forked backend, PID: 18231
[2m[22m
[2m      [2mat Socket.<anonymous> ([22m[2msrc/utils.ts[2m:159:15)[22m[2m[22m
  [2mconsole.log[22m
    Debug modal
[2m[22m
[2m      [2mat new DebugModeModal ([22m[2msrc/selectors.ts[2m:726:13)[22m[2m[22m
  [2mconsole.log[22m
    Closing debug modal
[2m[22m
[2m      [2mat DebugModeModal.close ([22m[2msrc/selectors.ts[2m:741:15)[22m[2m[22m
  [2mconsole.log[22m
    stdout:
    WARNING: Missing strong random number source
[2m[22m
[2m      [2mat Socket.<anonymous> ([22m[2msrc/utils.ts[2m:149:15)[22m[2m[22m
  [2mconsole.log[22m
    stdout:
    options {
      socketIOPort: '62623',
      appDataPath: '/Users/isla/Library/Application Support/e2e_r4pg81niwrk',
      resourcesPath: '/Users/isla/Dev/quiet/packages/desktop/dist/mac-arm64/Quiet.app/Contents/Resources',
      platform: 'desktop',
      socketIOSecret: '32009148301372604157236435804010017984482522884045'
    }
[2m[22m
[2m      [2mat Socket.<anonymous> ([22m[2msrc/utils.ts[2m:149:15)[22m[2m[22m
  [2mconsole.log[22m
    stdout:
    configOptions {
      socketIOPort: '62623',
      socketIOSecret: '32009148301372604157236435804010017984482522884045',
      torBinaryPath: '"/Users/isla/Dev/quiet/3rd-party/tor/darwin/arm64/tor"',
      torResourcesPath: '/Users/isla/Dev/quiet/3rd-party/tor/darwin/arm64',
      torControlPort: 62628,
      options: {
        env: {
          appDataPath: '/Users/isla/Library/Application Support/e2e_r4pg81niwrk/Quiet'
        }
      },
      env: {},
      bootstrapMultiaddrs: [],
      createPaths: true
    }
[2m[22m
[2m      [2mat Socket.<anonymous> ([22m[2msrc/utils.ts[2m:149:15)[22m[2m[22m
  [2mconsole.log[22m
    stdout:
    [32m[Nest] 18231  - [39m1711141075473 [32m    LOG[39m [38;5;3m[NestFactory] [39m[32mStarting Nest application...[39m
[2m[22m
[2m      [2mat Socket.<anonymous> ([22m[2msrc/utils.ts[2m:149:15)[22m[2m[22m
  [2mconsole.log[22m
    stdout:
    ok
[2m[22m
[2m      [2mat Socket.<anonymous> ([22m[2msrc/utils.ts[2m:149:15)[22m[2m[22m
  [2mconsole.log[22m
    stdout:
    [32m[Nest] 18231  - [39m1711141075483 [32m    LOG[39m [38;5;3m[InstanceLoader] [39m[32mRegistrationModule dependencies initialized[39m[38;5;3m +10ms[39m
[2m[22m
[2m      [2mat Socket.<anonymous> ([22m[2msrc/utils.ts[2m:149:15)[22m[2m[22m
  [2mconsole.log[22m
    stdout:
    [32m[Nest] 18231  - [39m1711141075494 [32m    LOG[39m [38;5;3m[InstanceLoader] [39m[32mIpfsFileManagerModule dependencies initialized[39m[38;5;3m +11ms[39m
[2m[22m
[2m      [2mat Socket.<anonymous> ([22m[2msrc/utils.ts[2m:149:15)[22m[2m[22m
  [2mconsole.log[22m
    stdout:
    [32m[Nest] 18231  - [39m1711141075494 [32m    LOG[39m [38;5;3m[InstanceLoader] [39m[32mSocketModule dependencies initialized[39m[38;5;3m +0ms[39m
    [32m[Nest] 18231  - [39m1711141075494 [32m    LOG[39m [38;5;3m[InstanceLoader] [39m[32mIpfsModule dependencies initialized[39m[38;5;3m +0ms[39m
    [32m[Nest] 18231  - [39m1711141075494 [32m    LOG[39m [38;5;3m[InstanceLoader] [39m[32mLocalDbModule dependencies initialized[39m[38;5;3m +0ms[39m
    QUIET DIR /Users/isla/Library/Application Support/e2e_r4pg81niwrk/Quiet
    [32m[Nest] 18231  - [39m1711141075494 [32m    LOG[39m [38;5;3m[InstanceLoader] [39m[32mTorModule dependencies initialized[39m[38;5;3m +0ms[39m
    [32m[Nest] 18231  - [39m1711141075494 [32m    LOG[39m [38;5;3m[InstanceLoader] [39m[32mStorageModule dependencies initialized[39m[38;5;3m +0ms[39m
[2m[22m
[2m      [2mat Socket.<anonymous> ([22m[2msrc/utils.ts[2m:149:15)[22m[2m[22m
  [2mconsole.log[22m
    stdout:
    [32m[Nest] 18231  - [39m1711141075495 [32m    LOG[39m [38;5;3m[InstanceLoader] [39m[32mAppModule dependencies initialized[39m[38;5;3m +1ms[39m
[2m[22m
[2m      [2mat Socket.<anonymous> ([22m[2msrc/utils.ts[2m:149:15)[22m[2m[22m
  [2mconsole.log[22m
    stdout:
    [32m[Nest] 18231  - [39m1711141075495 [32m    LOG[39m [38;5;3m[InstanceLoader] [39m[32mLibp2pModule dependencies initialized[39m[38;5;3m +0ms[39m
    [32m[Nest] 18231  - [39m1711141075495 [32m    LOG[39m [38;5;3m[InstanceLoader] [39m[32mConnectionsManagerModule dependencies initialized[39m[38;5;3m +0ms[39m
[2m[22m
[2m      [2mat Socket.<anonymous> ([22m[2msrc/utils.ts[2m:149:15)[22m[2m[22m
  [2mconsole.log[22m
    [e2e_r4pg81niwrk]: 2024-03-22T20:57:55.495Z backend:SocketService init:started
[2m[22m
[2m      [2mat Socket.<anonymous> ([22m[2msrc/utils.ts[2m:159:15)[22m[2m[22m
  [2mconsole.log[22m
    [e2e_r4pg81niwrk]: 2024-03-22T20:57:55.496Z backend:SocketService Data server running on port 62623
[2m[22m
[2m      [2mat Socket.<anonymous> ([22m[2msrc/utils.ts[2m:159:15)[22m[2m[22m
  [2mconsole.log[22m
    [e2e_r4pg81niwrk]: 2024-03-22T20:57:55.649Z desktop:main:main Event: mainWindow did-finish-load
[2m[22m
[2m      [2mat Socket.<anonymous> ([22m[2msrc/utils.ts[2m:159:15)[22m[2m[22m
  [2mconsole.log[22m
    stdout:
    Checking for update
[2m[22m
[2m      [2mat Socket.<anonymous> ([22m[2msrc/utils.ts[2m:149:15)[22m[2m[22m
  [2mconsole.log[22m
    stdout:
    Generated new staging user ID: 14e3dc77-9675-5d6d-870b-55bf14201ddf
[2m[22m
[2m      [2mat Socket.<anonymous> ([22m[2msrc/utils.ts[2m:149:15)[22m[2m[22m
  [2mconsole.log[22m
    Debug modal title is displayed
[2m[22m
[2m      [2mat DebugModeModal.close ([22m[2msrc/selectors.ts[2m:743:15)[22m[2m[22m
  [2mconsole.log[22m
    Debug modal button is displayed
[2m[22m
[2m      [2mat DebugModeModal.close ([22m[2msrc/selectors.ts[2m:745:15)[22m[2m[22m
  [2mconsole.log[22m
    [e2e_r4pg81niwrk]: 2024-03-22T20:57:55.679Z backend:SocketService socket connection
    2024-03-22T20:57:55.679Z backend:SocketService init: connection
    2024-03-22T20:57:55.679Z backend:SocketService init:finished
    2024-03-22T20:57:55.679Z backend:Tor Initializing tor...
    2024-03-22T20:57:55.680Z backend:Tor Clearing out hanging tor process(es)
    2024-03-22T20:57:55.680Z backend:Tor Attempting to kill hanging tor processes
[2m[22m
[2m      [2mat Socket.<anonymous> ([22m[2msrc/utils.ts[2m:159:15)[22m[2m[22m
  [2mconsole.log[22m
    Button is displayed
[2m[22m
[2m      [2mat DebugModeModal.close ([22m[2msrc/selectors.ts[2m:752:13)[22m[2m[22m
  [2mconsole.log[22m
    Button click
[2m[22m
[2m      [2mat DebugModeModal.close ([22m[2msrc/selectors.ts[2m:754:13)[22m[2m[22m
  [2mconsole.log[22m
    Probably clicked hidden close button on debug modal
[2m[22m
[2m      [2mat DebugModeModal.close ([22m[2msrc/selectors.ts[2m:759:15)[22m[2m[22m
  [2mconsole.log[22m
    [e2e_r4pg81niwrk]: 2024-03-22T20:57:55.769Z backend:Tor No tor process(es) found to kill
[2m[22m
[2m      [2mat Socket.<anonymous> ([22m[2msrc/utils.ts[2m:159:15)[22m[2m[22m
  [2mconsole.log[22m
    [e2e_r4pg81niwrk]: 2024-03-22T20:57:55.769Z backend:Tor Spawning new tor process(es)
    2024-03-22T20:57:55.769Z backend:Tor Spawning tor
[2m[22m
[2m      [2mat Socket.<anonymous> ([22m[2msrc/utils.ts[2m:159:15)[22m[2m[22m
  [2mconsole.log[22m
    [e2e_r4pg81niwrk]: No authorization header
[2m[22m
[2m      [2mat Socket.<anonymous> ([22m[2msrc/utils.ts[2m:159:15)[22m[2m[22m
  [2mconsole.log[22m
    [e2e_r4pg81niwrk]: 2024-03-22T20:57:55.776Z backend:Tor Mar 22 16:57:55.776 [notice] Tor 0.4.7.13 (git-7c1601fb6edd780f) running on Darwin with Libevent 2.1.12-stable, OpenSSL 1.1.1t, Zlib 1.2.12, Liblzma N/A, Libzstd N/A and Unknown N/A as libc.
    Mar 22 16:57:55.776 [notice] Tor can't help you if you use it wrong! Learn how to be safe at https://support.torproject.org/faq/staying-anonymous/
    Mar 22 16:57:55.776 [notice] Configuration file "/var/tmp/dist/tor/etc/tor/torrc" not present, using reasonable defaults.
[2m[22m
[2m      [2mat Socket.<anonymous> ([22m[2msrc/utils.ts[2m:159:15)[22m[2m[22m
  [2mconsole.log[22m
    [e2e_r4pg81niwrk]: 2024-03-22T20:57:55.777Z backend:Tor Mar 22 16:57:55.777 [notice] Opening Socks listener on 127.0.0.1:62635
    
    2024-03-22T20:57:55.777Z backend:Tor Mar 22 16:57:55.777 [notice] Opened Socks listener connection (ready) on 127.0.0.1:62635
    Mar 22 16:57:55.777 [notice] Opening HTTP tunnel listener on 127.0.0.1:62629
    Mar 22 16:57:55.777 [notice] Opened HTTP tunnel listener connection (ready) on 127.0.0.1:62629
    Mar 22 16:57:55.777 [notice] Opening Control listener on 127.0.0.1:62628
    Mar 22 16:57:55.777 [notice] Opened Control listener connection (ready) on 127.0.0.1:62628
[2m[22m
[2m      [2mat Socket.<anonymous> ([22m[2msrc/utils.ts[2m:159:15)[22m[2m[22m
  [2mconsole.log[22m
    [e2e_r4pg81niwrk]: 2024-03-22T20:57:55.784Z backend:Tor Mar 22 16:57:55.000 [notice] Bootstrapped 0% (starting): Starting
    Mar 22 16:57:55.000 [notice] Starting with guard context "default"
[2m[22m
[2m      [2mat Socket.<anonymous> ([22m[2msrc/utils.ts[2m:159:15)[22m[2m[22m
  [2mconsole.log[22m
    [e2e_r4pg81niwrk]: 2024-03-22T20:57:55.872Z backend:Tor Spawned tor with pid(s): 18241
[2m[22m
[2m      [2mat Socket.<anonymous> ([22m[2msrc/utils.ts[2m:159:15)[22m[2m[22m
  [2mconsole.log[22m
    stdout:
    init
[2m[22m
[2m      [2mat Socket.<anonymous> ([22m[2msrc/utils.ts[2m:149:15)[22m[2m[22m
  [2mconsole.log[22m
    stdout:
    launch 1
[2m[22m
[2m      [2mat Socket.<anonymous> ([22m[2msrc/utils.ts[2m:149:15)[22m[2m[22m
  [2mconsole.log[22m
    [e2e_r4pg81niwrk]: 2024-03-22T20:57:55.873Z backend:ConnectionsManagerService attachTorEventsListeners
    2024-03-22T20:57:55.873Z backend:ConnectionsManagerService launchCommunityFromStorage
[2m[22m
[2m      [2mat Socket.<anonymous> ([22m[2msrc/utils.ts[2m:159:15)[22m[2m[22m
  [2mconsole.log[22m
    stdout:
    Update for version 2.1.2-alpha.13 is not available (latest version: 2.1.2-alpha.13, downgrade is disallowed).
[2m[22m
[2m      [2mat Socket.<anonymous> ([22m[2msrc/utils.ts[2m:149:15)[22m[2m[22m
  [2mconsole.log[22m
    [e2e_r4pg81niwrk]: 2024-03-22T20:57:55.874Z backend:LocalDbService Getting 'community' [Error: NotFound: ] {
      code: 'LEVEL_NOT_FOUND',
      notFound: true,
      status: 404
    }
    2024-03-22T20:57:55.874Z backend:ConnectionsManagerService launchCommunityFromStorage - community peers undefined
[2m[22m
[2m      [2mat Socket.<anonymous> ([22m[2msrc/utils.ts[2m:159:15)[22m[2m[22m
  [2mconsole.log[22m
    [e2e_r4pg81niwrk]: 2024-03-22T20:57:56.786Z backend:Tor Mar 22 16:57:56.000 [notice] Bootstrapped 5% (conn): Connecting to a relay
[2m[22m
[2m      [2mat Socket.<anonymous> ([22m[2msrc/utils.ts[2m:159:15)[22m[2m[22m
  [2mconsole.log[22m
    [e2e_r4pg81niwrk]: 2024-03-22T20:57:56.922Z backend:Tor Mar 22 16:57:56.000 [notice] Bootstrapped 10% (conn_done): Connected to a relay
[2m[22m
[2m      [2mat Socket.<anonymous> ([22m[2msrc/utils.ts[2m:159:15)[22m[2m[22m
  [2mconsole.log[22m
    [e2e_r4pg81niwrk]: 2024-03-22T20:57:57.063Z backend:Tor Mar 22 16:57:57.000 [notice] Bootstrapped 14% (handshake): Handshaking with a relay
[2m[22m
[2m      [2mat Socket.<anonymous> ([22m[2msrc/utils.ts[2m:159:15)[22m[2m[22m
  [2mconsole.log[22m
    [e2e_r4pg81niwrk]: 2024-03-22T20:57:57.450Z backend:Tor Mar 22 16:57:57.000 [notice] Bootstrapped 15% (handshake_done): Handshake with a relay done
    Mar 22 16:57:57.000 [notice] Bootstrapped 20% (onehop_create): Establishing an encrypted directory connection
[2m[22m
[2m      [2mat Socket.<anonymous> ([22m[2msrc/utils.ts[2m:159:15)[22m[2m[22m
  [2mconsole.log[22m
    [e2e_r4pg81niwrk]: 2024-03-22T20:57:57.589Z backend:Tor Mar 22 16:57:57.000 [notice] Bootstrapped 25% (requesting_status): Asking for networkstatus consensus
[2m[22m
[2m      [2mat Socket.<anonymous> ([22m[2msrc/utils.ts[2m:159:15)[22m[2m[22m
  [2mconsole.log[22m
    [e2e_r4pg81niwrk]: 2024-03-22T20:57:57.728Z backend:Tor Mar 22 16:57:57.000 [notice] Bootstrapped 30% (loading_status): Loading networkstatus consensus
[2m[22m
[2m      [2mat Socket.<anonymous> ([22m[2msrc/utils.ts[2m:159:15)[22m[2m[22m
  [2mconsole.log[22m
    [e2e_r4pg81niwrk]: 2024-03-22T20:57:58.285Z backend:TorControl Connecting to Tor, host: localhost port: 62628
[2m[22m
[2m      [2mat Socket.<anonymous> ([22m[2msrc/utils.ts[2m:159:15)[22m[2m[22m
  [2mconsole.log[22m
    [e2e_r4pg81niwrk]: 2024-03-22T20:57:58.288Z backend:Tor Mar 22 16:57:58.000 [notice] New control connection opened from 127.0.0.1.
[2m[22m
[2m      [2mat Socket.<anonymous> ([22m[2msrc/utils.ts[2m:159:15)[22m[2m[22m
  [2mconsole.log[22m
    [e2e_r4pg81niwrk]: 2024-03-22T20:57:58.288Z backend:TorControl Tor connected
[2m[22m
[2m      [2mat Socket.<anonymous> ([22m[2msrc/utils.ts[2m:159:15)[22m[2m[22m
  [2mconsole.log[22m
    [e2e_r4pg81niwrk]: 2024-03-22T20:57:59.030Z backend:Tor Mar 22 16:57:59.000 [notice] I learned some more directory information, but not enough to build a circuit: We have no usable consensus.
[2m[22m
[2m      [2mat Socket.<anonymous> ([22m[2msrc/utils.ts[2m:159:15)[22m[2m[22m
  [2mconsole.log[22m
    [e2e_r4pg81niwrk]: 2024-03-22T20:57:59.441Z backend:Tor Mar 22 16:57:59.000 [notice] Bootstrapped 40% (loading_keys): Loading authority key certs
[2m[22m
[2m      [2mat Socket.<anonymous> ([22m[2msrc/utils.ts[2m:159:15)[22m[2m[22m
  [2mconsole.log[22m
    [e2e_r4pg81niwrk]: 2024-03-22T20:57:59.655Z backend:Tor Mar 22 16:57:59.000 [notice] The current consensus has no exit nodes. Tor can only build internal paths, such as paths to onion services.
[2m[22m
[2m      [2mat Socket.<anonymous> ([22m[2msrc/utils.ts[2m:159:15)[22m[2m[22m
  [2mconsole.log[22m
    [e2e_r4pg81niwrk]: 2024-03-22T20:57:59.656Z backend:Tor Mar 22 16:57:59.000 [notice] Bootstrapped 45% (requesting_descriptors): Asking for relay descriptors
    Mar 22 16:57:59.000 [notice] I learned some more directory information, but not enough to build a circuit: We need more microdescriptors: we have 0/7549, and can only build 0% of likely paths. (We have 0% of guards bw, 0% of midpoint bw, and 0% of end bw (no exits in consensus, using mid) = 0% of path bw.)
[2m[22m
[2m      [2mat Socket.<anonymous> ([22m[2msrc/utils.ts[2m:159:15)[22m[2m[22m
  [2mconsole.log[22m
    [e2e_r4pg81niwrk]: 2024-03-22T20:57:59.930Z backend:SocketService Creating network for community hmptgklyneqsnspv
    2024-03-22T20:57:59.930Z backend:ConnectionsManagerService socketService - createNetwork
    2024-03-22T20:57:59.930Z backend:TorControl Connecting to Tor, host: localhost port: 62628
[2m[22m
[2m      [2mat Socket.<anonymous> ([22m[2msrc/utils.ts[2m:159:15)[22m[2m[22m
  [2mconsole.log[22m
    [e2e_r4pg81niwrk]: 2024-03-22T20:57:59.931Z backend:Tor Mar 22 16:57:59.000 [notice] New control connection opened from 127.0.0.1.
    
    2024-03-22T20:57:59.931Z backend:TorControl Tor connected
    2024-03-22T20:57:59.931Z backend:TorControl Connecting to Tor, host: localhost port: 62628
    2024-03-22T20:57:59.932Z backend:Tor Mar 22 16:57:59.000 [notice] New control connection opened from 127.0.0.1.
    
    2024-03-22T20:57:59.932Z backend:TorControl Tor connected
[2m[22m
[2m      [2mat Socket.<anonymous> ([22m[2msrc/utils.ts[2m:159:15)[22m[2m[22m
  [2mconsole.log[22m
    [e2e_r4pg81niwrk]: 2024-03-22T20:57:59.973Z backend:ConnectionsManagerService Created network for peer bafzbeicrmswtflhnxwimncfzj4jvms36zo5c6q7mkdjvo3ns4vimdoxs4i. Address: 2otwjrsx3pcf6dvjheol6v2xcui6n6qn4rfkipe2oh3vyibizir46did.onion
[2m[22m
[2m      [2mat Socket.<anonymous> ([22m[2msrc/utils.ts[2m:159:15)[22m[2m[22m
  [2mconsole.log[22m
    [e2e_r4pg81niwrk]: 2024-03-22T20:58:00.601Z backend:Tor Mar 22 16:58:00.000 [notice] Bootstrapped 50% (loading_descriptors): Loading relay descriptors
[2m[22m
[2m      [2mat Socket.<anonymous> ([22m[2msrc/utils.ts[2m:159:15)[22m[2m[22m
  [2mconsole.log[22m
    [e2e_r4pg81niwrk]: 2024-03-22T20:58:00.786Z backend:TorControl Connecting to Tor, host: localhost port: 62628
[2m[22m
[2m      [2mat Socket.<anonymous> ([22m[2msrc/utils.ts[2m:159:15)[22m[2m[22m
  [2mconsole.log[22m
    [e2e_r4pg81niwrk]: 2024-03-22T20:58:00.786Z backend:Tor Mar 22 16:58:00.000 [notice] New control connection opened from 127.0.0.1.
    
    2024-03-22T20:58:00.787Z backend:TorControl Tor connected
[2m[22m
[2m      [2mat Socket.<anonymous> ([22m[2msrc/utils.ts[2m:159:15)[22m[2m[22m
  [2mconsole.log[22m
    [e2e_r4pg81niwrk]: 2024-03-22T20:58:01.023Z backend:SocketService Registering owner certificate (hmptgklyneqsnspv)
[2m[22m
[2m      [2mat Socket.<anonymous> ([22m[2msrc/utils.ts[2m:159:15)[22m[2m[22m
  [2mconsole.log[22m
    [e2e_r4pg81niwrk]: 2024-03-22T20:58:01.045Z backend:SocketService Creating community hmptgklyneqsnspv
[2m[22m
[2m      [2mat Socket.<anonymous> ([22m[2msrc/utils.ts[2m:159:15)[22m[2m[22m
  [2mconsole.log[22m
    [e2e_r4pg81niwrk]: 2024-03-22T20:58:01.045Z backend:ConnectionsManagerService Creating community: peers: undefined
    2024-03-22T20:58:01.045Z backend:ConnectionsManagerService Generated Libp2p PSK
    2024-03-22T20:58:01.045Z backend:ConnectionsManagerService Launching community: peers: undefined
    2024-03-22T20:58:01.045Z backend:LocalDbService Getting 'community' [Error: NotFound: ] {
      code: 'LEVEL_NOT_FOUND',
      notFound: true,
      status: 404
    }
[2m[22m
[2m      [2mat Socket.<anonymous> ([22m[2msrc/utils.ts[2m:159:15)[22m[2m[22m
  [2mconsole.log[22m
    [e2e_r4pg81niwrk]: 2024-03-22T20:58:01.046Z backend:ConnectionsManagerService Launching community hmptgklyneqsnspv: peer: QmTpNmixsfUSHBm3vWvvuTkgt2HdXc1sYiBRw4pMRn88GR
    2024-03-22T20:58:01.046Z backend:ConnectionsManagerService Spawning hidden service for community hmptgklyneqsnspv, peer: QmTpNmixsfUSHBm3vWvvuTkgt2HdXc1sYiBRw4pMRn88GR
    2024-03-22T20:58:01.046Z backend:TorControl Connecting to Tor, host: localhost port: 62628
[2m[22m
[2m      [2mat Socket.<anonymous> ([22m[2msrc/utils.ts[2m:159:15)[22m[2m[22m
  [2mconsole.log[22m
    [e2e_r4pg81niwrk]: 2024-03-22T20:58:01.046Z backend:Tor Mar 22 16:58:01.000 [notice] New control connection opened from 127.0.0.1.
[2m[22m
[2m      [2mat Socket.<anonymous> ([22m[2msrc/utils.ts[2m:159:15)[22m[2m[22m
  [2mconsole.log[22m
    [e2e_r4pg81niwrk]: 2024-03-22T20:58:01.046Z backend:TorControl Tor connected
[2m[22m
[2m      [2mat Socket.<anonymous> ([22m[2msrc/utils.ts[2m:159:15)[22m[2m[22m
  [2mconsole.log[22m
    stdout:
    [32m[Nest] 18231  - [39m1711141081047 [32m    LOG[39m [38;5;3m[LazyModuleLoader] [39m[32mSocketModule dependencies initialized[39m
[2m[22m
[2m      [2mat Socket.<anonymous> ([22m[2msrc/utils.ts[2m:149:15)[22m[2m[22m
  [2mconsole.log[22m
    stdout:
    [32m[Nest] 18231  - [39m1711141081048 [32m    LOG[39m [38;5;3m[LazyModuleLoader] [39m[32mLibp2pModule dependencies initialized[39m
[2m[22m
[2m      [2mat Socket.<anonymous> ([22m[2msrc/utils.ts[2m:149:15)[22m[2m[22m
  [2mconsole.log[22m
    [e2e_r4pg81niwrk]: 2024-03-22T20:58:01.051Z backend:ConnectionsManagerService Launching community hmptgklyneqsnspv: payload peers: undefined
[2m[22m
[2m      [2mat Socket.<anonymous> ([22m[2msrc/utils.ts[2m:159:15)[22m[2m[22m
  [2mconsole.log[22m
    [e2e_r4pg81niwrk]: 2024-03-22T20:58:01.052Z backend:ConnectionsManagerService Launching community hmptgklyneqsnspv: retrieved Libp2p PSK
[2m[22m
[2m      [2mat Socket.<anonymous> ([22m[2msrc/utils.ts[2m:159:15)[22m[2m[22m
  [2mconsole.log[22m
    [e2e_r4pg81niwrk]: 2024-03-22T20:58:01.063Z backend:Libp2pService Local peerId: QmTpNmixsfUSHBm3vWvvuTkgt2HdXc1sYiBRw4pMRn88GR
    2024-03-22T20:58:01.063Z backend:Libp2pService Initializing libp2p for QmTpNmixsfUSHBm3vWvvuTkgt2HdXc1sYiBRw4pMRn88GR, bootstrapping with 1 peers
[2m[22m
[2m      [2mat Socket.<anonymous> ([22m[2msrc/utils.ts[2m:159:15)[22m[2m[22m
  [2mconsole.log[22m
    [e2e_r4pg81niwrk]: 2024-03-22T20:58:01.063Z backend:ProcessInChunksService Processing 1 items
[2m[22m
[2m      [2mat Socket.<anonymous> ([22m[2msrc/utils.ts[2m:159:15)[22m[2m[22m
  [2mconsole.log[22m
    [e2e_r4pg81niwrk]: 2024-03-22T20:58:01.064Z backend:Libp2pService Initialized libp2p for peer QmTpNmixsfUSHBm3vWvvuTkgt2HdXc1sYiBRw4pMRn88GR
[2m[22m
[2m      [2mat Socket.<anonymous> ([22m[2msrc/utils.ts[2m:159:15)[22m[2m[22m
  [2mconsole.log[22m
    [e2e_r4pg81niwrk]: 2024-03-22T20:58:01.065Z backend:StorageService Initializing storage
[2m[22m
[2m      [2mat Socket.<anonymous> ([22m[2msrc/utils.ts[2m:159:15)[22m[2m[22m
  [2mconsole.log[22m
    stdout:
    creating paths in fn - utils
[2m[22m
[2m      [2mat Socket.<anonymous> ([22m[2msrc/utils.ts[2m:149:15)[22m[2m[22m
  [2mconsole.log[22m
    [e2e_r4pg81niwrk]: 2024-03-22T20:58:01.065Z backend:StorageService Initialized storage
    2024-03-22T20:58:01.065Z backend:ProcessInChunksService Processing /dns4/2otwjrsx3pcf6dvjheol6v2xcui6n6qn4rfkipe2oh3vyibizir46did.onion/tcp/80/ws/p2p/QmTpNmixsfUSHBm3vWvvuTkgt2HdXc1sYiBRw4pMRn88GR failed, message: Tried to dial self
[2m[22m
[2m      [2mat Socket.<anonymous> ([22m[2msrc/utils.ts[2m:159:15)[22m[2m[22m
  [2mconsole.log[22m
    stdout:
    [32m[Nest] 18231  - [39m1711141081065 [32m    LOG[39m [38;5;3m[LazyModuleLoader] [39m[32mIpfsModule dependencies initialized[39m
    counter ipfs 1
[2m[22m
[2m      [2mat Socket.<anonymous> ([22m[2msrc/utils.ts[2m:149:15)[22m[2m[22m
  [2mconsole.log[22m
    stdout:
    [32m[Nest] 18231  - [39m1711141081066 [32m    LOG[39m [38;5;3m[LazyModuleLoader] [39m[32mSocketModule dependencies initialized[39m
    [32m[Nest] 18231  - [39m1711141081066 [32m    LOG[39m [38;5;3m[LazyModuleLoader] [39m[32mLibp2pModule dependencies initialized[39m
[2m[22m
[2m      [2mat Socket.<anonymous> ([22m[2msrc/utils.ts[2m:149:15)[22m[2m[22m
  [2mconsole.log[22m
    [e2e_r4pg81niwrk]: 2024-03-22T20:58:01.660Z backend:Tor Mar 22 16:58:01.000 [notice] The current consensus contains exit nodes. Tor can build exit and internal paths.
[2m[22m
[2m      [2mat Socket.<anonymous> ([22m[2msrc/utils.ts[2m:159:15)[22m[2m[22m
  [2mconsole.log[22m
    stdout:
    to get started, enter:
[2m[22m
[2m      [2mat Socket.<anonymous> ([22m[2msrc/utils.ts[2m:149:15)[22m[2m[22m
  [2mconsole.log[22m
    stdout:
    	jsipfs cat /ipfs/QmRaaUwTNfwgFZpeUy8qrZwrp2dY4kCKmmB5xEqvH3vtD1/readme
[2m[22m
[2m      [2mat Socket.<anonymous> ([22m[2msrc/utils.ts[2m:149:15)[22m[2m[22m
  [2mconsole.log[22m
    [e2e_r4pg81niwrk]: 2024-03-22T20:58:01.676Z backend:OrbitDb [create]:started
[2m[22m
[2m      [2mat Socket.<anonymous> ([22m[2msrc/utils.ts[2m:159:15)[22m[2m[22m
  [2mconsole.log[22m
    [e2e_r4pg81niwrk]: (node:18231) [DEP0005] DeprecationWarning: Buffer() is deprecated due to security and usability issues. Please use the Buffer.alloc(), Buffer.allocUnsafe(), or Buffer.from() methods instead.
    (Use `Quiet Helper --trace-deprecation ...` to show where the warning was created)
[2m[22m
[2m      [2mat Socket.<anonymous> ([22m[2msrc/utils.ts[2m:159:15)[22m[2m[22m
  [2mconsole.log[22m
    stdout:
    [32m[Nest] 18231  - [39m1711141081700 [32m    LOG[39m [38;5;3m[LazyModuleLoader] [39m[32mIpfsFileManagerModule dependencies initialized[39m
[2m[22m
[2m      [2mat Socket.<anonymous> ([22m[2msrc/utils.ts[2m:149:15)[22m[2m[22m
  [2mconsole.log[22m
    stdout:
    [32m[Nest] 18231  - [39m1711141081700 [32m    LOG[39m [38;5;3m[LazyModuleLoader] [39m[32mIpfsModule dependencies initialized[39m
[2m[22m
[2m      [2mat Socket.<anonymous> ([22m[2msrc/utils.ts[2m:149:15)[22m[2m[22m
  [2mconsole.log[22m
    [e2e_r4pg81niwrk]: 2024-03-22T20:58:01.701Z backend:StorageService 1/3
    2024-03-22T20:58:01.701Z backend:StorageService 2/3
    2024-03-22T20:58:01.701Z backend:CommunityMetadataStore Initializing community metadata key/value store
[2m[22m
[2m      [2mat Socket.<anonymous> ([22m[2msrc/utils.ts[2m:159:15)[22m[2m[22m
  [2mconsole.log[22m
    [e2e_r4pg81niwrk]: 2024-03-22T20:58:01.719Z backend:CommunityMetadataStore Loaded community metadata to memory
[2m[22m
[2m      [2mat Socket.<anonymous> ([22m[2msrc/utils.ts[2m:159:15)[22m[2m[22m
  [2mconsole.log[22m
    [e2e_r4pg81niwrk]: 2024-03-22T20:58:01.719Z backend:CertificatesStore Initializing certificates log store
[2m[22m
[2m      [2mat Socket.<anonymous> ([22m[2msrc/utils.ts[2m:159:15)[22m[2m[22m
  [2mconsole.log[22m
    [e2e_r4pg81niwrk]: 2024-03-22T20:58:01.734Z backend:CertificatesStore Loaded certificates to memory
[2m[22m
[2m      [2mat Socket.<anonymous> ([22m[2msrc/utils.ts[2m:159:15)[22m[2m[22m
  [2mconsole.log[22m
    [e2e_r4pg81niwrk]: 2024-03-22T20:58:01.734Z backend:CertificatesStore Initialized
    2024-03-22T20:58:01.734Z backend:CertificatesRequestsStore Initializing certificates requests store
[2m[22m
[2m      [2mat Socket.<anonymous> ([22m[2msrc/utils.ts[2m:159:15)[22m[2m[22m
  [2mconsole.log[22m
    [e2e_r4pg81niwrk]: 2024-03-22T20:58:01.749Z backend:CertificatesRequestsStore Initialized
[2m[22m
[2m      [2mat Socket.<anonymous> ([22m[2msrc/utils.ts[2m:159:15)[22m[2m[22m
  [2mconsole.log[22m
    [e2e_r4pg81niwrk]: 2024-03-22T20:58:01.749Z backend:UserProfileStore Initializing user profiles key/value store
[2m[22m
[2m      [2mat Socket.<anonymous> ([22m[2msrc/utils.ts[2m:159:15)[22m[2m[22m
  [2mconsole.log[22m
    [e2e_r4pg81niwrk]: 2024-03-22T20:58:01.763Z backend:UserProfileStore Loaded user profiles to memory
[2m[22m
[2m      [2mat Socket.<anonymous> ([22m[2msrc/utils.ts[2m:159:15)[22m[2m[22m
  [2mconsole.log[22m
    [e2e_r4pg81niwrk]: 2024-03-22T20:58:01.764Z backend:StorageService 3/3
    2024-03-22T20:58:01.764Z backend:StorageService createDbForChannels init
[2m[22m
[2m      [2mat Socket.<anonymous> ([22m[2msrc/utils.ts[2m:159:15)[22m[2m[22m
  [2mconsole.log[22m
    [e2e_r4pg81niwrk]: 2024-03-22T20:58:01.781Z backend:StorageService Channels count: 0
[2m[22m
[2m      [2mat Socket.<anonymous> ([22m[2msrc/utils.ts[2m:159:15)[22m[2m[22m
  [2mconsole.log[22m
    [e2e_r4pg81niwrk]: 2024-03-22T20:58:01.781Z backend:StorageService Channels names: []
    2024-03-22T20:58:01.781Z backend:StorageService STORAGE: Finished createDbForChannels
    2024-03-22T20:58:01.781Z backend:StorageService Initialized DBs
    2024-03-22T20:58:01.781Z backend:StorageService Starting IPFS
    2024-03-22T20:58:01.781Z backend:ConnectionsManagerService storage initialized
    2024-03-22T20:58:01.781Z backend:ConnectionsManagerService Launched community hmptgklyneqsnspv
    2024-03-22T20:58:01.781Z backend:ConnectionsManagerService Created and launched community hmptgklyneqsnspv
[2m[22m
[2m      [2mat Socket.<anonymous> ([22m[2msrc/utils.ts[2m:159:15)[22m[2m[22m
  [2mconsole.log[22m
    stdout:
    Storage.initDatabases: 80.321ms
    Hunting for heisenbug: Backend initialized community and sent event to state manager
[2m[22m
[2m      [2mat Socket.<anonymous> ([22m[2msrc/utils.ts[2m:149:15)[22m[2m[22m
  [2mconsole.log[22m
    stdout:
    preparing listener
[2m[22m
[2m      [2mat Socket.<anonymous> ([22m[2msrc/utils.ts[2m:149:15)[22m[2m[22m
  [2mconsole.log[22m
    [e2e_r4pg81niwrk]: 2024-03-22T20:58:01.784Z backend:libp2p:websockets prepareListener
[2m[22m
[2m      [2mat Socket.<anonymous> ([22m[2msrc/utils.ts[2m:159:15)[22m[2m[22m
  [2mconsole.log[22m
    [e2e_r4pg81niwrk]: 2024-03-22T20:58:02.295Z backend:StorageService IPFS started
[2m[22m
[2m      [2mat Socket.<anonymous> ([22m[2msrc/utils.ts[2m:159:15)[22m[2m[22m
  [2mconsole.log[22m
    [e2e_r4pg81niwrk]: 2024-03-22T20:58:02.295Z backend:StorageService Pubsub - subscribe to /orbitdb/zdpuAubkQfjh7bUVJFvuCuNpkXc9LYF4NuPX7VS12e4ciy851/public-channels
    2024-03-22T20:58:02.295Z backend:StorageService Pubsub - subscribe to /orbitdb/zdpuAtjfjLokx2PW6UGrDQoB8VmEyq2i2endX4KuuD8efo7Vj/certificates
    2024-03-22T20:58:02.295Z backend:StorageService Pubsub - subscribe to /orbitdb/zdpuAq8czmPVqfV7B5fchXdFY11jVPNNymTnCJtvPDR1dCV3h/csrs
    2024-03-22T20:58:02.295Z backend:StorageService Pubsub - subscribe to /orbitdb/zdpuAtLG6WrE13SaXWmg52e1odsV3c97BPDQRudzzXFNqDoQD/community-metadata
    2024-03-22T20:58:02.295Z backend:StorageService Pubsub - subscribe to /orbitdb/zdpuAyScVHonV7KUdb3rdNmC9ZurssGdfgveYm3ds7KNJ6CpU/user-profiles
[2m[22m
[2m      [2mat Socket.<anonymous> ([22m[2msrc/utils.ts[2m:159:15)[22m[2m[22m
  [2mconsole.log[22m
    [e2e_r4pg81niwrk]: 2024-03-22T20:58:02.299Z backend:ConnectionsManagerService socketService - setCommunityCaData
[2m[22m
[2m      [2mat Socket.<anonymous> ([22m[2msrc/utils.ts[2m:159:15)[22m[2m[22m
  [2mconsole.log[22m
    [e2e_r4pg81niwrk]: 2024-03-22T20:58:02.320Z backend:SocketService Awaiting readyness before emitting:  createChannel
[2m[22m
[2m      [2mat Socket.<anonymous> ([22m[2msrc/utils.ts[2m:159:15)[22m[2m[22m
  [2mconsole.log[22m
    [e2e_r4pg81niwrk]: 2024-03-22T20:58:02.323Z backend:SocketService On addCsr
[2m[22m
[2m      [2mat Socket.<anonymous> ([22m[2msrc/utils.ts[2m:159:15)[22m[2m[22m
  [2mconsole.log[22m
    [e2e_r4pg81niwrk]: 2024-03-22T20:58:02.323Z backend:ConnectionsManagerService socketService - addCsr
[2m[22m
[2m      [2mat Socket.<anonymous> ([22m[2msrc/utils.ts[2m:159:15)[22m[2m[22m
  [2mconsole.log[22m
    [e2e_r4pg81niwrk]: 2024-03-22T20:58:02.325Z backend:CommunityMetadataStore About to update community metadata hmptgklyneqsnspv
[2m[22m
[2m      [2mat Socket.<anonymous> ([22m[2msrc/utils.ts[2m:159:15)[22m[2m[22m
  [2mconsole.log[22m
    [e2e_r4pg81niwrk]: 2024-03-22T20:58:02.325Z backend:CommunityMetadataStore Updating community metadata
[2m[22m
[2m      [2mat Socket.<anonymous> ([22m[2msrc/utils.ts[2m:159:15)[22m[2m[22m
  [2mconsole.log[22m
    [e2e_r4pg81niwrk]: 2024-03-22T20:58:02.327Z backend:StorageService Creating channel general_a7c50e5f6bb71a5bfe45107c2f1c0f08
[2m[22m
[2m      [2mat Socket.<anonymous> ([22m[2msrc/utils.ts[2m:159:15)[22m[2m[22m
  [2mconsole.log[22m
    [e2e_r4pg81niwrk]: 2024-03-22T20:58:02.340Z backend:CertificatesRequestsStore Added CSR to database
[2m[22m
[2m      [2mat Socket.<anonymous> ([22m[2msrc/utils.ts[2m:159:15)[22m[2m[22m
  [2mconsole.log[22m
    [e2e_r4pg81niwrk]: 2024-03-22T20:58:02.347Z backend:CertificatesStore Loaded certificates to memory
[2m[22m
[2m      [2mat Socket.<anonymous> ([22m[2msrc/utils.ts[2m:159:15)[22m[2m[22m
  [2mconsole.log[22m
    [e2e_r4pg81niwrk]: 2024-03-22T20:58:02.347Z backend:CertificatesStore All certificates: 0
    2024-03-22T20:58:02.347Z backend:CertificatesStore Valid certificates: 0
    2024-03-22T20:58:02.347Z backend:ConnectionsManagerService Storage - certificatesStored
    2024-03-22T20:58:02.348Z backend:StorageService csrs count: 1
[2m[22m
[2m      [2mat Socket.<anonymous> ([22m[2msrc/utils.ts[2m:159:15)[22m[2m[22m
  [2mconsole.log[22m
    stdout:
    updatePeersList, peers count: 1
[2m[22m
[2m      [2mat Socket.<anonymous> ([22m[2msrc/utils.ts[2m:149:15)[22m[2m[22m
  [2mconsole.log[22m
    [e2e_r4pg81niwrk]: 2024-03-22T20:58:02.349Z backend:CertificatesRequestsStore DuplicatedCertBug {
      allEntries: [
        'MIIDIjCCAscCAQAwSTFHMEUGA1UEAxM+Mm90d2pyc3gzcGNmNmR2amhlb2w2djJ4Y3VpNm42cW40cmZraXBlMm9oM3Z5aWJpemlyNDZkaWQub25pb24wWTATBgcqhkjOPQIBBggqhkjOPQMBBwNCAASAyz/RAv61EQ7fSy3WbndIpaX9zi+r2BPNsF7eh2TyzlNUIqZ+ZGBrDPOP4ea+lYwAGYc0obSJgwiFRataRarIoIICGjAuBgkqhkiG9w0BCQ4xITAfMB0GA1UdDgQWBBRAQ+c+nMaAWHjxud5tJL3peqMp1zCCAUcGCSqGSIb3DQEJDDGCATgEggE0FVgLbFaN+gKO4Aqfjs/gNPtz+V9vgnwmOEuIipHYSyEyiZL7PmRutx07890ws44SwLYEKDBavLKfF1aSa1MOLps/bMWW2DDOngTVGyaWufh8OaBzxGIL3815BZLJF9VTgEuyJbOq3+XLZMj2fdEjXHTRvYURKZtc/O7FHYG5mOc7QTwkXd9jQ8tMYZ85wWJdR3ZLGWYfnrrplQTdkAq9H7DEH4OTypJSYjvhMBrDAZeFOe1nHVkJU14sO2x1rc9X1GQMYmLC4WxLcwdcyUh1aXOEev3VprQRQjaFznk0UHK33rn1q16YE5zc+3hhF03FOGSos8DMyQy3o10/p1fOI9oVSkFpKlx5OyZXz1uG6Utmt8htptEr4rE4jm9y6+r5DXm5nIjSZIbNgXh9boxyX7KvOkkwFQYKKwYBBAGDjBsCATEHEwVvd25lcjA9BgkrBgECAQ8DAQExMBMuUW1UcE5taXhzZlVTSEJtM3ZXdnZ1VGtndDJIZFhjMXNZaUJSdzRwTVJuODhHUjBHBgNVHRExQBM+Mm90d2pyc3gzcGNmNmR2amhlb2w2djJ4Y3VpNm42cW40cmZraXBlMm9oM3Z5aWJpemlyNDZkaWQub25pb24wCgYIKoZIzj0EAwIDSQAwRgIhAOK6Uac+lomfbGsOpT+M1/mZLNGmQ6uPXE4blwkpyla2AiEApkT1IJjfMgcYl613arLQ4nUrieyCoz8W8U+EWt1HhGM='
      ]
    }
[2m[22m
[2m      [2mat Socket.<anonymous> ([22m[2msrc/utils.ts[2m:159:15)[22m[2m[22m
  [2mconsole.log[22m
    [e2e_r4pg81niwrk]: 2024-03-22T20:58:02.349Z backend:CertificatesRequestsStore DuplicatedCertBug {
      allCsrsUnique: [
        'MIIDIjCCAscCAQAwSTFHMEUGA1UEAxM+Mm90d2pyc3gzcGNmNmR2amhlb2w2djJ4Y3VpNm42cW40cmZraXBlMm9oM3Z5aWJpemlyNDZkaWQub25pb24wWTATBgcqhkjOPQIBBggqhkjOPQMBBwNCAASAyz/RAv61EQ7fSy3WbndIpaX9zi+r2BPNsF7eh2TyzlNUIqZ+ZGBrDPOP4ea+lYwAGYc0obSJgwiFRataRarIoIICGjAuBgkqhkiG9w0BCQ4xITAfMB0GA1UdDgQWBBRAQ+c+nMaAWHjxud5tJL3peqMp1zCCAUcGCSqGSIb3DQEJDDGCATgEggE0FVgLbFaN+gKO4Aqfjs/gNPtz+V9vgnwmOEuIipHYSyEyiZL7PmRutx07890ws44SwLYEKDBavLKfF1aSa1MOLps/bMWW2DDOngTVGyaWufh8OaBzxGIL3815BZLJF9VTgEuyJbOq3+XLZMj2fdEjXHTRvYURKZtc/O7FHYG5mOc7QTwkXd9jQ8tMYZ85wWJdR3ZLGWYfnrrplQTdkAq9H7DEH4OTypJSYjvhMBrDAZeFOe1nHVkJU14sO2x1rc9X1GQMYmLC4WxLcwdcyUh1aXOEev3VprQRQjaFznk0UHK33rn1q16YE5zc+3hhF03FOGSos8DMyQy3o10/p1fOI9oVSkFpKlx5OyZXz1uG6Utmt8htptEr4rE4jm9y6+r5DXm5nIjSZIbNgXh9boxyX7KvOkkwFQYKKwYBBAGDjBsCATEHEwVvd25lcjA9BgkrBgECAQ8DAQExMBMuUW1UcE5taXhzZlVTSEJtM3ZXdnZ1VGtndDJIZFhjMXNZaUJSdzRwTVJuODhHUjBHBgNVHRExQBM+Mm90d2pyc3gzcGNmNmR2amhlb2w2djJ4Y3VpNm42cW40cmZraXBlMm9oM3Z5aWJpemlyNDZkaWQub25pb24wCgYIKoZIzj0EAwIDSQAwRgIhAOK6Uac+lomfbGsOpT+M1/mZLNGmQ6uPXE4blwkpyla2AiEApkT1IJjfMgcYl613arLQ4nUrieyCoz8W8U+EWt1HhGM='
      ]
    }
[2m[22m
[2m      [2mat Socket.<anonymous> ([22m[2msrc/utils.ts[2m:159:15)[22m[2m[22m
  [2mconsole.log[22m
    [e2e_r4pg81niwrk]: 2024-03-22T20:58:02.350Z backend:CertificatesRequestsStore DuplicatedCertBug [...filteredCsrsMap.values()] [
      'MIIDIjCCAscCAQAwSTFHMEUGA1UEAxM+Mm90d2pyc3gzcGNmNmR2amhlb2w2djJ4Y3VpNm42cW40cmZraXBlMm9oM3Z5aWJpemlyNDZkaWQub25pb24wWTATBgcqhkjOPQIBBggqhkjOPQMBBwNCAASAyz/RAv61EQ7fSy3WbndIpaX9zi+r2BPNsF7eh2TyzlNUIqZ+ZGBrDPOP4ea+lYwAGYc0obSJgwiFRataRarIoIICGjAuBgkqhkiG9w0BCQ4xITAfMB0GA1UdDgQWBBRAQ+c+nMaAWHjxud5tJL3peqMp1zCCAUcGCSqGSIb3DQEJDDGCATgEggE0FVgLbFaN+gKO4Aqfjs/gNPtz+V9vgnwmOEuIipHYSyEyiZL7PmRutx07890ws44SwLYEKDBavLKfF1aSa1MOLps/bMWW2DDOngTVGyaWufh8OaBzxGIL3815BZLJF9VTgEuyJbOq3+XLZMj2fdEjXHTRvYURKZtc/O7FHYG5mOc7QTwkXd9jQ8tMYZ85wWJdR3ZLGWYfnrrplQTdkAq9H7DEH4OTypJSYjvhMBrDAZeFOe1nHVkJU14sO2x1rc9X1GQMYmLC4WxLcwdcyUh1aXOEev3VprQRQjaFznk0UHK33rn1q16YE5zc+3hhF03FOGSos8DMyQy3o10/p1fOI9oVSkFpKlx5OyZXz1uG6Utmt8htptEr4rE4jm9y6+r5DXm5nIjSZIbNgXh9boxyX7KvOkkwFQYKKwYBBAGDjBsCATEHEwVvd25lcjA9BgkrBgECAQ8DAQExMBMuUW1UcE5taXhzZlVTSEJtM3ZXdnZ1VGtndDJIZFhjMXNZaUJSdzRwTVJuODhHUjBHBgNVHRExQBM+Mm90d2pyc3gzcGNmNmR2amhlb2w2djJ4Y3VpNm42cW40cmZraXBlMm9oM3Z5aWJpemlyNDZkaWQub25pb24wCgYIKoZIzj0EAwIDSQAwRgIhAOK6Uac+lomfbGsOpT+M1/mZLNGmQ6uPXE4blwkpyla2AiEApkT1IJjfMgcYl613arLQ4nUrieyCoz8W8U+EWt1HhGM='
    ]
[2m[22m
[2m      [2mat Socket.<anonymous> ([22m[2msrc/utils.ts[2m:159:15)[22m[2m[22m
  [2mconsole.log[22m
    [e2e_r4pg81niwrk]: 2024-03-22T20:58:02.350Z backend:ConnectionsManagerService Storage - csrsStored
[2m[22m
[2m      [2mat Socket.<anonymous> ([22m[2msrc/utils.ts[2m:159:15)[22m[2m[22m
  [2mconsole.log[22m
    [e2e_r4pg81niwrk]: 2024-03-22T20:58:02.351Z backend:StorageService csrs count: 1
[2m[22m
[2m      [2mat Socket.<anonymous> ([22m[2msrc/utils.ts[2m:159:15)[22m[2m[22m
  [2mconsole.log[22m
    [e2e_r4pg81niwrk]: 2024-03-22T20:58:02.351Z backend:Libp2pService Dialing 0 addresses
[2m[22m
[2m      [2mat Socket.<anonymous> ([22m[2msrc/utils.ts[2m:159:15)[22m[2m[22m
  [2mconsole.log[22m
    stdout:
    updatePeersList, peers count: 1
[2m[22m
[2m      [2mat Socket.<anonymous> ([22m[2msrc/utils.ts[2m:149:15)[22m[2m[22m
  [2mconsole.log[22m
    [e2e_r4pg81niwrk]: 2024-03-22T20:58:02.351Z backend:ProcessInChunksService Updating data with 0 items
    2024-03-22T20:58:02.351Z backend:ProcessInChunksService Processing 0 items
    2024-03-22T20:58:02.351Z backend:RegistrationService Trying to issue certificates false [
      {
        csrs: [
          'MIIDIjCCAscCAQAwSTFHMEUGA1UEAxM+Mm90d2pyc3gzcGNmNmR2amhlb2w2djJ4Y3VpNm42cW40cmZraXBlMm9oM3Z5aWJpemlyNDZkaWQub25pb24wWTATBgcqhkjOPQIBBggqhkjOPQMBBwNCAASAyz/RAv61EQ7fSy3WbndIpaX9zi+r2BPNsF7eh2TyzlNUIqZ+ZGBrDPOP4ea+lYwAGYc0obSJgwiFRataRarIoIICGjAuBgkqhkiG9w0BCQ4xITAfMB0GA1UdDgQWBBRAQ+c+nMaAWHjxud5tJL3peqMp1zCCAUcGCSqGSIb3DQEJDDGCATgEggE0FVgLbFaN+gKO4Aqfjs/gNPtz+V9vgnwmOEuIipHYSyEyiZL7PmRutx07890ws44SwLYEKDBavLKfF1aSa1MOLps/bMWW2DDOngTVGyaWufh8OaBzxGIL3815BZLJF9VTgEuyJbOq3+XLZMj2fdEjXHTRvYURKZtc/O7FHYG5mOc7QTwkXd9jQ8tMYZ85wWJdR3ZLGWYfnrrplQTdkAq9H7DEH4OTypJSYjvhMBrDAZeFOe1nHVkJU14sO2x1rc9X1GQMYmLC4WxLcwdcyUh1aXOEev3VprQRQjaFznk0UHK33rn1q16YE5zc+3hhF03FOGSos8DMyQy3o10/p1fOI9oVSkFpKlx5OyZXz1uG6Utmt8htptEr4rE4jm9y6+r5DXm5nIjSZIbNgXh9boxyX7KvOkkwFQYKKwYBBAGDjBsCATEHEwVvd25lcjA9BgkrBgECAQ8DAQExMBMuUW1UcE5taXhzZlVTSEJtM3ZXdnZ1VGtndDJIZFhjMXNZaUJSdzRwTVJuODhHUjBHBgNVHRExQBM+Mm90d2pyc3gzcGNmNmR2amhlb2w2djJ4Y3VpNm42cW40cmZraXBlMm9oM3Z5aWJpemlyNDZkaWQub25pb24wCgYIKoZIzj0EAwIDSQAwRgIhAOK6Uac+lomfbGsOpT+M1/mZLNGmQ6uPXE4blwkpyla2AiEApkT1IJjfMgcYl613arLQ4nUrieyCoz8W8U+EWt1HhGM='
        ]
      }
    ]
    2024-03-22T20:58:02.352Z backend:RegistrationService Issuing certificates {
      csrs: [
        'MIIDIjCCAscCAQAwSTFHMEUGA1UEAxM+Mm90d2pyc3gzcGNmNmR2amhlb2w2djJ4Y3VpNm42cW40cmZraXBlMm9oM3Z5aWJpemlyNDZkaWQub25pb24wWTATBgcqhkjOPQIBBggqhkjOPQMBBwNCAASAyz/RAv61EQ7fSy3WbndIpaX9zi+r2BPNsF7eh2TyzlNUIqZ+ZGBrDPOP4ea+lYwAGYc0obSJgwiFRataRarIoIICGjAuBgkqhkiG9w0BCQ4xITAfMB0GA1UdDgQWBBRAQ+c+nMaAWHjxud5tJL3peqMp1zCCAUcGCSqGSIb3DQEJDDGCATgEggE0FVgLbFaN+gKO4Aqfjs/gNPtz+V9vgnwmOEuIipHYSyEyiZL7PmRutx07890ws44SwLYEKDBavLKfF1aSa1MOLps/bMWW2DDOngTVGyaWufh8OaBzxGIL3815BZLJF9VTgEuyJbOq3+XLZMj2fdEjXHTRvYURKZtc/O7FHYG5mOc7QTwkXd9jQ8tMYZ85wWJdR3ZLGWYfnrrplQTdkAq9H7DEH4OTypJSYjvhMBrDAZeFOe1nHVkJU14sO2x1rc9X1GQMYmLC4WxLcwdcyUh1aXOEev3VprQRQjaFznk0UHK33rn1q16YE5zc+3hhF03FOGSos8DMyQy3o10/p1fOI9oVSkFpKlx5OyZXz1uG6Utmt8htptEr4rE4jm9y6+r5DXm5nIjSZIbNgXh9boxyX7KvOkkwFQYKKwYBBAGDjBsCATEHEwVvd25lcjA9BgkrBgECAQ8DAQExMBMuUW1UcE5taXhzZlVTSEJtM3ZXdnZ1VGtndDJIZFhjMXNZaUJSdzRwTVJuODhHUjBHBgNVHRExQBM+Mm90d2pyc3gzcGNmNmR2amhlb2w2djJ4Y3VpNm42cW40cmZraXBlMm9oM3Z5aWJpemlyNDZkaWQub25pb24wCgYIKoZIzj0EAwIDSQAwRgIhAOK6Uac+lomfbGsOpT+M1/mZLNGmQ6uPXE4blwkpyla2AiEApkT1IJjfMgcYl613arLQ4nUrieyCoz8W8U+EWt1HhGM='
      ]
    }
    2024-03-22T20:58:02.352Z backend:StorageService Loading all certificates
[2m[22m
[2m      [2mat Socket.<anonymous> ([22m[2msrc/utils.ts[2m:159:15)[22m[2m[22m
  [2mconsole.log[22m
    [e2e_r4pg81niwrk]: 2024-03-22T20:58:02.353Z backend:CertificatesRequestsStore DuplicatedCertBug {
      validation: true,
      csr: 'MIIDIjCCAscCAQAwSTFHMEUGA1UEAxM+Mm90d2pyc3gzcGNmNmR2amhlb2w2djJ4Y3VpNm42cW40cmZraXBlMm9oM3Z5aWJpemlyNDZkaWQub25pb24wWTATBgcqhkjOPQIBBggqhkjOPQMBBwNCAASAyz/RAv61EQ7fSy3WbndIpaX9zi+r2BPNsF7eh2TyzlNUIqZ+ZGBrDPOP4ea+lYwAGYc0obSJgwiFRataRarIoIICGjAuBgkqhkiG9w0BCQ4xITAfMB0GA1UdDgQWBBRAQ+c+nMaAWHjxud5tJL3peqMp1zCCAUcGCSqGSIb3DQEJDDGCATgEggE0FVgLbFaN+gKO4Aqfjs/gNPtz+V9vgnwmOEuIipHYSyEyiZL7PmRutx07890ws44SwLYEKDBavLKfF1aSa1MOLps/bMWW2DDOngTVGyaWufh8OaBzxGIL3815BZLJF9VTgEuyJbOq3+XLZMj2fdEjXHTRvYURKZtc/O7FHYG5mOc7QTwkXd9jQ8tMYZ85wWJdR3ZLGWYfnrrplQTdkAq9H7DEH4OTypJSYjvhMBrDAZeFOe1nHVkJU14sO2x1rc9X1GQMYmLC4WxLcwdcyUh1aXOEev3VprQRQjaFznk0UHK33rn1q16YE5zc+3hhF03FOGSos8DMyQy3o10/p1fOI9oVSkFpKlx5OyZXz1uG6Utmt8htptEr4rE4jm9y6+r5DXm5nIjSZIbNgXh9boxyX7KvOkkwFQYKKwYBBAGDjBsCATEHEwVvd25lcjA9BgkrBgECAQ8DAQExMBMuUW1UcE5taXhzZlVTSEJtM3ZXdnZ1VGtndDJIZFhjMXNZaUJSdzRwTVJuODhHUjBHBgNVHRExQBM+Mm90d2pyc3gzcGNmNmR2amhlb2w2djJ4Y3VpNm42cW40cmZraXBlMm9oM3Z5aWJpemlyNDZkaWQub25pb24wCgYIKoZIzj0EAwIDSQAwRgIhAOK6Uac+lomfbGsOpT+M1/mZLNGmQ6uPXE4blwkpyla2AiEApkT1IJjfMgcYl613arLQ4nUrieyCoz8W8U+EWt1HhGM='
    }
[2m[22m
[2m      [2mat Socket.<anonymous> ([22m[2msrc/utils.ts[2m:159:15)[22m[2m[22m
  [2mconsole.log[22m
    [e2e_r4pg81niwrk]: 2024-03-22T20:58:02.353Z backend:LocalDbService Getting 'peers' [Error: NotFound: ] {
      code: 'LEVEL_NOT_FOUND',
      notFound: true,
      status: 404
    }
[2m[22m
[2m      [2mat Socket.<anonymous> ([22m[2msrc/utils.ts[2m:159:15)[22m[2m[22m
  [2mconsole.log[22m
    [e2e_r4pg81niwrk]: 2024-03-22T20:58:02.353Z backend:LocalDbService Getting 'peers' [Error: NotFound: ] {
      code: 'LEVEL_NOT_FOUND',
      notFound: true,
      status: 404
    }
    2024-03-22T20:58:02.353Z backend:CertificatesStore Loaded certificates to memory
    2024-03-22T20:58:02.353Z backend:CertificatesStore All certificates: 0
    2024-03-22T20:58:02.353Z backend:CertificatesStore Valid certificates: 0
    2024-03-22T20:58:02.353Z backend:RegistrationService DuplicatedCertBug {
      payload: {
        csrs: [
          'MIIDIjCCAscCAQAwSTFHMEUGA1UEAxM+Mm90d2pyc3gzcGNmNmR2amhlb2w2djJ4Y3VpNm42cW40cmZraXBlMm9oM3Z5aWJpemlyNDZkaWQub25pb24wWTATBgcqhkjOPQIBBggqhkjOPQMBBwNCAASAyz/RAv61EQ7fSy3WbndIpaX9zi+r2BPNsF7eh2TyzlNUIqZ+ZGBrDPOP4ea+lYwAGYc0obSJgwiFRataRarIoIICGjAuBgkqhkiG9w0BCQ4xITAfMB0GA1UdDgQWBBRAQ+c+nMaAWHjxud5tJL3peqMp1zCCAUcGCSqGSIb3DQEJDDGCATgEggE0FVgLbFaN+gKO4Aqfjs/gNPtz+V9vgnwmOEuIipHYSyEyiZL7PmRutx07890ws44SwLYEKDBavLKfF1aSa1MOLps/bMWW2DDOngTVGyaWufh8OaBzxGIL3815BZLJF9VTgEuyJbOq3+XLZMj2fdEjXHTRvYURKZtc/O7FHYG5mOc7QTwkXd9jQ8tMYZ85wWJdR3ZLGWYfnrrplQTdkAq9H7DEH4OTypJSYjvhMBrDAZeFOe1nHVkJU14sO2x1rc9X1GQMYmLC4WxLcwdcyUh1aXOEev3VprQRQjaFznk0UHK33rn1q16YE5zc+3hhF03FOGSos8DMyQy3o10/p1fOI9oVSkFpKlx5OyZXz1uG6Utmt8htptEr4rE4jm9y6+r5DXm5nIjSZIbNgXh9boxyX7KvOkkwFQYKKwYBBAGDjBsCATEHEwVvd25lcjA9BgkrBgECAQ8DAQExMBMuUW1UcE5taXhzZlVTSEJtM3ZXdnZ1VGtndDJIZFhjMXNZaUJSdzRwTVJuODhHUjBHBgNVHRExQBM+Mm90d2pyc3gzcGNmNmR2amhlb2w2djJ4Y3VpNm42cW40cmZraXBlMm9oM3Z5aWJpemlyNDZkaWQub25pb24wCgYIKoZIzj0EAwIDSQAwRgIhAOK6Uac+lomfbGsOpT+M1/mZLNGmQ6uPXE4blwkpyla2AiEApkT1IJjfMgcYl613arLQ4nUrieyCoz8W8U+EWt1HhGM='
        ],
        certificates: []
      }
    }
[2m[22m
[2m      [2mat Socket.<anonymous> ([22m[2msrc/utils.ts[2m:159:15)[22m[2m[22m
  [2mconsole.log[22m
    [e2e_r4pg81niwrk]: 2024-03-22T20:58:02.354Z backend:registration.functions DuplicatedCertBug {
      parsedUniqueCsrs: Map(1) {
        'BIDLP9EC/rURDt9LLdZud0ilpf3OL6vYE82wXt6HZPLOU1Qipn5kYGsM84/h5r6VjAAZhzShtImDCIVFq1pFqsg=' => 'MIIDIjCCAscCAQAwSTFHMEUGA1UEAxM+Mm90d2pyc3gzcGNmNmR2amhlb2w2djJ4Y3VpNm42cW40cmZraXBlMm9oM3Z5aWJpemlyNDZkaWQub25pb24wWTATBgcqhkjOPQIBBggqhkjOPQMBBwNCAASAyz/RAv61EQ7fSy3WbndIpaX9zi+r2BPNsF7eh2TyzlNUIqZ+ZGBrDPOP4ea+lYwAGYc0obSJgwiFRataRarIoIICGjAuBgkqhkiG9w0BCQ4xITAfMB0GA1UdDgQWBBRAQ+c+nMaAWHjxud5tJL3peqMp1zCCAUcGCSqGSIb3DQEJDDGCATgEggE0FVgLbFaN+gKO4Aqfjs/gNPtz+V9vgnwmOEuIipHYSyEyiZL7PmRutx07890ws44SwLYEKDBavLKfF1aSa1MOLps/bMWW2DDOngTVGyaWufh8OaBzxGIL3815BZLJF9VTgEuyJbOq3+XLZMj2fdEjXHTRvYURKZtc/O7FHYG5mOc7QTwkXd9jQ8tMYZ85wWJdR3ZLGWYfnrrplQTdkAq9H7DEH4OTypJSYjvhMBrDAZeFOe1nHVkJU14sO2x1rc9X1GQMYmLC4WxLcwdcyUh1aXOEev3VprQRQjaFznk0UHK33rn1q16YE5zc+3hhF03FOGSos8DMyQy3o10/p1fOI9oVSkFpKlx5OyZXz1uG6Utmt8htptEr4rE4jm9y6+r5DXm5nIjSZIbNgXh9boxyX7KvOkkwFQYKKwYBBAGDjBsCATEHEwVvd25lcjA9BgkrBgECAQ8DAQExMBMuUW1UcE5taXhzZlVTSEJtM3ZXdnZ1VGtndDJIZFhjMXNZaUJSdzRwTVJuODhHUjBHBgNVHRExQBM+Mm90d2pyc3gzcGNmNmR2amhlb2w2djJ4Y3VpNm42cW40cmZraXBlMm9oM3Z5aWJpemlyNDZkaWQub25pb24wCgYIKoZIzj0EAwIDSQAwRgIhAOK6Uac+lomfbGsOpT+M1/mZLNGmQ6uPXE4blwkpyla2AiEApkT1IJjfMgcYl613arLQ4nUrieyCoz8W8U+EWt1HhGM='
      },
      pendingNames: Set(1) { 'owner' },
      certNames: Set(0) {}
    }
[2m[22m
[2m      [2mat Socket.<anonymous> ([22m[2msrc/utils.ts[2m:159:15)[22m[2m[22m
  [2mconsole.log[22m
    [e2e_r4pg81niwrk]: 2024-03-22T20:58:02.354Z backend:RegistrationService DuplicatedCertBug {
      pendingCsrs: [
        'MIIDIjCCAscCAQAwSTFHMEUGA1UEAxM+Mm90d2pyc3gzcGNmNmR2amhlb2w2djJ4Y3VpNm42cW40cmZraXBlMm9oM3Z5aWJpemlyNDZkaWQub25pb24wWTATBgcqhkjOPQIBBggqhkjOPQMBBwNCAASAyz/RAv61EQ7fSy3WbndIpaX9zi+r2BPNsF7eh2TyzlNUIqZ+ZGBrDPOP4ea+lYwAGYc0obSJgwiFRataRarIoIICGjAuBgkqhkiG9w0BCQ4xITAfMB0GA1UdDgQWBBRAQ+c+nMaAWHjxud5tJL3peqMp1zCCAUcGCSqGSIb3DQEJDDGCATgEggE0FVgLbFaN+gKO4Aqfjs/gNPtz+V9vgnwmOEuIipHYSyEyiZL7PmRutx07890ws44SwLYEKDBavLKfF1aSa1MOLps/bMWW2DDOngTVGyaWufh8OaBzxGIL3815BZLJF9VTgEuyJbOq3+XLZMj2fdEjXHTRvYURKZtc/O7FHYG5mOc7QTwkXd9jQ8tMYZ85wWJdR3ZLGWYfnrrplQTdkAq9H7DEH4OTypJSYjvhMBrDAZeFOe1nHVkJU14sO2x1rc9X1GQMYmLC4WxLcwdcyUh1aXOEev3VprQRQjaFznk0UHK33rn1q16YE5zc+3hhF03FOGSos8DMyQy3o10/p1fOI9oVSkFpKlx5OyZXz1uG6Utmt8htptEr4rE4jm9y6+r5DXm5nIjSZIbNgXh9boxyX7KvOkkwFQYKKwYBBAGDjBsCATEHEwVvd25lcjA9BgkrBgECAQ8DAQExMBMuUW1UcE5taXhzZlVTSEJtM3ZXdnZ1VGtndDJIZFhjMXNZaUJSdzRwTVJuODhHUjBHBgNVHRExQBM+Mm90d2pyc3gzcGNmNmR2amhlb2w2djJ4Y3VpNm42cW40cmZraXBlMm9oM3Z5aWJpemlyNDZkaWQub25pb24wCgYIKoZIzj0EAwIDSQAwRgIhAOK6Uac+lomfbGsOpT+M1/mZLNGmQ6uPXE4blwkpyla2AiEApkT1IJjfMgcYl613arLQ4nUrieyCoz8W8U+EWt1HhGM='
      ]
    }
[2m[22m
[2m      [2mat Socket.<anonymous> ([22m[2msrc/utils.ts[2m:159:15)[22m[2m[22m
  [2mconsole.log[22m
    [e2e_r4pg81niwrk]: 2024-03-22T20:58:02.357Z backend:RegistrationService DuplicatedCertBug {
      result: {
        cert: 'MIIDfjCCAySgAwIBAgIGAY5n9NT0MAoGCCqGSM49BAMCMBgxFjAUBgNVBAMTDXRlc3Rjb21tdW5pdHkwHhcNMjQwMzIyMjA1ODAyWhcNMzAwMjAxMDUwMDAwWjBJMUcwRQYDVQQDEz4yb3R3anJzeDNwY2Y2ZHZqaGVvbDZ2MnhjdWk2bjZxbjRyZmtpcGUyb2gzdnlpYml6aXI0NmRpZC5vbmlvbjBZMBMGByqGSM49AgEGCCqGSM49AwEHA0IABIDLP9EC/rURDt9LLdZud0ilpf3OL6vYE82wXt6HZPLOU1Qipn5kYGsM84/h5r6VjAAZhzShtImDCIVFq1pFqsijggInMIICIzAJBgNVHRMEAjAAMAsGA1UdDwQEAwIAgDAdBgNVHSUEFjAUBggrBgEFBQcDAgYIKwYBBQUHAwEwggFHBgkqhkiG9w0BCQwEggE4BIIBNBVYC2xWjfoCjuAKn47P4DT7c/lfb4J8JjhLiIqR2EshMomS+z5kbrcdO/PdMLOOEsC2BCgwWryynxdWkmtTDi6bP2zFltgwzp4E1Rsmlrn4fDmgc8RiC9/NeQWSyRfVU4BLsiWzqt/ly2TI9n3RI1x00b2FESmbXPzuxR2BuZjnO0E8JF3fY0PLTGGfOcFiXUd2SxlmH5666ZUE3ZAKvR+wxB+Dk8qSUmI74TAawwGXhTntZx1ZCVNeLDtsda3PV9RkDGJiwuFsS3MHXMlIdWlzhHr91aa0EUI2hc55NFByt9659atemBOc3Pt4YRdNxThkqLPAzMkMt6NdP6dXziPaFUpBaSpceTsmV89bhulLZrfIbabRK+KxOI5vcuvq+Q15uZyI0mSGzYF4fW6Mcl+yrzpJMBUGCisGAQQBg4wbAgEEBxMFb3duZXIwPQYJKwYBAgEPAwEBBDATLlFtVHBObWl4c2ZVU0hCbTN2V3Z2dVRrZ3QySGRYYzFzWWlCUnc0cE1Sbjg4R1IwSQYDVR0RBEIwQII+Mm90d2pyc3gzcGNmNmR2amhlb2w2djJ4Y3VpNm42cW40cmZraXBlMm9oM3Z5aWJpemlyNDZkaWQub25pb24wCgYIKoZIzj0EAwIDSAAwRQIgWqJ9o/N5ex2cAS7rD6kKFybaQ14UuGzKexMIi7W2qm0CIQC0Ldt0YfPCRQ3ZpRhZ5h+Hb7/orQR4DpFjpDZZcrRZEw==',
        error: null
      }
    }
[2m[22m
[2m      [2mat Socket.<anonymous> ([22m[2msrc/utils.ts[2m:159:15)[22m[2m[22m
  [2mconsole.log[22m
    [e2e_r4pg81niwrk]: 2024-03-22T20:58:02.357Z backend:StorageService About to save certificate...
    2024-03-22T20:58:02.357Z backend:StorageService Saving certificate...
    2024-03-22T20:58:02.357Z backend:CertificatesStore Adding user certificate
[2m[22m
[2m      [2mat Socket.<anonymous> ([22m[2msrc/utils.ts[2m:159:15)[22m[2m[22m
  [2mconsole.log[22m
    [e2e_r4pg81niwrk]: 2024-03-22T20:58:02.359Z backend:LocalDbService Local peer /dns4/2otwjrsx3pcf6dvjheol6v2xcui6n6qn4rfkipe2oh3vyibizir46did.onion/tcp/80/ws/p2p/QmTpNmixsfUSHBm3vWvvuTkgt2HdXc1sYiBRw4pMRn88GR
[2m[22m
[2m      [2mat Socket.<anonymous> ([22m[2msrc/utils.ts[2m:159:15)[22m[2m[22m
  [2mconsole.log[22m
    [e2e_r4pg81niwrk]: 2024-03-22T20:58:02.359Z backend:LocalDbService Local peer /dns4/2otwjrsx3pcf6dvjheol6v2xcui6n6qn4rfkipe2oh3vyibizir46did.onion/tcp/80/ws/p2p/QmTpNmixsfUSHBm3vWvvuTkgt2HdXc1sYiBRw4pMRn88GR
[2m[22m
[2m      [2mat Socket.<anonymous> ([22m[2msrc/utils.ts[2m:159:15)[22m[2m[22m
  [2mconsole.log[22m
    [e2e_r4pg81niwrk]: 2024-03-22T20:58:02.370Z backend:CertificatesStore Saved certificate locally
[2m[22m
[2m      [2mat Socket.<anonymous> ([22m[2msrc/utils.ts[2m:159:15)[22m[2m[22m
  [2mconsole.log[22m
    [e2e_r4pg81niwrk]: 2024-03-22T20:58:02.370Z backend:RegistrationService Finished issuing certificates
[2m[22m
[2m      [2mat Socket.<anonymous> ([22m[2msrc/utils.ts[2m:159:15)[22m[2m[22m
  [2mconsole.log[22m
    [e2e_r4pg81niwrk]: 2024-03-22T20:58:02.373Z backend:CertificatesStore DuplicatedCertBug {
      validation: true,
      certificate: 'MIIDfjCCAySgAwIBAgIGAY5n9NT0MAoGCCqGSM49BAMCMBgxFjAUBgNVBAMTDXRlc3Rjb21tdW5pdHkwHhcNMjQwMzIyMjA1ODAyWhcNMzAwMjAxMDUwMDAwWjBJMUcwRQYDVQQDEz4yb3R3anJzeDNwY2Y2ZHZqaGVvbDZ2MnhjdWk2bjZxbjRyZmtpcGUyb2gzdnlpYml6aXI0NmRpZC5vbmlvbjBZMBMGByqGSM49AgEGCCqGSM49AwEHA0IABIDLP9EC/rURDt9LLdZud0ilpf3OL6vYE82wXt6HZPLOU1Qipn5kYGsM84/h5r6VjAAZhzShtImDCIVFq1pFqsijggInMIICIzAJBgNVHRMEAjAAMAsGA1UdDwQEAwIAgDAdBgNVHSUEFjAUBggrBgEFBQcDAgYIKwYBBQUHAwEwggFHBgkqhkiG9w0BCQwEggE4BIIBNBVYC2xWjfoCjuAKn47P4DT7c/lfb4J8JjhLiIqR2EshMomS+z5kbrcdO/PdMLOOEsC2BCgwWryynxdWkmtTDi6bP2zFltgwzp4E1Rsmlrn4fDmgc8RiC9/NeQWSyRfVU4BLsiWzqt/ly2TI9n3RI1x00b2FESmbXPzuxR2BuZjnO0E8JF3fY0PLTGGfOcFiXUd2SxlmH5666ZUE3ZAKvR+wxB+Dk8qSUmI74TAawwGXhTntZx1ZCVNeLDtsda3PV9RkDGJiwuFsS3MHXMlIdWlzhHr91aa0EUI2hc55NFByt9659atemBOc3Pt4YRdNxThkqLPAzMkMt6NdP6dXziPaFUpBaSpceTsmV89bhulLZrfIbabRK+KxOI5vcuvq+Q15uZyI0mSGzYF4fW6Mcl+yrzpJMBUGCisGAQQBg4wbAgEEBxMFb3duZXIwPQYJKwYBAgEPAwEBBDATLlFtVHBObWl4c2ZVU0hCbTN2V3Z2dVRrZ3QySGRYYzFzWWlCUnc0cE1Sbjg4R1IwSQYDVR0RBEIwQII+Mm90d2pyc3gzcGNmNmR2amhlb2w2djJ4Y3VpNm42cW40cmZraXBlMm9oM3Z5aWJpemlyNDZkaWQub25pb24wCgYIKoZIzj0EAwIDSAAwRQIgWqJ9o/N5ex2cAS7rD6kKFybaQ14UuGzKexMIi7W2qm0CIQC0Ldt0YfPCRQ3ZpRhZ5h+Hb7/orQR4DpFjpDZZcrRZEw=='
    }
[2m[22m
[2m      [2mat Socket.<anonymous> ([22m[2msrc/utils.ts[2m:159:15)[22m[2m[22m
  [2mconsole.log[22m
    [e2e_r4pg81niwrk]: 2024-03-22T20:58:02.373Z backend:CertificatesStore Valid certificates: 1
    2024-03-22T20:58:02.373Z backend:ConnectionsManagerService Storage - certificatesStored
[2m[22m
[2m      [2mat Socket.<anonymous> ([22m[2msrc/utils.ts[2m:159:15)[22m[2m[22m
  [2mconsole.log[22m
    [e2e_r4pg81niwrk]: 2024-03-22T20:58:02.374Z backend:StorageService csrs count: 1
[2m[22m
[2m      [2mat Socket.<anonymous> ([22m[2msrc/utils.ts[2m:159:15)[22m[2m[22m
  [2mconsole.log[22m
    stdout:
    updatePeersList, peers count: 1
[2m[22m
[2m      [2mat Socket.<anonymous> ([22m[2msrc/utils.ts[2m:149:15)[22m[2m[22m
  [2mconsole.log[22m
    [e2e_r4pg81niwrk]: 2024-03-22T20:58:02.374Z backend:LocalDbService Getting 'peers' [Error: NotFound: ] {
      code: 'LEVEL_NOT_FOUND',
      notFound: true,
      status: 404
    }
[2m[22m
[2m      [2mat Socket.<anonymous> ([22m[2msrc/utils.ts[2m:159:15)[22m[2m[22m
  [2mconsole.log[22m
    [e2e_r4pg81niwrk]: 2024-03-22T20:58:02.374Z backend:StorageService Found existing channel: undefined
[2m[22m
[2m      [2mat Socket.<anonymous> ([22m[2msrc/utils.ts[2m:159:15)[22m[2m[22m
  [2mconsole.log[22m
    [e2e_r4pg81niwrk]: 2024-03-22T20:58:02.376Z backend:LocalDbService Local peer /dns4/2otwjrsx3pcf6dvjheol6v2xcui6n6qn4rfkipe2oh3vyibizir46did.onion/tcp/80/ws/p2p/QmTpNmixsfUSHBm3vWvvuTkgt2HdXc1sYiBRw4pMRn88GR
[2m[22m
[2m      [2mat Socket.<anonymous> ([22m[2msrc/utils.ts[2m:159:15)[22m[2m[22m
  [2mconsole.log[22m
    [e2e_r4pg81niwrk]: 2024-03-22T20:58:02.381Z backend:StorageService WRITE: Channels
[2m[22m
[2m      [2mat Socket.<anonymous> ([22m[2msrc/utils.ts[2m:159:15)[22m[2m[22m
  [2mconsole.log[22m
    [e2e_r4pg81niwrk]: 2024-03-22T20:58:02.382Z backend:StorageService Set general_a7c50e5f6bb71a5bfe45107c2f1c0f08 to local channels
[2m[22m
[2m      [2mat Socket.<anonymous> ([22m[2msrc/utils.ts[2m:159:15)[22m[2m[22m
  [2mconsole.log[22m
    [e2e_r4pg81niwrk]: 2024-03-22T20:58:02.383Z backend:StorageService Created channel general_a7c50e5f6bb71a5bfe45107c2f1c0f08
    2024-03-22T20:58:02.383Z backend:StorageService Pubsub - subscribe to /orbitdb/zdpuAxX9VYs2cAEDR3cCBsM6wyvpYeQPwU6ugmGoy5AGm6DwT/channels.general_a7c50e5f6bb71a5bfe45107c2f1c0f08
    2024-03-22T20:58:02.383Z backend:StorageService Subscribing to channel  general_a7c50e5f6bb71a5bfe45107c2f1c0f08
[2m[22m
[2m      [2mat Socket.<anonymous> ([22m[2msrc/utils.ts[2m:159:15)[22m[2m[22m
  [2mconsole.log[22m
    [e2e_r4pg81niwrk]: 2024-03-22T20:58:02.383Z backend:StorageService Subscribed to channel general_a7c50e5f6bb71a5bfe45107c2f1c0f08
[2m[22m
[2m      [2mat Socket.<anonymous> ([22m[2msrc/utils.ts[2m:159:15)[22m[2m[22m
  [2mconsole.log[22m
    [e2e_r4pg81niwrk]: 2024-03-22T20:58:02.411Z backend:SocketService Awaiting readyness before emitting:  sendMessage
[2m[22m
[2m      [2mat Socket.<anonymous> ([22m[2msrc/utils.ts[2m:159:15)[22m[2m[22m
  [2mconsole.log[22m
    [e2e_r4pg81niwrk]: 2024-03-22T20:58:02.418Z backend:StorageService Writing to public channel db general_a7c50e5f6bb71a5bfe45107c2f1c0f08
[2m[22m
[2m      [2mat Socket.<anonymous> ([22m[2msrc/utils.ts[2m:159:15)[22m[2m[22m
  [2mconsole.log[22m
    [e2e_r4pg81niwrk]: 2024-03-22T20:58:03.287Z backend:TorControl Connecting to Tor, host: localhost port: 62628
[2m[22m
[2m      [2mat Socket.<anonymous> ([22m[2msrc/utils.ts[2m:159:15)[22m[2m[22m
  [2mconsole.log[22m
    [e2e_r4pg81niwrk]: 2024-03-22T20:58:03.289Z backend:Tor Mar 22 16:58:03.000 [notice] New control connection opened from 127.0.0.1.
    
    2024-03-22T20:58:03.289Z backend:TorControl Tor connected
[2m[22m
[2m      [2mat Socket.<anonymous> ([22m[2msrc/utils.ts[2m:159:15)[22m[2m[22m
  [2mconsole.log[22m
    [e2e_r4pg81niwrk]: 2024-03-22T20:58:03.543Z backend:SocketService Awaiting readyness before emitting:  sendMessage
[2m[22m
[2m      [2mat Socket.<anonymous> ([22m[2msrc/utils.ts[2m:159:15)[22m[2m[22m
  [2mconsole.log[22m
    [e2e_r4pg81niwrk]: 2024-03-22T20:58:03.555Z backend:StorageService Writing to public channel db general_a7c50e5f6bb71a5bfe45107c2f1c0f08
[2m[22m
[2m      [2mat Socket.<anonymous> ([22m[2msrc/utils.ts[2m:159:15)[22m[2m[22m
  [2mconsole.log[22m
    [e2e_r4pg81niwrk]: 2024-03-22T20:58:04.057Z backend:Tor Mar 22 16:58:04.000 [notice] Bootstrapped 56% (loading_descriptors): Loading relay descriptors
[2m[22m
[2m      [2mat Socket.<anonymous> ([22m[2msrc/utils.ts[2m:159:15)[22m[2m[22m
  [2mconsole.log[22m
    [e2e_r4pg81niwrk]: 2024-03-22T20:58:04.515Z backend:Tor Mar 22 16:58:04.000 [notice] Bootstrapped 62% (loading_descriptors): Loading relay descriptors
[2m[22m
[2m      [2mat Socket.<anonymous> ([22m[2msrc/utils.ts[2m:159:15)[22m[2m[22m
  [2mconsole.log[22m
    [e2e_r4pg81niwrk]: 2024-03-22T20:58:04.560Z backend:Tor Mar 22 16:58:04.000 [notice] Bootstrapped 71% (loading_descriptors): Loading relay descriptors
[2m[22m
[2m      [2mat Socket.<anonymous> ([22m[2msrc/utils.ts[2m:159:15)[22m[2m[22m
  [2mconsole.log[22m
    [e2e_r4pg81niwrk]: 2024-03-22T20:58:04.581Z backend:Tor Mar 22 16:58:04.000 [notice] Bootstrapped 75% (enough_dirinfo): Loaded enough directory info to build circuits
[2m[22m
[2m      [2mat Socket.<anonymous> ([22m[2msrc/utils.ts[2m:159:15)[22m[2m[22m
  [2mconsole.log[22m
    [e2e_r4pg81niwrk]: 2024-03-22T20:58:04.807Z backend:Tor Mar 22 16:58:04.000 [notice] Bootstrapped 90% (ap_handshake_done): Handshake finished with a relay to build circuits
    Mar 22 16:58:04.000 [notice] Bootstrapped 95% (circuit_create): Establishing a Tor circuit
[2m[22m
[2m      [2mat Socket.<anonymous> ([22m[2msrc/utils.ts[2m:159:15)[22m[2m[22m
  [2mconsole.log[22m
    [e2e_r4pg81niwrk]: 2024-03-22T20:58:05.726Z backend:Tor Mar 22 16:58:05.000 [notice] Bootstrapped 100% (done): Done
[2m[22m
[2m      [2mat Socket.<anonymous> ([22m[2msrc/utils.ts[2m:159:15)[22m[2m[22m
  [2mconsole.log[22m
    [e2e_r4pg81niwrk]: 2024-03-22T20:58:05.788Z backend:TorControl Connecting to Tor, host: localhost port: 62628
[2m[22m
[2m      [2mat Socket.<anonymous> ([22m[2msrc/utils.ts[2m:159:15)[22m[2m[22m
  [2mconsole.log[22m
    [e2e_r4pg81niwrk]: 2024-03-22T20:58:05.789Z backend:Tor Mar 22 16:58:05.000 [notice] New control connection opened from 127.0.0.1.
    
    2024-03-22T20:58:05.790Z backend:TorControl Tor connected
[2m[22m
[2m      [2mat Socket.<anonymous> ([22m[2msrc/utils.ts[2m:159:15)[22m[2m[22m
  [2mconsole.log[22m
    Waiting for user "owner" message "Hi"
[2m[22m
[2m      [2mat Channel.waitForUserMessage ([22m[2msrc/selectors.ts[2m:342:13)[22m[2m[22m
  [2mconsole.log[22m
    Potential message with text: Created #general
[2m[22m
[2m      [2mat [22m[2msrc/selectors.ts[2m:347:17[22m[2m[22m
  [2mconsole.log[22m
    Potential message with text: Hi
[2m[22m
[2m      [2mat [22m[2msrc/selectors.ts[2m:347:17[22m[2m[22m
  [2mconsole.log[22m
    Found message with matching text Hi
[2m[22m
[2m      [2mat [22m[2msrc/selectors.ts[2m:349:19[22m[2m[22m
  [2mconsole.log[22m
    Data Test ID for message content: userMessages-owner-um3zvgrltu
[2m[22m
[2m      [2mat Channel.getMessageIdsByText ([22m[2msrc/selectors.ts[2m:384:13)[22m[2m[22m
  [2mconsole.log[22m
    Waiting for content for message with text Hi
[2m[22m
[2m      [2mat Channel.waitForMessageContentByText ([22m[2msrc/selectors.ts[2m:510:13)[22m[2m[22m
  [2mconsole.log[22m
    Testing content: Hi
[2m[22m
[2m      [2mat Channel.waitForMessageContentByText ([22m[2msrc/selectors.ts[2m:516:15)[22m[2m[22m
  [2mconsole.log[22m
    Testing content: Hi
[2m[22m
[2m      [2mat Channel.waitForMessageContentByText ([22m[2msrc/selectors.ts[2m:516:15)[22m[2m[22m
  [2mconsole.log[22m
    Found content element for message with text Hi
[2m[22m
[2m      [2mat Channel.waitForMessageContentByText ([22m[2msrc/selectors.ts[2m:518:17)[22m[2m[22m
  [2mconsole.log[22m
    Data Test ID for message content: messagesGroupContent-um3zvgrltu
[2m[22m
[2m      [2mat Channel.getMessageIdsByText ([22m[2msrc/selectors.ts[2m:394:13)[22m[2m[22m
  [2mconsole.log[22m
    Waiting for 'sending...' element for message with data-testid unsent-sending-owner-um3zvgrltu
[2m[22m
[2m      [2mat Channel.waitForSending ([22m[2msrc/selectors.ts[2m:528:13)[22m[2m[22m
  [2mconsole.log[22m
    Waiting for user's avatar with username owner for message with ID um3zvgrltu
[2m[22m
[2m      [2mat Channel.waitForAvatar ([22m[2msrc/selectors.ts[2m:471:13)[22m[2m[22m
  [2mconsole.log[22m
    Found user's avatar with username owner for message with ID um3zvgrltu
[2m[22m
[2m      [2mat Channel.waitForAvatar ([22m[2msrc/selectors.ts[2m:476:15)[22m[2m[22m
  [2mconsole.log[22m
    Waiting for date for message with ID um3zvgrltu
[2m[22m
[2m      [2mat Channel.waitForDateLabel ([22m[2msrc/selectors.ts[2m:484:13)[22m[2m[22m
  [2mconsole.log[22m
    Found date label for message with ID um3zvgrltu
[2m[22m
[2m      [2mat Channel.waitForDateLabel ([22m[2msrc/selectors.ts[2m:489:15)[22m[2m[22m
  [2mconsole.log[22m
    Waiting for content for message with ID um3zvgrltu
[2m[22m
[2m      [2mat Channel.waitForMessageContentById ([22m[2msrc/selectors.ts[2m:497:13)[22m[2m[22m
  [2mconsole.log[22m
    Found content for message with ID um3zvgrltu
[2m[22m
[2m      [2mat Channel.waitForMessageContentById ([22m[2msrc/selectors.ts[2m:502:15)[22m[2m[22m
  [2mconsole.log[22m
    {
      invitationCode: 'https://tryquiet.org/join#QmTpNmixsfUSHBm3vWvvuTkgt2HdXc1sYiBRw4pMRn88GR=2otwjrsx3pcf6dvjheol6v2xcui6n6qn4rfkipe2oh3vyibizir46did&k=9bw8jRVfIx79qEdH0LUhqDqBBWjS21oVEqx7pvxkkPI%3D&o=02c53e500ef7845a1298bb6fa68c55131085695ded3bcb1c9e6eb329cc959588e7'
    }
[2m[22m
[2m      [2mat Object.<anonymous> ([22m[2m[0m[36msrc/tests/multipleClients.test.ts[39m[0m[2m:135:17)[22m[2m[22m
  [2mconsole.log[22m
    Second client
[2m[22m
[2m      [2mat Object.<anonymous> ([22m[2m[0m[36msrc/tests/multipleClients.test.ts[39m[0m[2m:144:17)[22m[2m[22m
  [2mconsole.log[22m
    opening the app e2e_4cc1hr73df40
[2m[22m
[2m      [2mat App.open ([22m[2msrc/selectors.ts[2m:37:13)[22m[2m[22m
  [2mconsole.log[22m
    filename undefined
[2m[22m
[2m      [2mat BuildSetup.getBinaryLocation ([22m[2msrc/utils.ts[2m:48:13)[22m[2m[22m
  [2m[33mconsole.warn[39m[22m
[33m    RUNNING ON LOCAL BINARY[39m
[2m[22m
[2m    [0m [90m 62 |[39m     [36mlet[39m basePath [33m=[39m [32m'/Applications'[39m[0m[22m
[2m    [0m [90m 63 |[39m     [36mif[39m (process[33m.[39menv[33m.[39m[33mIS_LOCAL[39m [33m===[39m [32m'true'[39m) {[0m[22m
[2m    [0m[31m[1m>[22m[2m[39m[90m 64 |[39m       console[33m.[39mwarn([32m'RUNNING ON LOCAL BINARY'[39m)[0m[22m
[2m    [0m [90m    |[39m               [31m[1m^[22m[2m[39m[0m[22m
[2m    [0m [90m 65 |[39m       [36mconst[39m distDirByArch [33m=[39m process[33m.[39march [33m===[39m [32m'arm64'[39m [33m?[39m [32m'mac-arm64'[39m [33m:[39m [32m'mac'[39m[0m[22m
[2m    [0m [90m 66 |[39m       basePath [33m=[39m [32m`${__dirname}/../../desktop/dist/${distDirByArch}`[39m[0m[22m
[2m    [0m [90m 67 |[39m     }[0m[22m
[2m[22m
[2m      [2mat BuildSetup.getMacBinaryDir ([22m[2msrc/utils.ts[2m:64:15)[22m[2m[22m
[2m      [2mat BuildSetup.getBinaryLocation ([22m[2msrc/utils.ts[2m:55:21)[22m[2m[22m
[2m      [2mat BuildSetup.getDriver ([22m[2msrc/utils.ts[2m:185:35)[22m[2m[22m
[2m      [2mat App.open ([22m[2msrc/selectors.ts[2m:41:46)[22m[2m[22m
[2m      [2mat promiseWithTimeout ([22m[2msrc/utils.ts[2m:358:23)[22m[2m[22m
[2m      [2mat promiseWithRetries ([22m[2msrc/utils.ts[2m:378:25)[22m[2m[22m
[2m      [2mat App.openWithRetries ([22m[2msrc/selectors.ts[2m:53:5)[22m[2m[22m
[2m      [2mat Object.<anonymous> ([22m[2m[0m[36msrc/tests/multipleClients.test.ts[39m[0m[2m:145:9)[22m[2m[22m
  [2mconsole.log[22m
    stdout:
    Starting ChromeDriver 110.0.5481.208 (6664d787aa4ffd8951132dde98b5aabe25361aa0-refs/branch-heads/5845@{#410}) on port 62716
    Only local connections are allowed.
    Please see https://chromedriver.chromium.org/security-considerations for suggestions on keeping ChromeDriver safe.
[2m[22m
[2m      [2mat Socket.<anonymous> ([22m[2msrc/utils.ts[2m:149:15)[22m[2m[22m
  [2mconsole.log[22m
    stdout:
    ChromeDriver was started successfully.
[2m[22m
[2m      [2mat Socket.<anonymous> ([22m[2msrc/utils.ts[2m:149:15)[22m[2m[22m
  [2mconsole.log[22m
    stdout:
    Read extra envs: { EXEC_ENV: 'DESKTOP' }
[2m[22m
[2m      [2mat Socket.<anonymous> ([22m[2msrc/utils.ts[2m:149:15)[22m[2m[22m
  [2mconsole.log[22m
    stdout:
    setAsDefaultProtocolClient true
    electron main
[2m[22m
[2m      [2mat Socket.<anonymous> ([22m[2msrc/utils.ts[2m:149:15)[22m[2m[22m
  [2mconsole.log[22m
    [e2e_4cc1hr73df40]: 2024-03-22 16:58:25.348 Quiet[18324:6879016] WARNING: Secure coding is not enabled for restorable state! Enable secure coding by implementing NSApplicationDelegate.applicationSupportsSecureRestorableState: and returning YES.
[2m[22m
[2m      [2mat Socket.<anonymous> ([22m[2msrc/utils.ts[2m:159:15)[22m[2m[22m
  [2mconsole.log[22m
    [e2e_4cc1hr73df40]: 2024-03-22T20:58:25.349Z desktop:main:main Event: app.ready
[2m[22m
[2m      [2mat Socket.<anonymous> ([22m[2msrc/utils.ts[2m:159:15)[22m[2m[22m
  [2mconsole.log[22m
    [e2e_4cc1hr73df40]: 2024-03-22T20:58:25.389Z desktop:main:main Event: app.browser-window-created
[2m[22m
[2m      [2mat Socket.<anonymous> ([22m[2msrc/utils.ts[2m:159:15)[22m[2m[22m
  [2mconsole.log[22m
    [e2e_4cc1hr73df40]: 2024-03-22T20:58:25.395Z desktop:main:main Event: app.browser-window-created
[2m[22m
[2m      [2mat Socket.<anonymous> ([22m[2msrc/utils.ts[2m:159:15)[22m[2m[22m
  [2mconsole.log[22m
    [e2e_4cc1hr73df40]: 2024-03-22T20:58:25.400Z desktop:main:main Created mainWindow
[2m[22m
[2m      [2mat Socket.<anonymous> ([22m[2msrc/utils.ts[2m:159:15)[22m[2m[22m
  [2mconsole.log[22m
    [e2e_4cc1hr73df40]: 2024-03-22T20:58:25.497Z desktop:main:main Forked backend, PID: 18336
[2m[22m
[2m      [2mat Socket.<anonymous> ([22m[2msrc/utils.ts[2m:159:15)[22m[2m[22m
  [2mconsole.log[22m
    Debug modal
[2m[22m
[2m      [2mat new DebugModeModal ([22m[2msrc/selectors.ts[2m:726:13)[22m[2m[22m
  [2mconsole.log[22m
    Closing debug modal
[2m[22m
[2m      [2mat DebugModeModal.close ([22m[2msrc/selectors.ts[2m:741:15)[22m[2m[22m
  [2mconsole.log[22m
    stdout:
    WARNING: Missing strong random number source
[2m[22m
[2m      [2mat Socket.<anonymous> ([22m[2msrc/utils.ts[2m:149:15)[22m[2m[22m
  [2mconsole.log[22m
    stdout:
    options {
      socketIOPort: '62737',
      appDataPath: '/Users/isla/Library/Application Support/e2e_4cc1hr73df40',
      resourcesPath: '/Users/isla/Dev/quiet/packages/desktop/dist/mac-arm64/Quiet.app/Contents/Resources',
      platform: 'desktop',
      socketIOSecret: '2364455123252680095130292361220150309691752548220'
    }
[2m[22m
[2m      [2mat Socket.<anonymous> ([22m[2msrc/utils.ts[2m:149:15)[22m[2m[22m
  [2mconsole.log[22m
    stdout:
    configOptions {
      socketIOPort: '62737',
      socketIOSecret: '2364455123252680095130292361220150309691752548220',
      torBinaryPath: '"/Users/isla/Dev/quiet/3rd-party/tor/darwin/arm64/tor"',
      torResourcesPath: '/Users/isla/Dev/quiet/3rd-party/tor/darwin/arm64',
      torControlPort: 62740,
      options: {
        env: {
          appDataPath: '/Users/isla/Library/Application Support/e2e_4cc1hr73df40/Quiet'
        }
      },
      env: {},
      bootstrapMultiaddrs: [],
      createPaths: true
    }
[2m[22m
[2m      [2mat Socket.<anonymous> ([22m[2msrc/utils.ts[2m:149:15)[22m[2m[22m
  [2mconsole.log[22m
    stdout:
    [32m[Nest] 18336  - [39m1711141106134 [32m    LOG[39m [38;5;3m[NestFactory] [39m[32mStarting Nest application...[39m
[2m[22m
[2m      [2mat Socket.<anonymous> ([22m[2msrc/utils.ts[2m:149:15)[22m[2m[22m
  [2mconsole.log[22m
    stdout:
    ok
[2m[22m
[2m      [2mat Socket.<anonymous> ([22m[2msrc/utils.ts[2m:149:15)[22m[2m[22m
  [2mconsole.log[22m
    stdout:
    [32m[Nest] 18336  - [39m1711141106144 [32m    LOG[39m [38;5;3m[InstanceLoader] [39m[32mRegistrationModule dependencies initialized[39m[38;5;3m +10ms[39m
[2m[22m
[2m      [2mat Socket.<anonymous> ([22m[2msrc/utils.ts[2m:149:15)[22m[2m[22m
  [2mconsole.log[22m
    stdout:
    [32m[Nest] 18336  - [39m1711141106155 [32m    LOG[39m [38;5;3m[InstanceLoader] [39m[32mIpfsFileManagerModule dependencies initialized[39m[38;5;3m +11ms[39m
[2m[22m
[2m      [2mat Socket.<anonymous> ([22m[2msrc/utils.ts[2m:149:15)[22m[2m[22m
  [2mconsole.log[22m
    stdout:
    [32m[Nest] 18336  - [39m1711141106155 [32m    LOG[39m [38;5;3m[InstanceLoader] [39m[32mSocketModule dependencies initialized[39m[38;5;3m +0ms[39m
    [32m[Nest] 18336  - [39m1711141106155 [32m    LOG[39m [38;5;3m[InstanceLoader] [39m[32mIpfsModule dependencies initialized[39m[38;5;3m +0ms[39m
    [32m[Nest] 18336  - [39m1711141106155 [32m    LOG[39m [38;5;3m[InstanceLoader] [39m[32mLocalDbModule dependencies initialized[39m[38;5;3m +0ms[39m
    QUIET DIR /Users/isla/Library/Application Support/e2e_4cc1hr73df40/Quiet
    [32m[Nest] 18336  - [39m1711141106155 [32m    LOG[39m [38;5;3m[InstanceLoader] [39m[32mTorModule dependencies initialized[39m[38;5;3m +0ms[39m
    [32m[Nest] 18336  - [39m1711141106155 [32m    LOG[39m [38;5;3m[InstanceLoader] [39m[32mStorageModule dependencies initialized[39m[38;5;3m +0ms[39m
[2m[22m
[2m      [2mat Socket.<anonymous> ([22m[2msrc/utils.ts[2m:149:15)[22m[2m[22m
  [2mconsole.log[22m
    stdout:
    [32m[Nest] 18336  - [39m1711141106156 [32m    LOG[39m [38;5;3m[InstanceLoader] [39m[32mAppModule dependencies initialized[39m[38;5;3m +1ms[39m
[2m[22m
[2m      [2mat Socket.<anonymous> ([22m[2msrc/utils.ts[2m:149:15)[22m[2m[22m
  [2mconsole.log[22m
    stdout:
    [32m[Nest] 18336  - [39m1711141106156 [32m    LOG[39m [38;5;3m[InstanceLoader] [39m[32mLibp2pModule dependencies initialized[39m[38;5;3m +0ms[39m
    [32m[Nest] 18336  - [39m1711141106156 [32m    LOG[39m [38;5;3m[InstanceLoader] [39m[32mConnectionsManagerModule dependencies initialized[39m[38;5;3m +0ms[39m
[2m[22m
[2m      [2mat Socket.<anonymous> ([22m[2msrc/utils.ts[2m:149:15)[22m[2m[22m
  [2mconsole.log[22m
    [e2e_4cc1hr73df40]: 2024-03-22T20:58:26.156Z backend:SocketService init:started
[2m[22m
[2m      [2mat Socket.<anonymous> ([22m[2msrc/utils.ts[2m:159:15)[22m[2m[22m
  [2mconsole.log[22m
    [e2e_4cc1hr73df40]: 2024-03-22T20:58:26.157Z backend:SocketService Data server running on port 62737
[2m[22m
[2m      [2mat Socket.<anonymous> ([22m[2msrc/utils.ts[2m:159:15)[22m[2m[22m
  [2mconsole.log[22m
    [e2e_4cc1hr73df40]: 2024-03-22T20:58:26.354Z desktop:main:main Event: mainWindow did-finish-load
[2m[22m
[2m      [2mat Socket.<anonymous> ([22m[2msrc/utils.ts[2m:159:15)[22m[2m[22m
  [2mconsole.log[22m
    stdout:
    Checking for update
[2m[22m
[2m      [2mat Socket.<anonymous> ([22m[2msrc/utils.ts[2m:149:15)[22m[2m[22m
  [2mconsole.log[22m
    stdout:
    Generated new staging user ID: 4ea08dd4-94fb-5995-b2e7-54042c362e1c
[2m[22m
[2m      [2mat Socket.<anonymous> ([22m[2msrc/utils.ts[2m:149:15)[22m[2m[22m
  [2mconsole.log[22m
    Debug modal title is displayed
[2m[22m
[2m      [2mat DebugModeModal.close ([22m[2msrc/selectors.ts[2m:743:15)[22m[2m[22m
  [2mconsole.log[22m
    Debug modal button is displayed
[2m[22m
[2m      [2mat DebugModeModal.close ([22m[2msrc/selectors.ts[2m:745:15)[22m[2m[22m
  [2mconsole.log[22m
    [e2e_4cc1hr73df40]: 2024-03-22T20:58:26.386Z backend:SocketService socket connection
    2024-03-22T20:58:26.386Z backend:SocketService init: connection
    2024-03-22T20:58:26.386Z backend:SocketService init:finished
    2024-03-22T20:58:26.386Z backend:Tor Initializing tor...
    2024-03-22T20:58:26.386Z backend:Tor Clearing out hanging tor process(es)
[2m[22m
[2m      [2mat Socket.<anonymous> ([22m[2msrc/utils.ts[2m:159:15)[22m[2m[22m
  [2mconsole.log[22m
    [e2e_4cc1hr73df40]: 2024-03-22T20:58:26.386Z backend:Tor Attempting to kill hanging tor processes
[2m[22m
[2m      [2mat Socket.<anonymous> ([22m[2msrc/utils.ts[2m:159:15)[22m[2m[22m
  [2mconsole.log[22m
    Button is displayed
[2m[22m
[2m      [2mat DebugModeModal.close ([22m[2msrc/selectors.ts[2m:752:13)[22m[2m[22m
  [2mconsole.log[22m
    Button click
[2m[22m
[2m      [2mat DebugModeModal.close ([22m[2msrc/selectors.ts[2m:754:13)[22m[2m[22m
  [2mconsole.log[22m
    Probably clicked hidden close button on debug modal
[2m[22m
[2m      [2mat DebugModeModal.close ([22m[2msrc/selectors.ts[2m:759:15)[22m[2m[22m
  [2mconsole.log[22m
    [e2e_4cc1hr73df40]: 2024-03-22T20:58:26.487Z backend:Tor No tor process(es) found to kill
[2m[22m
[2m      [2mat Socket.<anonymous> ([22m[2msrc/utils.ts[2m:159:15)[22m[2m[22m
  [2mconsole.log[22m
    [e2e_4cc1hr73df40]: 2024-03-22T20:58:26.487Z backend:Tor Spawning new tor process(es)
    2024-03-22T20:58:26.487Z backend:Tor Spawning tor
[2m[22m
[2m      [2mat Socket.<anonymous> ([22m[2msrc/utils.ts[2m:159:15)[22m[2m[22m
  [2mconsole.log[22m
    [e2e_4cc1hr73df40]: No authorization header
[2m[22m
[2m      [2mat Socket.<anonymous> ([22m[2msrc/utils.ts[2m:159:15)[22m[2m[22m
  [2mconsole.log[22m
    [e2e_4cc1hr73df40]: 2024-03-22T20:58:26.494Z backend:Tor Mar 22 16:58:26.493 [notice] Tor 0.4.7.13 (git-7c1601fb6edd780f) running on Darwin with Libevent 2.1.12-stable, OpenSSL 1.1.1t, Zlib 1.2.12, Liblzma N/A, Libzstd N/A and Unknown N/A as libc.
    Mar 22 16:58:26.493 [notice] Tor can't help you if you use it wrong! Learn how to be safe at https://support.torproject.org/faq/staying-anonymous/
[2m[22m
[2m      [2mat Socket.<anonymous> ([22m[2msrc/utils.ts[2m:159:15)[22m[2m[22m
  [2mconsole.log[22m
    [e2e_4cc1hr73df40]: 2024-03-22T20:58:26.494Z backend:Tor Mar 22 16:58:26.493 [notice] Configuration file "/var/tmp/dist/tor/etc/tor/torrc" not present, using reasonable defaults.
[2m[22m
[2m      [2mat Socket.<anonymous> ([22m[2msrc/utils.ts[2m:159:15)[22m[2m[22m
  [2mconsole.log[22m
    [e2e_4cc1hr73df40]: 2024-03-22T20:58:26.494Z backend:Tor Mar 22 16:58:26.494 [notice] Opening Socks listener on 127.0.0.1:62747
[2m[22m
[2m      [2mat Socket.<anonymous> ([22m[2msrc/utils.ts[2m:159:15)[22m[2m[22m
  [2mconsole.log[22m
    [e2e_4cc1hr73df40]: 2024-03-22T20:58:26.494Z backend:Tor Mar 22 16:58:26.494 [notice] Opened Socks listener connection (ready) on 127.0.0.1:62747
    Mar 22 16:58:26.494 [notice] Opening HTTP tunnel listener on 127.0.0.1:62741
    
    2024-03-22T20:58:26.494Z backend:Tor Mar 22 16:58:26.494 [notice] Opened HTTP tunnel listener connection (ready) on 127.0.0.1:62741
    Mar 22 16:58:26.494 [notice] Opening Control listener on 127.0.0.1:62740
    Mar 22 16:58:26.494 [notice] Opened Control listener connection (ready) on 127.0.0.1:62740
[2m[22m
[2m      [2mat Socket.<anonymous> ([22m[2msrc/utils.ts[2m:159:15)[22m[2m[22m
  [2mconsole.log[22m
    [e2e_4cc1hr73df40]: 2024-03-22T20:58:26.497Z backend:Tor Mar 22 16:58:26.000 [notice] Bootstrapped 0% (starting): Starting
[2m[22m
[2m      [2mat Socket.<anonymous> ([22m[2msrc/utils.ts[2m:159:15)[22m[2m[22m
  [2mconsole.log[22m
    stdout:
    Update for version 2.1.2-alpha.13 is not available (latest version: 2.1.2-alpha.13, downgrade is disallowed).
[2m[22m
[2m      [2mat Socket.<anonymous> ([22m[2msrc/utils.ts[2m:149:15)[22m[2m[22m
  [2mconsole.log[22m
    [e2e_4cc1hr73df40]: 2024-03-22T20:58:26.591Z backend:Tor Spawned tor with pid(s): 18346
[2m[22m
[2m      [2mat Socket.<anonymous> ([22m[2msrc/utils.ts[2m:159:15)[22m[2m[22m
  [2mconsole.log[22m
    stdout:
    init
[2m[22m
[2m      [2mat Socket.<anonymous> ([22m[2msrc/utils.ts[2m:149:15)[22m[2m[22m
  [2mconsole.log[22m
    [e2e_4cc1hr73df40]: 2024-03-22T20:58:26.591Z backend:ConnectionsManagerService attachTorEventsListeners
[2m[22m
[2m      [2mat Socket.<anonymous> ([22m[2msrc/utils.ts[2m:159:15)[22m[2m[22m
  [2mconsole.log[22m
    [e2e_4cc1hr73df40]: 2024-03-22T20:58:26.592Z backend:ConnectionsManagerService launchCommunityFromStorage
    2024-03-22T20:58:26.592Z backend:Tor Mar 22 16:58:26.000 [notice] Starting with guard context "default"
[2m[22m
[2m      [2mat Socket.<anonymous> ([22m[2msrc/utils.ts[2m:159:15)[22m[2m[22m
  [2mconsole.log[22m
    stdout:
    launch 1
[2m[22m
[2m      [2mat Socket.<anonymous> ([22m[2msrc/utils.ts[2m:149:15)[22m[2m[22m
  [2mconsole.log[22m
    [e2e_4cc1hr73df40]: 2024-03-22T20:58:26.592Z backend:LocalDbService Getting 'community' [Error: NotFound: ] {
      code: 'LEVEL_NOT_FOUND',
      notFound: true,
      status: 404
    }
    2024-03-22T20:58:26.592Z backend:ConnectionsManagerService launchCommunityFromStorage - community peers undefined
[2m[22m
[2m      [2mat Socket.<anonymous> ([22m[2msrc/utils.ts[2m:159:15)[22m[2m[22m
  [2mconsole.log[22m
    [e2e_4cc1hr73df40]: 2024-03-22T20:58:27.509Z backend:Tor Mar 22 16:58:27.000 [notice] Bootstrapped 5% (conn): Connecting to a relay
[2m[22m
[2m      [2mat Socket.<anonymous> ([22m[2msrc/utils.ts[2m:159:15)[22m[2m[22m
  [2mconsole.log[22m
    [e2e_4cc1hr73df40]: 2024-03-22T20:58:27.660Z backend:Tor Mar 22 16:58:27.000 [notice] Bootstrapped 10% (conn_done): Connected to a relay
[2m[22m
[2m      [2mat Socket.<anonymous> ([22m[2msrc/utils.ts[2m:159:15)[22m[2m[22m
  [2mconsole.log[22m
    [e2e_4cc1hr73df40]: 2024-03-22T20:58:27.831Z backend:Tor Mar 22 16:58:27.000 [notice] Bootstrapped 14% (handshake): Handshaking with a relay
[2m[22m
[2m      [2mat Socket.<anonymous> ([22m[2msrc/utils.ts[2m:159:15)[22m[2m[22m
  [2mconsole.log[22m
    [e2e_4cc1hr73df40]: 2024-03-22T20:58:28.291Z backend:Tor Mar 22 16:58:28.000 [notice] Bootstrapped 15% (handshake_done): Handshake with a relay done
[2m[22m
[2m      [2mat Socket.<anonymous> ([22m[2msrc/utils.ts[2m:159:15)[22m[2m[22m
  [2mconsole.log[22m
    [e2e_4cc1hr73df40]: 2024-03-22T20:58:28.292Z backend:Tor Mar 22 16:58:28.000 [notice] Bootstrapped 20% (onehop_create): Establishing an encrypted directory connection
[2m[22m
[2m      [2mat Socket.<anonymous> ([22m[2msrc/utils.ts[2m:159:15)[22m[2m[22m
  [2mconsole.log[22m
    [e2e_4cc1hr73df40]: 2024-03-22T20:58:28.556Z backend:Tor Mar 22 16:58:28.000 [notice] Bootstrapped 25% (requesting_status): Asking for networkstatus consensus
[2m[22m
[2m      [2mat Socket.<anonymous> ([22m[2msrc/utils.ts[2m:159:15)[22m[2m[22m
  [2mconsole.log[22m
    [e2e_4cc1hr73df40]: 2024-03-22T20:58:28.728Z backend:Tor Mar 22 16:58:28.000 [notice] Bootstrapped 30% (loading_status): Loading networkstatus consensus
[2m[22m
[2m      [2mat Socket.<anonymous> ([22m[2msrc/utils.ts[2m:159:15)[22m[2m[22m
  [2mconsole.log[22m
    [e2e_4cc1hr73df40]: 2024-03-22T20:58:29.000Z backend:TorControl Connecting to Tor, host: localhost port: 62740
[2m[22m
[2m      [2mat Socket.<anonymous> ([22m[2msrc/utils.ts[2m:159:15)[22m[2m[22m
  [2mconsole.log[22m
    [e2e_4cc1hr73df40]: 2024-03-22T20:58:29.007Z backend:Tor Mar 22 16:58:29.000 [notice] New control connection opened from 127.0.0.1.
[2m[22m
[2m      [2mat Socket.<anonymous> ([22m[2msrc/utils.ts[2m:159:15)[22m[2m[22m
  [2mconsole.log[22m
    [e2e_4cc1hr73df40]: 2024-03-22T20:58:29.008Z backend:TorControl Tor connected
[2m[22m
[2m      [2mat Socket.<anonymous> ([22m[2msrc/utils.ts[2m:159:15)[22m[2m[22m
  [2mconsole.log[22m
    new user - 3
[2m[22m
[2m      [2mat Object.<anonymous> ([22m[2m[0m[36msrc/tests/multipleClients.test.ts[39m[0m[2m:149:17)[22m[2m[22m
  [2mconsole.log[22m
    {
      invitationCode: 'https://tryquiet.org/join#QmTpNmixsfUSHBm3vWvvuTkgt2HdXc1sYiBRw4pMRn88GR=2otwjrsx3pcf6dvjheol6v2xcui6n6qn4rfkipe2oh3vyibizir46did&k=9bw8jRVfIx79qEdH0LUhqDqBBWjS21oVEqx7pvxkkPI%3D&o=02c53e500ef7845a1298bb6fa68c55131085695ded3bcb1c9e6eb329cc959588e7'
    }
[2m[22m
[2m      [2mat Object.<anonymous> ([22m[2m[0m[36msrc/tests/multipleClients.test.ts[39m[0m[2m:153:17)[22m[2m[22m
  [2mconsole.log[22m
    [e2e_4cc1hr73df40]: [18325:0322/165829.730646:ERROR:latency_info.cc(93)] CompositorFrameSinkSupport::MaybeSubmitCompositorFrame, LatencyInfo vector size 117 is too big.
[2m[22m
[2m      [2mat Socket.<anonymous> ([22m[2msrc/utils.ts[2m:159:15)[22m[2m[22m
  [2mconsole.log[22m
    [e2e_4cc1hr73df40]: 2024-03-22T20:58:29.762Z backend:SocketService Creating network for community es1gl6kh4tfjejqe
[2m[22m
[2m      [2mat Socket.<anonymous> ([22m[2msrc/utils.ts[2m:159:15)[22m[2m[22m
  [2mconsole.log[22m
    [e2e_4cc1hr73df40]: 2024-03-22T20:58:29.762Z backend:ConnectionsManagerService socketService - createNetwork
    2024-03-22T20:58:29.763Z backend:TorControl Connecting to Tor, host: localhost port: 62740
[2m[22m
[2m      [2mat Socket.<anonymous> ([22m[2msrc/utils.ts[2m:159:15)[22m[2m[22m
  [2mconsole.log[22m
    [e2e_4cc1hr73df40]: 2024-03-22T20:58:29.763Z backend:Tor Mar 22 16:58:29.000 [notice] New control connection opened from 127.0.0.1.
    
    2024-03-22T20:58:29.763Z backend:TorControl Tor connected
[2m[22m
[2m      [2mat Socket.<anonymous> ([22m[2msrc/utils.ts[2m:159:15)[22m[2m[22m
  [2mconsole.log[22m
    [e2e_4cc1hr73df40]: 2024-03-22T20:58:29.764Z backend:TorControl Connecting to Tor, host: localhost port: 62740
[2m[22m
[2m      [2mat Socket.<anonymous> ([22m[2msrc/utils.ts[2m:159:15)[22m[2m[22m
  [2mconsole.log[22m
    [e2e_4cc1hr73df40]: 2024-03-22T20:58:29.764Z backend:Tor Mar 22 16:58:29.000 [notice] New control connection opened from 127.0.0.1.
[2m[22m
[2m      [2mat Socket.<anonymous> ([22m[2msrc/utils.ts[2m:159:15)[22m[2m[22m
  [2mconsole.log[22m
    [e2e_4cc1hr73df40]: 2024-03-22T20:58:29.764Z backend:TorControl Tor connected
[2m[22m
[2m      [2mat Socket.<anonymous> ([22m[2msrc/utils.ts[2m:159:15)[22m[2m[22m
  [2mconsole.log[22m
    [e2e_4cc1hr73df40]: 2024-03-22T20:58:29.840Z backend:ConnectionsManagerService Created network for peer bafzbeifdm3jvmfdsexbnhehdz3fleeg4b5gjeznduwyoq7st7og37nsn3u. Address: ilym2eypty5gmasrpwv5tn25ihl6zwbu7t3yis7i3ao3pjdemtw5p2ad.onion
[2m[22m
[2m      [2mat Socket.<anonymous> ([22m[2msrc/utils.ts[2m:159:15)[22m[2m[22m
  [2mconsole.log[22m
    [e2e_4cc1hr73df40]: 2024-03-22T20:58:29.887Z backend:Tor Mar 22 16:58:29.000 [notice] I learned some more directory information, but not enough to build a circuit: We have no usable consensus.
[2m[22m
[2m      [2mat Socket.<anonymous> ([22m[2msrc/utils.ts[2m:159:15)[22m[2m[22m
  [2mconsole.log[22m
    [e2e_4cc1hr73df40]: 2024-03-22T20:58:30.039Z backend:Tor Mar 22 16:58:30.000 [notice] Bootstrapped 40% (loading_keys): Loading authority key certs
[2m[22m
[2m      [2mat Socket.<anonymous> ([22m[2msrc/utils.ts[2m:159:15)[22m[2m[22m
  [2mconsole.log[22m
    [e2e_4cc1hr73df40]: 2024-03-22T20:58:30.258Z backend:Tor Mar 22 16:58:30.000 [notice] The current consensus has no exit nodes. Tor can only build internal paths, such as paths to onion services.
[2m[22m
[2m      [2mat Socket.<anonymous> ([22m[2msrc/utils.ts[2m:159:15)[22m[2m[22m
  [2mconsole.log[22m
    [e2e_4cc1hr73df40]: 2024-03-22T20:58:30.259Z backend:Tor Mar 22 16:58:30.000 [notice] Bootstrapped 45% (requesting_descriptors): Asking for relay descriptors
    Mar 22 16:58:30.000 [notice] I learned some more directory information, but not enough to build a circuit: We need more microdescriptors: we have 0/7548, and can only build 0% of likely paths. (We have 0% of guards bw, 0% of midpoint bw, and 0% of end bw (no exits in consensus, using mid) = 0% of path bw.)
[2m[22m
[2m      [2mat Socket.<anonymous> ([22m[2msrc/utils.ts[2m:159:15)[22m[2m[22m
  [2mconsole.log[22m
    new user - 5
[2m[22m
[2m      [2mat Object.<anonymous> ([22m[2m[0m[36msrc/tests/multipleClients.test.ts[39m[0m[2m:160:17)[22m[2m[22m
  [2mconsole.log[22m
    [e2e_4cc1hr73df40]: 2024-03-22T20:58:30.939Z backend:SocketService Launching community es1gl6kh4tfjejqe for QmZLW6y5m8broYutG4og2ymXRZUDcxVhdgHhiKYKhquUNp
[2m[22m
[2m      [2mat Socket.<anonymous> ([22m[2msrc/utils.ts[2m:159:15)[22m[2m[22m
  [2mconsole.log[22m
    [e2e_4cc1hr73df40]: 2024-03-22T20:58:30.939Z backend:ConnectionsManagerService socketService - launchCommunity
    2024-03-22T20:58:30.939Z backend:ConnectionsManagerService Launching community: peers: [
      '/dns4/2otwjrsx3pcf6dvjheol6v2xcui6n6qn4rfkipe2oh3vyibizir46did.onion/tcp/80/ws/p2p/QmTpNmixsfUSHBm3vWvvuTkgt2HdXc1sYiBRw4pMRn88GR'
    ]
    2024-03-22T20:58:30.939Z backend:LocalDbService Getting 'community' [Error: NotFound: ] {
      code: 'LEVEL_NOT_FOUND',
      notFound: true,
      status: 404
    }
[2m[22m
[2m      [2mat Socket.<anonymous> ([22m[2msrc/utils.ts[2m:159:15)[22m[2m[22m
  [2mconsole.log[22m
    [e2e_4cc1hr73df40]: 2024-03-22T20:58:30.940Z backend:ConnectionsManagerService Launching community: received Libp2p PSK
[2m[22m
[2m      [2mat Socket.<anonymous> ([22m[2msrc/utils.ts[2m:159:15)[22m[2m[22m
  [2mconsole.log[22m
    [e2e_4cc1hr73df40]: 2024-03-22T20:58:30.940Z backend:ConnectionsManagerService Creating network: received owner's OrbitDB identity
    2024-03-22T20:58:30.940Z backend:ConnectionsManagerService Launching community es1gl6kh4tfjejqe: peer: QmZLW6y5m8broYutG4og2ymXRZUDcxVhdgHhiKYKhquUNp
    2024-03-22T20:58:30.940Z backend:ConnectionsManagerService Spawning hidden service for community es1gl6kh4tfjejqe, peer: QmZLW6y5m8broYutG4og2ymXRZUDcxVhdgHhiKYKhquUNp
    2024-03-22T20:58:30.940Z backend:TorControl Connecting to Tor, host: localhost port: 62740
[2m[22m
[2m      [2mat Socket.<anonymous> ([22m[2msrc/utils.ts[2m:159:15)[22m[2m[22m
  [2mconsole.log[22m
    [e2e_4cc1hr73df40]: 2024-03-22T20:58:30.941Z backend:Tor Mar 22 16:58:30.000 [notice] New control connection opened from 127.0.0.1.
[2m[22m
[2m      [2mat Socket.<anonymous> ([22m[2msrc/utils.ts[2m:159:15)[22m[2m[22m
  [2mconsole.log[22m
    [e2e_4cc1hr73df40]: 2024-03-22T20:58:30.941Z backend:TorControl Tor connected
[2m[22m
[2m      [2mat Socket.<anonymous> ([22m[2msrc/utils.ts[2m:159:15)[22m[2m[22m
  [2mconsole.log[22m
    stdout:
    [32m[Nest] 18336  - [39m1711141110942 [32m    LOG[39m [38;5;3m[LazyModuleLoader] [39m[32mSocketModule dependencies initialized[39m
[2m[22m
[2m      [2mat Socket.<anonymous> ([22m[2msrc/utils.ts[2m:149:15)[22m[2m[22m
  [2mconsole.log[22m
    stdout:
    [32m[Nest] 18336  - [39m1711141110942 [32m    LOG[39m [38;5;3m[LazyModuleLoader] [39m[32mLibp2pModule dependencies initialized[39m
[2m[22m
[2m      [2mat Socket.<anonymous> ([22m[2msrc/utils.ts[2m:149:15)[22m[2m[22m
  [2mconsole.log[22m
    [e2e_4cc1hr73df40]: 2024-03-22T20:58:30.947Z backend:ConnectionsManagerService Launching community es1gl6kh4tfjejqe: payload peers: /dns4/2otwjrsx3pcf6dvjheol6v2xcui6n6qn4rfkipe2oh3vyibizir46did.onion/tcp/80/ws/p2p/QmTpNmixsfUSHBm3vWvvuTkgt2HdXc1sYiBRw4pMRn88GR
[2m[22m
[2m      [2mat Socket.<anonymous> ([22m[2msrc/utils.ts[2m:159:15)[22m[2m[22m
  [2mconsole.log[22m
    [e2e_4cc1hr73df40]: 2024-03-22T20:58:30.947Z backend:ConnectionsManagerService Launching community es1gl6kh4tfjejqe: retrieved Libp2p PSK
[2m[22m
[2m      [2mat Socket.<anonymous> ([22m[2msrc/utils.ts[2m:159:15)[22m[2m[22m
  [2mconsole.log[22m
    [e2e_4cc1hr73df40]: 2024-03-22T20:58:30.962Z backend:Libp2pService Local peerId: QmZLW6y5m8broYutG4og2ymXRZUDcxVhdgHhiKYKhquUNp
    2024-03-22T20:58:30.962Z backend:Libp2pService Initializing libp2p for QmZLW6y5m8broYutG4og2ymXRZUDcxVhdgHhiKYKhquUNp, bootstrapping with 1 peers
[2m[22m
[2m      [2mat Socket.<anonymous> ([22m[2msrc/utils.ts[2m:159:15)[22m[2m[22m
  [2mconsole.log[22m
    [e2e_4cc1hr73df40]: 2024-03-22T20:58:30.962Z backend:ProcessInChunksService Processing 1 items
[2m[22m
[2m      [2mat Socket.<anonymous> ([22m[2msrc/utils.ts[2m:159:15)[22m[2m[22m
  [2mconsole.log[22m
    [e2e_4cc1hr73df40]: 2024-03-22T20:58:30.964Z backend:Libp2pService Initialized libp2p for peer QmZLW6y5m8broYutG4og2ymXRZUDcxVhdgHhiKYKhquUNp
[2m[22m
[2m      [2mat Socket.<anonymous> ([22m[2msrc/utils.ts[2m:159:15)[22m[2m[22m
  [2mconsole.log[22m
    [e2e_4cc1hr73df40]: 2024-03-22T20:58:30.964Z backend:StorageService Initializing storage
[2m[22m
[2m      [2mat Socket.<anonymous> ([22m[2msrc/utils.ts[2m:159:15)[22m[2m[22m
  [2mconsole.log[22m
    stdout:
    creating paths in fn - utils
[2m[22m
[2m      [2mat Socket.<anonymous> ([22m[2msrc/utils.ts[2m:149:15)[22m[2m[22m
  [2mconsole.log[22m
    [e2e_4cc1hr73df40]: 2024-03-22T20:58:30.965Z backend:StorageService Initialized storage
[2m[22m
[2m      [2mat Socket.<anonymous> ([22m[2msrc/utils.ts[2m:159:15)[22m[2m[22m
  [2mconsole.log[22m
    stdout:
    [32m[Nest] 18336  - [39m1711141110967 [32m    LOG[39m [38;5;3m[LazyModuleLoader] [39m[32mIpfsModule dependencies initialized[39m
[2m[22m
[2m      [2mat Socket.<anonymous> ([22m[2msrc/utils.ts[2m:149:15)[22m[2m[22m
  [2mconsole.log[22m
    [e2e_4cc1hr73df40]: 2024-03-22T20:58:30.968Z backend:libp2p:websockets connect 2otwjrsx3pcf6dvjheol6v2xcui6n6qn4rfkipe2oh3vyibizir46did.onion:80
[2m[22m
[2m      [2mat Socket.<anonymous> ([22m[2msrc/utils.ts[2m:159:15)[22m[2m[22m
  [2mconsole.log[22m
    stdout:
    counter ipfs 1
[2m[22m
[2m      [2mat Socket.<anonymous> ([22m[2msrc/utils.ts[2m:149:15)[22m[2m[22m
  [2mconsole.log[22m
    stdout:
    [32m[Nest] 18336  - [39m1711141110970 [32m    LOG[39m [38;5;3m[LazyModuleLoader] [39m[32mSocketModule dependencies initialized[39m
[2m[22m
[2m      [2mat Socket.<anonymous> ([22m[2msrc/utils.ts[2m:149:15)[22m[2m[22m
  [2mconsole.log[22m
    stdout:
    [32m[Nest] 18336  - [39m1711141110970 [32m    LOG[39m [38;5;3m[LazyModuleLoader] [39m[32mLibp2pModule dependencies initialized[39m
[2m[22m
[2m      [2mat Socket.<anonymous> ([22m[2msrc/utils.ts[2m:149:15)[22m[2m[22m
  [2mconsole.log[22m
    [e2e_4cc1hr73df40]: 2024-03-22T20:58:31.507Z backend:TorControl Connecting to Tor, host: localhost port: 62740
[2m[22m
[2m      [2mat Socket.<anonymous> ([22m[2msrc/utils.ts[2m:159:15)[22m[2m[22m
  [2mconsole.log[22m
    [e2e_4cc1hr73df40]: 2024-03-22T20:58:31.508Z backend:Tor Mar 22 16:58:31.000 [notice] Bootstrapped 50% (loading_descriptors): Loading relay descriptors
[2m[22m
[2m      [2mat Socket.<anonymous> ([22m[2msrc/utils.ts[2m:159:15)[22m[2m[22m
  [2mconsole.log[22m
    [e2e_4cc1hr73df40]: 2024-03-22T20:58:31.509Z backend:Tor Mar 22 16:58:31.000 [notice] New control connection opened from 127.0.0.1.
[2m[22m
[2m      [2mat Socket.<anonymous> ([22m[2msrc/utils.ts[2m:159:15)[22m[2m[22m
  [2mconsole.log[22m
    [e2e_4cc1hr73df40]: 2024-03-22T20:58:31.509Z backend:TorControl Tor connected
[2m[22m
[2m      [2mat Socket.<anonymous> ([22m[2msrc/utils.ts[2m:159:15)[22m[2m[22m
  [2mconsole.log[22m
    stdout:
    to get started, enter:
[2m[22m
[2m      [2mat Socket.<anonymous> ([22m[2msrc/utils.ts[2m:149:15)[22m[2m[22m
  [2mconsole.log[22m
    stdout:
    	jsipfs cat /ipfs/QmRaaUwTNfwgFZpeUy8qrZwrp2dY4kCKmmB5xEqvH3vtD1/readme
[2m[22m
[2m      [2mat Socket.<anonymous> ([22m[2msrc/utils.ts[2m:149:15)[22m[2m[22m
  [2mconsole.log[22m
    [e2e_4cc1hr73df40]: 2024-03-22T20:58:31.572Z backend:OrbitDb [create]:started
[2m[22m
[2m      [2mat Socket.<anonymous> ([22m[2msrc/utils.ts[2m:159:15)[22m[2m[22m
  [2mconsole.log[22m
    [e2e_4cc1hr73df40]: (node:18336) [DEP0005] DeprecationWarning: Buffer() is deprecated due to security and usability issues. Please use the Buffer.alloc(), Buffer.allocUnsafe(), or Buffer.from() methods instead.
    (Use `Quiet Helper --trace-deprecation ...` to show where the warning was created)
[2m[22m
[2m      [2mat Socket.<anonymous> ([22m[2msrc/utils.ts[2m:159:15)[22m[2m[22m
  [2mconsole.log[22m
    stdout:
    [32m[Nest] 18336  - [39m1711141111597 [32m    LOG[39m [38;5;3m[LazyModuleLoader] [39m[32mIpfsFileManagerModule dependencies initialized[39m
[2m[22m
[2m      [2mat Socket.<anonymous> ([22m[2msrc/utils.ts[2m:149:15)[22m[2m[22m
  [2mconsole.log[22m
    stdout:
    [32m[Nest] 18336  - [39m1711141111597 [32m    LOG[39m [38;5;3m[LazyModuleLoader] [39m[32mIpfsModule dependencies initialized[39m
[2m[22m
[2m      [2mat Socket.<anonymous> ([22m[2msrc/utils.ts[2m:149:15)[22m[2m[22m
  [2mconsole.log[22m
    [e2e_4cc1hr73df40]: 2024-03-22T20:58:31.597Z backend:StorageService 1/3
    2024-03-22T20:58:31.597Z backend:StorageService 2/3
    2024-03-22T20:58:31.597Z backend:CommunityMetadataStore Initializing community metadata key/value store
[2m[22m
[2m      [2mat Socket.<anonymous> ([22m[2msrc/utils.ts[2m:159:15)[22m[2m[22m
  [2mconsole.log[22m
    [e2e_4cc1hr73df40]: 2024-03-22T20:58:31.616Z backend:CommunityMetadataStore Loaded community metadata to memory
[2m[22m
[2m      [2mat Socket.<anonymous> ([22m[2msrc/utils.ts[2m:159:15)[22m[2m[22m
  [2mconsole.log[22m
    [e2e_4cc1hr73df40]: 2024-03-22T20:58:31.616Z backend:CertificatesStore Initializing certificates log store
[2m[22m
[2m      [2mat Socket.<anonymous> ([22m[2msrc/utils.ts[2m:159:15)[22m[2m[22m
  [2mconsole.log[22m
    [e2e_4cc1hr73df40]: 2024-03-22T20:58:31.631Z backend:CertificatesStore Loaded certificates to memory
[2m[22m
[2m      [2mat Socket.<anonymous> ([22m[2msrc/utils.ts[2m:159:15)[22m[2m[22m
  [2mconsole.log[22m
    [e2e_4cc1hr73df40]: 2024-03-22T20:58:31.631Z backend:CertificatesStore Initialized
    2024-03-22T20:58:31.631Z backend:CertificatesRequestsStore Initializing certificates requests store
[2m[22m
[2m      [2mat Socket.<anonymous> ([22m[2msrc/utils.ts[2m:159:15)[22m[2m[22m
  [2mconsole.log[22m
    [e2e_4cc1hr73df40]: 2024-03-22T20:58:31.646Z backend:CertificatesRequestsStore Initialized
[2m[22m
[2m      [2mat Socket.<anonymous> ([22m[2msrc/utils.ts[2m:159:15)[22m[2m[22m
  [2mconsole.log[22m
    [e2e_4cc1hr73df40]: 2024-03-22T20:58:31.646Z backend:UserProfileStore Initializing user profiles key/value store
[2m[22m
[2m      [2mat Socket.<anonymous> ([22m[2msrc/utils.ts[2m:159:15)[22m[2m[22m
  [2mconsole.log[22m
    [e2e_4cc1hr73df40]: 2024-03-22T20:58:31.661Z backend:UserProfileStore Loaded user profiles to memory
[2m[22m
[2m      [2mat Socket.<anonymous> ([22m[2msrc/utils.ts[2m:159:15)[22m[2m[22m
  [2mconsole.log[22m
    [e2e_4cc1hr73df40]: 2024-03-22T20:58:31.661Z backend:StorageService 3/3
    2024-03-22T20:58:31.662Z backend:StorageService createDbForChannels init
[2m[22m
[2m      [2mat Socket.<anonymous> ([22m[2msrc/utils.ts[2m:159:15)[22m[2m[22m
  [2mconsole.log[22m
    [e2e_4cc1hr73df40]: 2024-03-22T20:58:31.678Z backend:StorageService Channels count: 0
[2m[22m
[2m      [2mat Socket.<anonymous> ([22m[2msrc/utils.ts[2m:159:15)[22m[2m[22m
  [2mconsole.log[22m
    [e2e_4cc1hr73df40]: 2024-03-22T20:58:31.678Z backend:StorageService Channels names: []
    2024-03-22T20:58:31.678Z backend:StorageService STORAGE: Finished createDbForChannels
    2024-03-22T20:58:31.679Z backend:StorageService Initialized DBs
    2024-03-22T20:58:31.679Z backend:StorageService Starting IPFS
    2024-03-22T20:58:31.679Z backend:ConnectionsManagerService storage initialized
    2024-03-22T20:58:31.679Z backend:ConnectionsManagerService Launched community es1gl6kh4tfjejqe
[2m[22m
[2m      [2mat Socket.<anonymous> ([22m[2msrc/utils.ts[2m:159:15)[22m[2m[22m
  [2mconsole.log[22m
    stdout:
    Storage.initDatabases: 81.628ms
    Hunting for heisenbug: Backend initialized community and sent event to state manager
[2m[22m
[2m      [2mat Socket.<anonymous> ([22m[2msrc/utils.ts[2m:149:15)[22m[2m[22m
  [2mconsole.log[22m
    stdout:
    preparing listener
[2m[22m
[2m      [2mat Socket.<anonymous> ([22m[2msrc/utils.ts[2m:149:15)[22m[2m[22m
  [2mconsole.log[22m
    [e2e_4cc1hr73df40]: 2024-03-22T20:58:31.681Z backend:libp2p:websockets prepareListener
[2m[22m
[2m      [2mat Socket.<anonymous> ([22m[2msrc/utils.ts[2m:159:15)[22m[2m[22m
  [2mconsole.log[22m
    new user - 7
[2m[22m
[2m      [2mat Object.<anonymous> ([22m[2m[0m[36msrc/tests/multipleClients.test.ts[39m[0m[2m:171:17)[22m[2m[22m
  [2mconsole.log[22m
    [e2e_4cc1hr73df40]: 2024-03-22T20:58:32.174Z backend:StorageService IPFS started
[2m[22m
[2m      [2mat Socket.<anonymous> ([22m[2msrc/utils.ts[2m:159:15)[22m[2m[22m
  [2mconsole.log[22m
    [e2e_4cc1hr73df40]: 2024-03-22T20:58:32.175Z backend:StorageService Pubsub - subscribe to /orbitdb/zdpuAubkQfjh7bUVJFvuCuNpkXc9LYF4NuPX7VS12e4ciy851/public-channels
    2024-03-22T20:58:32.175Z backend:StorageService Pubsub - subscribe to /orbitdb/zdpuAtjfjLokx2PW6UGrDQoB8VmEyq2i2endX4KuuD8efo7Vj/certificates
    2024-03-22T20:58:32.175Z backend:StorageService Pubsub - subscribe to /orbitdb/zdpuAq8czmPVqfV7B5fchXdFY11jVPNNymTnCJtvPDR1dCV3h/csrs
    2024-03-22T20:58:32.175Z backend:StorageService Pubsub - subscribe to /orbitdb/zdpuAtLG6WrE13SaXWmg52e1odsV3c97BPDQRudzzXFNqDoQD/community-metadata
    2024-03-22T20:58:32.175Z backend:StorageService Pubsub - subscribe to /orbitdb/zdpuAyScVHonV7KUdb3rdNmC9ZurssGdfgveYm3ds7KNJ6CpU/user-profiles
[2m[22m
[2m      [2mat Socket.<anonymous> ([22m[2msrc/utils.ts[2m:159:15)[22m[2m[22m
  [2mconsole.log[22m
    [e2e_4cc1hr73df40]: 2024-03-22T20:58:32.176Z backend:Tor Mar 22 16:58:32.000 [notice] The current consensus contains exit nodes. Tor can build exit and internal paths.
[2m[22m
[2m      [2mat Socket.<anonymous> ([22m[2msrc/utils.ts[2m:159:15)[22m[2m[22m
  [2mconsole.log[22m
    [e2e_4cc1hr73df40]: 2024-03-22T20:58:33.343Z backend:Tor Mar 22 16:58:33.000 [notice] I learned some more directory information, but not enough to build a circuit: We need more microdescriptors: we have 48/7549, and can only build 0% of likely paths. (We have 0% of guards bw, 0% of midpoint bw, and 0% of exit bw = 0% of path bw.)
[2m[22m
[2m      [2mat Socket.<anonymous> ([22m[2msrc/utils.ts[2m:159:15)[22m[2m[22m
  [2mconsole.log[22m
    [e2e_4cc1hr73df40]: 2024-03-22T20:58:34.009Z backend:TorControl Connecting to Tor, host: localhost port: 62740
[2m[22m
[2m      [2mat Socket.<anonymous> ([22m[2msrc/utils.ts[2m:159:15)[22m[2m[22m
  [2mconsole.log[22m
    [e2e_4cc1hr73df40]: 2024-03-22T20:58:34.010Z backend:Tor Mar 22 16:58:34.000 [notice] New control connection opened from 127.0.0.1.
[2m[22m
[2m      [2mat Socket.<anonymous> ([22m[2msrc/utils.ts[2m:159:15)[22m[2m[22m
  [2mconsole.log[22m
    [e2e_4cc1hr73df40]: 2024-03-22T20:58:34.409Z backend:Tor Mar 22 16:58:34.000 [notice] Bootstrapped 56% (loading_descriptors): Loading relay descriptors
[2m[22m
[2m      [2mat Socket.<anonymous> ([22m[2msrc/utils.ts[2m:159:15)[22m[2m[22m
  [2mconsole.log[22m
    [e2e_4cc1hr73df40]: 2024-03-22T20:58:34.449Z backend:Tor Mar 22 16:58:34.000 [notice] Bootstrapped 61% (loading_descriptors): Loading relay descriptors
[2m[22m
[2m      [2mat Socket.<anonymous> ([22m[2msrc/utils.ts[2m:159:15)[22m[2m[22m
  [2mconsole.log[22m
    [e2e_4cc1hr73df40]: 2024-03-22T20:58:34.921Z backend:Tor Mar 22 16:58:34.000 [notice] Bootstrapped 70% (loading_descriptors): Loading relay descriptors
[2m[22m
[2m      [2mat Socket.<anonymous> ([22m[2msrc/utils.ts[2m:159:15)[22m[2m[22m
  [2mconsole.log[22m
    [e2e_4cc1hr73df40]: 2024-03-22T20:58:35.069Z backend:Tor Mar 22 16:58:35.000 [notice] Bootstrapped 75% (enough_dirinfo): Loaded enough directory info to build circuits
[2m[22m
[2m      [2mat Socket.<anonymous> ([22m[2msrc/utils.ts[2m:159:15)[22m[2m[22m
  [2mconsole.log[22m
    [e2e_4cc1hr73df40]: 2024-03-22T20:58:35.074Z backend:Tor Mar 22 16:58:35.000 [notice] Bootstrapped 90% (ap_handshake_done): Handshake finished with a relay to build circuits
    Mar 22 16:58:35.000 [notice] Bootstrapped 95% (circuit_create): Establishing a Tor circuit
[2m[22m
[2m      [2mat Socket.<anonymous> ([22m[2msrc/utils.ts[2m:159:15)[22m[2m[22m
  [2mconsole.log[22m
    [e2e_4cc1hr73df40]: 2024-03-22T20:58:36.289Z backend:Tor Mar 22 16:58:36.000 [notice] Bootstrapped 100% (done): Done
[2m[22m
[2m      [2mat Socket.<anonymous> ([22m[2msrc/utils.ts[2m:159:15)[22m[2m[22m
  [2mconsole.log[22m
    [e2e_4cc1hr73df40]: 2024-03-22T20:58:36.509Z backend:TorControl Connecting to Tor, host: localhost port: 62740
[2m[22m
[2m      [2mat Socket.<anonymous> ([22m[2msrc/utils.ts[2m:159:15)[22m[2m[22m
  [2mconsole.log[22m
    [e2e_4cc1hr73df40]: 2024-03-22T20:58:36.511Z backend:Tor Mar 22 16:58:36.000 [notice] New control connection opened from 127.0.0.1.
    
    2024-03-22T20:58:36.511Z backend:TorControl Tor connected
[2m[22m
[2m      [2mat Socket.<anonymous> ([22m[2msrc/utils.ts[2m:159:15)[22m[2m[22m
  [2mconsole.log[22m
    [e2e_r4pg81niwrk]: 2024-03-22T20:58:43.694Z backend:libp2p:websockets server connecting with /dns4/ilym2eypty5gmasrpwv5tn25ihl6zwbu7t3yis7i3ao3pjdemtw5p2ad.onion/tcp/80/ws/p2p/QmZLW6y5m8broYutG4og2ymXRZUDcxVhdgHhiKYKhquUNp
[2m[22m
[2m      [2mat Socket.<anonymous> ([22m[2msrc/utils.ts[2m:159:15)[22m[2m[22m
  [2mconsole.log[22m
    [e2e_r4pg81niwrk]: 2024-03-22T20:58:43.695Z backend:libp2p:websockets new inbound connection /dns4/ilym2eypty5gmasrpwv5tn25ihl6zwbu7t3yis7i3ao3pjdemtw5p2ad.onion/tcp/80/ws/p2p/QmZLW6y5m8broYutG4og2ymXRZUDcxVhdgHhiKYKhquUNp
[2m[22m
[2m      [2mat Socket.<anonymous> ([22m[2msrc/utils.ts[2m:159:15)[22m[2m[22m
  [2mconsole.log[22m
    [e2e_4cc1hr73df40]: 2024-03-22T20:58:44.080Z backend:libp2p:websockets /dns4/ilym2eypty5gmasrpwv5tn25ihl6zwbu7t3yis7i3ao3pjdemtw5p2ad.onion/tcp/80/ws/p2p/QmZLW6y5m8broYutG4og2ymXRZUDcxVhdgHhiKYKhquUNp connected /dns4/2otwjrsx3pcf6dvjheol6v2xcui6n6qn4rfkipe2oh3vyibizir46did.onion/tcp/80/ws/p2p/QmTpNmixsfUSHBm3vWvvuTkgt2HdXc1sYiBRw4pMRn88GR
[2m[22m
[2m      [2mat Socket.<anonymous> ([22m[2msrc/utils.ts[2m:159:15)[22m[2m[22m
  [2mconsole.log[22m
    [e2e_4cc1hr73df40]: 2024-03-22T20:58:44.081Z backend:libp2p:websockets new outbound connection /dns4/2otwjrsx3pcf6dvjheol6v2xcui6n6qn4rfkipe2oh3vyibizir46did.onion/tcp/80/ws/p2p/QmTpNmixsfUSHBm3vWvvuTkgt2HdXc1sYiBRw4pMRn88GR
[2m[22m
[2m      [2mat Socket.<anonymous> ([22m[2msrc/utils.ts[2m:159:15)[22m[2m[22m
  [2mconsole.log[22m
    [e2e_r4pg81niwrk]: 2024-03-22T20:58:46.772Z backend:libp2p:websockets inbound connection /dns4/ilym2eypty5gmasrpwv5tn25ihl6zwbu7t3yis7i3ao3pjdemtw5p2ad.onion/tcp/80/ws/p2p/QmZLW6y5m8broYutG4og2ymXRZUDcxVhdgHhiKYKhquUNp upgraded
[2m[22m
[2m      [2mat Socket.<anonymous> ([22m[2msrc/utils.ts[2m:159:15)[22m[2m[22m
  [2mconsole.log[22m
    [e2e_r4pg81niwrk]: 2024-03-22T20:58:46.773Z backend:Libp2pService Connecting peer: {"isTrusted":false,"detail":{"id":"dftr0c1711141126771","remoteAddr":"/dns4/ilym2eypty5gmasrpwv5tn25ihl6zwbu7t3yis7i3ao3pjdemtw5p2ad.onion/tcp/80/ws/p2p/QmZLW6y5m8broYutG4og2ymXRZUDcxVhdgHhiKYKhquUNp","remotePeer":"QmZLW6y5m8broYutG4og2ymXRZUDcxVhdgHhiKYKhquUNp","stat":{"status":"OPEN","direction":"inbound","timeline":{"open":1711141123694,"upgraded":1711141126771},"multiplexer":"/mplex/6.7.0","encryption":"/noise"},"tags":[],"_closing":false}}
    2024-03-22T20:58:46.774Z backend:Libp2pService QmTpNmixsfUSHBm3vWvvuTkgt2HdXc1sYiBRw4pMRn88GR connected to QmZLW6y5m8broYutG4og2ymXRZUDcxVhdgHhiKYKhquUNp
[2m[22m
[2m      [2mat Socket.<anonymous> ([22m[2msrc/utils.ts[2m:159:15)[22m[2m[22m
  [2mconsole.log[22m
    [e2e_r4pg81niwrk]: 2024-03-22T20:58:46.784Z backend:Libp2pService QmTpNmixsfUSHBm3vWvvuTkgt2HdXc1sYiBRw4pMRn88GR is now connected to 1 peers
    2024-03-22T20:58:46.784Z backend:Libp2pService QmTpNmixsfUSHBm3vWvvuTkgt2HdXc1sYiBRw4pMRn88GR has 1 open connections
[2m[22m
[2m      [2mat Socket.<anonymous> ([22m[2msrc/utils.ts[2m:159:15)[22m[2m[22m
  [2mconsole.log[22m
    [e2e_r4pg81niwrk]: 2024-03-22T20:58:46.784Z backend:Libp2pService Emitting peerConnected event with payload {"peers":[{"peer":"QmZLW6y5m8broYutG4og2ymXRZUDcxVhdgHhiKYKhquUNp","lastSeen":1711141126.774,"connectionDuration":0}]}
[2m[22m
[2m      [2mat Socket.<anonymous> ([22m[2msrc/utils.ts[2m:159:15)[22m[2m[22m
  [2mconsole.log[22m
    [e2e_r4pg81niwrk]: 2024-03-22T20:58:46.787Z backend:LocalDbService Getting 'peers' [Error: NotFound: ] {
      code: 'LEVEL_NOT_FOUND',
      notFound: true,
      status: 404
    }
[2m[22m
[2m      [2mat Socket.<anonymous> ([22m[2msrc/utils.ts[2m:159:15)[22m[2m[22m
  [2mconsole.log[22m
    [e2e_4cc1hr73df40]: 2024-03-22T20:58:47.398Z backend:Libp2pService Connecting peer: {"isTrusted":false,"detail":{"id":"bdj41711141127398","remoteAddr":"/dns4/2otwjrsx3pcf6dvjheol6v2xcui6n6qn4rfkipe2oh3vyibizir46did.onion/tcp/80/ws/p2p/QmTpNmixsfUSHBm3vWvvuTkgt2HdXc1sYiBRw4pMRn88GR","remotePeer":"QmTpNmixsfUSHBm3vWvvuTkgt2HdXc1sYiBRw4pMRn88GR","stat":{"status":"OPEN","direction":"outbound","timeline":{"open":1711141124081,"upgraded":1711141127397},"multiplexer":"/mplex/6.7.0","encryption":"/noise"},"tags":[],"_closing":false}}
[2m[22m
[2m      [2mat Socket.<anonymous> ([22m[2msrc/utils.ts[2m:159:15)[22m[2m[22m
  [2mconsole.log[22m
    [e2e_4cc1hr73df40]: 2024-03-22T20:58:47.398Z backend:Libp2pService QmZLW6y5m8broYutG4og2ymXRZUDcxVhdgHhiKYKhquUNp connected to QmTpNmixsfUSHBm3vWvvuTkgt2HdXc1sYiBRw4pMRn88GR
[2m[22m
[2m      [2mat Socket.<anonymous> ([22m[2msrc/utils.ts[2m:159:15)[22m[2m[22m
  [2mconsole.log[22m
    [e2e_4cc1hr73df40]: 2024-03-22T20:58:47.410Z backend:Libp2pService QmZLW6y5m8broYutG4og2ymXRZUDcxVhdgHhiKYKhquUNp is now connected to 1 peers
    2024-03-22T20:58:47.410Z backend:Libp2pService QmZLW6y5m8broYutG4og2ymXRZUDcxVhdgHhiKYKhquUNp has 1 open connections
[2m[22m
[2m      [2mat Socket.<anonymous> ([22m[2msrc/utils.ts[2m:159:15)[22m[2m[22m
  [2mconsole.log[22m
    [e2e_4cc1hr73df40]: 2024-03-22T20:58:47.410Z backend:Libp2pService Emitting peerConnected event with payload {"peers":[{"peer":"QmTpNmixsfUSHBm3vWvvuTkgt2HdXc1sYiBRw4pMRn88GR","lastSeen":1711141127.398,"connectionDuration":0}]}
    2024-03-22T20:58:47.411Z backend:libp2p:websockets outbound connection /dns4/2otwjrsx3pcf6dvjheol6v2xcui6n6qn4rfkipe2oh3vyibizir46did.onion/tcp/80/ws/p2p/QmTpNmixsfUSHBm3vWvvuTkgt2HdXc1sYiBRw4pMRn88GR upgraded
[2m[22m
[2m      [2mat Socket.<anonymous> ([22m[2msrc/utils.ts[2m:159:15)[22m[2m[22m
  [2mconsole.log[22m
    [e2e_4cc1hr73df40]: 2024-03-22T20:58:47.414Z backend:LocalDbService Getting 'peers' [Error: NotFound: ] {
      code: 'LEVEL_NOT_FOUND',
      notFound: true,
      status: 404
    }
[2m[22m
[2m      [2mat Socket.<anonymous> ([22m[2msrc/utils.ts[2m:159:15)[22m[2m[22m
  [2mconsole.log[22m
    [e2e_4cc1hr73df40]: 2024-03-22T20:58:51.301Z backend:StorageService REPLICATED: Channels
[2m[22m
[2m      [2mat Socket.<anonymous> ([22m[2msrc/utils.ts[2m:159:15)[22m[2m[22m
  [2mconsole.log[22m
    [e2e_4cc1hr73df40]: 2024-03-22T20:58:51.304Z backend:StorageService Creating channel general_a7c50e5f6bb71a5bfe45107c2f1c0f08
[2m[22m
[2m      [2mat Socket.<anonymous> ([22m[2msrc/utils.ts[2m:159:15)[22m[2m[22m
  [2mconsole.log[22m
    [e2e_4cc1hr73df40]: 2024-03-22T20:58:51.321Z backend:StorageService Found existing channel: {
      id: 'general_a7c50e5f6bb71a5bfe45107c2f1c0f08',
      name: 'general',
      owner: 'owner',
      timestamp: 1711141082300,
      description: 'Welcome to #general'
    }
[2m[22m
[2m      [2mat Socket.<anonymous> ([22m[2msrc/utils.ts[2m:159:15)[22m[2m[22m
  [2mconsole.log[22m
    [e2e_4cc1hr73df40]: 2024-03-22T20:58:51.322Z backend:StorageService Set general_a7c50e5f6bb71a5bfe45107c2f1c0f08 to local channels
    2024-03-22T20:58:51.322Z backend:StorageService Created channel general_a7c50e5f6bb71a5bfe45107c2f1c0f08
    2024-03-22T20:58:51.322Z backend:StorageService Pubsub - subscribe to /orbitdb/zdpuAxX9VYs2cAEDR3cCBsM6wyvpYeQPwU6ugmGoy5AGm6DwT/channels.general_a7c50e5f6bb71a5bfe45107c2f1c0f08
    2024-03-22T20:58:51.322Z backend:StorageService Subscribing to channel  general_a7c50e5f6bb71a5bfe45107c2f1c0f08
[2m[22m
[2m      [2mat Socket.<anonymous> ([22m[2msrc/utils.ts[2m:159:15)[22m[2m[22m
  [2mconsole.log[22m
    [e2e_4cc1hr73df40]: 2024-03-22T20:58:51.324Z backend:StorageService Subscribed to channel general_a7c50e5f6bb71a5bfe45107c2f1c0f08
[2m[22m
[2m      [2mat Socket.<anonymous> ([22m[2msrc/utils.ts[2m:159:15)[22m[2m[22m
  [2mconsole.log[22m
    [e2e_4cc1hr73df40]: 2024-03-22T20:58:51.385Z backend:CertificatesStore REPLICATED: Certificates
[2m[22m
[2m      [2mat Socket.<anonymous> ([22m[2msrc/utils.ts[2m:159:15)[22m[2m[22m
  [2mconsole.log[22m
    [e2e_4cc1hr73df40]: 2024-03-22T20:58:51.386Z backend:CertificatesStore Loaded certificates to memory
[2m[22m
[2m      [2mat Socket.<anonymous> ([22m[2msrc/utils.ts[2m:159:15)[22m[2m[22m
  [2mconsole.log[22m
    [e2e_4cc1hr73df40]: 2024-03-22T20:58:51.386Z backend:CertificatesStore All certificates: 1
    2024-03-22T20:58:51.386Z backend:CertificatesStore:err Failed to validate user certificate: MIIDfjCCAySgAwIBAgIGAY5n9NT0MAoGCCqGSM49BAMCMBgxFjAUBgNVBAMTDXRlc3Rjb21tdW5pdHkwHhcNMjQwMzIyMjA1ODAyWhcNMzAwMjAxMDUwMDAwWjBJMUcwRQYDVQQDEz4yb3R3anJzeDNwY2Y2ZHZqaGVvbDZ2MnhjdWk2bjZxbjRyZmtpcGUyb2gzdnlpYml6aXI0NmRpZC5vbmlvbjBZMBMGByqGSM49AgEGCCqGSM49AwEHA0IABIDLP9EC/rURDt9LLdZud0ilpf3OL6vYE82wXt6HZPLOU1Qipn5kYGsM84/h5r6VjAAZhzShtImDCIVFq1pFqsijggInMIICIzAJBgNVHRMEAjAAMAsGA1UdDwQEAwIAgDAdBgNVHSUEFjAUBggrBgEFBQcDAgYIKwYBBQUHAwEwggFHBgkqhkiG9w0BCQwEggE4BIIBNBVYC2xWjfoCjuAKn47P4DT7c/lfb4J8JjhLiIqR2EshMomS+z5kbrcdO/PdMLOOEsC2BCgwWryynxdWkmtTDi6bP2zFltgwzp4E1Rsmlrn4fDmgc8RiC9/NeQWSyRfVU4BLsiWzqt/ly2TI9n3RI1x00b2FESmbXPzuxR2BuZjnO0E8JF3fY0PLTGGfOcFiXUd2SxlmH5666ZUE3ZAKvR+wxB+Dk8qSUmI74TAawwGXhTntZx1ZCVNeLDtsda3PV9RkDGJiwuFsS3MHXMlIdWlzhHr91aa0EUI2hc55NFByt9659atemBOc3Pt4YRdNxThkqLPAzMkMt6NdP6dXziPaFUpBaSpceTsmV89bhulLZrfIbabRK+KxOI5vcuvq+Q15uZyI0mSGzYF4fW6Mcl+yrzpJMBUGCisGAQQBg4wbAgEEBxMFb3duZXIwPQYJKwYBAgEPAwEBBDATLlFtVHBObWl4c2ZVU0hCbTN2V3Z2dVRrZ3QySGRYYzFzWWlCUnc0cE1Sbjg4R1IwSQYDVR0RBEIwQII+Mm90d2pyc3gzcGNmNmR2amhlb2w2djJ4Y3VpNm42cW40cmZraXBlMm9oM3Z5aWJpemlyNDZkaWQub25pb24wCgYIKoZIzj0EAwIDSAAwRQIgWqJ9o/N5ex2cAS7rD6kKFybaQ14UuGzKexMIi7W2qm0CIQC0Ldt0YfPCRQ3ZpRhZ5h+Hb7/orQR4DpFjpDZZcrRZEw== Community metadata missing
    2024-03-22T20:58:51.386Z backend:CertificatesStore DuplicatedCertBug {
      validation: false,
      certificate: 'MIIDfjCCAySgAwIBAgIGAY5n9NT0MAoGCCqGSM49BAMCMBgxFjAUBgNVBAMTDXRlc3Rjb21tdW5pdHkwHhcNMjQwMzIyMjA1ODAyWhcNMzAwMjAxMDUwMDAwWjBJMUcwRQYDVQQDEz4yb3R3anJzeDNwY2Y2ZHZqaGVvbDZ2MnhjdWk2bjZxbjRyZmtpcGUyb2gzdnlpYml6aXI0NmRpZC5vbmlvbjBZMBMGByqGSM49AgEGCCqGSM49AwEHA0IABIDLP9EC/rURDt9LLdZud0ilpf3OL6vYE82wXt6HZPLOU1Qipn5kYGsM84/h5r6VjAAZhzShtImDCIVFq1pFqsijggInMIICIzAJBgNVHRMEAjAAMAsGA1UdDwQEAwIAgDAdBgNVHSUEFjAUBggrBgEFBQcDAgYIKwYBBQUHAwEwggFHBgkqhkiG9w0BCQwEggE4BIIBNBVYC2xWjfoCjuAKn47P4DT7c/lfb4J8JjhLiIqR2EshMomS+z5kbrcdO/PdMLOOEsC2BCgwWryynxdWkmtTDi6bP2zFltgwzp4E1Rsmlrn4fDmgc8RiC9/NeQWSyRfVU4BLsiWzqt/ly2TI9n3RI1x00b2FESmbXPzuxR2BuZjnO0E8JF3fY0PLTGGfOcFiXUd2SxlmH5666ZUE3ZAKvR+wxB+Dk8qSUmI74TAawwGXhTntZx1ZCVNeLDtsda3PV9RkDGJiwuFsS3MHXMlIdWlzhHr91aa0EUI2hc55NFByt9659atemBOc3Pt4YRdNxThkqLPAzMkMt6NdP6dXziPaFUpBaSpceTsmV89bhulLZrfIbabRK+KxOI5vcuvq+Q15uZyI0mSGzYF4fW6Mcl+yrzpJMBUGCisGAQQBg4wbAgEEBxMFb3duZXIwPQYJKwYBAgEPAwEBBDATLlFtVHBObWl4c2ZVU0hCbTN2V3Z2dVRrZ3QySGRYYzFzWWlCUnc0cE1Sbjg4R1IwSQYDVR0RBEIwQII+Mm90d2pyc3gzcGNmNmR2amhlb2w2djJ4Y3VpNm42cW40cmZraXBlMm9oM3Z5aWJpemlyNDZkaWQub25pb24wCgYIKoZIzj0EAwIDSAAwRQIgWqJ9o/N5ex2cAS7rD6kKFybaQ14UuGzKexMIi7W2qm0CIQC0Ldt0YfPCRQ3ZpRhZ5h+Hb7/orQR4DpFjpDZZcrRZEw=='
    }
    2024-03-22T20:58:51.387Z backend:CertificatesStore Valid certificates: 0
[2m[22m
[2m      [2mat Socket.<anonymous> ([22m[2msrc/utils.ts[2m:159:15)[22m[2m[22m
  [2mconsole.log[22m
    [e2e_4cc1hr73df40]: 2024-03-22T20:58:51.387Z backend:ConnectionsManagerService Storage - certificatesStored
    2024-03-22T20:58:51.387Z backend:StorageService csrs count: 0
[2m[22m
[2m      [2mat Socket.<anonymous> ([22m[2msrc/utils.ts[2m:159:15)[22m[2m[22m
  [2mconsole.log[22m
    stdout:
    updatePeersList, peers count: 0
[2m[22m
[2m      [2mat Socket.<anonymous> ([22m[2msrc/utils.ts[2m:149:15)[22m[2m[22m
  [2mconsole.log[22m
    [e2e_4cc1hr73df40]: 2024-03-22T20:58:51.389Z backend:CertificatesRequestsStore Replicated CSRs
[2m[22m
[2m      [2mat Socket.<anonymous> ([22m[2msrc/utils.ts[2m:159:15)[22m[2m[22m
  [2mconsole.log[22m
    [e2e_4cc1hr73df40]: 2024-03-22T20:58:51.389Z backend:LocalDbService Local peer /dns4/ilym2eypty5gmasrpwv5tn25ihl6zwbu7t3yis7i3ao3pjdemtw5p2ad.onion/tcp/80/ws/p2p/QmZLW6y5m8broYutG4og2ymXRZUDcxVhdgHhiKYKhquUNp
[2m[22m
[2m      [2mat Socket.<anonymous> ([22m[2msrc/utils.ts[2m:159:15)[22m[2m[22m
  [2mconsole.log[22m
    [e2e_4cc1hr73df40]: 2024-03-22T20:58:51.390Z backend:CertificatesRequestsStore DuplicatedCertBug {
      allEntries: [
        'MIIDIjCCAscCAQAwSTFHMEUGA1UEAxM+Mm90d2pyc3gzcGNmNmR2amhlb2w2djJ4Y3VpNm42cW40cmZraXBlMm9oM3Z5aWJpemlyNDZkaWQub25pb24wWTATBgcqhkjOPQIBBggqhkjOPQMBBwNCAASAyz/RAv61EQ7fSy3WbndIpaX9zi+r2BPNsF7eh2TyzlNUIqZ+ZGBrDPOP4ea+lYwAGYc0obSJgwiFRataRarIoIICGjAuBgkqhkiG9w0BCQ4xITAfMB0GA1UdDgQWBBRAQ+c+nMaAWHjxud5tJL3peqMp1zCCAUcGCSqGSIb3DQEJDDGCATgEggE0FVgLbFaN+gKO4Aqfjs/gNPtz+V9vgnwmOEuIipHYSyEyiZL7PmRutx07890ws44SwLYEKDBavLKfF1aSa1MOLps/bMWW2DDOngTVGyaWufh8OaBzxGIL3815BZLJF9VTgEuyJbOq3+XLZMj2fdEjXHTRvYURKZtc/O7FHYG5mOc7QTwkXd9jQ8tMYZ85wWJdR3ZLGWYfnrrplQTdkAq9H7DEH4OTypJSYjvhMBrDAZeFOe1nHVkJU14sO2x1rc9X1GQMYmLC4WxLcwdcyUh1aXOEev3VprQRQjaFznk0UHK33rn1q16YE5zc+3hhF03FOGSos8DMyQy3o10/p1fOI9oVSkFpKlx5OyZXz1uG6Utmt8htptEr4rE4jm9y6+r5DXm5nIjSZIbNgXh9boxyX7KvOkkwFQYKKwYBBAGDjBsCATEHEwVvd25lcjA9BgkrBgECAQ8DAQExMBMuUW1UcE5taXhzZlVTSEJtM3ZXdnZ1VGtndDJIZFhjMXNZaUJSdzRwTVJuODhHUjBHBgNVHRExQBM+Mm90d2pyc3gzcGNmNmR2amhlb2w2djJ4Y3VpNm42cW40cmZraXBlMm9oM3Z5aWJpemlyNDZkaWQub25pb24wCgYIKoZIzj0EAwIDSQAwRgIhAOK6Uac+lomfbGsOpT+M1/mZLNGmQ6uPXE4blwkpyla2AiEApkT1IJjfMgcYl613arLQ4nUrieyCoz8W8U+EWt1HhGM='
      ]
    }
[2m[22m
[2m      [2mat Socket.<anonymous> ([22m[2msrc/utils.ts[2m:159:15)[22m[2m[22m
  [2mconsole.log[22m
    [e2e_4cc1hr73df40]: 2024-03-22T20:58:51.390Z backend:CertificatesRequestsStore DuplicatedCertBug {
      allCsrsUnique: [
        'MIIDIjCCAscCAQAwSTFHMEUGA1UEAxM+Mm90d2pyc3gzcGNmNmR2amhlb2w2djJ4Y3VpNm42cW40cmZraXBlMm9oM3Z5aWJpemlyNDZkaWQub25pb24wWTATBgcqhkjOPQIBBggqhkjOPQMBBwNCAASAyz/RAv61EQ7fSy3WbndIpaX9zi+r2BPNsF7eh2TyzlNUIqZ+ZGBrDPOP4ea+lYwAGYc0obSJgwiFRataRarIoIICGjAuBgkqhkiG9w0BCQ4xITAfMB0GA1UdDgQWBBRAQ+c+nMaAWHjxud5tJL3peqMp1zCCAUcGCSqGSIb3DQEJDDGCATgEggE0FVgLbFaN+gKO4Aqfjs/gNPtz+V9vgnwmOEuIipHYSyEyiZL7PmRutx07890ws44SwLYEKDBavLKfF1aSa1MOLps/bMWW2DDOngTVGyaWufh8OaBzxGIL3815BZLJF9VTgEuyJbOq3+XLZMj2fdEjXHTRvYURKZtc/O7FHYG5mOc7QTwkXd9jQ8tMYZ85wWJdR3ZLGWYfnrrplQTdkAq9H7DEH4OTypJSYjvhMBrDAZeFOe1nHVkJU14sO2x1rc9X1GQMYmLC4WxLcwdcyUh1aXOEev3VprQRQjaFznk0UHK33rn1q16YE5zc+3hhF03FOGSos8DMyQy3o10/p1fOI9oVSkFpKlx5OyZXz1uG6Utmt8htptEr4rE4jm9y6+r5DXm5nIjSZIbNgXh9boxyX7KvOkkwFQYKKwYBBAGDjBsCATEHEwVvd25lcjA9BgkrBgECAQ8DAQExMBMuUW1UcE5taXhzZlVTSEJtM3ZXdnZ1VGtndDJIZFhjMXNZaUJSdzRwTVJuODhHUjBHBgNVHRExQBM+Mm90d2pyc3gzcGNmNmR2amhlb2w2djJ4Y3VpNm42cW40cmZraXBlMm9oM3Z5aWJpemlyNDZkaWQub25pb24wCgYIKoZIzj0EAwIDSQAwRgIhAOK6Uac+lomfbGsOpT+M1/mZLNGmQ6uPXE4blwkpyla2AiEApkT1IJjfMgcYl613arLQ4nUrieyCoz8W8U+EWt1HhGM='
      ]
    }
[2m[22m
[2m      [2mat Socket.<anonymous> ([22m[2msrc/utils.ts[2m:159:15)[22m[2m[22m
  [2mconsole.log[22m
    [e2e_4cc1hr73df40]: 2024-03-22T20:58:51.398Z backend:CertificatesRequestsStore DuplicatedCertBug [...filteredCsrsMap.values()] [
      'MIIDIjCCAscCAQAwSTFHMEUGA1UEAxM+Mm90d2pyc3gzcGNmNmR2amhlb2w2djJ4Y3VpNm42cW40cmZraXBlMm9oM3Z5aWJpemlyNDZkaWQub25pb24wWTATBgcqhkjOPQIBBggqhkjOPQMBBwNCAASAyz/RAv61EQ7fSy3WbndIpaX9zi+r2BPNsF7eh2TyzlNUIqZ+ZGBrDPOP4ea+lYwAGYc0obSJgwiFRataRarIoIICGjAuBgkqhkiG9w0BCQ4xITAfMB0GA1UdDgQWBBRAQ+c+nMaAWHjxud5tJL3peqMp1zCCAUcGCSqGSIb3DQEJDDGCATgEggE0FVgLbFaN+gKO4Aqfjs/gNPtz+V9vgnwmOEuIipHYSyEyiZL7PmRutx07890ws44SwLYEKDBavLKfF1aSa1MOLps/bMWW2DDOngTVGyaWufh8OaBzxGIL3815BZLJF9VTgEuyJbOq3+XLZMj2fdEjXHTRvYURKZtc/O7FHYG5mOc7QTwkXd9jQ8tMYZ85wWJdR3ZLGWYfnrrplQTdkAq9H7DEH4OTypJSYjvhMBrDAZeFOe1nHVkJU14sO2x1rc9X1GQMYmLC4WxLcwdcyUh1aXOEev3VprQRQjaFznk0UHK33rn1q16YE5zc+3hhF03FOGSos8DMyQy3o10/p1fOI9oVSkFpKlx5OyZXz1uG6Utmt8htptEr4rE4jm9y6+r5DXm5nIjSZIbNgXh9boxyX7KvOkkwFQYKKwYBBAGDjBsCATEHEwVvd25lcjA9BgkrBgECAQ8DAQExMBMuUW1UcE5taXhzZlVTSEJtM3ZXdnZ1VGtndDJIZFhjMXNZaUJSdzRwTVJuODhHUjBHBgNVHRExQBM+Mm90d2pyc3gzcGNmNmR2amhlb2w2djJ4Y3VpNm42cW40cmZraXBlMm9oM3Z5aWJpemlyNDZkaWQub25pb24wCgYIKoZIzj0EAwIDSQAwRgIhAOK6Uac+lomfbGsOpT+M1/mZLNGmQ6uPXE4blwkpyla2AiEApkT1IJjfMgcYl613arLQ4nUrieyCoz8W8U+EWt1HhGM='
    ]
    2024-03-22T20:58:51.398Z backend:ConnectionsManagerService Storage - csrsStored
[2m[22m
[2m      [2mat Socket.<anonymous> ([22m[2msrc/utils.ts[2m:159:15)[22m[2m[22m
  [2mconsole.log[22m
    stdout:
    updatePeersList, peers count: 1
[2m[22m
[2m      [2mat Socket.<anonymous> ([22m[2msrc/utils.ts[2m:149:15)[22m[2m[22m
  [2mconsole.log[22m
    [e2e_4cc1hr73df40]: 2024-03-22T20:58:51.400Z backend:Libp2pService Dialing 0 addresses
    2024-03-22T20:58:51.400Z backend:ProcessInChunksService Updating data with 0 items
    2024-03-22T20:58:51.400Z backend:ProcessInChunksService Processing 0 items
    2024-03-22T20:58:51.400Z backend:RegistrationService Trying to issue certificates false [
      {
        csrs: [
          'MIIDIjCCAscCAQAwSTFHMEUGA1UEAxM+Mm90d2pyc3gzcGNmNmR2amhlb2w2djJ4Y3VpNm42cW40cmZraXBlMm9oM3Z5aWJpemlyNDZkaWQub25pb24wWTATBgcqhkjOPQIBBggqhkjOPQMBBwNCAASAyz/RAv61EQ7fSy3WbndIpaX9zi+r2BPNsF7eh2TyzlNUIqZ+ZGBrDPOP4ea+lYwAGYc0obSJgwiFRataRarIoIICGjAuBgkqhkiG9w0BCQ4xITAfMB0GA1UdDgQWBBRAQ+c+nMaAWHjxud5tJL3peqMp1zCCAUcGCSqGSIb3DQEJDDGCATgEggE0FVgLbFaN+gKO4Aqfjs/gNPtz+V9vgnwmOEuIipHYSyEyiZL7PmRutx07890ws44SwLYEKDBavLKfF1aSa1MOLps/bMWW2DDOngTVGyaWufh8OaBzxGIL3815BZLJF9VTgEuyJbOq3+XLZMj2fdEjXHTRvYURKZtc/O7FHYG5mOc7QTwkXd9jQ8tMYZ85wWJdR3ZLGWYfnrrplQTdkAq9H7DEH4OTypJSYjvhMBrDAZeFOe1nHVkJU14sO2x1rc9X1GQMYmLC4WxLcwdcyUh1aXOEev3VprQRQjaFznk0UHK33rn1q16YE5zc+3hhF03FOGSos8DMyQy3o10/p1fOI9oVSkFpKlx5OyZXz1uG6Utmt8htptEr4rE4jm9y6+r5DXm5nIjSZIbNgXh9boxyX7KvOkkwFQYKKwYBBAGDjBsCATEHEwVvd25lcjA9BgkrBgECAQ8DAQExMBMuUW1UcE5taXhzZlVTSEJtM3ZXdnZ1VGtndDJIZFhjMXNZaUJSdzRwTVJuODhHUjBHBgNVHRExQBM+Mm90d2pyc3gzcGNmNmR2amhlb2w2djJ4Y3VpNm42cW40cmZraXBlMm9oM3Z5aWJpemlyNDZkaWQub25pb24wCgYIKoZIzj0EAwIDSQAwRgIhAOK6Uac+lomfbGsOpT+M1/mZLNGmQ6uPXE4blwkpyla2AiEApkT1IJjfMgcYl613arLQ4nUrieyCoz8W8U+EWt1HhGM='
        ]
      }
    ]
    2024-03-22T20:58:51.400Z backend:RegistrationService Issuing certificates {
      csrs: [
        'MIIDIjCCAscCAQAwSTFHMEUGA1UEAxM+Mm90d2pyc3gzcGNmNmR2amhlb2w2djJ4Y3VpNm42cW40cmZraXBlMm9oM3Z5aWJpemlyNDZkaWQub25pb24wWTATBgcqhkjOPQIBBggqhkjOPQMBBwNCAASAyz/RAv61EQ7fSy3WbndIpaX9zi+r2BPNsF7eh2TyzlNUIqZ+ZGBrDPOP4ea+lYwAGYc0obSJgwiFRataRarIoIICGjAuBgkqhkiG9w0BCQ4xITAfMB0GA1UdDgQWBBRAQ+c+nMaAWHjxud5tJL3peqMp1zCCAUcGCSqGSIb3DQEJDDGCATgEggE0FVgLbFaN+gKO4Aqfjs/gNPtz+V9vgnwmOEuIipHYSyEyiZL7PmRutx07890ws44SwLYEKDBavLKfF1aSa1MOLps/bMWW2DDOngTVGyaWufh8OaBzxGIL3815BZLJF9VTgEuyJbOq3+XLZMj2fdEjXHTRvYURKZtc/O7FHYG5mOc7QTwkXd9jQ8tMYZ85wWJdR3ZLGWYfnrrplQTdkAq9H7DEH4OTypJSYjvhMBrDAZeFOe1nHVkJU14sO2x1rc9X1GQMYmLC4WxLcwdcyUh1aXOEev3VprQRQjaFznk0UHK33rn1q16YE5zc+3hhF03FOGSos8DMyQy3o10/p1fOI9oVSkFpKlx5OyZXz1uG6Utmt8htptEr4rE4jm9y6+r5DXm5nIjSZIbNgXh9boxyX7KvOkkwFQYKKwYBBAGDjBsCATEHEwVvd25lcjA9BgkrBgECAQ8DAQExMBMuUW1UcE5taXhzZlVTSEJtM3ZXdnZ1VGtndDJIZFhjMXNZaUJSdzRwTVJuODhHUjBHBgNVHRExQBM+Mm90d2pyc3gzcGNmNmR2amhlb2w2djJ4Y3VpNm42cW40cmZraXBlMm9oM3Z5aWJpemlyNDZkaWQub25pb24wCgYIKoZIzj0EAwIDSQAwRgIhAOK6Uac+lomfbGsOpT+M1/mZLNGmQ6uPXE4blwkpyla2AiEApkT1IJjfMgcYl613arLQ4nUrieyCoz8W8U+EWt1HhGM='
      ]
    }
    2024-03-22T20:58:51.400Z backend:StorageService Loading all certificates
[2m[22m
[2m      [2mat Socket.<anonymous> ([22m[2msrc/utils.ts[2m:159:15)[22m[2m[22m
  [2mconsole.log[22m
    [e2e_4cc1hr73df40]: 2024-03-22T20:58:51.402Z backend:CertificatesRequestsStore DuplicatedCertBug {
      validation: true,
      csr: 'MIIDIjCCAscCAQAwSTFHMEUGA1UEAxM+Mm90d2pyc3gzcGNmNmR2amhlb2w2djJ4Y3VpNm42cW40cmZraXBlMm9oM3Z5aWJpemlyNDZkaWQub25pb24wWTATBgcqhkjOPQIBBggqhkjOPQMBBwNCAASAyz/RAv61EQ7fSy3WbndIpaX9zi+r2BPNsF7eh2TyzlNUIqZ+ZGBrDPOP4ea+lYwAGYc0obSJgwiFRataRarIoIICGjAuBgkqhkiG9w0BCQ4xITAfMB0GA1UdDgQWBBRAQ+c+nMaAWHjxud5tJL3peqMp1zCCAUcGCSqGSIb3DQEJDDGCATgEggE0FVgLbFaN+gKO4Aqfjs/gNPtz+V9vgnwmOEuIipHYSyEyiZL7PmRutx07890ws44SwLYEKDBavLKfF1aSa1MOLps/bMWW2DDOngTVGyaWufh8OaBzxGIL3815BZLJF9VTgEuyJbOq3+XLZMj2fdEjXHTRvYURKZtc/O7FHYG5mOc7QTwkXd9jQ8tMYZ85wWJdR3ZLGWYfnrrplQTdkAq9H7DEH4OTypJSYjvhMBrDAZeFOe1nHVkJU14sO2x1rc9X1GQMYmLC4WxLcwdcyUh1aXOEev3VprQRQjaFznk0UHK33rn1q16YE5zc+3hhF03FOGSos8DMyQy3o10/p1fOI9oVSkFpKlx5OyZXz1uG6Utmt8htptEr4rE4jm9y6+r5DXm5nIjSZIbNgXh9boxyX7KvOkkwFQYKKwYBBAGDjBsCATEHEwVvd25lcjA9BgkrBgECAQ8DAQExMBMuUW1UcE5taXhzZlVTSEJtM3ZXdnZ1VGtndDJIZFhjMXNZaUJSdzRwTVJuODhHUjBHBgNVHRExQBM+Mm90d2pyc3gzcGNmNmR2amhlb2w2djJ4Y3VpNm42cW40cmZraXBlMm9oM3Z5aWJpemlyNDZkaWQub25pb24wCgYIKoZIzj0EAwIDSQAwRgIhAOK6Uac+lomfbGsOpT+M1/mZLNGmQ6uPXE4blwkpyla2AiEApkT1IJjfMgcYl613arLQ4nUrieyCoz8W8U+EWt1HhGM='
    }
[2m[22m
[2m      [2mat Socket.<anonymous> ([22m[2msrc/utils.ts[2m:159:15)[22m[2m[22m
  [2mconsole.log[22m
    [e2e_4cc1hr73df40]: 2024-03-22T20:58:51.403Z backend:LocalDbService Local peer /dns4/ilym2eypty5gmasrpwv5tn25ihl6zwbu7t3yis7i3ao3pjdemtw5p2ad.onion/tcp/80/ws/p2p/QmZLW6y5m8broYutG4og2ymXRZUDcxVhdgHhiKYKhquUNp
[2m[22m
[2m      [2mat Socket.<anonymous> ([22m[2msrc/utils.ts[2m:159:15)[22m[2m[22m
  [2mconsole.log[22m
    [e2e_4cc1hr73df40]: 2024-03-22T20:58:51.403Z backend:CertificatesStore Loaded certificates to memory
[2m[22m
[2m      [2mat Socket.<anonymous> ([22m[2msrc/utils.ts[2m:159:15)[22m[2m[22m
  [2mconsole.log[22m
    [e2e_4cc1hr73df40]: 2024-03-22T20:58:51.403Z backend:CertificatesStore All certificates: 1
    2024-03-22T20:58:51.403Z backend:CertificatesStore:err Failed to validate user certificate: MIIDfjCCAySgAwIBAgIGAY5n9NT0MAoGCCqGSM49BAMCMBgxFjAUBgNVBAMTDXRlc3Rjb21tdW5pdHkwHhcNMjQwMzIyMjA1ODAyWhcNMzAwMjAxMDUwMDAwWjBJMUcwRQYDVQQDEz4yb3R3anJzeDNwY2Y2ZHZqaGVvbDZ2MnhjdWk2bjZxbjRyZmtpcGUyb2gzdnlpYml6aXI0NmRpZC5vbmlvbjBZMBMGByqGSM49AgEGCCqGSM49AwEHA0IABIDLP9EC/rURDt9LLdZud0ilpf3OL6vYE82wXt6HZPLOU1Qipn5kYGsM84/h5r6VjAAZhzShtImDCIVFq1pFqsijggInMIICIzAJBgNVHRMEAjAAMAsGA1UdDwQEAwIAgDAdBgNVHSUEFjAUBggrBgEFBQcDAgYIKwYBBQUHAwEwggFHBgkqhkiG9w0BCQwEggE4BIIBNBVYC2xWjfoCjuAKn47P4DT7c/lfb4J8JjhLiIqR2EshMomS+z5kbrcdO/PdMLOOEsC2BCgwWryynxdWkmtTDi6bP2zFltgwzp4E1Rsmlrn4fDmgc8RiC9/NeQWSyRfVU4BLsiWzqt/ly2TI9n3RI1x00b2FESmbXPzuxR2BuZjnO0E8JF3fY0PLTGGfOcFiXUd2SxlmH5666ZUE3ZAKvR+wxB+Dk8qSUmI74TAawwGXhTntZx1ZCVNeLDtsda3PV9RkDGJiwuFsS3MHXMlIdWlzhHr91aa0EUI2hc55NFByt9659atemBOc3Pt4YRdNxThkqLPAzMkMt6NdP6dXziPaFUpBaSpceTsmV89bhulLZrfIbabRK+KxOI5vcuvq+Q15uZyI0mSGzYF4fW6Mcl+yrzpJMBUGCisGAQQBg4wbAgEEBxMFb3duZXIwPQYJKwYBAgEPAwEBBDATLlFtVHBObWl4c2ZVU0hCbTN2V3Z2dVRrZ3QySGRYYzFzWWlCUnc0cE1Sbjg4R1IwSQYDVR0RBEIwQII+Mm90d2pyc3gzcGNmNmR2amhlb2w2djJ4Y3VpNm42cW40cmZraXBlMm9oM3Z5aWJpemlyNDZkaWQub25pb24wCgYIKoZIzj0EAwIDSAAwRQIgWqJ9o/N5ex2cAS7rD6kKFybaQ14UuGzKexMIi7W2qm0CIQC0Ldt0YfPCRQ3ZpRhZ5h+Hb7/orQR4DpFjpDZZcrRZEw== Community metadata missing
    2024-03-22T20:58:51.403Z backend:CertificatesStore DuplicatedCertBug {
      validation: false,
      certificate: 'MIIDfjCCAySgAwIBAgIGAY5n9NT0MAoGCCqGSM49BAMCMBgxFjAUBgNVBAMTDXRlc3Rjb21tdW5pdHkwHhcNMjQwMzIyMjA1ODAyWhcNMzAwMjAxMDUwMDAwWjBJMUcwRQYDVQQDEz4yb3R3anJzeDNwY2Y2ZHZqaGVvbDZ2MnhjdWk2bjZxbjRyZmtpcGUyb2gzdnlpYml6aXI0NmRpZC5vbmlvbjBZMBMGByqGSM49AgEGCCqGSM49AwEHA0IABIDLP9EC/rURDt9LLdZud0ilpf3OL6vYE82wXt6HZPLOU1Qipn5kYGsM84/h5r6VjAAZhzShtImDCIVFq1pFqsijggInMIICIzAJBgNVHRMEAjAAMAsGA1UdDwQEAwIAgDAdBgNVHSUEFjAUBggrBgEFBQcDAgYIKwYBBQUHAwEwggFHBgkqhkiG9w0BCQwEggE4BIIBNBVYC2xWjfoCjuAKn47P4DT7c/lfb4J8JjhLiIqR2EshMomS+z5kbrcdO/PdMLOOEsC2BCgwWryynxdWkmtTDi6bP2zFltgwzp4E1Rsmlrn4fDmgc8RiC9/NeQWSyRfVU4BLsiWzqt/ly2TI9n3RI1x00b2FESmbXPzuxR2BuZjnO0E8JF3fY0PLTGGfOcFiXUd2SxlmH5666ZUE3ZAKvR+wxB+Dk8qSUmI74TAawwGXhTntZx1ZCVNeLDtsda3PV9RkDGJiwuFsS3MHXMlIdWlzhHr91aa0EUI2hc55NFByt9659atemBOc3Pt4YRdNxThkqLPAzMkMt6NdP6dXziPaFUpBaSpceTsmV89bhulLZrfIbabRK+KxOI5vcuvq+Q15uZyI0mSGzYF4fW6Mcl+yrzpJMBUGCisGAQQBg4wbAgEEBxMFb3duZXIwPQYJKwYBAgEPAwEBBDATLlFtVHBObWl4c2ZVU0hCbTN2V3Z2dVRrZ3QySGRYYzFzWWlCUnc0cE1Sbjg4R1IwSQYDVR0RBEIwQII+Mm90d2pyc3gzcGNmNmR2amhlb2w2djJ4Y3VpNm42cW40cmZraXBlMm9oM3Z5aWJpemlyNDZkaWQub25pb24wCgYIKoZIzj0EAwIDSAAwRQIgWqJ9o/N5ex2cAS7rD6kKFybaQ14UuGzKexMIi7W2qm0CIQC0Ldt0YfPCRQ3ZpRhZ5h+Hb7/orQR4DpFjpDZZcrRZEw=='
    }
    2024-03-22T20:58:51.403Z backend:CertificatesStore Valid certificates: 0
    2024-03-22T20:58:51.404Z backend:RegistrationService Not issuing certificates due to missing perms data
    2024-03-22T20:58:51.404Z backend:RegistrationService Finished issuing certificates
[2m[22m
[2m      [2mat Socket.<anonymous> ([22m[2msrc/utils.ts[2m:159:15)[22m[2m[22m
  [2mconsole.log[22m
    [e2e_4cc1hr73df40]: 2024-03-22T20:58:51.406Z backend:SocketService On addCsr
[2m[22m
[2m      [2mat Socket.<anonymous> ([22m[2msrc/utils.ts[2m:159:15)[22m[2m[22m
  [2mconsole.log[22m
    [e2e_4cc1hr73df40]: 2024-03-22T20:58:51.406Z backend:ConnectionsManagerService socketService - addCsr
[2m[22m
[2m      [2mat Socket.<anonymous> ([22m[2msrc/utils.ts[2m:159:15)[22m[2m[22m
  [2mconsole.log[22m
    [e2e_4cc1hr73df40]: 2024-03-22T20:58:51.423Z backend:CommunityMetadataStore Replicated community metadata
[2m[22m
[2m      [2mat Socket.<anonymous> ([22m[2msrc/utils.ts[2m:159:15)[22m[2m[22m
  [2mconsole.log[22m
    [e2e_4cc1hr73df40]: 2024-03-22T20:58:51.427Z backend:CertificatesRequestsStore Added CSR to database
[2m[22m
[2m      [2mat Socket.<anonymous> ([22m[2msrc/utils.ts[2m:159:15)[22m[2m[22m
  [2mconsole.log[22m
    [e2e_4cc1hr73df40]: 2024-03-22T20:58:51.432Z backend:ConnectionsManagerService Storage - communityMetadataStored: [object Object]
[2m[22m
[2m      [2mat Socket.<anonymous> ([22m[2msrc/utils.ts[2m:159:15)[22m[2m[22m
  [2mconsole.log[22m
    [e2e_4cc1hr73df40]: 2024-03-22T20:58:51.433Z backend:CertificatesRequestsStore DuplicatedCertBug {
      allEntries: [
        'MIIDIjCCAscCAQAwSTFHMEUGA1UEAxM+Mm90d2pyc3gzcGNmNmR2amhlb2w2djJ4Y3VpNm42cW40cmZraXBlMm9oM3Z5aWJpemlyNDZkaWQub25pb24wWTATBgcqhkjOPQIBBggqhkjOPQMBBwNCAASAyz/RAv61EQ7fSy3WbndIpaX9zi+r2BPNsF7eh2TyzlNUIqZ+ZGBrDPOP4ea+lYwAGYc0obSJgwiFRataRarIoIICGjAuBgkqhkiG9w0BCQ4xITAfMB0GA1UdDgQWBBRAQ+c+nMaAWHjxud5tJL3peqMp1zCCAUcGCSqGSIb3DQEJDDGCATgEggE0FVgLbFaN+gKO4Aqfjs/gNPtz+V9vgnwmOEuIipHYSyEyiZL7PmRutx07890ws44SwLYEKDBavLKfF1aSa1MOLps/bMWW2DDOngTVGyaWufh8OaBzxGIL3815BZLJF9VTgEuyJbOq3+XLZMj2fdEjXHTRvYURKZtc/O7FHYG5mOc7QTwkXd9jQ8tMYZ85wWJdR3ZLGWYfnrrplQTdkAq9H7DEH4OTypJSYjvhMBrDAZeFOe1nHVkJU14sO2x1rc9X1GQMYmLC4WxLcwdcyUh1aXOEev3VprQRQjaFznk0UHK33rn1q16YE5zc+3hhF03FOGSos8DMyQy3o10/p1fOI9oVSkFpKlx5OyZXz1uG6Utmt8htptEr4rE4jm9y6+r5DXm5nIjSZIbNgXh9boxyX7KvOkkwFQYKKwYBBAGDjBsCATEHEwVvd25lcjA9BgkrBgECAQ8DAQExMBMuUW1UcE5taXhzZlVTSEJtM3ZXdnZ1VGtndDJIZFhjMXNZaUJSdzRwTVJuODhHUjBHBgNVHRExQBM+Mm90d2pyc3gzcGNmNmR2amhlb2w2djJ4Y3VpNm42cW40cmZraXBlMm9oM3Z5aWJpemlyNDZkaWQub25pb24wCgYIKoZIzj0EAwIDSQAwRgIhAOK6Uac+lomfbGsOpT+M1/mZLNGmQ6uPXE4blwkpyla2AiEApkT1IJjfMgcYl613arLQ4nUrieyCoz8W8U+EWt1HhGM=',
        'MIIDKjCCAtACAQAwSTFHMEUGA1UEAxM+aWx5bTJleXB0eTVnbWFzcnB3djV0bjI1aWhsNnp3YnU3dDN5aXM3aTNhbzNwamRlbXR3NXAyYWQub25pb24wWTATBgcqhkjOPQIBBggqhkjOPQMBBwNCAASAc6Q7kSitT6fyLxEFZGkuuzNa9jtKyJR7X+dlJEEmw5Lt9tZZh33x2EjtrubvNXQ6o2Ok0bbirf38mNxlDpvYoIICIzAuBgkqhkiG9w0BCQ4xITAfMB0GA1UdDgQWBBSq+CkgQPuUKSTjGI+UdK61eLe3xzCCAUcGCSqGSIb3DQEJDDGCATgEggE0LxHEGHtvKSiDcFtzFUkCL4n71xN5ZfTPdAbFO34bUN1lRH9B8vVRIllPt7t78Us1jAQc0SbkZj/lmZdb/FlgjytUXwQCyU/4P+/XWsScrvD5iOkhipLZ9OBC6Z+Kxr8gHijlP8E/2VEDWp2TEI4y4PalusR0aiEkMK9G+aFPenTi6/7oUDZa5ePoBlSn4dtDiMkb9WT9fTv4W033G1PhszK8SEV7gM0ZlHyrt9vsThXW46jW1UhJfUZfQ4IzUAHZyfKlhux2mG3PIshCDI3fVIIu72b1YKV7ixkY39G8cq3B8pjCk7wLpVop7Bz8Ke9lf0qRL/cTsBcRYv5pH1B8L16tCHA/ZnYupxd++5vygxoK/F96rU5YuNpG2Xc4YhfW7/7u/CRECz1pIinU7Eanm0OPKUIwHgYKKwYBBAGDjBsCATEQEw51c2VyLWpvaW5pbmctMTA9BgkrBgECAQ8DAQExMBMuUW1aTFc2eTVtOGJyb1l1dEc0b2cyeW1YUlpVRGN4VmhkZ0hoaUtZS2hxdVVOcDBHBgNVHRExQBM+aWx5bTJleXB0eTVnbWFzcnB3djV0bjI1aWhsNnp3YnU3dDN5aXM3aTNhbzNwamRlbXR3NXAyYWQub25pb24wCgYIKoZIzj0EAwIDSAAwRQIhAJclKaxQLhPy8NHDIbipEmjrVtOqp7aXhzB9Wu8r3T/LAiB7+RGRT1sFjUy5Wk+IZTZ7I3xf1gi+PN9FCRngURsyyA=='
      ]
    }
[2m[22m
[2m      [2mat Socket.<anonymous> ([22m[2msrc/utils.ts[2m:159:15)[22m[2m[22m
  [2mconsole.log[22m
    [e2e_4cc1hr73df40]: 2024-03-22T20:58:51.433Z backend:CertificatesRequestsStore DuplicatedCertBug {
      allCsrsUnique: [
        'MIIDIjCCAscCAQAwSTFHMEUGA1UEAxM+Mm90d2pyc3gzcGNmNmR2amhlb2w2djJ4Y3VpNm42cW40cmZraXBlMm9oM3Z5aWJpemlyNDZkaWQub25pb24wWTATBgcqhkjOPQIBBggqhkjOPQMBBwNCAASAyz/RAv61EQ7fSy3WbndIpaX9zi+r2BPNsF7eh2TyzlNUIqZ+ZGBrDPOP4ea+lYwAGYc0obSJgwiFRataRarIoIICGjAuBgkqhkiG9w0BCQ4xITAfMB0GA1UdDgQWBBRAQ+c+nMaAWHjxud5tJL3peqMp1zCCAUcGCSqGSIb3DQEJDDGCATgEggE0FVgLbFaN+gKO4Aqfjs/gNPtz+V9vgnwmOEuIipHYSyEyiZL7PmRutx07890ws44SwLYEKDBavLKfF1aSa1MOLps/bMWW2DDOngTVGyaWufh8OaBzxGIL3815BZLJF9VTgEuyJbOq3+XLZMj2fdEjXHTRvYURKZtc/O7FHYG5mOc7QTwkXd9jQ8tMYZ85wWJdR3ZLGWYfnrrplQTdkAq9H7DEH4OTypJSYjvhMBrDAZeFOe1nHVkJU14sO2x1rc9X1GQMYmLC4WxLcwdcyUh1aXOEev3VprQRQjaFznk0UHK33rn1q16YE5zc+3hhF03FOGSos8DMyQy3o10/p1fOI9oVSkFpKlx5OyZXz1uG6Utmt8htptEr4rE4jm9y6+r5DXm5nIjSZIbNgXh9boxyX7KvOkkwFQYKKwYBBAGDjBsCATEHEwVvd25lcjA9BgkrBgECAQ8DAQExMBMuUW1UcE5taXhzZlVTSEJtM3ZXdnZ1VGtndDJIZFhjMXNZaUJSdzRwTVJuODhHUjBHBgNVHRExQBM+Mm90d2pyc3gzcGNmNmR2amhlb2w2djJ4Y3VpNm42cW40cmZraXBlMm9oM3Z5aWJpemlyNDZkaWQub25pb24wCgYIKoZIzj0EAwIDSQAwRgIhAOK6Uac+lomfbGsOpT+M1/mZLNGmQ6uPXE4blwkpyla2AiEApkT1IJjfMgcYl613arLQ4nUrieyCoz8W8U+EWt1HhGM=',
        'MIIDKjCCAtACAQAwSTFHMEUGA1UEAxM+aWx5bTJleXB0eTVnbWFzcnB3djV0bjI1aWhsNnp3YnU3dDN5aXM3aTNhbzNwamRlbXR3NXAyYWQub25pb24wWTATBgcqhkjOPQIBBggqhkjOPQMBBwNCAASAc6Q7kSitT6fyLxEFZGkuuzNa9jtKyJR7X+dlJEEmw5Lt9tZZh33x2EjtrubvNXQ6o2Ok0bbirf38mNxlDpvYoIICIzAuBgkqhkiG9w0BCQ4xITAfMB0GA1UdDgQWBBSq+CkgQPuUKSTjGI+UdK61eLe3xzCCAUcGCSqGSIb3DQEJDDGCATgEggE0LxHEGHtvKSiDcFtzFUkCL4n71xN5ZfTPdAbFO34bUN1lRH9B8vVRIllPt7t78Us1jAQc0SbkZj/lmZdb/FlgjytUXwQCyU/4P+/XWsScrvD5iOkhipLZ9OBC6Z+Kxr8gHijlP8E/2VEDWp2TEI4y4PalusR0aiEkMK9G+aFPenTi6/7oUDZa5ePoBlSn4dtDiMkb9WT9fTv4W033G1PhszK8SEV7gM0ZlHyrt9vsThXW46jW1UhJfUZfQ4IzUAHZyfKlhux2mG3PIshCDI3fVIIu72b1YKV7ixkY39G8cq3B8pjCk7wLpVop7Bz8Ke9lf0qRL/cTsBcRYv5pH1B8L16tCHA/ZnYupxd++5vygxoK/F96rU5YuNpG2Xc4YhfW7/7u/CRECz1pIinU7Eanm0OPKUIwHgYKKwYBBAGDjBsCATEQEw51c2VyLWpvaW5pbmctMTA9BgkrBgECAQ8DAQExMBMuUW1aTFc2eTVtOGJyb1l1dEc0b2cyeW1YUlpVRGN4VmhkZ0hoaUtZS2hxdVVOcDBHBgNVHRExQBM+aWx5bTJleXB0eTVnbWFzcnB3djV0bjI1aWhsNnp3YnU3dDN5aXM3aTNhbzNwamRlbXR3NXAyYWQub25pb24wCgYIKoZIzj0EAwIDSAAwRQIhAJclKaxQLhPy8NHDIbipEmjrVtOqp7aXhzB9Wu8r3T/LAiB7+RGRT1sFjUy5Wk+IZTZ7I3xf1gi+PN9FCRngURsyyA=='
      ]
    }
[2m[22m
[2m      [2mat Socket.<anonymous> ([22m[2msrc/utils.ts[2m:159:15)[22m[2m[22m
  [2mconsole.log[22m
    [e2e_4cc1hr73df40]: 2024-03-22T20:58:51.435Z backend:CertificatesRequestsStore DuplicatedCertBug [...filteredCsrsMap.values()] [
      'MIIDIjCCAscCAQAwSTFHMEUGA1UEAxM+Mm90d2pyc3gzcGNmNmR2amhlb2w2djJ4Y3VpNm42cW40cmZraXBlMm9oM3Z5aWJpemlyNDZkaWQub25pb24wWTATBgcqhkjOPQIBBggqhkjOPQMBBwNCAASAyz/RAv61EQ7fSy3WbndIpaX9zi+r2BPNsF7eh2TyzlNUIqZ+ZGBrDPOP4ea+lYwAGYc0obSJgwiFRataRarIoIICGjAuBgkqhkiG9w0BCQ4xITAfMB0GA1UdDgQWBBRAQ+c+nMaAWHjxud5tJL3peqMp1zCCAUcGCSqGSIb3DQEJDDGCATgEggE0FVgLbFaN+gKO4Aqfjs/gNPtz+V9vgnwmOEuIipHYSyEyiZL7PmRutx07890ws44SwLYEKDBavLKfF1aSa1MOLps/bMWW2DDOngTVGyaWufh8OaBzxGIL3815BZLJF9VTgEuyJbOq3+XLZMj2fdEjXHTRvYURKZtc/O7FHYG5mOc7QTwkXd9jQ8tMYZ85wWJdR3ZLGWYfnrrplQTdkAq9H7DEH4OTypJSYjvhMBrDAZeFOe1nHVkJU14sO2x1rc9X1GQMYmLC4WxLcwdcyUh1aXOEev3VprQRQjaFznk0UHK33rn1q16YE5zc+3hhF03FOGSos8DMyQy3o10/p1fOI9oVSkFpKlx5OyZXz1uG6Utmt8htptEr4rE4jm9y6+r5DXm5nIjSZIbNgXh9boxyX7KvOkkwFQYKKwYBBAGDjBsCATEHEwVvd25lcjA9BgkrBgECAQ8DAQExMBMuUW1UcE5taXhzZlVTSEJtM3ZXdnZ1VGtndDJIZFhjMXNZaUJSdzRwTVJuODhHUjBHBgNVHRExQBM+Mm90d2pyc3gzcGNmNmR2amhlb2w2djJ4Y3VpNm42cW40cmZraXBlMm9oM3Z5aWJpemlyNDZkaWQub25pb24wCgYIKoZIzj0EAwIDSQAwRgIhAOK6Uac+lomfbGsOpT+M1/mZLNGmQ6uPXE4blwkpyla2AiEApkT1IJjfMgcYl613arLQ4nUrieyCoz8W8U+EWt1HhGM=',
      'MIIDKjCCAtACAQAwSTFHMEUGA1UEAxM+aWx5bTJleXB0eTVnbWFzcnB3djV0bjI1aWhsNnp3YnU3dDN5aXM3aTNhbzNwamRlbXR3NXAyYWQub25pb24wWTATBgcqhkjOPQIBBggqhkjOPQMBBwNCAASAc6Q7kSitT6fyLxEFZGkuuzNa9jtKyJR7X+dlJEEmw5Lt9tZZh33x2EjtrubvNXQ6o2Ok0bbirf38mNxlDpvYoIICIzAuBgkqhkiG9w0BCQ4xITAfMB0GA1UdDgQWBBSq+CkgQPuUKSTjGI+UdK61eLe3xzCCAUcGCSqGSIb3DQEJDDGCATgEggE0LxHEGHtvKSiDcFtzFUkCL4n71xN5ZfTPdAbFO34bUN1lRH9B8vVRIllPt7t78Us1jAQc0SbkZj/lmZdb/FlgjytUXwQCyU/4P+/XWsScrvD5iOkhipLZ9OBC6Z+Kxr8gHijlP8E/2VEDWp2TEI4y4PalusR0aiEkMK9G+aFPenTi6/7oUDZa5ePoBlSn4dtDiMkb9WT9fTv4W033G1PhszK8SEV7gM0ZlHyrt9vsThXW46jW1UhJfUZfQ4IzUAHZyfKlhux2mG3PIshCDI3fVIIu72b1YKV7ixkY39G8cq3B8pjCk7wLpVop7Bz8Ke9lf0qRL/cTsBcRYv5pH1B8L16tCHA/ZnYupxd++5vygxoK/F96rU5YuNpG2Xc4YhfW7/7u/CRECz1pIinU7Eanm0OPKUIwHgYKKwYBBAGDjBsCATEQEw51c2VyLWpvaW5pbmctMTA9BgkrBgECAQ8DAQExMBMuUW1aTFc2eTVtOGJyb1l1dEc0b2cyeW1YUlpVRGN4VmhkZ0hoaUtZS2hxdVVOcDBHBgNVHRExQBM+aWx5bTJleXB0eTVnbWFzcnB3djV0bjI1aWhsNnp3YnU3dDN5aXM3aTNhbzNwamRlbXR3NXAyYWQub25pb24wCgYIKoZIzj0EAwIDSAAwRQIhAJclKaxQLhPy8NHDIbipEmjrVtOqp7aXhzB9Wu8r3T/LAiB7+RGRT1sFjUy5Wk+IZTZ7I3xf1gi+PN9FCRngURsyyA=='
    ]
[2m[22m
[2m      [2mat Socket.<anonymous> ([22m[2msrc/utils.ts[2m:159:15)[22m[2m[22m
  [2mconsole.log[22m
    [e2e_4cc1hr73df40]: 2024-03-22T20:58:51.435Z backend:ConnectionsManagerService Storage - csrsStored
[2m[22m
[2m      [2mat Socket.<anonymous> ([22m[2msrc/utils.ts[2m:159:15)[22m[2m[22m
  [2mconsole.log[22m
    [e2e_4cc1hr73df40]: 2024-03-22T20:58:51.436Z backend:StorageService csrs count: 2
[2m[22m
[2m      [2mat Socket.<anonymous> ([22m[2msrc/utils.ts[2m:159:15)[22m[2m[22m
  [2mconsole.log[22m
    stdout:
    updatePeersList, peers count: 2
[2m[22m
[2m      [2mat Socket.<anonymous> ([22m[2msrc/utils.ts[2m:149:15)[22m[2m[22m
  [2mconsole.log[22m
    [e2e_4cc1hr73df40]: 2024-03-22T20:58:51.437Z backend:Libp2pService Dialing 1 addresses
    2024-03-22T20:58:51.437Z backend:ProcessInChunksService Updating data with 1 items
    2024-03-22T20:58:51.437Z backend:ProcessInChunksService Processing 1 items
    2024-03-22T20:58:51.437Z backend:RegistrationService Trying to issue certificates false [
      {
        csrs: [
          'MIIDIjCCAscCAQAwSTFHMEUGA1UEAxM+Mm90d2pyc3gzcGNmNmR2amhlb2w2djJ4Y3VpNm42cW40cmZraXBlMm9oM3Z5aWJpemlyNDZkaWQub25pb24wWTATBgcqhkjOPQIBBggqhkjOPQMBBwNCAASAyz/RAv61EQ7fSy3WbndIpaX9zi+r2BPNsF7eh2TyzlNUIqZ+ZGBrDPOP4ea+lYwAGYc0obSJgwiFRataRarIoIICGjAuBgkqhkiG9w0BCQ4xITAfMB0GA1UdDgQWBBRAQ+c+nMaAWHjxud5tJL3peqMp1zCCAUcGCSqGSIb3DQEJDDGCATgEggE0FVgLbFaN+gKO4Aqfjs/gNPtz+V9vgnwmOEuIipHYSyEyiZL7PmRutx07890ws44SwLYEKDBavLKfF1aSa1MOLps/bMWW2DDOngTVGyaWufh8OaBzxGIL3815BZLJF9VTgEuyJbOq3+XLZMj2fdEjXHTRvYURKZtc/O7FHYG5mOc7QTwkXd9jQ8tMYZ85wWJdR3ZLGWYfnrrplQTdkAq9H7DEH4OTypJSYjvhMBrDAZeFOe1nHVkJU14sO2x1rc9X1GQMYmLC4WxLcwdcyUh1aXOEev3VprQRQjaFznk0UHK33rn1q16YE5zc+3hhF03FOGSos8DMyQy3o10/p1fOI9oVSkFpKlx5OyZXz1uG6Utmt8htptEr4rE4jm9y6+r5DXm5nIjSZIbNgXh9boxyX7KvOkkwFQYKKwYBBAGDjBsCATEHEwVvd25lcjA9BgkrBgECAQ8DAQExMBMuUW1UcE5taXhzZlVTSEJtM3ZXdnZ1VGtndDJIZFhjMXNZaUJSdzRwTVJuODhHUjBHBgNVHRExQBM+Mm90d2pyc3gzcGNmNmR2amhlb2w2djJ4Y3VpNm42cW40cmZraXBlMm9oM3Z5aWJpemlyNDZkaWQub25pb24wCgYIKoZIzj0EAwIDSQAwRgIhAOK6Uac+lomfbGsOpT+M1/mZLNGmQ6uPXE4blwkpyla2AiEApkT1IJjfMgcYl613arLQ4nUrieyCoz8W8U+EWt1HhGM=',
          'MIIDKjCCAtACAQAwSTFHMEUGA1UEAxM+aWx5bTJleXB0eTVnbWFzcnB3djV0bjI1aWhsNnp3YnU3dDN5aXM3aTNhbzNwamRlbXR3NXAyYWQub25pb24wWTATBgcqhkjOPQIBBggqhkjOPQMBBwNCAASAc6Q7kSitT6fyLxEFZGkuuzNa9jtKyJR7X+dlJEEmw5Lt9tZZh33x2EjtrubvNXQ6o2Ok0bbirf38mNxlDpvYoIICIzAuBgkqhkiG9w0BCQ4xITAfMB0GA1UdDgQWBBSq+CkgQPuUKSTjGI+UdK61eLe3xzCCAUcGCSqGSIb3DQEJDDGCATgEggE0LxHEGHtvKSiDcFtzFUkCL4n71xN5ZfTPdAbFO34bUN1lRH9B8vVRIllPt7t78Us1jAQc0SbkZj/lmZdb/FlgjytUXwQCyU/4P+/XWsScrvD5iOkhipLZ9OBC6Z+Kxr8gHijlP8E/2VEDWp2TEI4y4PalusR0aiEkMK9G+aFPenTi6/7oUDZa5ePoBlSn4dtDiMkb9WT9fTv4W033G1PhszK8SEV7gM0ZlHyrt9vsThXW46jW1UhJfUZfQ4IzUAHZyfKlhux2mG3PIshCDI3fVIIu72b1YKV7ixkY39G8cq3B8pjCk7wLpVop7Bz8Ke9lf0qRL/cTsBcRYv5pH1B8L16tCHA/ZnYupxd++5vygxoK/F96rU5YuNpG2Xc4YhfW7/7u/CRECz1pIinU7Eanm0OPKUIwHgYKKwYBBAGDjBsCATEQEw51c2VyLWpvaW5pbmctMTA9BgkrBgECAQ8DAQExMBMuUW1aTFc2eTVtOGJyb1l1dEc0b2cyeW1YUlpVRGN4VmhkZ0hoaUtZS2hxdVVOcDBHBgNVHRExQBM+aWx5bTJleXB0eTVnbWFzcnB3djV0bjI1aWhsNnp3YnU3dDN5aXM3aTNhbzNwamRlbXR3NXAyYWQub25pb24wCgYIKoZIzj0EAwIDSAAwRQIhAJclKaxQLhPy8NHDIbipEmjrVtOqp7aXhzB9Wu8r3T/LAiB7+RGRT1sFjUy5Wk+IZTZ7I3xf1gi+PN9FCRngURsyyA=='
        ]
      }
    ]
    2024-03-22T20:58:51.438Z backend:RegistrationService Issuing certificates {
      csrs: [
        'MIIDIjCCAscCAQAwSTFHMEUGA1UEAxM+Mm90d2pyc3gzcGNmNmR2amhlb2w2djJ4Y3VpNm42cW40cmZraXBlMm9oM3Z5aWJpemlyNDZkaWQub25pb24wWTATBgcqhkjOPQIBBggqhkjOPQMBBwNCAASAyz/RAv61EQ7fSy3WbndIpaX9zi+r2BPNsF7eh2TyzlNUIqZ+ZGBrDPOP4ea+lYwAGYc0obSJgwiFRataRarIoIICGjAuBgkqhkiG9w0BCQ4xITAfMB0GA1UdDgQWBBRAQ+c+nMaAWHjxud5tJL3peqMp1zCCAUcGCSqGSIb3DQEJDDGCATgEggE0FVgLbFaN+gKO4Aqfjs/gNPtz+V9vgnwmOEuIipHYSyEyiZL7PmRutx07890ws44SwLYEKDBavLKfF1aSa1MOLps/bMWW2DDOngTVGyaWufh8OaBzxGIL3815BZLJF9VTgEuyJbOq3+XLZMj2fdEjXHTRvYURKZtc/O7FHYG5mOc7QTwkXd9jQ8tMYZ85wWJdR3ZLGWYfnrrplQTdkAq9H7DEH4OTypJSYjvhMBrDAZeFOe1nHVkJU14sO2x1rc9X1GQMYmLC4WxLcwdcyUh1aXOEev3VprQRQjaFznk0UHK33rn1q16YE5zc+3hhF03FOGSos8DMyQy3o10/p1fOI9oVSkFpKlx5OyZXz1uG6Utmt8htptEr4rE4jm9y6+r5DXm5nIjSZIbNgXh9boxyX7KvOkkwFQYKKwYBBAGDjBsCATEHEwVvd25lcjA9BgkrBgECAQ8DAQExMBMuUW1UcE5taXhzZlVTSEJtM3ZXdnZ1VGtndDJIZFhjMXNZaUJSdzRwTVJuODhHUjBHBgNVHRExQBM+Mm90d2pyc3gzcGNmNmR2amhlb2w2djJ4Y3VpNm42cW40cmZraXBlMm9oM3Z5aWJpemlyNDZkaWQub25pb24wCgYIKoZIzj0EAwIDSQAwRgIhAOK6Uac+lomfbGsOpT+M1/mZLNGmQ6uPXE4blwkpyla2AiEApkT1IJjfMgcYl613arLQ4nUrieyCoz8W8U+EWt1HhGM=',
        'MIIDKjCCAtACAQAwSTFHMEUGA1UEAxM+aWx5bTJleXB0eTVnbWFzcnB3djV0bjI1aWhsNnp3YnU3dDN5aXM3aTNhbzNwamRlbXR3NXAyYWQub25pb24wWTATBgcqhkjOPQIBBggqhkjOPQMBBwNCAASAc6Q7kSitT6fyLxEFZGkuuzNa9jtKyJR7X+dlJEEmw5Lt9tZZh33x2EjtrubvNXQ6o2Ok0bbirf38mNxlDpvYoIICIzAuBgkqhkiG9w0BCQ4xITAfMB0GA1UdDgQWBBSq+CkgQPuUKSTjGI+UdK61eLe3xzCCAUcGCSqGSIb3DQEJDDGCATgEggE0LxHEGHtvKSiDcFtzFUkCL4n71xN5ZfTPdAbFO34bUN1lRH9B8vVRIllPt7t78Us1jAQc0SbkZj/lmZdb/FlgjytUXwQCyU/4P+/XWsScrvD5iOkhipLZ9OBC6Z+Kxr8gHijlP8E/2VEDWp2TEI4y4PalusR0aiEkMK9G+aFPenTi6/7oUDZa5ePoBlSn4dtDiMkb9WT9fTv4W033G1PhszK8SEV7gM0ZlHyrt9vsThXW46jW1UhJfUZfQ4IzUAHZyfKlhux2mG3PIshCDI3fVIIu72b1YKV7ixkY39G8cq3B8pjCk7wLpVop7Bz8Ke9lf0qRL/cTsBcRYv5pH1B8L16tCHA/ZnYupxd++5vygxoK/F96rU5YuNpG2Xc4YhfW7/7u/CRECz1pIinU7Eanm0OPKUIwHgYKKwYBBAGDjBsCATEQEw51c2VyLWpvaW5pbmctMTA9BgkrBgECAQ8DAQExMBMuUW1aTFc2eTVtOGJyb1l1dEc0b2cyeW1YUlpVRGN4VmhkZ0hoaUtZS2hxdVVOcDBHBgNVHRExQBM+aWx5bTJleXB0eTVnbWFzcnB3djV0bjI1aWhsNnp3YnU3dDN5aXM3aTNhbzNwamRlbXR3NXAyYWQub25pb24wCgYIKoZIzj0EAwIDSAAwRQIhAJclKaxQLhPy8NHDIbipEmjrVtOqp7aXhzB9Wu8r3T/LAiB7+RGRT1sFjUy5Wk+IZTZ7I3xf1gi+PN9FCRngURsyyA=='
      ]
    }
    2024-03-22T20:58:51.438Z backend:StorageService Loading all certificates
[2m[22m
[2m      [2mat Socket.<anonymous> ([22m[2msrc/utils.ts[2m:159:15)[22m[2m[22m
  [2mconsole.log[22m
    [e2e_4cc1hr73df40]: 2024-03-22T20:58:51.438Z backend:ProcessInChunksService Processing /dns4/ilym2eypty5gmasrpwv5tn25ihl6zwbu7t3yis7i3ao3pjdemtw5p2ad.onion/tcp/80/ws/p2p/QmZLW6y5m8broYutG4og2ymXRZUDcxVhdgHhiKYKhquUNp failed, message: Tried to dial self
[2m[22m
[2m      [2mat Socket.<anonymous> ([22m[2msrc/utils.ts[2m:159:15)[22m[2m[22m
  [2mconsole.log[22m
    [e2e_4cc1hr73df40]: 2024-03-22T20:58:51.440Z backend:CertificatesRequestsStore DuplicatedCertBug {
      validation: true,
      csr: 'MIIDIjCCAscCAQAwSTFHMEUGA1UEAxM+Mm90d2pyc3gzcGNmNmR2amhlb2w2djJ4Y3VpNm42cW40cmZraXBlMm9oM3Z5aWJpemlyNDZkaWQub25pb24wWTATBgcqhkjOPQIBBggqhkjOPQMBBwNCAASAyz/RAv61EQ7fSy3WbndIpaX9zi+r2BPNsF7eh2TyzlNUIqZ+ZGBrDPOP4ea+lYwAGYc0obSJgwiFRataRarIoIICGjAuBgkqhkiG9w0BCQ4xITAfMB0GA1UdDgQWBBRAQ+c+nMaAWHjxud5tJL3peqMp1zCCAUcGCSqGSIb3DQEJDDGCATgEggE0FVgLbFaN+gKO4Aqfjs/gNPtz+V9vgnwmOEuIipHYSyEyiZL7PmRutx07890ws44SwLYEKDBavLKfF1aSa1MOLps/bMWW2DDOngTVGyaWufh8OaBzxGIL3815BZLJF9VTgEuyJbOq3+XLZMj2fdEjXHTRvYURKZtc/O7FHYG5mOc7QTwkXd9jQ8tMYZ85wWJdR3ZLGWYfnrrplQTdkAq9H7DEH4OTypJSYjvhMBrDAZeFOe1nHVkJU14sO2x1rc9X1GQMYmLC4WxLcwdcyUh1aXOEev3VprQRQjaFznk0UHK33rn1q16YE5zc+3hhF03FOGSos8DMyQy3o10/p1fOI9oVSkFpKlx5OyZXz1uG6Utmt8htptEr4rE4jm9y6+r5DXm5nIjSZIbNgXh9boxyX7KvOkkwFQYKKwYBBAGDjBsCATEHEwVvd25lcjA9BgkrBgECAQ8DAQExMBMuUW1UcE5taXhzZlVTSEJtM3ZXdnZ1VGtndDJIZFhjMXNZaUJSdzRwTVJuODhHUjBHBgNVHRExQBM+Mm90d2pyc3gzcGNmNmR2amhlb2w2djJ4Y3VpNm42cW40cmZraXBlMm9oM3Z5aWJpemlyNDZkaWQub25pb24wCgYIKoZIzj0EAwIDSQAwRgIhAOK6Uac+lomfbGsOpT+M1/mZLNGmQ6uPXE4blwkpyla2AiEApkT1IJjfMgcYl613arLQ4nUrieyCoz8W8U+EWt1HhGM='
    }
[2m[22m
[2m      [2mat Socket.<anonymous> ([22m[2msrc/utils.ts[2m:159:15)[22m[2m[22m
  [2mconsole.log[22m
    [e2e_4cc1hr73df40]: 2024-03-22T20:58:51.442Z backend:CertificatesStore DuplicatedCertBug {
      validation: true,
      certificate: 'MIIDfjCCAySgAwIBAgIGAY5n9NT0MAoGCCqGSM49BAMCMBgxFjAUBgNVBAMTDXRlc3Rjb21tdW5pdHkwHhcNMjQwMzIyMjA1ODAyWhcNMzAwMjAxMDUwMDAwWjBJMUcwRQYDVQQDEz4yb3R3anJzeDNwY2Y2ZHZqaGVvbDZ2MnhjdWk2bjZxbjRyZmtpcGUyb2gzdnlpYml6aXI0NmRpZC5vbmlvbjBZMBMGByqGSM49AgEGCCqGSM49AwEHA0IABIDLP9EC/rURDt9LLdZud0ilpf3OL6vYE82wXt6HZPLOU1Qipn5kYGsM84/h5r6VjAAZhzShtImDCIVFq1pFqsijggInMIICIzAJBgNVHRMEAjAAMAsGA1UdDwQEAwIAgDAdBgNVHSUEFjAUBggrBgEFBQcDAgYIKwYBBQUHAwEwggFHBgkqhkiG9w0BCQwEggE4BIIBNBVYC2xWjfoCjuAKn47P4DT7c/lfb4J8JjhLiIqR2EshMomS+z5kbrcdO/PdMLOOEsC2BCgwWryynxdWkmtTDi6bP2zFltgwzp4E1Rsmlrn4fDmgc8RiC9/NeQWSyRfVU4BLsiWzqt/ly2TI9n3RI1x00b2FESmbXPzuxR2BuZjnO0E8JF3fY0PLTGGfOcFiXUd2SxlmH5666ZUE3ZAKvR+wxB+Dk8qSUmI74TAawwGXhTntZx1ZCVNeLDtsda3PV9RkDGJiwuFsS3MHXMlIdWlzhHr91aa0EUI2hc55NFByt9659atemBOc3Pt4YRdNxThkqLPAzMkMt6NdP6dXziPaFUpBaSpceTsmV89bhulLZrfIbabRK+KxOI5vcuvq+Q15uZyI0mSGzYF4fW6Mcl+yrzpJMBUGCisGAQQBg4wbAgEEBxMFb3duZXIwPQYJKwYBAgEPAwEBBDATLlFtVHBObWl4c2ZVU0hCbTN2V3Z2dVRrZ3QySGRYYzFzWWlCUnc0cE1Sbjg4R1IwSQYDVR0RBEIwQII+Mm90d2pyc3gzcGNmNmR2amhlb2w2djJ4Y3VpNm42cW40cmZraXBlMm9oM3Z5aWJpemlyNDZkaWQub25pb24wCgYIKoZIzj0EAwIDSAAwRQIgWqJ9o/N5ex2cAS7rD6kKFybaQ14UuGzKexMIi7W2qm0CIQC0Ldt0YfPCRQ3ZpRhZ5h+Hb7/orQR4DpFjpDZZcrRZEw=='
    }
[2m[22m
[2m      [2mat Socket.<anonymous> ([22m[2msrc/utils.ts[2m:159:15)[22m[2m[22m
  [2mconsole.log[22m
    [e2e_4cc1hr73df40]: 2024-03-22T20:58:51.443Z backend:CertificatesStore Valid certificates: 1
    2024-03-22T20:58:51.443Z backend:ConnectionsManagerService Storage - certificatesStored
[2m[22m
[2m      [2mat Socket.<anonymous> ([22m[2msrc/utils.ts[2m:159:15)[22m[2m[22m
  [2mconsole.log[22m
    stdout:
    updatePeersList, peers count: 2
[2m[22m
[2m      [2mat Socket.<anonymous> ([22m[2msrc/utils.ts[2m:149:15)[22m[2m[22m
  [2mconsole.log[22m
    [e2e_4cc1hr73df40]: 2024-03-22T20:58:51.445Z backend:LocalDbService Local peer /dns4/ilym2eypty5gmasrpwv5tn25ihl6zwbu7t3yis7i3ao3pjdemtw5p2ad.onion/tcp/80/ws/p2p/QmZLW6y5m8broYutG4og2ymXRZUDcxVhdgHhiKYKhquUNp
[2m[22m
[2m      [2mat Socket.<anonymous> ([22m[2msrc/utils.ts[2m:159:15)[22m[2m[22m
  [2mconsole.log[22m
    [e2e_4cc1hr73df40]: 2024-03-22T20:58:51.445Z backend:LocalDbService Local peer /dns4/ilym2eypty5gmasrpwv5tn25ihl6zwbu7t3yis7i3ao3pjdemtw5p2ad.onion/tcp/80/ws/p2p/QmZLW6y5m8broYutG4og2ymXRZUDcxVhdgHhiKYKhquUNp
[2m[22m
[2m      [2mat Socket.<anonymous> ([22m[2msrc/utils.ts[2m:159:15)[22m[2m[22m
  [2mconsole.log[22m
    [e2e_4cc1hr73df40]: 2024-03-22T20:58:51.445Z backend:CertificatesStore Loaded certificates to memory
    2024-03-22T20:58:51.445Z backend:CertificatesStore All certificates: 1
    2024-03-22T20:58:51.445Z backend:CertificatesStore Valid certificates: 1
    2024-03-22T20:58:51.445Z backend:RegistrationService Not issuing certificates due to missing perms data
    2024-03-22T20:58:51.445Z backend:RegistrationService Finished issuing certificates
[2m[22m
[2m      [2mat Socket.<anonymous> ([22m[2msrc/utils.ts[2m:159:15)[22m[2m[22m
  [2mconsole.time[22m
    [e2e_4cc1hr73df40] 'user-joining-1' joining community time: 20594 ms
[2m[22m
[2m      [2mat loadNewUser ([22m[2m[0m[36msrc/tests/multipleClients.test.ts[39m[0m[2m:178:19)[22m[2m[22m
  [2mconsole.log[22m
    FETCHING CHANNEL MESSAGES!
[2m[22m
[2m      [2mat Object.<anonymous> ([22m[2m[0m[36msrc/tests/multipleClients.test.ts[39m[0m[2m:189:17)[22m[2m[22m
  [2mconsole.log[22m
    [e2e_4cc1hr73df40]: 2024-03-22T20:58:52.187Z backend:SocketService Awaiting readyness before emitting:  sendMessage
[2m[22m
[2m      [2mat Socket.<anonymous> ([22m[2msrc/utils.ts[2m:159:15)[22m[2m[22m
  [2mconsole.log[22m
    [e2e_4cc1hr73df40]: 2024-03-22T20:58:52.209Z backend:StorageService Writing to public channel db general_a7c50e5f6bb71a5bfe45107c2f1c0f08
[2m[22m
[2m      [2mat Socket.<anonymous> ([22m[2msrc/utils.ts[2m:159:15)[22m[2m[22m
  [2mconsole.log[22m
    [e2e_r4pg81niwrk]: 2024-03-22T20:58:52.428Z backend:CertificatesRequestsStore Replicated CSRs
[2m[22m
[2m      [2mat Socket.<anonymous> ([22m[2msrc/utils.ts[2m:159:15)[22m[2m[22m
  [2mconsole.log[22m
    [e2e_r4pg81niwrk]: 2024-03-22T20:58:52.430Z backend:CertificatesRequestsStore DuplicatedCertBug {
      allEntries: [
        'MIIDIjCCAscCAQAwSTFHMEUGA1UEAxM+Mm90d2pyc3gzcGNmNmR2amhlb2w2djJ4Y3VpNm42cW40cmZraXBlMm9oM3Z5aWJpemlyNDZkaWQub25pb24wWTATBgcqhkjOPQIBBggqhkjOPQMBBwNCAASAyz/RAv61EQ7fSy3WbndIpaX9zi+r2BPNsF7eh2TyzlNUIqZ+ZGBrDPOP4ea+lYwAGYc0obSJgwiFRataRarIoIICGjAuBgkqhkiG9w0BCQ4xITAfMB0GA1UdDgQWBBRAQ+c+nMaAWHjxud5tJL3peqMp1zCCAUcGCSqGSIb3DQEJDDGCATgEggE0FVgLbFaN+gKO4Aqfjs/gNPtz+V9vgnwmOEuIipHYSyEyiZL7PmRutx07890ws44SwLYEKDBavLKfF1aSa1MOLps/bMWW2DDOngTVGyaWufh8OaBzxGIL3815BZLJF9VTgEuyJbOq3+XLZMj2fdEjXHTRvYURKZtc/O7FHYG5mOc7QTwkXd9jQ8tMYZ85wWJdR3ZLGWYfnrrplQTdkAq9H7DEH4OTypJSYjvhMBrDAZeFOe1nHVkJU14sO2x1rc9X1GQMYmLC4WxLcwdcyUh1aXOEev3VprQRQjaFznk0UHK33rn1q16YE5zc+3hhF03FOGSos8DMyQy3o10/p1fOI9oVSkFpKlx5OyZXz1uG6Utmt8htptEr4rE4jm9y6+r5DXm5nIjSZIbNgXh9boxyX7KvOkkwFQYKKwYBBAGDjBsCATEHEwVvd25lcjA9BgkrBgECAQ8DAQExMBMuUW1UcE5taXhzZlVTSEJtM3ZXdnZ1VGtndDJIZFhjMXNZaUJSdzRwTVJuODhHUjBHBgNVHRExQBM+Mm90d2pyc3gzcGNmNmR2amhlb2w2djJ4Y3VpNm42cW40cmZraXBlMm9oM3Z5aWJpemlyNDZkaWQub25pb24wCgYIKoZIzj0EAwIDSQAwRgIhAOK6Uac+lomfbGsOpT+M1/mZLNGmQ6uPXE4blwkpyla2AiEApkT1IJjfMgcYl613arLQ4nUrieyCoz8W8U+EWt1HhGM=',
        'MIIDKjCCAtACAQAwSTFHMEUGA1UEAxM+aWx5bTJleXB0eTVnbWFzcnB3djV0bjI1aWhsNnp3YnU3dDN5aXM3aTNhbzNwamRlbXR3NXAyYWQub25pb24wWTATBgcqhkjOPQIBBggqhkjOPQMBBwNCAASAc6Q7kSitT6fyLxEFZGkuuzNa9jtKyJR7X+dlJEEmw5Lt9tZZh33x2EjtrubvNXQ6o2Ok0bbirf38mNxlDpvYoIICIzAuBgkqhkiG9w0BCQ4xITAfMB0GA1UdDgQWBBSq+CkgQPuUKSTjGI+UdK61eLe3xzCCAUcGCSqGSIb3DQEJDDGCATgEggE0LxHEGHtvKSiDcFtzFUkCL4n71xN5ZfTPdAbFO34bUN1lRH9B8vVRIllPt7t78Us1jAQc0SbkZj/lmZdb/FlgjytUXwQCyU/4P+/XWsScrvD5iOkhipLZ9OBC6Z+Kxr8gHijlP8E/2VEDWp2TEI4y4PalusR0aiEkMK9G+aFPenTi6/7oUDZa5ePoBlSn4dtDiMkb9WT9fTv4W033G1PhszK8SEV7gM0ZlHyrt9vsThXW46jW1UhJfUZfQ4IzUAHZyfKlhux2mG3PIshCDI3fVIIu72b1YKV7ixkY39G8cq3B8pjCk7wLpVop7Bz8Ke9lf0qRL/cTsBcRYv5pH1B8L16tCHA/ZnYupxd++5vygxoK/F96rU5YuNpG2Xc4YhfW7/7u/CRECz1pIinU7Eanm0OPKUIwHgYKKwYBBAGDjBsCATEQEw51c2VyLWpvaW5pbmctMTA9BgkrBgECAQ8DAQExMBMuUW1aTFc2eTVtOGJyb1l1dEc0b2cyeW1YUlpVRGN4VmhkZ0hoaUtZS2hxdVVOcDBHBgNVHRExQBM+aWx5bTJleXB0eTVnbWFzcnB3djV0bjI1aWhsNnp3YnU3dDN5aXM3aTNhbzNwamRlbXR3NXAyYWQub25pb24wCgYIKoZIzj0EAwIDSAAwRQIhAJclKaxQLhPy8NHDIbipEmjrVtOqp7aXhzB9Wu8r3T/LAiB7+RGRT1sFjUy5Wk+IZTZ7I3xf1gi+PN9FCRngURsyyA=='
      ]
    }
[2m[22m
[2m      [2mat Socket.<anonymous> ([22m[2msrc/utils.ts[2m:159:15)[22m[2m[22m
  [2mconsole.log[22m
    [e2e_r4pg81niwrk]: 2024-03-22T20:58:52.430Z backend:CertificatesRequestsStore DuplicatedCertBug {
      allCsrsUnique: [
        'MIIDIjCCAscCAQAwSTFHMEUGA1UEAxM+Mm90d2pyc3gzcGNmNmR2amhlb2w2djJ4Y3VpNm42cW40cmZraXBlMm9oM3Z5aWJpemlyNDZkaWQub25pb24wWTATBgcqhkjOPQIBBggqhkjOPQMBBwNCAASAyz/RAv61EQ7fSy3WbndIpaX9zi+r2BPNsF7eh2TyzlNUIqZ+ZGBrDPOP4ea+lYwAGYc0obSJgwiFRataRarIoIICGjAuBgkqhkiG9w0BCQ4xITAfMB0GA1UdDgQWBBRAQ+c+nMaAWHjxud5tJL3peqMp1zCCAUcGCSqGSIb3DQEJDDGCATgEggE0FVgLbFaN+gKO4Aqfjs/gNPtz+V9vgnwmOEuIipHYSyEyiZL7PmRutx07890ws44SwLYEKDBavLKfF1aSa1MOLps/bMWW2DDOngTVGyaWufh8OaBzxGIL3815BZLJF9VTgEuyJbOq3+XLZMj2fdEjXHTRvYURKZtc/O7FHYG5mOc7QTwkXd9jQ8tMYZ85wWJdR3ZLGWYfnrrplQTdkAq9H7DEH4OTypJSYjvhMBrDAZeFOe1nHVkJU14sO2x1rc9X1GQMYmLC4WxLcwdcyUh1aXOEev3VprQRQjaFznk0UHK33rn1q16YE5zc+3hhF03FOGSos8DMyQy3o10/p1fOI9oVSkFpKlx5OyZXz1uG6Utmt8htptEr4rE4jm9y6+r5DXm5nIjSZIbNgXh9boxyX7KvOkkwFQYKKwYBBAGDjBsCATEHEwVvd25lcjA9BgkrBgECAQ8DAQExMBMuUW1UcE5taXhzZlVTSEJtM3ZXdnZ1VGtndDJIZFhjMXNZaUJSdzRwTVJuODhHUjBHBgNVHRExQBM+Mm90d2pyc3gzcGNmNmR2amhlb2w2djJ4Y3VpNm42cW40cmZraXBlMm9oM3Z5aWJpemlyNDZkaWQub25pb24wCgYIKoZIzj0EAwIDSQAwRgIhAOK6Uac+lomfbGsOpT+M1/mZLNGmQ6uPXE4blwkpyla2AiEApkT1IJjfMgcYl613arLQ4nUrieyCoz8W8U+EWt1HhGM=',
        'MIIDKjCCAtACAQAwSTFHMEUGA1UEAxM+aWx5bTJleXB0eTVnbWFzcnB3djV0bjI1aWhsNnp3YnU3dDN5aXM3aTNhbzNwamRlbXR3NXAyYWQub25pb24wWTATBgcqhkjOPQIBBggqhkjOPQMBBwNCAASAc6Q7kSitT6fyLxEFZGkuuzNa9jtKyJR7X+dlJEEmw5Lt9tZZh33x2EjtrubvNXQ6o2Ok0bbirf38mNxlDpvYoIICIzAuBgkqhkiG9w0BCQ4xITAfMB0GA1UdDgQWBBSq+CkgQPuUKSTjGI+UdK61eLe3xzCCAUcGCSqGSIb3DQEJDDGCATgEggE0LxHEGHtvKSiDcFtzFUkCL4n71xN5ZfTPdAbFO34bUN1lRH9B8vVRIllPt7t78Us1jAQc0SbkZj/lmZdb/FlgjytUXwQCyU/4P+/XWsScrvD5iOkhipLZ9OBC6Z+Kxr8gHijlP8E/2VEDWp2TEI4y4PalusR0aiEkMK9G+aFPenTi6/7oUDZa5ePoBlSn4dtDiMkb9WT9fTv4W033G1PhszK8SEV7gM0ZlHyrt9vsThXW46jW1UhJfUZfQ4IzUAHZyfKlhux2mG3PIshCDI3fVIIu72b1YKV7ixkY39G8cq3B8pjCk7wLpVop7Bz8Ke9lf0qRL/cTsBcRYv5pH1B8L16tCHA/ZnYupxd++5vygxoK/F96rU5YuNpG2Xc4YhfW7/7u/CRECz1pIinU7Eanm0OPKUIwHgYKKwYBBAGDjBsCATEQEw51c2VyLWpvaW5pbmctMTA9BgkrBgECAQ8DAQExMBMuUW1aTFc2eTVtOGJyb1l1dEc0b2cyeW1YUlpVRGN4VmhkZ0hoaUtZS2hxdVVOcDBHBgNVHRExQBM+aWx5bTJleXB0eTVnbWFzcnB3djV0bjI1aWhsNnp3YnU3dDN5aXM3aTNhbzNwamRlbXR3NXAyYWQub25pb24wCgYIKoZIzj0EAwIDSAAwRQIhAJclKaxQLhPy8NHDIbipEmjrVtOqp7aXhzB9Wu8r3T/LAiB7+RGRT1sFjUy5Wk+IZTZ7I3xf1gi+PN9FCRngURsyyA=='
      ]
    }
[2m[22m
[2m      [2mat Socket.<anonymous> ([22m[2msrc/utils.ts[2m:159:15)[22m[2m[22m
  [2mconsole.log[22m
    [e2e_r4pg81niwrk]: 2024-03-22T20:58:52.433Z backend:CertificatesRequestsStore DuplicatedCertBug [...filteredCsrsMap.values()] [
      'MIIDIjCCAscCAQAwSTFHMEUGA1UEAxM+Mm90d2pyc3gzcGNmNmR2amhlb2w2djJ4Y3VpNm42cW40cmZraXBlMm9oM3Z5aWJpemlyNDZkaWQub25pb24wWTATBgcqhkjOPQIBBggqhkjOPQMBBwNCAASAyz/RAv61EQ7fSy3WbndIpaX9zi+r2BPNsF7eh2TyzlNUIqZ+ZGBrDPOP4ea+lYwAGYc0obSJgwiFRataRarIoIICGjAuBgkqhkiG9w0BCQ4xITAfMB0GA1UdDgQWBBRAQ+c+nMaAWHjxud5tJL3peqMp1zCCAUcGCSqGSIb3DQEJDDGCATgEggE0FVgLbFaN+gKO4Aqfjs/gNPtz+V9vgnwmOEuIipHYSyEyiZL7PmRutx07890ws44SwLYEKDBavLKfF1aSa1MOLps/bMWW2DDOngTVGyaWufh8OaBzxGIL3815BZLJF9VTgEuyJbOq3+XLZMj2fdEjXHTRvYURKZtc/O7FHYG5mOc7QTwkXd9jQ8tMYZ85wWJdR3ZLGWYfnrrplQTdkAq9H7DEH4OTypJSYjvhMBrDAZeFOe1nHVkJU14sO2x1rc9X1GQMYmLC4WxLcwdcyUh1aXOEev3VprQRQjaFznk0UHK33rn1q16YE5zc+3hhF03FOGSos8DMyQy3o10/p1fOI9oVSkFpKlx5OyZXz1uG6Utmt8htptEr4rE4jm9y6+r5DXm5nIjSZIbNgXh9boxyX7KvOkkwFQYKKwYBBAGDjBsCATEHEwVvd25lcjA9BgkrBgECAQ8DAQExMBMuUW1UcE5taXhzZlVTSEJtM3ZXdnZ1VGtndDJIZFhjMXNZaUJSdzRwTVJuODhHUjBHBgNVHRExQBM+Mm90d2pyc3gzcGNmNmR2amhlb2w2djJ4Y3VpNm42cW40cmZraXBlMm9oM3Z5aWJpemlyNDZkaWQub25pb24wCgYIKoZIzj0EAwIDSQAwRgIhAOK6Uac+lomfbGsOpT+M1/mZLNGmQ6uPXE4blwkpyla2AiEApkT1IJjfMgcYl613arLQ4nUrieyCoz8W8U+EWt1HhGM=',
      'MIIDKjCCAtACAQAwSTFHMEUGA1UEAxM+aWx5bTJleXB0eTVnbWFzcnB3djV0bjI1aWhsNnp3YnU3dDN5aXM3aTNhbzNwamRlbXR3NXAyYWQub25pb24wWTATBgcqhkjOPQIBBggqhkjOPQMBBwNCAASAc6Q7kSitT6fyLxEFZGkuuzNa9jtKyJR7X+dlJEEmw5Lt9tZZh33x2EjtrubvNXQ6o2Ok0bbirf38mNxlDpvYoIICIzAuBgkqhkiG9w0BCQ4xITAfMB0GA1UdDgQWBBSq+CkgQPuUKSTjGI+UdK61eLe3xzCCAUcGCSqGSIb3DQEJDDGCATgEggE0LxHEGHtvKSiDcFtzFUkCL4n71xN5ZfTPdAbFO34bUN1lRH9B8vVRIllPt7t78Us1jAQc0SbkZj/lmZdb/FlgjytUXwQCyU/4P+/XWsScrvD5iOkhipLZ9OBC6Z+Kxr8gHijlP8E/2VEDWp2TEI4y4PalusR0aiEkMK9G+aFPenTi6/7oUDZa5ePoBlSn4dtDiMkb9WT9fTv4W033G1PhszK8SEV7gM0ZlHyrt9vsThXW46jW1UhJfUZfQ4IzUAHZyfKlhux2mG3PIshCDI3fVIIu72b1YKV7ixkY39G8cq3B8pjCk7wLpVop7Bz8Ke9lf0qRL/cTsBcRYv5pH1B8L16tCHA/ZnYupxd++5vygxoK/F96rU5YuNpG2Xc4YhfW7/7u/CRECz1pIinU7Eanm0OPKUIwHgYKKwYBBAGDjBsCATEQEw51c2VyLWpvaW5pbmctMTA9BgkrBgECAQ8DAQExMBMuUW1aTFc2eTVtOGJyb1l1dEc0b2cyeW1YUlpVRGN4VmhkZ0hoaUtZS2hxdVVOcDBHBgNVHRExQBM+aWx5bTJleXB0eTVnbWFzcnB3djV0bjI1aWhsNnp3YnU3dDN5aXM3aTNhbzNwamRlbXR3NXAyYWQub25pb24wCgYIKoZIzj0EAwIDSAAwRQIhAJclKaxQLhPy8NHDIbipEmjrVtOqp7aXhzB9Wu8r3T/LAiB7+RGRT1sFjUy5Wk+IZTZ7I3xf1gi+PN9FCRngURsyyA=='
    ]
[2m[22m
[2m      [2mat Socket.<anonymous> ([22m[2msrc/utils.ts[2m:159:15)[22m[2m[22m
  [2mconsole.log[22m
    [e2e_r4pg81niwrk]: 2024-03-22T20:58:52.433Z backend:ConnectionsManagerService Storage - csrsStored
[2m[22m
[2m      [2mat Socket.<anonymous> ([22m[2msrc/utils.ts[2m:159:15)[22m[2m[22m
  [2mconsole.log[22m
    [e2e_r4pg81niwrk]: 2024-03-22T20:58:52.434Z backend:StorageService csrs count: 2
[2m[22m
[2m      [2mat Socket.<anonymous> ([22m[2msrc/utils.ts[2m:159:15)[22m[2m[22m
  [2mconsole.log[22m
    stdout:
    updatePeersList, peers count: 2
[2m[22m
[2m      [2mat Socket.<anonymous> ([22m[2msrc/utils.ts[2m:149:15)[22m[2m[22m
  [2mconsole.log[22m
    [e2e_r4pg81niwrk]: 2024-03-22T20:58:52.435Z backend:Libp2pService Dialing 1 addresses
[2m[22m
[2m      [2mat Socket.<anonymous> ([22m[2msrc/utils.ts[2m:159:15)[22m[2m[22m
  [2mconsole.log[22m
    [e2e_r4pg81niwrk]: 2024-03-22T20:58:52.436Z backend:ProcessInChunksService Updating data with 1 items
[2m[22m
[2m      [2mat Socket.<anonymous> ([22m[2msrc/utils.ts[2m:159:15)[22m[2m[22m
  [2mconsole.log[22m
    [e2e_r4pg81niwrk]: 2024-03-22T20:58:52.436Z backend:ProcessInChunksService Processing 1 items
[2m[22m
[2m      [2mat Socket.<anonymous> ([22m[2msrc/utils.ts[2m:159:15)[22m[2m[22m
  [2mconsole.log[22m
    [e2e_r4pg81niwrk]: 2024-03-22T20:58:52.436Z backend:RegistrationService Trying to issue certificates false [
      {
        csrs: [
          'MIIDIjCCAscCAQAwSTFHMEUGA1UEAxM+Mm90d2pyc3gzcGNmNmR2amhlb2w2djJ4Y3VpNm42cW40cmZraXBlMm9oM3Z5aWJpemlyNDZkaWQub25pb24wWTATBgcqhkjOPQIBBggqhkjOPQMBBwNCAASAyz/RAv61EQ7fSy3WbndIpaX9zi+r2BPNsF7eh2TyzlNUIqZ+ZGBrDPOP4ea+lYwAGYc0obSJgwiFRataRarIoIICGjAuBgkqhkiG9w0BCQ4xITAfMB0GA1UdDgQWBBRAQ+c+nMaAWHjxud5tJL3peqMp1zCCAUcGCSqGSIb3DQEJDDGCATgEggE0FVgLbFaN+gKO4Aqfjs/gNPtz+V9vgnwmOEuIipHYSyEyiZL7PmRutx07890ws44SwLYEKDBavLKfF1aSa1MOLps/bMWW2DDOngTVGyaWufh8OaBzxGIL3815BZLJF9VTgEuyJbOq3+XLZMj2fdEjXHTRvYURKZtc/O7FHYG5mOc7QTwkXd9jQ8tMYZ85wWJdR3ZLGWYfnrrplQTdkAq9H7DEH4OTypJSYjvhMBrDAZeFOe1nHVkJU14sO2x1rc9X1GQMYmLC4WxLcwdcyUh1aXOEev3VprQRQjaFznk0UHK33rn1q16YE5zc+3hhF03FOGSos8DMyQy3o10/p1fOI9oVSkFpKlx5OyZXz1uG6Utmt8htptEr4rE4jm9y6+r5DXm5nIjSZIbNgXh9boxyX7KvOkkwFQYKKwYBBAGDjBsCATEHEwVvd25lcjA9BgkrBgECAQ8DAQExMBMuUW1UcE5taXhzZlVTSEJtM3ZXdnZ1VGtndDJIZFhjMXNZaUJSdzRwTVJuODhHUjBHBgNVHRExQBM+Mm90d2pyc3gzcGNmNmR2amhlb2w2djJ4Y3VpNm42cW40cmZraXBlMm9oM3Z5aWJpemlyNDZkaWQub25pb24wCgYIKoZIzj0EAwIDSQAwRgIhAOK6Uac+lomfbGsOpT+M1/mZLNGmQ6uPXE4blwkpyla2AiEApkT1IJjfMgcYl613arLQ4nUrieyCoz8W8U+EWt1HhGM=',
          'MIIDKjCCAtACAQAwSTFHMEUGA1UEAxM+aWx5bTJleXB0eTVnbWFzcnB3djV0bjI1aWhsNnp3YnU3dDN5aXM3aTNhbzNwamRlbXR3NXAyYWQub25pb24wWTATBgcqhkjOPQIBBggqhkjOPQMBBwNCAASAc6Q7kSitT6fyLxEFZGkuuzNa9jtKyJR7X+dlJEEmw5Lt9tZZh33x2EjtrubvNXQ6o2Ok0bbirf38mNxlDpvYoIICIzAuBgkqhkiG9w0BCQ4xITAfMB0GA1UdDgQWBBSq+CkgQPuUKSTjGI+UdK61eLe3xzCCAUcGCSqGSIb3DQEJDDGCATgEggE0LxHEGHtvKSiDcFtzFUkCL4n71xN5ZfTPdAbFO34bUN1lRH9B8vVRIllPt7t78Us1jAQc0SbkZj/lmZdb/FlgjytUXwQCyU/4P+/XWsScrvD5iOkhipLZ9OBC6Z+Kxr8gHijlP8E/2VEDWp2TEI4y4PalusR0aiEkMK9G+aFPenTi6/7oUDZa5ePoBlSn4dtDiMkb9WT9fTv4W033G1PhszK8SEV7gM0ZlHyrt9vsThXW46jW1UhJfUZfQ4IzUAHZyfKlhux2mG3PIshCDI3fVIIu72b1YKV7ixkY39G8cq3B8pjCk7wLpVop7Bz8Ke9lf0qRL/cTsBcRYv5pH1B8L16tCHA/ZnYupxd++5vygxoK/F96rU5YuNpG2Xc4YhfW7/7u/CRECz1pIinU7Eanm0OPKUIwHgYKKwYBBAGDjBsCATEQEw51c2VyLWpvaW5pbmctMTA9BgkrBgECAQ8DAQExMBMuUW1aTFc2eTVtOGJyb1l1dEc0b2cyeW1YUlpVRGN4VmhkZ0hoaUtZS2hxdVVOcDBHBgNVHRExQBM+aWx5bTJleXB0eTVnbWFzcnB3djV0bjI1aWhsNnp3YnU3dDN5aXM3aTNhbzNwamRlbXR3NXAyYWQub25pb24wCgYIKoZIzj0EAwIDSAAwRQIhAJclKaxQLhPy8NHDIbipEmjrVtOqp7aXhzB9Wu8r3T/LAiB7+RGRT1sFjUy5Wk+IZTZ7I3xf1gi+PN9FCRngURsyyA=='
        ]
      }
    ]
    2024-03-22T20:58:52.437Z backend:RegistrationService Issuing certificates {
      csrs: [
        'MIIDIjCCAscCAQAwSTFHMEUGA1UEAxM+Mm90d2pyc3gzcGNmNmR2amhlb2w2djJ4Y3VpNm42cW40cmZraXBlMm9oM3Z5aWJpemlyNDZkaWQub25pb24wWTATBgcqhkjOPQIBBggqhkjOPQMBBwNCAASAyz/RAv61EQ7fSy3WbndIpaX9zi+r2BPNsF7eh2TyzlNUIqZ+ZGBrDPOP4ea+lYwAGYc0obSJgwiFRataRarIoIICGjAuBgkqhkiG9w0BCQ4xITAfMB0GA1UdDgQWBBRAQ+c+nMaAWHjxud5tJL3peqMp1zCCAUcGCSqGSIb3DQEJDDGCATgEggE0FVgLbFaN+gKO4Aqfjs/gNPtz+V9vgnwmOEuIipHYSyEyiZL7PmRutx07890ws44SwLYEKDBavLKfF1aSa1MOLps/bMWW2DDOngTVGyaWufh8OaBzxGIL3815BZLJF9VTgEuyJbOq3+XLZMj2fdEjXHTRvYURKZtc/O7FHYG5mOc7QTwkXd9jQ8tMYZ85wWJdR3ZLGWYfnrrplQTdkAq9H7DEH4OTypJSYjvhMBrDAZeFOe1nHVkJU14sO2x1rc9X1GQMYmLC4WxLcwdcyUh1aXOEev3VprQRQjaFznk0UHK33rn1q16YE5zc+3hhF03FOGSos8DMyQy3o10/p1fOI9oVSkFpKlx5OyZXz1uG6Utmt8htptEr4rE4jm9y6+r5DXm5nIjSZIbNgXh9boxyX7KvOkkwFQYKKwYBBAGDjBsCATEHEwVvd25lcjA9BgkrBgECAQ8DAQExMBMuUW1UcE5taXhzZlVTSEJtM3ZXdnZ1VGtndDJIZFhjMXNZaUJSdzRwTVJuODhHUjBHBgNVHRExQBM+Mm90d2pyc3gzcGNmNmR2amhlb2w2djJ4Y3VpNm42cW40cmZraXBlMm9oM3Z5aWJpemlyNDZkaWQub25pb24wCgYIKoZIzj0EAwIDSQAwRgIhAOK6Uac+lomfbGsOpT+M1/mZLNGmQ6uPXE4blwkpyla2AiEApkT1IJjfMgcYl613arLQ4nUrieyCoz8W8U+EWt1HhGM=',
        'MIIDKjCCAtACAQAwSTFHMEUGA1UEAxM+aWx5bTJleXB0eTVnbWFzcnB3djV0bjI1aWhsNnp3YnU3dDN5aXM3aTNhbzNwamRlbXR3NXAyYWQub25pb24wWTATBgcqhkjOPQIBBggqhkjOPQMBBwNCAASAc6Q7kSitT6fyLxEFZGkuuzNa9jtKyJR7X+dlJEEmw5Lt9tZZh33x2EjtrubvNXQ6o2Ok0bbirf38mNxlDpvYoIICIzAuBgkqhkiG9w0BCQ4xITAfMB0GA1UdDgQWBBSq+CkgQPuUKSTjGI+UdK61eLe3xzCCAUcGCSqGSIb3DQEJDDGCATgEggE0LxHEGHtvKSiDcFtzFUkCL4n71xN5ZfTPdAbFO34bUN1lRH9B8vVRIllPt7t78Us1jAQc0SbkZj/lmZdb/FlgjytUXwQCyU/4P+/XWsScrvD5iOkhipLZ9OBC6Z+Kxr8gHijlP8E/2VEDWp2TEI4y4PalusR0aiEkMK9G+aFPenTi6/7oUDZa5ePoBlSn4dtDiMkb9WT9fTv4W033G1PhszK8SEV7gM0ZlHyrt9vsThXW46jW1UhJfUZfQ4IzUAHZyfKlhux2mG3PIshCDI3fVIIu72b1YKV7ixkY39G8cq3B8pjCk7wLpVop7Bz8Ke9lf0qRL/cTsBcRYv5pH1B8L16tCHA/ZnYupxd++5vygxoK/F96rU5YuNpG2Xc4YhfW7/7u/CRECz1pIinU7Eanm0OPKUIwHgYKKwYBBAGDjBsCATEQEw51c2VyLWpvaW5pbmctMTA9BgkrBgECAQ8DAQExMBMuUW1aTFc2eTVtOGJyb1l1dEc0b2cyeW1YUlpVRGN4VmhkZ0hoaUtZS2hxdVVOcDBHBgNVHRExQBM+aWx5bTJleXB0eTVnbWFzcnB3djV0bjI1aWhsNnp3YnU3dDN5aXM3aTNhbzNwamRlbXR3NXAyYWQub25pb24wCgYIKoZIzj0EAwIDSAAwRQIhAJclKaxQLhPy8NHDIbipEmjrVtOqp7aXhzB9Wu8r3T/LAiB7+RGRT1sFjUy5Wk+IZTZ7I3xf1gi+PN9FCRngURsyyA=='
      ]
    }
    2024-03-22T20:58:52.437Z backend:StorageService Loading all certificates
[2m[22m
[2m      [2mat Socket.<anonymous> ([22m[2msrc/utils.ts[2m:159:15)[22m[2m[22m
  [2mconsole.log[22m
    [e2e_r4pg81niwrk]: 2024-03-22T20:58:52.439Z backend:CertificatesRequestsStore DuplicatedCertBug {
      validation: true,
      csr: 'MIIDIjCCAscCAQAwSTFHMEUGA1UEAxM+Mm90d2pyc3gzcGNmNmR2amhlb2w2djJ4Y3VpNm42cW40cmZraXBlMm9oM3Z5aWJpemlyNDZkaWQub25pb24wWTATBgcqhkjOPQIBBggqhkjOPQMBBwNCAASAyz/RAv61EQ7fSy3WbndIpaX9zi+r2BPNsF7eh2TyzlNUIqZ+ZGBrDPOP4ea+lYwAGYc0obSJgwiFRataRarIoIICGjAuBgkqhkiG9w0BCQ4xITAfMB0GA1UdDgQWBBRAQ+c+nMaAWHjxud5tJL3peqMp1zCCAUcGCSqGSIb3DQEJDDGCATgEggE0FVgLbFaN+gKO4Aqfjs/gNPtz+V9vgnwmOEuIipHYSyEyiZL7PmRutx07890ws44SwLYEKDBavLKfF1aSa1MOLps/bMWW2DDOngTVGyaWufh8OaBzxGIL3815BZLJF9VTgEuyJbOq3+XLZMj2fdEjXHTRvYURKZtc/O7FHYG5mOc7QTwkXd9jQ8tMYZ85wWJdR3ZLGWYfnrrplQTdkAq9H7DEH4OTypJSYjvhMBrDAZeFOe1nHVkJU14sO2x1rc9X1GQMYmLC4WxLcwdcyUh1aXOEev3VprQRQjaFznk0UHK33rn1q16YE5zc+3hhF03FOGSos8DMyQy3o10/p1fOI9oVSkFpKlx5OyZXz1uG6Utmt8htptEr4rE4jm9y6+r5DXm5nIjSZIbNgXh9boxyX7KvOkkwFQYKKwYBBAGDjBsCATEHEwVvd25lcjA9BgkrBgECAQ8DAQExMBMuUW1UcE5taXhzZlVTSEJtM3ZXdnZ1VGtndDJIZFhjMXNZaUJSdzRwTVJuODhHUjBHBgNVHRExQBM+Mm90d2pyc3gzcGNmNmR2amhlb2w2djJ4Y3VpNm42cW40cmZraXBlMm9oM3Z5aWJpemlyNDZkaWQub25pb24wCgYIKoZIzj0EAwIDSQAwRgIhAOK6Uac+lomfbGsOpT+M1/mZLNGmQ6uPXE4blwkpyla2AiEApkT1IJjfMgcYl613arLQ4nUrieyCoz8W8U+EWt1HhGM='
    }
[2m[22m
[2m      [2mat Socket.<anonymous> ([22m[2msrc/utils.ts[2m:159:15)[22m[2m[22m
  [2mconsole.log[22m
    [e2e_r4pg81niwrk]: 2024-03-22T20:58:52.439Z backend:CertificatesRequestsStore DuplicatedCertBug {
      validation: true,
      csr: 'MIIDKjCCAtACAQAwSTFHMEUGA1UEAxM+aWx5bTJleXB0eTVnbWFzcnB3djV0bjI1aWhsNnp3YnU3dDN5aXM3aTNhbzNwamRlbXR3NXAyYWQub25pb24wWTATBgcqhkjOPQIBBggqhkjOPQMBBwNCAASAc6Q7kSitT6fyLxEFZGkuuzNa9jtKyJR7X+dlJEEmw5Lt9tZZh33x2EjtrubvNXQ6o2Ok0bbirf38mNxlDpvYoIICIzAuBgkqhkiG9w0BCQ4xITAfMB0GA1UdDgQWBBSq+CkgQPuUKSTjGI+UdK61eLe3xzCCAUcGCSqGSIb3DQEJDDGCATgEggE0LxHEGHtvKSiDcFtzFUkCL4n71xN5ZfTPdAbFO34bUN1lRH9B8vVRIllPt7t78Us1jAQc0SbkZj/lmZdb/FlgjytUXwQCyU/4P+/XWsScrvD5iOkhipLZ9OBC6Z+Kxr8gHijlP8E/2VEDWp2TEI4y4PalusR0aiEkMK9G+aFPenTi6/7oUDZa5ePoBlSn4dtDiMkb9WT9fTv4W033G1PhszK8SEV7gM0ZlHyrt9vsThXW46jW1UhJfUZfQ4IzUAHZyfKlhux2mG3PIshCDI3fVIIu72b1YKV7ixkY39G8cq3B8pjCk7wLpVop7Bz8Ke9lf0qRL/cTsBcRYv5pH1B8L16tCHA/ZnYupxd++5vygxoK/F96rU5YuNpG2Xc4YhfW7/7u/CRECz1pIinU7Eanm0OPKUIwHgYKKwYBBAGDjBsCATEQEw51c2VyLWpvaW5pbmctMTA9BgkrBgECAQ8DAQExMBMuUW1aTFc2eTVtOGJyb1l1dEc0b2cyeW1YUlpVRGN4VmhkZ0hoaUtZS2hxdVVOcDBHBgNVHRExQBM+aWx5bTJleXB0eTVnbWFzcnB3djV0bjI1aWhsNnp3YnU3dDN5aXM3aTNhbzNwamRlbXR3NXAyYWQub25pb24wCgYIKoZIzj0EAwIDSAAwRQIhAJclKaxQLhPy8NHDIbipEmjrVtOqp7aXhzB9Wu8r3T/LAiB7+RGRT1sFjUy5Wk+IZTZ7I3xf1gi+PN9FCRngURsyyA=='
    }
[2m[22m
[2m      [2mat Socket.<anonymous> ([22m[2msrc/utils.ts[2m:159:15)[22m[2m[22m
  [2mconsole.log[22m
    [e2e_r4pg81niwrk]: 2024-03-22T20:58:52.440Z backend:LocalDbService Local peer /dns4/2otwjrsx3pcf6dvjheol6v2xcui6n6qn4rfkipe2oh3vyibizir46did.onion/tcp/80/ws/p2p/QmTpNmixsfUSHBm3vWvvuTkgt2HdXc1sYiBRw4pMRn88GR
[2m[22m
[2m      [2mat Socket.<anonymous> ([22m[2msrc/utils.ts[2m:159:15)[22m[2m[22m
  [2mconsole.log[22m
    [e2e_r4pg81niwrk]: 2024-03-22T20:58:52.441Z backend:CertificatesStore Loaded certificates to memory
[2m[22m
[2m      [2mat Socket.<anonymous> ([22m[2msrc/utils.ts[2m:159:15)[22m[2m[22m
  [2mconsole.log[22m
    [e2e_r4pg81niwrk]: 2024-03-22T20:58:52.444Z backend:registration.functions DuplicatedCertBug {
      parsedUniqueCsrs: Map(2) {
        'BIBzpDuRKK1Pp/IvEQVkaS67M1r2O0rIlHtf52UkQSbDku321lmHffHYSO2u5u81dDqjY6TRtuKt/fyY3GUOm9g=' => 'MIIDKjCCAtACAQAwSTFHMEUGA1UEAxM+aWx5bTJleXB0eTVnbWFzcnB3djV0bjI1aWhsNnp3YnU3dDN5aXM3aTNhbzNwamRlbXR3NXAyYWQub25pb24wWTATBgcqhkjOPQIBBggqhkjOPQMBBwNCAASAc6Q7kSitT6fyLxEFZGkuuzNa9jtKyJR7X+dlJEEmw5Lt9tZZh33x2EjtrubvNXQ6o2Ok0bbirf38mNxlDpvYoIICIzAuBgkqhkiG9w0BCQ4xITAfMB0GA1UdDgQWBBSq+CkgQPuUKSTjGI+UdK61eLe3xzCCAUcGCSqGSIb3DQEJDDGCATgEggE0LxHEGHtvKSiDcFtzFUkCL4n71xN5ZfTPdAbFO34bUN1lRH9B8vVRIllPt7t78Us1jAQc0SbkZj/lmZdb/FlgjytUXwQCyU/4P+/XWsScrvD5iOkhipLZ9OBC6Z+Kxr8gHijlP8E/2VEDWp2TEI4y4PalusR0aiEkMK9G+aFPenTi6/7oUDZa5ePoBlSn4dtDiMkb9WT9fTv4W033G1PhszK8SEV7gM0ZlHyrt9vsThXW46jW1UhJfUZfQ4IzUAHZyfKlhux2mG3PIshCDI3fVIIu72b1YKV7ixkY39G8cq3B8pjCk7wLpVop7Bz8Ke9lf0qRL/cTsBcRYv5pH1B8L16tCHA/ZnYupxd++5vygxoK/F96rU5YuNpG2Xc4YhfW7/7u/CRECz1pIinU7Eanm0OPKUIwHgYKKwYBBAGDjBsCATEQEw51c2VyLWpvaW5pbmctMTA9BgkrBgECAQ8DAQExMBMuUW1aTFc2eTVtOGJyb1l1dEc0b2cyeW1YUlpVRGN4VmhkZ0hoaUtZS2hxdVVOcDBHBgNVHRExQBM+aWx5bTJleXB0eTVnbWFzcnB3djV0bjI1aWhsNnp3YnU3dDN5aXM3aTNhbzNwamRlbXR3NXAyYWQub25pb24wCgYIKoZIzj0EAwIDSAAwRQIhAJclKaxQLhPy8NHDIbipEmjrVtOqp7aXhzB9Wu8r3T/LAiB7+RGRT1sFjUy5Wk+IZTZ7I3xf1gi+PN9FCRngURsyyA==',
        'BIDLP9EC/rURDt9LLdZud0ilpf3OL6vYE82wXt6HZPLOU1Qipn5kYGsM84/h5r6VjAAZhzShtImDCIVFq1pFqsg=' => 'MIIDIjCCAscCAQAwSTFHMEUGA1UEAxM+Mm90d2pyc3gzcGNmNmR2amhlb2w2djJ4Y3VpNm42cW40cmZraXBlMm9oM3Z5aWJpemlyNDZkaWQub25pb24wWTATBgcqhkjOPQIBBggqhkjOPQMBBwNCAASAyz/RAv61EQ7fSy3WbndIpaX9zi+r2BPNsF7eh2TyzlNUIqZ+ZGBrDPOP4ea+lYwAGYc0obSJgwiFRataRarIoIICGjAuBgkqhkiG9w0BCQ4xITAfMB0GA1UdDgQWBBRAQ+c+nMaAWHjxud5tJL3peqMp1zCCAUcGCSqGSIb3DQEJDDGCATgEggE0FVgLbFaN+gKO4Aqfjs/gNPtz+V9vgnwmOEuIipHYSyEyiZL7PmRutx07890ws44SwLYEKDBavLKfF1aSa1MOLps/bMWW2DDOngTVGyaWufh8OaBzxGIL3815BZLJF9VTgEuyJbOq3+XLZMj2fdEjXHTRvYURKZtc/O7FHYG5mOc7QTwkXd9jQ8tMYZ85wWJdR3ZLGWYfnrrplQTdkAq9H7DEH4OTypJSYjvhMBrDAZeFOe1nHVkJU14sO2x1rc9X1GQMYmLC4WxLcwdcyUh1aXOEev3VprQRQjaFznk0UHK33rn1q16YE5zc+3hhF03FOGSos8DMyQy3o10/p1fOI9oVSkFpKlx5OyZXz1uG6Utmt8htptEr4rE4jm9y6+r5DXm5nIjSZIbNgXh9boxyX7KvOkkwFQYKKwYBBAGDjBsCATEHEwVvd25lcjA9BgkrBgECAQ8DAQExMBMuUW1UcE5taXhzZlVTSEJtM3ZXdnZ1VGtndDJIZFhjMXNZaUJSdzRwTVJuODhHUjBHBgNVHRExQBM+Mm90d2pyc3gzcGNmNmR2amhlb2w2djJ4Y3VpNm42cW40cmZraXBlMm9oM3Z5aWJpemlyNDZkaWQub25pb24wCgYIKoZIzj0EAwIDSQAwRgIhAOK6Uac+lomfbGsOpT+M1/mZLNGmQ6uPXE4blwkpyla2AiEApkT1IJjfMgcYl613arLQ4nUrieyCoz8W8U+EWt1HhGM='
      },
      pendingNames: Set(1) { 'user-joining-1' },
      certNames: Set(1) { 'owner' }
    }
[2m[22m
[2m      [2mat Socket.<anonymous> ([22m[2msrc/utils.ts[2m:159:15)[22m[2m[22m
  [2mconsole.log[22m
    [e2e_r4pg81niwrk]: 2024-03-22T20:58:52.444Z backend:RegistrationService DuplicatedCertBug {
      pendingCsrs: [
        'MIIDKjCCAtACAQAwSTFHMEUGA1UEAxM+aWx5bTJleXB0eTVnbWFzcnB3djV0bjI1aWhsNnp3YnU3dDN5aXM3aTNhbzNwamRlbXR3NXAyYWQub25pb24wWTATBgcqhkjOPQIBBggqhkjOPQMBBwNCAASAc6Q7kSitT6fyLxEFZGkuuzNa9jtKyJR7X+dlJEEmw5Lt9tZZh33x2EjtrubvNXQ6o2Ok0bbirf38mNxlDpvYoIICIzAuBgkqhkiG9w0BCQ4xITAfMB0GA1UdDgQWBBSq+CkgQPuUKSTjGI+UdK61eLe3xzCCAUcGCSqGSIb3DQEJDDGCATgEggE0LxHEGHtvKSiDcFtzFUkCL4n71xN5ZfTPdAbFO34bUN1lRH9B8vVRIllPt7t78Us1jAQc0SbkZj/lmZdb/FlgjytUXwQCyU/4P+/XWsScrvD5iOkhipLZ9OBC6Z+Kxr8gHijlP8E/2VEDWp2TEI4y4PalusR0aiEkMK9G+aFPenTi6/7oUDZa5ePoBlSn4dtDiMkb9WT9fTv4W033G1PhszK8SEV7gM0ZlHyrt9vsThXW46jW1UhJfUZfQ4IzUAHZyfKlhux2mG3PIshCDI3fVIIu72b1YKV7ixkY39G8cq3B8pjCk7wLpVop7Bz8Ke9lf0qRL/cTsBcRYv5pH1B8L16tCHA/ZnYupxd++5vygxoK/F96rU5YuNpG2Xc4YhfW7/7u/CRECz1pIinU7Eanm0OPKUIwHgYKKwYBBAGDjBsCATEQEw51c2VyLWpvaW5pbmctMTA9BgkrBgECAQ8DAQExMBMuUW1aTFc2eTVtOGJyb1l1dEc0b2cyeW1YUlpVRGN4VmhkZ0hoaUtZS2hxdVVOcDBHBgNVHRExQBM+aWx5bTJleXB0eTVnbWFzcnB3djV0bjI1aWhsNnp3YnU3dDN5aXM3aTNhbzNwamRlbXR3NXAyYWQub25pb24wCgYIKoZIzj0EAwIDSAAwRQIhAJclKaxQLhPy8NHDIbipEmjrVtOqp7aXhzB9Wu8r3T/LAiB7+RGRT1sFjUy5Wk+IZTZ7I3xf1gi+PN9FCRngURsyyA=='
      ]
    }
[2m[22m
[2m      [2mat Socket.<anonymous> ([22m[2msrc/utils.ts[2m:159:15)[22m[2m[22m
  [2mconsole.log[22m
    [e2e_r4pg81niwrk]: 2024-03-22T20:58:52.449Z backend:RegistrationService DuplicatedCertBug {
      result: {
        cert: 'MIIDiDCCAy2gAwIBAgIGAY5n9ZigMAoGCCqGSM49BAMCMBgxFjAUBgNVBAMTDXRlc3Rjb21tdW5pdHkwHhcNMjQwMzIyMjA1ODUyWhcNMzAwMjAxMDUwMDAwWjBJMUcwRQYDVQQDEz5pbHltMmV5cHR5NWdtYXNycHd2NXRuMjVpaGw2endidTd0M3lpczdpM2FvM3BqZGVtdHc1cDJhZC5vbmlvbjBZMBMGByqGSM49AgEGCCqGSM49AwEHA0IABIBzpDuRKK1Pp/IvEQVkaS67M1r2O0rIlHtf52UkQSbDku321lmHffHYSO2u5u81dDqjY6TRtuKt/fyY3GUOm9ijggIwMIICLDAJBgNVHRMEAjAAMAsGA1UdDwQEAwIAgDAdBgNVHSUEFjAUBggrBgEFBQcDAgYIKwYBBQUHAwEwggFHBgkqhkiG9w0BCQwEggE4BIIBNC8RxBh7bykog3BbcxVJAi+J+9cTeWX0z3QGxTt+G1DdZUR/QfL1USJZT7e7e/FLNYwEHNEm5GY/5ZmXW/xZYI8rVF8EAslP+D/v11rEnK7w+YjpIYqS2fTgQumfisa/IB4o5T/BP9lRA1qdkxCOMuD2pbrEdGohJDCvRvmhT3p04uv+6FA2WuXj6AZUp+HbQ4jJG/Vk/X07+FtN9xtT4bMyvEhFe4DNGZR8q7fb7E4V1uOo1tVISX1GX0OCM1AB2cnypYbsdphtzyLIQgyN31SCLu9m9WCle4sZGN/RvHKtwfKYwpO8C6VaKewc/CnvZX9KkS/3E7AXEWL+aR9QfC9erQhwP2Z2LqcXfvub8oMaCvxfeq1OWLjaRtl3OGIX1u/+7vwkRAs9aSIp1OxGp5tDjylCMB4GCisGAQQBg4wbAgEEEBMOdXNlci1qb2luaW5nLTEwPQYJKwYBAgEPAwEBBDATLlFtWkxXNnk1bThicm9ZdXRHNG9nMnltWFJaVURjeFZoZGdIaGlLWUtocXVVTnAwSQYDVR0RBEIwQII+aWx5bTJleXB0eTVnbWFzcnB3djV0bjI1aWhsNnp3YnU3dDN5aXM3aTNhbzNwamRlbXR3NXAyYWQub25pb24wCgYIKoZIzj0EAwIDSQAwRgIhAKgI+kPK/VsfUVRJSZLkHoU286jZDj382xzPRcX0c2OJAiEAsUrGmACN7mxzeQJNzedIJTQJ2KnXiOO1SeGrOMUhAW8=',
        error: null
      }
    }
[2m[22m
[2m      [2mat Socket.<anonymous> ([22m[2msrc/utils.ts[2m:159:15)[22m[2m[22m
  [2mconsole.log[22m
    [e2e_r4pg81niwrk]: 2024-03-22T20:58:52.449Z backend:StorageService About to save certificate...
    2024-03-22T20:58:52.449Z backend:StorageService Saving certificate...
    2024-03-22T20:58:52.449Z backend:CertificatesStore Adding user certificate
[2m[22m
[2m      [2mat Socket.<anonymous> ([22m[2msrc/utils.ts[2m:159:15)[22m[2m[22m
  [2mconsole.log[22m
    [e2e_r4pg81niwrk]: 2024-03-22T20:58:52.460Z backend:CertificatesStore Saved certificate locally
[2m[22m
[2m      [2mat Socket.<anonymous> ([22m[2msrc/utils.ts[2m:159:15)[22m[2m[22m
  [2mconsole.log[22m
    [e2e_r4pg81niwrk]: 2024-03-22T20:58:52.461Z backend:RegistrationService Finished issuing certificates
[2m[22m
[2m      [2mat Socket.<anonymous> ([22m[2msrc/utils.ts[2m:159:15)[22m[2m[22m
  [2mconsole.log[22m
    [e2e_r4pg81niwrk]: 2024-03-22T20:58:52.462Z backend:CertificatesStore Loaded certificates to memory
[2m[22m
[2m      [2mat Socket.<anonymous> ([22m[2msrc/utils.ts[2m:159:15)[22m[2m[22m
  [2mconsole.log[22m
    [e2e_r4pg81niwrk]: 2024-03-22T20:58:52.462Z backend:CertificatesStore All certificates: 2
[2m[22m
[2m      [2mat Socket.<anonymous> ([22m[2msrc/utils.ts[2m:159:15)[22m[2m[22m
  [2mconsole.log[22m
    [e2e_r4pg81niwrk]: 2024-03-22T20:58:52.464Z backend:CertificatesStore DuplicatedCertBug {
      validation: true,
      certificate: 'MIIDiDCCAy2gAwIBAgIGAY5n9ZigMAoGCCqGSM49BAMCMBgxFjAUBgNVBAMTDXRlc3Rjb21tdW5pdHkwHhcNMjQwMzIyMjA1ODUyWhcNMzAwMjAxMDUwMDAwWjBJMUcwRQYDVQQDEz5pbHltMmV5cHR5NWdtYXNycHd2NXRuMjVpaGw2endidTd0M3lpczdpM2FvM3BqZGVtdHc1cDJhZC5vbmlvbjBZMBMGByqGSM49AgEGCCqGSM49AwEHA0IABIBzpDuRKK1Pp/IvEQVkaS67M1r2O0rIlHtf52UkQSbDku321lmHffHYSO2u5u81dDqjY6TRtuKt/fyY3GUOm9ijggIwMIICLDAJBgNVHRMEAjAAMAsGA1UdDwQEAwIAgDAdBgNVHSUEFjAUBggrBgEFBQcDAgYIKwYBBQUHAwEwggFHBgkqhkiG9w0BCQwEggE4BIIBNC8RxBh7bykog3BbcxVJAi+J+9cTeWX0z3QGxTt+G1DdZUR/QfL1USJZT7e7e/FLNYwEHNEm5GY/5ZmXW/xZYI8rVF8EAslP+D/v11rEnK7w+YjpIYqS2fTgQumfisa/IB4o5T/BP9lRA1qdkxCOMuD2pbrEdGohJDCvRvmhT3p04uv+6FA2WuXj6AZUp+HbQ4jJG/Vk/X07+FtN9xtT4bMyvEhFe4DNGZR8q7fb7E4V1uOo1tVISX1GX0OCM1AB2cnypYbsdphtzyLIQgyN31SCLu9m9WCle4sZGN/RvHKtwfKYwpO8C6VaKewc/CnvZX9KkS/3E7AXEWL+aR9QfC9erQhwP2Z2LqcXfvub8oMaCvxfeq1OWLjaRtl3OGIX1u/+7vwkRAs9aSIp1OxGp5tDjylCMB4GCisGAQQBg4wbAgEEEBMOdXNlci1qb2luaW5nLTEwPQYJKwYBAgEPAwEBBDATLlFtWkxXNnk1bThicm9ZdXRHNG9nMnltWFJaVURjeFZoZGdIaGlLWUtocXVVTnAwSQYDVR0RBEIwQII+aWx5bTJleXB0eTVnbWFzcnB3djV0bjI1aWhsNnp3YnU3dDN5aXM3aTNhbzNwamRlbXR3NXAyYWQub25pb24wCgYIKoZIzj0EAwIDSQAwRgIhAKgI+kPK/VsfUVRJSZLkHoU286jZDj382xzPRcX0c2OJAiEAsUrGmACN7mxzeQJNzedIJTQJ2KnXiOO1SeGrOMUhAW8='
    }
[2m[22m
[2m      [2mat Socket.<anonymous> ([22m[2msrc/utils.ts[2m:159:15)[22m[2m[22m
  [2mconsole.log[22m
    [e2e_r4pg81niwrk]: 2024-03-22T20:58:52.465Z backend:CertificatesStore Valid certificates: 2
[2m[22m
[2m      [2mat Socket.<anonymous> ([22m[2msrc/utils.ts[2m:159:15)[22m[2m[22m
  [2mconsole.log[22m
    [e2e_r4pg81niwrk]: 2024-03-22T20:58:52.465Z backend:ConnectionsManagerService Storage - certificatesStored
    2024-03-22T20:58:52.465Z backend:StorageService csrs count: 2
[2m[22m
[2m      [2mat Socket.<anonymous> ([22m[2msrc/utils.ts[2m:159:15)[22m[2m[22m
  [2mconsole.log[22m
    stdout:
    updatePeersList, peers count: 2
[2m[22m
[2m      [2mat Socket.<anonymous> ([22m[2msrc/utils.ts[2m:149:15)[22m[2m[22m
  [2mconsole.log[22m
    [e2e_r4pg81niwrk]: 2024-03-22T20:58:52.466Z backend:LocalDbService Local peer /dns4/2otwjrsx3pcf6dvjheol6v2xcui6n6qn4rfkipe2oh3vyibizir46did.onion/tcp/80/ws/p2p/QmTpNmixsfUSHBm3vWvvuTkgt2HdXc1sYiBRw4pMRn88GR
[2m[22m
[2m      [2mat Socket.<anonymous> ([22m[2msrc/utils.ts[2m:159:15)[22m[2m[22m
  [2mconsole.log[22m
    [e2e_r4pg81niwrk]: 2024-03-22T20:58:52.962Z backend:StorageService progress 2/2. Address: /orbitdb/zdpuAxX9VYs2cAEDR3cCBsM6wyvpYeQPwU6ugmGoy5AGm6DwT/channels.general_a7c50e5f6bb71a5bfe45107c2f1c0f08
[2m[22m
[2m      [2mat Socket.<anonymous> ([22m[2msrc/utils.ts[2m:159:15)[22m[2m[22m
  [2mconsole.log[22m
    [e2e_r4pg81niwrk]: 2024-03-22T20:58:52.973Z backend:StorageService Replicated. /orbitdb/zdpuAxX9VYs2cAEDR3cCBsM6wyvpYeQPwU6ugmGoy5AGm6DwT/channels.general_a7c50e5f6bb71a5bfe45107c2f1c0f08
[2m[22m
[2m      [2mat Socket.<anonymous> ([22m[2msrc/utils.ts[2m:159:15)[22m[2m[22m
  [2mconsole.log[22m
    [e2e_4cc1hr73df40]: 2024-03-22T20:58:53.039Z backend:StorageService progress 2/2. Address: /orbitdb/zdpuAxX9VYs2cAEDR3cCBsM6wyvpYeQPwU6ugmGoy5AGm6DwT/channels.general_a7c50e5f6bb71a5bfe45107c2f1c0f08
[2m[22m
[2m      [2mat Socket.<anonymous> ([22m[2msrc/utils.ts[2m:159:15)[22m[2m[22m
  [2mconsole.log[22m
    [e2e_4cc1hr73df40]: 2024-03-22T20:58:53.172Z backend:CertificatesStore REPLICATED: Certificates
[2m[22m
[2m      [2mat Socket.<anonymous> ([22m[2msrc/utils.ts[2m:159:15)[22m[2m[22m
  [2mconsole.log[22m
    [e2e_4cc1hr73df40]: 2024-03-22T20:58:53.174Z backend:CertificatesStore Loaded certificates to memory
[2m[22m
[2m      [2mat Socket.<anonymous> ([22m[2msrc/utils.ts[2m:159:15)[22m[2m[22m
  [2mconsole.log[22m
    [e2e_4cc1hr73df40]: 2024-03-22T20:58:53.174Z backend:CertificatesStore All certificates: 2
[2m[22m
[2m      [2mat Socket.<anonymous> ([22m[2msrc/utils.ts[2m:159:15)[22m[2m[22m
  [2mconsole.log[22m
    [e2e_4cc1hr73df40]: 2024-03-22T20:58:53.177Z backend:CertificatesStore DuplicatedCertBug {
      validation: true,
      certificate: 'MIIDiDCCAy2gAwIBAgIGAY5n9ZigMAoGCCqGSM49BAMCMBgxFjAUBgNVBAMTDXRlc3Rjb21tdW5pdHkwHhcNMjQwMzIyMjA1ODUyWhcNMzAwMjAxMDUwMDAwWjBJMUcwRQYDVQQDEz5pbHltMmV5cHR5NWdtYXNycHd2NXRuMjVpaGw2endidTd0M3lpczdpM2FvM3BqZGVtdHc1cDJhZC5vbmlvbjBZMBMGByqGSM49AgEGCCqGSM49AwEHA0IABIBzpDuRKK1Pp/IvEQVkaS67M1r2O0rIlHtf52UkQSbDku321lmHffHYSO2u5u81dDqjY6TRtuKt/fyY3GUOm9ijggIwMIICLDAJBgNVHRMEAjAAMAsGA1UdDwQEAwIAgDAdBgNVHSUEFjAUBggrBgEFBQcDAgYIKwYBBQUHAwEwggFHBgkqhkiG9w0BCQwEggE4BIIBNC8RxBh7bykog3BbcxVJAi+J+9cTeWX0z3QGxTt+G1DdZUR/QfL1USJZT7e7e/FLNYwEHNEm5GY/5ZmXW/xZYI8rVF8EAslP+D/v11rEnK7w+YjpIYqS2fTgQumfisa/IB4o5T/BP9lRA1qdkxCOMuD2pbrEdGohJDCvRvmhT3p04uv+6FA2WuXj6AZUp+HbQ4jJG/Vk/X07+FtN9xtT4bMyvEhFe4DNGZR8q7fb7E4V1uOo1tVISX1GX0OCM1AB2cnypYbsdphtzyLIQgyN31SCLu9m9WCle4sZGN/RvHKtwfKYwpO8C6VaKewc/CnvZX9KkS/3E7AXEWL+aR9QfC9erQhwP2Z2LqcXfvub8oMaCvxfeq1OWLjaRtl3OGIX1u/+7vwkRAs9aSIp1OxGp5tDjylCMB4GCisGAQQBg4wbAgEEEBMOdXNlci1qb2luaW5nLTEwPQYJKwYBAgEPAwEBBDATLlFtWkxXNnk1bThicm9ZdXRHNG9nMnltWFJaVURjeFZoZGdIaGlLWUtocXVVTnAwSQYDVR0RBEIwQII+aWx5bTJleXB0eTVnbWFzcnB3djV0bjI1aWhsNnp3YnU3dDN5aXM3aTNhbzNwamRlbXR3NXAyYWQub25pb24wCgYIKoZIzj0EAwIDSQAwRgIhAKgI+kPK/VsfUVRJSZLkHoU286jZDj382xzPRcX0c2OJAiEAsUrGmACN7mxzeQJNzedIJTQJ2KnXiOO1SeGrOMUhAW8='
    }
[2m[22m
[2m      [2mat Socket.<anonymous> ([22m[2msrc/utils.ts[2m:159:15)[22m[2m[22m
  [2mconsole.log[22m
    [e2e_4cc1hr73df40]: 2024-03-22T20:58:53.177Z backend:CertificatesStore Valid certificates: 2
    2024-03-22T20:58:53.177Z backend:ConnectionsManagerService Storage - certificatesStored
[2m[22m
[2m      [2mat Socket.<anonymous> ([22m[2msrc/utils.ts[2m:159:15)[22m[2m[22m
  [2mconsole.log[22m
    [e2e_4cc1hr73df40]: 2024-03-22T20:58:53.178Z backend:StorageService csrs count: 2
[2m[22m
[2m      [2mat Socket.<anonymous> ([22m[2msrc/utils.ts[2m:159:15)[22m[2m[22m
  [2mconsole.log[22m
    stdout:
    updatePeersList, peers count: 2
[2m[22m
[2m      [2mat Socket.<anonymous> ([22m[2msrc/utils.ts[2m:149:15)[22m[2m[22m
  [2mconsole.log[22m
    [e2e_4cc1hr73df40]: 2024-03-22T20:58:53.179Z backend:LocalDbService Local peer /dns4/ilym2eypty5gmasrpwv5tn25ihl6zwbu7t3yis7i3ao3pjdemtw5p2ad.onion/tcp/80/ws/p2p/QmZLW6y5m8broYutG4og2ymXRZUDcxVhdgHhiKYKhquUNp
[2m[22m
[2m      [2mat Socket.<anonymous> ([22m[2msrc/utils.ts[2m:159:15)[22m[2m[22m
  [2mconsole.log[22m
    [e2e_4cc1hr73df40]: 2024-03-22T20:59:05.816Z backend:StorageService Replicated. /orbitdb/zdpuAxX9VYs2cAEDR3cCBsM6wyvpYeQPwU6ugmGoy5AGm6DwT/channels.general_a7c50e5f6bb71a5bfe45107c2f1c0f08
[2m[22m
[2m      [2mat Socket.<anonymous> ([22m[2msrc/utils.ts[2m:159:15)[22m[2m[22m
  [2mconsole.log[22m
    [e2e_4cc1hr73df40]: 2024-03-22T20:59:05.820Z backend:SocketService Awaiting readyness before emitting:  getMessages
[2m[22m
[2m      [2mat Socket.<anonymous> ([22m[2msrc/utils.ts[2m:159:15)[22m[2m[22m
  [2mconsole.log[22m
    [e2e_4cc1hr73df40]: 2024-03-22T20:59:11.602Z backend:SocketService Awaiting readyness before emitting:  sendMessage
[2m[22m
[2m      [2mat Socket.<anonymous> ([22m[2msrc/utils.ts[2m:159:15)[22m[2m[22m
  [2mconsole.log[22m
    [e2e_4cc1hr73df40]: 2024-03-22T20:59:11.617Z backend:StorageService Writing to public channel db general_a7c50e5f6bb71a5bfe45107c2f1c0f08
[2m[22m
[2m      [2mat Socket.<anonymous> ([22m[2msrc/utils.ts[2m:159:15)[22m[2m[22m
  [2mconsole.log[22m
    [e2e_r4pg81niwrk]: 2024-03-22T20:59:12.266Z backend:StorageService progress 3/3. Address: /orbitdb/zdpuAxX9VYs2cAEDR3cCBsM6wyvpYeQPwU6ugmGoy5AGm6DwT/channels.general_a7c50e5f6bb71a5bfe45107c2f1c0f08
[2m[22m
[2m      [2mat Socket.<anonymous> ([22m[2msrc/utils.ts[2m:159:15)[22m[2m[22m
  [2mconsole.log[22m
    [e2e_r4pg81niwrk]: 2024-03-22T20:59:12.270Z backend:StorageService Replicated. /orbitdb/zdpuAxX9VYs2cAEDR3cCBsM6wyvpYeQPwU6ugmGoy5AGm6DwT/channels.general_a7c50e5f6bb71a5bfe45107c2f1c0f08
[2m[22m
[2m      [2mat Socket.<anonymous> ([22m[2msrc/utils.ts[2m:159:15)[22m[2m[22m
  [2mconsole.log[22m
    Waiting for user "user-joining-1" message "Nice to meet you all"
[2m[22m
[2m      [2mat Channel.waitForUserMessage ([22m[2msrc/selectors.ts[2m:342:13)[22m[2m[22m
  [2mconsole.log[22m
    Potential message with text: @user-joining-1 has joined and will be registered soon. 🎉 Learn more
[2m[22m
[2m      [2mat [22m[2msrc/selectors.ts[2m:347:17[22m[2m[22m
  [2mconsole.log[22m
    Potential message with text: Nice to meet you all
[2m[22m
[2m      [2mat [22m[2msrc/selectors.ts[2m:347:17[22m[2m[22m
  [2mconsole.log[22m
    Found message with matching text Nice to meet you all
[2m[22m
[2m      [2mat [22m[2msrc/selectors.ts[2m:349:19[22m[2m[22m
  [2mconsole.log[22m
    Data Test ID for message content: userMessages-user-joining-1-c39voc2x82m
[2m[22m
[2m      [2mat Channel.getMessageIdsByText ([22m[2msrc/selectors.ts[2m:384:13)[22m[2m[22m
  [2mconsole.log[22m
    Waiting for content for message with text Nice to meet you all
[2m[22m
[2m      [2mat Channel.waitForMessageContentByText ([22m[2msrc/selectors.ts[2m:510:13)[22m[2m[22m
  [2mconsole.log[22m
    Testing content: Nice to meet you all
[2m[22m
[2m      [2mat Channel.waitForMessageContentByText ([22m[2msrc/selectors.ts[2m:516:15)[22m[2m[22m
  [2mconsole.log[22m
    Testing content: Nice to meet you all
[2m[22m
[2m      [2mat Channel.waitForMessageContentByText ([22m[2msrc/selectors.ts[2m:516:15)[22m[2m[22m
  [2mconsole.log[22m
    Testing content: Nice to meet you all
[2m[22m
[2m      [2mat Channel.waitForMessageContentByText ([22m[2msrc/selectors.ts[2m:516:15)[22m[2m[22m
  [2mconsole.log[22m
    Testing content: Nice to meet you all
[2m[22m
[2m      [2mat Channel.waitForMessageContentByText ([22m[2msrc/selectors.ts[2m:516:15)[22m[2m[22m
  [2mconsole.log[22m
    Found content element for message with text Nice to meet you all
[2m[22m
[2m      [2mat Channel.waitForMessageContentByText ([22m[2msrc/selectors.ts[2m:518:17)[22m[2m[22m
  [2mconsole.log[22m
    Data Test ID for message content: messagesGroupContent-c39voc2x82m
[2m[22m
[2m      [2mat Channel.getMessageIdsByText ([22m[2msrc/selectors.ts[2m:394:13)[22m[2m[22m
  [2mconsole.log[22m
    Waiting for 'sending...' element for message with data-testid unsent-sending-user-joining-1-c39voc2x82m
[2m[22m
[2m      [2mat Channel.waitForSending ([22m[2msrc/selectors.ts[2m:528:13)[22m[2m[22m
  [2mconsole.log[22m
    Waiting for user's avatar with username user-joining-1 for message with ID c39voc2x82m
[2m[22m
[2m      [2mat Channel.waitForAvatar ([22m[2msrc/selectors.ts[2m:471:13)[22m[2m[22m
  [2mconsole.log[22m
    Found user's avatar with username user-joining-1 for message with ID c39voc2x82m
[2m[22m
[2m      [2mat Channel.waitForAvatar ([22m[2msrc/selectors.ts[2m:476:15)[22m[2m[22m
  [2mconsole.log[22m
    Waiting for date for message with ID c39voc2x82m
[2m[22m
[2m      [2mat Channel.waitForDateLabel ([22m[2msrc/selectors.ts[2m:484:13)[22m[2m[22m
  [2mconsole.log[22m
    Found date label for message with ID c39voc2x82m
[2m[22m
[2m      [2mat Channel.waitForDateLabel ([22m[2msrc/selectors.ts[2m:489:15)[22m[2m[22m
  [2mconsole.log[22m
    Waiting for content for message with ID c39voc2x82m
[2m[22m
[2m      [2mat Channel.waitForMessageContentById ([22m[2msrc/selectors.ts[2m:497:13)[22m[2m[22m
  [2mconsole.log[22m
    Found content for message with ID c39voc2x82m
[2m[22m
[2m      [2mat Channel.waitForMessageContentById ([22m[2msrc/selectors.ts[2m:502:15)[22m[2m[22m
  [2mconsole.log[22m
    Waiting for user "user-joining-1" message "Nice to meet you all"
[2m[22m
[2m      [2mat Channel.waitForUserMessage ([22m[2msrc/selectors.ts[2m:342:13)[22m[2m[22m
  [2mconsole.log[22m
    Potential message with text: @user-joining-1 has joined and will be registered soon. 🎉 Learn more
[2m[22m
[2m      [2mat [22m[2msrc/selectors.ts[2m:347:17[22m[2m[22m
  [2mconsole.log[22m
    Potential message with text: Nice to meet you all
[2m[22m
[2m      [2mat [22m[2msrc/selectors.ts[2m:347:17[22m[2m[22m
  [2mconsole.log[22m
    Found message with matching text Nice to meet you all
[2m[22m
[2m      [2mat [22m[2msrc/selectors.ts[2m:349:19[22m[2m[22m
  [2mconsole.log[22m
    Data Test ID for message content: userMessages-user-joining-1-c39voc2x82m
[2m[22m
[2m      [2mat Channel.getMessageIdsByText ([22m[2msrc/selectors.ts[2m:384:13)[22m[2m[22m
  [2mconsole.log[22m
    Waiting for content for message with text Nice to meet you all
[2m[22m
[2m      [2mat Channel.waitForMessageContentByText ([22m[2msrc/selectors.ts[2m:510:13)[22m[2m[22m
  [2mconsole.log[22m
    Testing content: Nice to meet you all
[2m[22m
[2m      [2mat Channel.waitForMessageContentByText ([22m[2msrc/selectors.ts[2m:516:15)[22m[2m[22m
  [2mconsole.log[22m
    Testing content: Nice to meet you all
[2m[22m
[2m      [2mat Channel.waitForMessageContentByText ([22m[2msrc/selectors.ts[2m:516:15)[22m[2m[22m
  [2mconsole.log[22m
    Testing content: Nice to meet you all
[2m[22m
[2m      [2mat Channel.waitForMessageContentByText ([22m[2msrc/selectors.ts[2m:516:15)[22m[2m[22m
  [2mconsole.log[22m
    Testing content: Nice to meet you all
[2m[22m
[2m      [2mat Channel.waitForMessageContentByText ([22m[2msrc/selectors.ts[2m:516:15)[22m[2m[22m
  [2mconsole.log[22m
    Found content element for message with text Nice to meet you all
[2m[22m
[2m      [2mat Channel.waitForMessageContentByText ([22m[2msrc/selectors.ts[2m:518:17)[22m[2m[22m
  [2mconsole.log[22m
    Data Test ID for message content: messagesGroupContent-c39voc2x82m
[2m[22m
[2m      [2mat Channel.getMessageIdsByText ([22m[2msrc/selectors.ts[2m:394:13)[22m[2m[22m
  [2mconsole.log[22m
    {
      messages1: [
        WebElement { driver_: [thenableWebDriverProxy], id_: [Promise] },
        WebElement { driver_: [thenableWebDriverProxy], id_: [Promise] }
      ],
      usersMessageId: { messageId: 'c39voc2x82m', parentMessageId: 'c39voc2x82m' }
    }
[2m[22m
[2m      [2mat Object.<anonymous> ([22m[2m[0m[36msrc/tests/multipleClients.test.ts[39m[0m[2m:201:17)[22m[2m[22m
  [2mconsole.log[22m
    https://tryquiet.org/join#QmZLW6y5m8broYutG4og2ymXRZUDcxVhdgHhiKYKhquUNp=ilym2eypty5gmasrpwv5tn25ihl6zwbu7t3yis7i3ao3pjdemtw5p2ad&QmTpNmixsfUSHBm3vWvvuTkgt2HdXc1sYiBRw4pMRn88GR=2otwjrsx3pcf6dvjheol6v2xcui6n6qn4rfkipe2oh3vyibizir46did&k=9bw8jRVfIx79qEdH0LUhqDqBBWjS21oVEqx7pvxkkPI%3D&o=02c53e500ef7845a1298bb6fa68c55131085695ded3bcb1c9e6eb329cc959588e7 copied from non owner
[2m[22m
[2m      [2mat Object.<anonymous> ([22m[2m[0m[36msrc/tests/multipleClients.test.ts[39m[0m[2m:214:17)[22m[2m[22m
  [2mconsole.log[22m
    Closing the app e2e_r4pg81niwrk
[2m[22m
[2m      [2mat App.close ([22m[2msrc/selectors.ts[2m:58:13)[22m[2m[22m
  [2mconsole.log[22m
    Closing driver (DATA_DIR=e2e_r4pg81niwrk)
[2m[22m
[2m      [2mat BuildSetup.closeDriver ([22m[2msrc/utils.ts[2m:224:13)[22m[2m[22m
  [2mconsole.log[22m
    [e2e_r4pg81niwrk]: 2024-03-22T20:59:31.152Z desktop:main:main Event mainWindow.closed
[2m[22m
[2m      [2mat Socket.<anonymous> ([22m[2msrc/utils.ts[2m:159:15)[22m[2m[22m
  [2mconsole.log[22m
    [e2e_r4pg81niwrk]: 2024-03-22T20:59:31.152Z desktop:main:main Event: app.window-all-closed
[2m[22m
[2m      [2mat Socket.<anonymous> ([22m[2msrc/utils.ts[2m:159:15)[22m[2m[22m
  [2mconsole.log[22m
    [e2e_r4pg81niwrk]: 2024-03-22T20:59:31.154Z backend:Tor Killing tor... with pid 18241
    2024-03-22T20:59:31.154Z backend:Tor Attempting to kill hanging tor processes
[2m[22m
[2m      [2mat Socket.<anonymous> ([22m[2msrc/utils.ts[2m:159:15)[22m[2m[22m
  [2mconsole.log[22m
    Killing driver (DATA_DIR=e2e_r4pg81niwrk)
[2m[22m
[2m      [2mat BuildSetup.killChromeDriver ([22m[2msrc/utils.ts[2m:214:13)[22m[2m[22m
  [2mconsole.log[22m
    EXIT
[2m[22m
[2m      [2mat ChildProcess.<anonymous> ([22m[2msrc/utils.ts[2m:132:15)[22m[2m[22m
  [2mconsole.log[22m
    [e2e_r4pg81niwrk]: 2024-03-22T20:59:31.289Z backend:Tor Found tor process(es) with pid(s) 18241. Killing...
[2m[22m
[2m      [2mat Socket.<anonymous> ([22m[2msrc/utils.ts[2m:159:15)[22m[2m[22m
  [2mconsole.log[22m
    [e2e_r4pg81niwrk]: 2024-03-22T20:59:31.289Z backend:Tor Mar 22 16:59:31.000 [notice] Catching signal TERM, exiting cleanly.
[2m[22m
[2m      [2mat Socket.<anonymous> ([22m[2msrc/utils.ts[2m:159:15)[22m[2m[22m
  [2mconsole.log[22m
    [e2e_r4pg81niwrk]: 2024-03-22T20:59:31.292Z backend:Libp2pService Disconnecting peer: {"isTrusted":false,"detail":{"id":"dftr0c1711141126771","remoteAddr":"/dns4/ilym2eypty5gmasrpwv5tn25ihl6zwbu7t3yis7i3ao3pjdemtw5p2ad.onion/tcp/80/ws/p2p/QmZLW6y5m8broYutG4og2ymXRZUDcxVhdgHhiKYKhquUNp","remotePeer":"QmZLW6y5m8broYutG4og2ymXRZUDcxVhdgHhiKYKhquUNp","stat":{"status":"CLOSED","direction":"inbound","timeline":{"open":1711141123694,"upgraded":1711141126771,"close":1711141171291},"multiplexer":"/mplex/6.7.0","encryption":"/noise"},"tags":[],"_closing":false}}
[2m[22m
[2m      [2mat Socket.<anonymous> ([22m[2msrc/utils.ts[2m:159:15)[22m[2m[22m
  [2mconsole.log[22m
    [e2e_r4pg81niwrk]: 2024-03-22T20:59:31.292Z backend:Libp2pService QmTpNmixsfUSHBm3vWvvuTkgt2HdXc1sYiBRw4pMRn88GR disconnected from QmZLW6y5m8broYutG4og2ymXRZUDcxVhdgHhiKYKhquUNp
    2024-03-22T20:59:31.292Z backend:Libp2pService QmTpNmixsfUSHBm3vWvvuTkgt2HdXc1sYiBRw4pMRn88GR has 0 open connections
    2024-03-22T20:59:31.292Z backend:Libp2pService QmTpNmixsfUSHBm3vWvvuTkgt2HdXc1sYiBRw4pMRn88GR is now connected to 0 peers
    2024-03-22T20:59:31.292Z backend:Libp2pService Emitting peerDisconnected event with payload {"peer":"QmZLW6y5m8broYutG4og2ymXRZUDcxVhdgHhiKYKhquUNp","connectionDuration":44518,"lastSeen":1711141171292}
[2m[22m
[2m      [2mat Socket.<anonymous> ([22m[2msrc/utils.ts[2m:159:15)[22m[2m[22m
  [2mconsole.log[22m
    [e2e_r4pg81niwrk]: 2024-03-22T20:59:31.300Z backend:Tor Tor exited with code 0 and signal null
[2m[22m
[2m      [2mat Socket.<anonymous> ([22m[2msrc/utils.ts[2m:159:15)[22m[2m[22m
  [2mconsole.log[22m
    [e2e_r4pg81niwrk]: 2024-03-22T20:59:31.300Z backend:ConnectionsManagerService Stopping orbitdb
    2024-03-22T20:59:31.301Z backend:CertificatesRequestsStore Closing...
    2024-03-22T20:59:31.301Z backend:CertificatesRequestsStore Closed
    2024-03-22T20:59:31.301Z backend:OrbitDb Stopping OrbitDB
[2m[22m
[2m      [2mat Socket.<anonymous> ([22m[2msrc/utils.ts[2m:159:15)[22m[2m[22m
  [2mconsole.log[22m
    [e2e_r4pg81niwrk]: 2024-03-22T20:59:31.301Z backend:StorageService Stopping IPFS files manager
[2m[22m
[2m      [2mat Socket.<anonymous> ([22m[2msrc/utils.ts[2m:159:15)[22m[2m[22m
  [2mconsole.log[22m
    [e2e_r4pg81niwrk]: 2024-03-22T20:59:31.302Z backend:StorageService Stopping IPFS
[2m[22m
[2m      [2mat Socket.<anonymous> ([22m[2msrc/utils.ts[2m:159:15)[22m[2m[22m
  [2mconsole.log[22m
    [e2e_r4pg81niwrk]: 2024-03-22T20:59:31.305Z backend:ConnectionsManagerService Closing socket server
[2m[22m
[2m      [2mat Socket.<anonymous> ([22m[2msrc/utils.ts[2m:159:15)[22m[2m[22m
  [2mconsole.log[22m
    [e2e_r4pg81niwrk]: 2024-03-22T20:59:31.305Z backend:ConnectionsManagerService Closing local storage
    2024-03-22T20:59:31.305Z backend:LocalDbService Closing leveldb
    2024-03-22T20:59:31.305Z backend:ConnectionsManagerService Stopping libp2p
    2024-03-22T20:59:31.305Z backend:Libp2pService Closing libp2p service
[2m[22m
[2m      [2mat Socket.<anonymous> ([22m[2msrc/utils.ts[2m:159:15)[22m[2m[22m
  [2mconsole.log[22m
    [e2e_r4pg81niwrk]: node:events:491
          throw er; // Unhandled 'error' event
          ^
    
    Error [ERR_IPC_CHANNEL_CLOSED]: Channel closed
        at new NodeError (node:internal/errors:393:5)
        at target.send (node:internal/child_process:740:16)
        at process.eval (webpack://@quiet/backend/./src/backendManager.ts?:84:25)
    Emitted 'error' event on process instance at:
        at process.processEmit [as emit] (webpack://@quiet/backend/./node_modules/signal-exit/index.js?:199:34)
        at node:internal/child_process:744:35
        at process.processTicksAndRejections (node:internal/process/task_queues:77:11) {
      code: 'ERR_IPC_CHANNEL_CLOSED'
    }
    
    Node.js v18.12.1
[2m[22m
[2m      [2mat Socket.<anonymous> ([22m[2msrc/utils.ts[2m:159:15)[22m[2m[22m
  [2mconsole.log[22m
    CLOSE
[2m[22m
[2m      [2mat ChildProcess.<anonymous> ([22m[2msrc/utils.ts[2m:137:15)[22m[2m[22m
  [2mconsole.log[22m
    App closed e2e_r4pg81niwrk
[2m[22m
[2m      [2mat App.close ([22m[2msrc/selectors.ts[2m:70:13)[22m[2m[22m
  [2mconsole.log[22m
    [e2e_4cc1hr73df40]: 2024-03-22T20:59:36.208Z backend:Libp2pService Disconnecting peer: {"isTrusted":false,"detail":{"id":"bdj41711141127398","remoteAddr":"/dns4/2otwjrsx3pcf6dvjheol6v2xcui6n6qn4rfkipe2oh3vyibizir46did.onion/tcp/80/ws/p2p/QmTpNmixsfUSHBm3vWvvuTkgt2HdXc1sYiBRw4pMRn88GR","remotePeer":"QmTpNmixsfUSHBm3vWvvuTkgt2HdXc1sYiBRw4pMRn88GR","stat":{"status":"CLOSED","direction":"outbound","timeline":{"open":1711141124081,"upgraded":1711141127397,"close":1711141176208},"multiplexer":"/mplex/6.7.0","encryption":"/noise"},"tags":[],"_closing":false}}
    2024-03-22T20:59:36.208Z backend:Libp2pService QmZLW6y5m8broYutG4og2ymXRZUDcxVhdgHhiKYKhquUNp disconnected from QmTpNmixsfUSHBm3vWvvuTkgt2HdXc1sYiBRw4pMRn88GR
[2m[22m
[2m      [2mat Socket.<anonymous> ([22m[2msrc/utils.ts[2m:159:15)[22m[2m[22m
  [2mconsole.log[22m
    [e2e_4cc1hr73df40]: 2024-03-22T20:59:36.208Z backend:Libp2pService QmZLW6y5m8broYutG4og2ymXRZUDcxVhdgHhiKYKhquUNp has 0 open connections
    2024-03-22T20:59:36.208Z backend:Libp2pService QmZLW6y5m8broYutG4og2ymXRZUDcxVhdgHhiKYKhquUNp is now connected to 0 peers
    2024-03-22T20:59:36.208Z backend:Libp2pService Emitting peerDisconnected event with payload {"peer":"QmTpNmixsfUSHBm3vWvvuTkgt2HdXc1sYiBRw4pMRn88GR","connectionDuration":48810,"lastSeen":1711141176208}
[2m[22m
[2m      [2mat Socket.<anonymous> ([22m[2msrc/utils.ts[2m:159:15)[22m[2m[22m
  [2mconsole.log[22m
    [e2e_4cc1hr73df40]: 2024-03-22T20:59:37.424Z backend:libp2p:websockets connect 2otwjrsx3pcf6dvjheol6v2xcui6n6qn4rfkipe2oh3vyibizir46did.onion:80
[2m[22m
[2m      [2mat Socket.<anonymous> ([22m[2msrc/utils.ts[2m:159:15)[22m[2m[22m
  [2mconsole.log[22m
    Waiting for connection status element for channel with name general with expected presence = true
[2m[22m
[2m      [2mat Channel.waitForConnectionStatus ([22m[2msrc/selectors.ts[2m:550:13)[22m[2m[22m
  [2mconsole.log[22m
    [e2e_4cc1hr73df40]: 2024-03-22T21:00:05.383Z backend:SocketService Awaiting readyness before emitting:  sendMessage
[2m[22m
[2m      [2mat Socket.<anonymous> ([22m[2msrc/utils.ts[2m:159:15)[22m[2m[22m
  [2mconsole.log[22m
    [e2e_4cc1hr73df40]: 2024-03-22T21:00:05.398Z backend:StorageService Writing to public channel db general_a7c50e5f6bb71a5bfe45107c2f1c0f08
[2m[22m
[2m      [2mat Socket.<anonymous> ([22m[2msrc/utils.ts[2m:159:15)[22m[2m[22m
  [2mconsole.log[22m
    Waiting for user "user-joining-1" message "This appears unsent"
[2m[22m
[2m      [2mat Channel.waitForUserMessage ([22m[2msrc/selectors.ts[2m:342:13)[22m[2m[22m
  [2mconsole.log[22m
    Potential message with text: @user-joining-1 has joined and will be registered soon. 🎉 Learn more
[2m[22m
[2m      [2mat [22m[2msrc/selectors.ts[2m:347:17[22m[2m[22m
  [2mconsole.log[22m
    Potential message with text: Nice to meet you all
[2m[22m
[2m      [2mat [22m[2msrc/selectors.ts[2m:347:17[22m[2m[22m
  [2mconsole.log[22m
    Potential message with text: This appears unsent
[2m[22m
[2m      [2mat [22m[2msrc/selectors.ts[2m:347:17[22m[2m[22m
  [2mconsole.log[22m
    Found message with matching text This appears unsent
[2m[22m
[2m      [2mat [22m[2msrc/selectors.ts[2m:349:19[22m[2m[22m
  [2mconsole.log[22m
    Data Test ID for message content: userMessages-user-joining-1-3voaw4xb4ke
[2m[22m
[2m      [2mat Channel.getMessageIdsByText ([22m[2msrc/selectors.ts[2m:384:13)[22m[2m[22m
  [2mconsole.log[22m
    Waiting for content for message with text This appears unsent
[2m[22m
[2m      [2mat Channel.waitForMessageContentByText ([22m[2msrc/selectors.ts[2m:510:13)[22m[2m[22m
  [2mconsole.log[22m
    Testing content: This appears unsent
[2m[22m
[2m      [2mat Channel.waitForMessageContentByText ([22m[2msrc/selectors.ts[2m:516:15)[22m[2m[22m
  [2mconsole.log[22m
    Testing content: This appears unsent
[2m[22m
[2m      [2mat Channel.waitForMessageContentByText ([22m[2msrc/selectors.ts[2m:516:15)[22m[2m[22m
  [2mconsole.log[22m
    Testing content: This appears unsent
[2m[22m
[2m      [2mat Channel.waitForMessageContentByText ([22m[2msrc/selectors.ts[2m:516:15)[22m[2m[22m
  [2mconsole.log[22m
    Testing content: This appears unsent
[2m[22m
[2m      [2mat Channel.waitForMessageContentByText ([22m[2msrc/selectors.ts[2m:516:15)[22m[2m[22m
  [2mconsole.log[22m
    Testing content: This appears unsent
[2m[22m
[2m      [2mat Channel.waitForMessageContentByText ([22m[2msrc/selectors.ts[2m:516:15)[22m[2m[22m
  [2mconsole.log[22m
    Found content element for message with text This appears unsent
[2m[22m
[2m      [2mat Channel.waitForMessageContentByText ([22m[2msrc/selectors.ts[2m:518:17)[22m[2m[22m
  [2mconsole.log[22m
    Data Test ID for message content: messagesGroupContent-3voaw4xb4ke
[2m[22m
[2m      [2mat Channel.getMessageIdsByText ([22m[2msrc/selectors.ts[2m:394:13)[22m[2m[22m
  [2mconsole.log[22m
    Waiting for 'sending...' element for message with data-testid unsent-sending-user-joining-1-3voaw4xb4ke
[2m[22m
[2m      [2mat Channel.waitForSending ([22m[2msrc/selectors.ts[2m:528:13)[22m[2m[22m
  [2mconsole.log[22m
    Waiting for user's avatar with username user-joining-1 for message with ID 3voaw4xb4ke
[2m[22m
[2m      [2mat Channel.waitForAvatar ([22m[2msrc/selectors.ts[2m:471:13)[22m[2m[22m
  [2mconsole.log[22m
    Found user's avatar with username user-joining-1 for message with ID 3voaw4xb4ke
[2m[22m
[2m      [2mat Channel.waitForAvatar ([22m[2msrc/selectors.ts[2m:476:15)[22m[2m[22m
  [2mconsole.log[22m
    Waiting for date for message with ID 3voaw4xb4ke
[2m[22m
[2m      [2mat Channel.waitForDateLabel ([22m[2msrc/selectors.ts[2m:484:13)[22m[2m[22m
  [2mconsole.log[22m
    Found date label for message with ID 3voaw4xb4ke
[2m[22m
[2m      [2mat Channel.waitForDateLabel ([22m[2msrc/selectors.ts[2m:489:15)[22m[2m[22m
  [2mconsole.log[22m
    Waiting for content for message with ID 3voaw4xb4ke
[2m[22m
[2m      [2mat Channel.waitForMessageContentById ([22m[2msrc/selectors.ts[2m:497:13)[22m[2m[22m
  [2mconsole.log[22m
    Found content for message with ID 3voaw4xb4ke
[2m[22m
[2m      [2mat Channel.waitForMessageContentById ([22m[2msrc/selectors.ts[2m:502:15)[22m[2m[22m
  [2mconsole.log[22m
    Waiting for user "user-joining-1" message "This appears unsent"
[2m[22m
[2m      [2mat Channel.waitForUserMessage ([22m[2msrc/selectors.ts[2m:342:13)[22m[2m[22m
  [2mconsole.log[22m
    Potential message with text: @user-joining-1 has joined and will be registered soon. 🎉 Learn more
[2m[22m
[2m      [2mat [22m[2msrc/selectors.ts[2m:347:17[22m[2m[22m
  [2mconsole.log[22m
    Potential message with text: Nice to meet you all
[2m[22m
[2m      [2mat [22m[2msrc/selectors.ts[2m:347:17[22m[2m[22m
  [2mconsole.log[22m
    Potential message with text: This appears unsent
[2m[22m
[2m      [2mat [22m[2msrc/selectors.ts[2m:347:17[22m[2m[22m
  [2mconsole.log[22m
    Found message with matching text This appears unsent
[2m[22m
[2m      [2mat [22m[2msrc/selectors.ts[2m:349:19[22m[2m[22m
  [2mconsole.log[22m
    Data Test ID for message content: userMessages-user-joining-1-3voaw4xb4ke
[2m[22m
[2m      [2mat Channel.getMessageIdsByText ([22m[2msrc/selectors.ts[2m:384:13)[22m[2m[22m
  [2mconsole.log[22m
    Waiting for content for message with text This appears unsent
[2m[22m
[2m      [2mat Channel.waitForMessageContentByText ([22m[2msrc/selectors.ts[2m:510:13)[22m[2m[22m
  [2mconsole.log[22m
    Testing content: This appears unsent
[2m[22m
[2m      [2mat Channel.waitForMessageContentByText ([22m[2msrc/selectors.ts[2m:516:15)[22m[2m[22m
  [2mconsole.log[22m
    Testing content: This appears unsent
[2m[22m
[2m      [2mat Channel.waitForMessageContentByText ([22m[2msrc/selectors.ts[2m:516:15)[22m[2m[22m
  [2mconsole.log[22m
    Testing content: This appears unsent
[2m[22m
[2m      [2mat Channel.waitForMessageContentByText ([22m[2msrc/selectors.ts[2m:516:15)[22m[2m[22m
  [2mconsole.log[22m
    Testing content: This appears unsent
[2m[22m
[2m      [2mat Channel.waitForMessageContentByText ([22m[2msrc/selectors.ts[2m:516:15)[22m[2m[22m
  [2mconsole.log[22m
    Testing content: This appears unsent
[2m[22m
[2m      [2mat Channel.waitForMessageContentByText ([22m[2msrc/selectors.ts[2m:516:15)[22m[2m[22m
  [2mconsole.log[22m
    Found content element for message with text This appears unsent
[2m[22m
[2m      [2mat Channel.waitForMessageContentByText ([22m[2msrc/selectors.ts[2m:518:17)[22m[2m[22m
  [2mconsole.log[22m
    Data Test ID for message content: messagesGroupContent-3voaw4xb4ke
[2m[22m
[2m      [2mat Channel.getMessageIdsByText ([22m[2msrc/selectors.ts[2m:394:13)[22m[2m[22m
  [2mconsole.log[22m
    Third client
[2m[22m
[2m      [2mat Object.<anonymous> ([22m[2m[0m[36msrc/tests/multipleClients.test.ts[39m[0m[2m:244:17)[22m[2m[22m
  [2mconsole.log[22m
    opening the app e2e_6q0pv39bdzw0
[2m[22m
[2m      [2mat App.open ([22m[2msrc/selectors.ts[2m:37:13)[22m[2m[22m
  [2mconsole.log[22m
    filename undefined
[2m[22m
[2m      [2mat BuildSetup.getBinaryLocation ([22m[2msrc/utils.ts[2m:48:13)[22m[2m[22m
  [2m[33mconsole.warn[39m[22m
[33m    RUNNING ON LOCAL BINARY[39m
[2m[22m
[2m    [0m [90m 62 |[39m     [36mlet[39m basePath [33m=[39m [32m'/Applications'[39m[0m[22m
[2m    [0m [90m 63 |[39m     [36mif[39m (process[33m.[39menv[33m.[39m[33mIS_LOCAL[39m [33m===[39m [32m'true'[39m) {[0m[22m
[2m    [0m[31m[1m>[22m[2m[39m[90m 64 |[39m       console[33m.[39mwarn([32m'RUNNING ON LOCAL BINARY'[39m)[0m[22m
[2m    [0m [90m    |[39m               [31m[1m^[22m[2m[39m[0m[22m
[2m    [0m [90m 65 |[39m       [36mconst[39m distDirByArch [33m=[39m process[33m.[39march [33m===[39m [32m'arm64'[39m [33m?[39m [32m'mac-arm64'[39m [33m:[39m [32m'mac'[39m[0m[22m
[2m    [0m [90m 66 |[39m       basePath [33m=[39m [32m`${__dirname}/../../desktop/dist/${distDirByArch}`[39m[0m[22m
[2m    [0m [90m 67 |[39m     }[0m[22m
[2m[22m
[2m      [2mat BuildSetup.getMacBinaryDir ([22m[2msrc/utils.ts[2m:64:15)[22m[2m[22m
[2m      [2mat BuildSetup.getBinaryLocation ([22m[2msrc/utils.ts[2m:55:21)[22m[2m[22m
[2m      [2mat BuildSetup.getDriver ([22m[2msrc/utils.ts[2m:185:35)[22m[2m[22m
[2m      [2mat App.open ([22m[2msrc/selectors.ts[2m:41:46)[22m[2m[22m
[2m      [2mat promiseWithTimeout ([22m[2msrc/utils.ts[2m:358:23)[22m[2m[22m
[2m      [2mat promiseWithRetries ([22m[2msrc/utils.ts[2m:378:25)[22m[2m[22m
[2m      [2mat App.openWithRetries ([22m[2msrc/selectors.ts[2m:53:5)[22m[2m[22m
[2m      [2mat Object.<anonymous> ([22m[2m[0m[36msrc/tests/multipleClients.test.ts[39m[0m[2m:245:9)[22m[2m[22m
  [2mconsole.log[22m
    stdout:
    Starting ChromeDriver 110.0.5481.208 (6664d787aa4ffd8951132dde98b5aabe25361aa0-refs/branch-heads/5845@{#410}) on port 62980
    Only local connections are allowed.
    Please see https://chromedriver.chromium.org/security-considerations for suggestions on keeping ChromeDriver safe.
[2m[22m
[2m      [2mat Socket.<anonymous> ([22m[2msrc/utils.ts[2m:149:15)[22m[2m[22m
  [2mconsole.log[22m
    stdout:
    ChromeDriver was started successfully.
[2m[22m
[2m      [2mat Socket.<anonymous> ([22m[2msrc/utils.ts[2m:149:15)[22m[2m[22m
  [2mconsole.log[22m
    stdout:
    Read extra envs: { EXEC_ENV: 'DESKTOP' }
[2m[22m
[2m      [2mat Socket.<anonymous> ([22m[2msrc/utils.ts[2m:149:15)[22m[2m[22m
  [2mconsole.log[22m
    stdout:
    setAsDefaultProtocolClient true
    electron main
[2m[22m
[2m      [2mat Socket.<anonymous> ([22m[2msrc/utils.ts[2m:149:15)[22m[2m[22m
  [2mconsole.log[22m
    [e2e_6q0pv39bdzw0]: 2024-03-22 17:00:18.023 Quiet[18633:6882192] WARNING: Secure coding is not enabled for restorable state! Enable secure coding by implementing NSApplicationDelegate.applicationSupportsSecureRestorableState: and returning YES.
[2m[22m
[2m      [2mat Socket.<anonymous> ([22m[2msrc/utils.ts[2m:159:15)[22m[2m[22m
  [2mconsole.log[22m
    [e2e_6q0pv39bdzw0]: 2024-03-22T21:00:18.024Z desktop:main:main Event: app.ready
[2m[22m
[2m      [2mat Socket.<anonymous> ([22m[2msrc/utils.ts[2m:159:15)[22m[2m[22m
  [2mconsole.log[22m
    [e2e_6q0pv39bdzw0]: 2024-03-22T21:00:18.066Z desktop:main:main Event: app.browser-window-created
[2m[22m
[2m      [2mat Socket.<anonymous> ([22m[2msrc/utils.ts[2m:159:15)[22m[2m[22m
  [2mconsole.log[22m
    [e2e_6q0pv39bdzw0]: 2024-03-22T21:00:18.076Z desktop:main:main Event: app.browser-window-created
[2m[22m
[2m      [2mat Socket.<anonymous> ([22m[2msrc/utils.ts[2m:159:15)[22m[2m[22m
  [2mconsole.log[22m
    [e2e_6q0pv39bdzw0]: 2024-03-22T21:00:18.083Z desktop:main:main Created mainWindow
[2m[22m
[2m      [2mat Socket.<anonymous> ([22m[2msrc/utils.ts[2m:159:15)[22m[2m[22m
  [2mconsole.log[22m
    [e2e_6q0pv39bdzw0]: 2024-03-22T21:00:18.182Z desktop:main:main Forked backend, PID: 18645
[2m[22m
[2m      [2mat Socket.<anonymous> ([22m[2msrc/utils.ts[2m:159:15)[22m[2m[22m
  [2mconsole.log[22m
    Debug modal
[2m[22m
[2m      [2mat new DebugModeModal ([22m[2msrc/selectors.ts[2m:726:13)[22m[2m[22m
  [2mconsole.log[22m
    Closing debug modal
[2m[22m
[2m      [2mat DebugModeModal.close ([22m[2msrc/selectors.ts[2m:741:15)[22m[2m[22m
  [2mconsole.log[22m
    stdout:
    WARNING: Missing strong random number source
[2m[22m
[2m      [2mat Socket.<anonymous> ([22m[2msrc/utils.ts[2m:149:15)[22m[2m[22m
  [2mconsole.log[22m
    stdout:
    options {
      socketIOPort: '63001',
      appDataPath: '/Users/isla/Library/Application Support/e2e_6q0pv39bdzw0',
      resourcesPath: '/Users/isla/Dev/quiet/packages/desktop/dist/mac-arm64/Quiet.app/Contents/Resources',
      platform: 'desktop',
      socketIOSecret: '3581921710193357243395527023638852640583081067888'
    }
[2m[22m
[2m      [2mat Socket.<anonymous> ([22m[2msrc/utils.ts[2m:149:15)[22m[2m[22m
  [2mconsole.log[22m
    stdout:
    configOptions {
      socketIOPort: '63001',
      socketIOSecret: '3581921710193357243395527023638852640583081067888',
      torBinaryPath: '"/Users/isla/Dev/quiet/3rd-party/tor/darwin/arm64/tor"',
      torResourcesPath: '/Users/isla/Dev/quiet/3rd-party/tor/darwin/arm64',
      torControlPort: 63004,
      options: {
        env: {
          appDataPath: '/Users/isla/Library/Application Support/e2e_6q0pv39bdzw0/Quiet'
        }
      },
      env: {},
      bootstrapMultiaddrs: [],
      createPaths: true
    }
[2m[22m
[2m      [2mat Socket.<anonymous> ([22m[2msrc/utils.ts[2m:149:15)[22m[2m[22m
  [2mconsole.log[22m
    stdout:
    [32m[Nest] 18645  - [39m1711141218888 [32m    LOG[39m [38;5;3m[NestFactory] [39m[32mStarting Nest application...[39m
[2m[22m
[2m      [2mat Socket.<anonymous> ([22m[2msrc/utils.ts[2m:149:15)[22m[2m[22m
  [2mconsole.log[22m
    stdout:
    ok
[2m[22m
[2m      [2mat Socket.<anonymous> ([22m[2msrc/utils.ts[2m:149:15)[22m[2m[22m
  [2mconsole.log[22m
    stdout:
    [32m[Nest] 18645  - [39m1711141218898 [32m    LOG[39m [38;5;3m[InstanceLoader] [39m[32mRegistrationModule dependencies initialized[39m[38;5;3m +10ms[39m
[2m[22m
[2m      [2mat Socket.<anonymous> ([22m[2msrc/utils.ts[2m:149:15)[22m[2m[22m
  [2mconsole.log[22m
    stdout:
    [32m[Nest] 18645  - [39m1711141218909 [32m    LOG[39m [38;5;3m[InstanceLoader] [39m[32mIpfsFileManagerModule dependencies initialized[39m[38;5;3m +11ms[39m
[2m[22m
[2m      [2mat Socket.<anonymous> ([22m[2msrc/utils.ts[2m:149:15)[22m[2m[22m
  [2mconsole.log[22m
    stdout:
    [32m[Nest] 18645  - [39m1711141218909 [32m    LOG[39m [38;5;3m[InstanceLoader] [39m[32mSocketModule dependencies initialized[39m[38;5;3m +0ms[39m
    [32m[Nest] 18645  - [39m1711141218909 [32m    LOG[39m [38;5;3m[InstanceLoader] [39m[32mIpfsModule dependencies initialized[39m[38;5;3m +0ms[39m
    [32m[Nest] 18645  - [39m1711141218909 [32m    LOG[39m [38;5;3m[InstanceLoader] [39m[32mLocalDbModule dependencies initialized[39m[38;5;3m +0ms[39m
    QUIET DIR /Users/isla/Library/Application Support/e2e_6q0pv39bdzw0/Quiet
    [32m[Nest] 18645  - [39m1711141218909 [32m    LOG[39m [38;5;3m[InstanceLoader] [39m[32mTorModule dependencies initialized[39m[38;5;3m +0ms[39m
    [32m[Nest] 18645  - [39m1711141218909 [32m    LOG[39m [38;5;3m[InstanceLoader] [39m[32mStorageModule dependencies initialized[39m[38;5;3m +0ms[39m
[2m[22m
[2m      [2mat Socket.<anonymous> ([22m[2msrc/utils.ts[2m:149:15)[22m[2m[22m
  [2mconsole.log[22m
    stdout:
    [32m[Nest] 18645  - [39m1711141218909 [32m    LOG[39m [38;5;3m[InstanceLoader] [39m[32mAppModule dependencies initialized[39m[38;5;3m +0ms[39m
[2m[22m
[2m      [2mat Socket.<anonymous> ([22m[2msrc/utils.ts[2m:149:15)[22m[2m[22m
  [2mconsole.log[22m
    stdout:
    [32m[Nest] 18645  - [39m1711141218910 [32m    LOG[39m [38;5;3m[InstanceLoader] [39m[32mLibp2pModule dependencies initialized[39m[38;5;3m +1ms[39m
    [32m[Nest] 18645  - [39m1711141218910 [32m    LOG[39m [38;5;3m[InstanceLoader] [39m[32mConnectionsManagerModule dependencies initialized[39m[38;5;3m +0ms[39m
[2m[22m
[2m      [2mat Socket.<anonymous> ([22m[2msrc/utils.ts[2m:149:15)[22m[2m[22m
  [2mconsole.log[22m
    [e2e_6q0pv39bdzw0]: 2024-03-22T21:00:18.910Z backend:SocketService init:started
[2m[22m
[2m      [2mat Socket.<anonymous> ([22m[2msrc/utils.ts[2m:159:15)[22m[2m[22m
  [2mconsole.log[22m
    [e2e_6q0pv39bdzw0]: 2024-03-22T21:00:18.910Z backend:SocketService Data server running on port 63001
[2m[22m
[2m      [2mat Socket.<anonymous> ([22m[2msrc/utils.ts[2m:159:15)[22m[2m[22m
  [2mconsole.log[22m
    [e2e_6q0pv39bdzw0]: 2024-03-22T21:00:19.005Z desktop:main:main Event: mainWindow did-finish-load
[2m[22m
[2m      [2mat Socket.<anonymous> ([22m[2msrc/utils.ts[2m:159:15)[22m[2m[22m
  [2mconsole.log[22m
    stdout:
    Checking for update
[2m[22m
[2m      [2mat Socket.<anonymous> ([22m[2msrc/utils.ts[2m:149:15)[22m[2m[22m
  [2mconsole.log[22m
    stdout:
    Generated new staging user ID: af3ed2e6-97c5-523b-a015-c38d949037eb
[2m[22m
[2m      [2mat Socket.<anonymous> ([22m[2msrc/utils.ts[2m:149:15)[22m[2m[22m
  [2mconsole.log[22m
    Debug modal title is displayed
[2m[22m
[2m      [2mat DebugModeModal.close ([22m[2msrc/selectors.ts[2m:743:15)[22m[2m[22m
  [2mconsole.log[22m
    Debug modal button is displayed
[2m[22m
[2m      [2mat DebugModeModal.close ([22m[2msrc/selectors.ts[2m:745:15)[22m[2m[22m
  [2mconsole.log[22m
    [e2e_6q0pv39bdzw0]: 2024-03-22T21:00:19.035Z backend:SocketService socket connection
    2024-03-22T21:00:19.035Z backend:SocketService init: connection
    2024-03-22T21:00:19.035Z backend:SocketService init:finished
    2024-03-22T21:00:19.035Z backend:Tor Initializing tor...
    2024-03-22T21:00:19.035Z backend:Tor Clearing out hanging tor process(es)
    2024-03-22T21:00:19.035Z backend:Tor Attempting to kill hanging tor processes
[2m[22m
[2m      [2mat Socket.<anonymous> ([22m[2msrc/utils.ts[2m:159:15)[22m[2m[22m
  [2mconsole.log[22m
    Button is displayed
[2m[22m
[2m      [2mat DebugModeModal.close ([22m[2msrc/selectors.ts[2m:752:13)[22m[2m[22m
  [2mconsole.log[22m
    Button click
[2m[22m
[2m      [2mat DebugModeModal.close ([22m[2msrc/selectors.ts[2m:754:13)[22m[2m[22m
  [2mconsole.log[22m
    Probably clicked hidden close button on debug modal
[2m[22m
[2m      [2mat DebugModeModal.close ([22m[2msrc/selectors.ts[2m:759:15)[22m[2m[22m
  [2mconsole.log[22m
    [e2e_6q0pv39bdzw0]: 2024-03-22T21:00:19.132Z backend:Tor No tor process(es) found to kill
[2m[22m
[2m      [2mat Socket.<anonymous> ([22m[2msrc/utils.ts[2m:159:15)[22m[2m[22m
  [2mconsole.log[22m
    [e2e_6q0pv39bdzw0]: 2024-03-22T21:00:19.132Z backend:Tor Spawning new tor process(es)
    2024-03-22T21:00:19.132Z backend:Tor Spawning tor
[2m[22m
[2m      [2mat Socket.<anonymous> ([22m[2msrc/utils.ts[2m:159:15)[22m[2m[22m
  [2mconsole.log[22m
    [e2e_6q0pv39bdzw0]: No authorization header
[2m[22m
[2m      [2mat Socket.<anonymous> ([22m[2msrc/utils.ts[2m:159:15)[22m[2m[22m
  [2mconsole.log[22m
    [e2e_6q0pv39bdzw0]: 2024-03-22T21:00:19.139Z backend:Tor Mar 22 17:00:19.139 [notice] Tor 0.4.7.13 (git-7c1601fb6edd780f) running on Darwin with Libevent 2.1.12-stable, OpenSSL 1.1.1t, Zlib 1.2.12, Liblzma N/A, Libzstd N/A and Unknown N/A as libc.
    Mar 22 17:00:19.139 [notice] Tor can't help you if you use it wrong! Learn how to be safe at https://support.torproject.org/faq/staying-anonymous/
[2m[22m
[2m      [2mat Socket.<anonymous> ([22m[2msrc/utils.ts[2m:159:15)[22m[2m[22m
  [2mconsole.log[22m
    [e2e_6q0pv39bdzw0]: 2024-03-22T21:00:19.139Z backend:Tor Mar 22 17:00:19.139 [notice] Configuration file "/var/tmp/dist/tor/etc/tor/torrc" not present, using reasonable defaults.
[2m[22m
[2m      [2mat Socket.<anonymous> ([22m[2msrc/utils.ts[2m:159:15)[22m[2m[22m
  [2mconsole.log[22m
    [e2e_6q0pv39bdzw0]: 2024-03-22T21:00:19.140Z backend:Tor Mar 22 17:00:19.140 [notice] Opening Socks listener on 127.0.0.1:63011
    
    2024-03-22T21:00:19.140Z backend:Tor Mar 22 17:00:19.140 [notice] Opened Socks listener connection (ready) on 127.0.0.1:63011
    Mar 22 17:00:19.140 [notice] Opening HTTP tunnel listener on 127.0.0.1:63005
    Mar 22 17:00:19.140 [notice] Opened HTTP tunnel listener connection (ready) on 127.0.0.1:63005
    Mar 22 17:00:19.140 [notice] Opening Control listener on 127.0.0.1:63004
    Mar 22 17:00:19.140 [notice] Opened Control listener connection (ready) on 127.0.0.1:63004
[2m[22m
[2m      [2mat Socket.<anonymous> ([22m[2msrc/utils.ts[2m:159:15)[22m[2m[22m
  [2mconsole.log[22m
    [e2e_6q0pv39bdzw0]: 2024-03-22T21:00:19.150Z backend:Tor Mar 22 17:00:19.000 [notice] Bootstrapped 0% (starting): Starting
[2m[22m
[2m      [2mat Socket.<anonymous> ([22m[2msrc/utils.ts[2m:159:15)[22m[2m[22m
  [2mconsole.log[22m
    stdout:
    Update for version 2.1.2-alpha.13 is not available (latest version: 2.1.2-alpha.13, downgrade is disallowed).
[2m[22m
[2m      [2mat Socket.<anonymous> ([22m[2msrc/utils.ts[2m:149:15)[22m[2m[22m
  [2mconsole.log[22m
    [e2e_6q0pv39bdzw0]: 2024-03-22T21:00:19.248Z backend:Tor Spawned tor with pid(s): 18659
[2m[22m
[2m      [2mat Socket.<anonymous> ([22m[2msrc/utils.ts[2m:159:15)[22m[2m[22m
  [2mconsole.log[22m
    stdout:
    init
[2m[22m
[2m      [2mat Socket.<anonymous> ([22m[2msrc/utils.ts[2m:149:15)[22m[2m[22m
  [2mconsole.log[22m
    [e2e_6q0pv39bdzw0]: 2024-03-22T21:00:19.249Z backend:ConnectionsManagerService attachTorEventsListeners
[2m[22m
[2m      [2mat Socket.<anonymous> ([22m[2msrc/utils.ts[2m:159:15)[22m[2m[22m
  [2mconsole.log[22m
    [e2e_6q0pv39bdzw0]: 2024-03-22T21:00:19.249Z backend:ConnectionsManagerService launchCommunityFromStorage
[2m[22m
[2m      [2mat Socket.<anonymous> ([22m[2msrc/utils.ts[2m:159:15)[22m[2m[22m
  [2mconsole.log[22m
    stdout:
    launch 1
[2m[22m
[2m      [2mat Socket.<anonymous> ([22m[2msrc/utils.ts[2m:149:15)[22m[2m[22m
  [2mconsole.log[22m
    [e2e_6q0pv39bdzw0]: 2024-03-22T21:00:19.249Z backend:Tor Mar 22 17:00:19.000 [notice] Starting with guard context "default"
    
    2024-03-22T21:00:19.249Z backend:LocalDbService Getting 'community' [Error: NotFound: ] {
      code: 'LEVEL_NOT_FOUND',
      notFound: true,
      status: 404
    }
    2024-03-22T21:00:19.249Z backend:ConnectionsManagerService launchCommunityFromStorage - community peers undefined
[2m[22m
[2m      [2mat Socket.<anonymous> ([22m[2msrc/utils.ts[2m:159:15)[22m[2m[22m
  [2mconsole.log[22m
    [e2e_6q0pv39bdzw0]: 2024-03-22T21:00:20.152Z backend:Tor Mar 22 17:00:20.000 [notice] Bootstrapped 5% (conn): Connecting to a relay
[2m[22m
[2m      [2mat Socket.<anonymous> ([22m[2msrc/utils.ts[2m:159:15)[22m[2m[22m
  [2mconsole.log[22m
    [e2e_6q0pv39bdzw0]: 2024-03-22T21:00:20.277Z backend:Tor Mar 22 17:00:20.000 [notice] Bootstrapped 10% (conn_done): Connected to a relay
[2m[22m
[2m      [2mat Socket.<anonymous> ([22m[2msrc/utils.ts[2m:159:15)[22m[2m[22m
  [2mconsole.log[22m
    [e2e_6q0pv39bdzw0]: 2024-03-22T21:00:20.462Z backend:Tor Mar 22 17:00:20.000 [notice] Bootstrapped 14% (handshake): Handshaking with a relay
[2m[22m
[2m      [2mat Socket.<anonymous> ([22m[2msrc/utils.ts[2m:159:15)[22m[2m[22m
  [2mconsole.log[22m
    [e2e_6q0pv39bdzw0]: 2024-03-22T21:00:20.840Z backend:Tor Mar 22 17:00:20.000 [notice] Bootstrapped 15% (handshake_done): Handshake with a relay done
[2m[22m
[2m      [2mat Socket.<anonymous> ([22m[2msrc/utils.ts[2m:159:15)[22m[2m[22m
  [2mconsole.log[22m
    [e2e_6q0pv39bdzw0]: 2024-03-22T21:00:20.840Z backend:Tor Mar 22 17:00:20.000 [notice] Bootstrapped 20% (onehop_create): Establishing an encrypted directory connection
[2m[22m
[2m      [2mat Socket.<anonymous> ([22m[2msrc/utils.ts[2m:159:15)[22m[2m[22m
  [2mconsole.log[22m
    [e2e_6q0pv39bdzw0]: 2024-03-22T21:00:20.971Z backend:Tor Mar 22 17:00:20.000 [notice] Bootstrapped 25% (requesting_status): Asking for networkstatus consensus
[2m[22m
[2m      [2mat Socket.<anonymous> ([22m[2msrc/utils.ts[2m:159:15)[22m[2m[22m
  [2mconsole.log[22m
    Debug modal
[2m[22m
[2m      [2mat new DebugModeModal ([22m[2msrc/selectors.ts[2m:726:13)[22m[2m[22m
  [2mconsole.log[22m
    Closing debug modal
[2m[22m
[2m      [2mat DebugModeModal.close ([22m[2msrc/selectors.ts[2m:741:15)[22m[2m[22m
  [2mconsole.log[22m
    [e2e_6q0pv39bdzw0]: 2024-03-22T21:00:21.098Z backend:Tor Mar 22 17:00:21.000 [notice] Bootstrapped 30% (loading_status): Loading networkstatus consensus
[2m[22m
[2m      [2mat Socket.<anonymous> ([22m[2msrc/utils.ts[2m:159:15)[22m[2m[22m
  [2mconsole.log[22m
    [e2e_6q0pv39bdzw0]: 2024-03-22T21:00:21.651Z backend:TorControl Connecting to Tor, host: localhost port: 63004
[2m[22m
[2m      [2mat Socket.<anonymous> ([22m[2msrc/utils.ts[2m:159:15)[22m[2m[22m
  [2mconsole.log[22m
    [e2e_6q0pv39bdzw0]: 2024-03-22T21:00:21.657Z backend:Tor Mar 22 17:00:21.000 [notice] New control connection opened from 127.0.0.1.
[2m[22m
[2m      [2mat Socket.<anonymous> ([22m[2msrc/utils.ts[2m:159:15)[22m[2m[22m
  [2mconsole.log[22m
    [e2e_6q0pv39bdzw0]: 2024-03-22T21:00:21.657Z backend:TorControl Tor connected
[2m[22m
[2m      [2mat Socket.<anonymous> ([22m[2msrc/utils.ts[2m:159:15)[22m[2m[22m
  [2mconsole.log[22m
    [e2e_6q0pv39bdzw0]: 2024-03-22T21:00:22.045Z backend:Tor Mar 22 17:00:22.000 [notice] I learned some more directory information, but not enough to build a circuit: We have no usable consensus.
[2m[22m
[2m      [2mat Socket.<anonymous> ([22m[2msrc/utils.ts[2m:159:15)[22m[2m[22m
  [2mconsole.log[22m
    [e2e_6q0pv39bdzw0]: 2024-03-22T21:00:22.175Z backend:Tor Mar 22 17:00:22.000 [notice] Bootstrapped 40% (loading_keys): Loading authority key certs
[2m[22m
[2m      [2mat Socket.<anonymous> ([22m[2msrc/utils.ts[2m:159:15)[22m[2m[22m
  [2mconsole.log[22m
    [e2e_6q0pv39bdzw0]: 2024-03-22T21:00:22.379Z backend:Tor Mar 22 17:00:22.000 [notice] The current consensus has no exit nodes. Tor can only build internal paths, such as paths to onion services.
[2m[22m
[2m      [2mat Socket.<anonymous> ([22m[2msrc/utils.ts[2m:159:15)[22m[2m[22m
  [2mconsole.log[22m
    [e2e_6q0pv39bdzw0]: 2024-03-22T21:00:22.379Z backend:Tor Mar 22 17:00:22.000 [notice] Bootstrapped 45% (requesting_descriptors): Asking for relay descriptors
    Mar 22 17:00:22.000 [notice] I learned some more directory information, but not enough to build a circuit: We need more microdescriptors: we have 0/7549, and can only build 0% of likely paths. (We have 0% of guards bw, 0% of midpoint bw, and 0% of end bw (no exits in consensus, using mid) = 0% of path bw.)
[2m[22m
[2m      [2mat Socket.<anonymous> ([22m[2msrc/utils.ts[2m:159:15)[22m[2m[22m
  [2mconsole.log[22m
    [e2e_6q0pv39bdzw0]: 2024-03-22T21:00:23.474Z backend:Tor Mar 22 17:00:23.000 [notice] Bootstrapped 50% (loading_descriptors): Loading relay descriptors
[2m[22m
[2m      [2mat Socket.<anonymous> ([22m[2msrc/utils.ts[2m:159:15)[22m[2m[22m
  [2mconsole.log[22m
    [e2e_6q0pv39bdzw0]: 2024-03-22T21:00:24.152Z backend:TorControl Connecting to Tor, host: localhost port: 63004
[2m[22m
[2m      [2mat Socket.<anonymous> ([22m[2msrc/utils.ts[2m:159:15)[22m[2m[22m
  [2mconsole.log[22m
    [e2e_6q0pv39bdzw0]: 2024-03-22T21:00:24.155Z backend:Tor Mar 22 17:00:24.000 [notice] New control connection opened from 127.0.0.1.
[2m[22m
[2m      [2mat Socket.<anonymous> ([22m[2msrc/utils.ts[2m:159:15)[22m[2m[22m
  [2mconsole.log[22m
    [e2e_6q0pv39bdzw0]: 2024-03-22T21:00:24.155Z backend:TorControl Tor connected
[2m[22m
[2m      [2mat Socket.<anonymous> ([22m[2msrc/utils.ts[2m:159:15)[22m[2m[22m
  [2mconsole.log[22m
    [e2e_6q0pv39bdzw0]: 2024-03-22T21:00:24.536Z backend:Tor Mar 22 17:00:24.000 [notice] The current consensus contains exit nodes. Tor can build exit and internal paths.
[2m[22m
[2m      [2mat Socket.<anonymous> ([22m[2msrc/utils.ts[2m:159:15)[22m[2m[22m
  [2mconsole.log[22m
    Debug modal might have been covered by "join community" modal Waiting for element to be located By(xpath, //h3[text()='App is running in debug mode'])
    Wait timed out after 5060ms
[2m[22m
[2m      [2mat DebugModeModal.close ([22m[2msrc/selectors.ts[2m:747:15)[22m[2m[22m
  [2mconsole.log[22m
    [e2e_4cc1hr73df40]: 2024-03-22T21:00:26.387Z backend:TorControl Connecting to Tor, host: localhost port: 62740
[2m[22m
[2m      [2mat Socket.<anonymous> ([22m[2msrc/utils.ts[2m:159:15)[22m[2m[22m
  [2mconsole.log[22m
    [e2e_4cc1hr73df40]: 2024-03-22T21:00:26.389Z backend:Tor Mar 22 17:00:26.000 [notice] New control connection opened from 127.0.0.1.
[2m[22m
[2m      [2mat Socket.<anonymous> ([22m[2msrc/utils.ts[2m:159:15)[22m[2m[22m
  [2mconsole.log[22m
    [e2e_4cc1hr73df40]: 2024-03-22T21:00:26.389Z backend:TorControl Tor connected
[2m[22m
[2m      [2mat Socket.<anonymous> ([22m[2msrc/utils.ts[2m:159:15)[22m[2m[22m
  [2mconsole.log[22m
    [e2e_6q0pv39bdzw0]: 2024-03-22T21:00:26.653Z backend:TorControl Connecting to Tor, host: localhost port: 63004
[2m[22m
[2m      [2mat Socket.<anonymous> ([22m[2msrc/utils.ts[2m:159:15)[22m[2m[22m
  [2mconsole.log[22m
    [e2e_6q0pv39bdzw0]: 2024-03-22T21:00:26.654Z backend:Tor Mar 22 17:00:26.000 [notice] New control connection opened from 127.0.0.1.
    
    2024-03-22T21:00:26.655Z backend:TorControl Tor connected
[2m[22m
[2m      [2mat Socket.<anonymous> ([22m[2msrc/utils.ts[2m:159:15)[22m[2m[22m
  [2mconsole.log[22m
    {
      invitationCode: 'https://tryquiet.org/join#QmZLW6y5m8broYutG4og2ymXRZUDcxVhdgHhiKYKhquUNp=ilym2eypty5gmasrpwv5tn25ihl6zwbu7t3yis7i3ao3pjdemtw5p2ad&QmTpNmixsfUSHBm3vWvvuTkgt2HdXc1sYiBRw4pMRn88GR=2otwjrsx3pcf6dvjheol6v2xcui6n6qn4rfkipe2oh3vyibizir46did&k=9bw8jRVfIx79qEdH0LUhqDqBBWjS21oVEqx7pvxkkPI%3D&o=02c53e500ef7845a1298bb6fa68c55131085695ded3bcb1c9e6eb329cc959588e7'
    }
[2m[22m
[2m      [2mat Object.<anonymous> ([22m[2m[0m[36msrc/tests/multipleClients.test.ts[39m[0m[2m:255:17)[22m[2m[22m
  [2mconsole.log[22m
    [e2e_6q0pv39bdzw0]: 2024-03-22T21:00:27.520Z backend:SocketService Creating network for community wdgmiaqslvpx7tq6
[2m[22m
[2m      [2mat Socket.<anonymous> ([22m[2msrc/utils.ts[2m:159:15)[22m[2m[22m
  [2mconsole.log[22m
    [e2e_6q0pv39bdzw0]: 2024-03-22T21:00:27.520Z backend:ConnectionsManagerService socketService - createNetwork
    2024-03-22T21:00:27.520Z backend:TorControl Connecting to Tor, host: localhost port: 63004
[2m[22m
[2m      [2mat Socket.<anonymous> ([22m[2msrc/utils.ts[2m:159:15)[22m[2m[22m
  [2mconsole.log[22m
    [e2e_6q0pv39bdzw0]: 2024-03-22T21:00:27.520Z backend:Tor Mar 22 17:00:27.000 [notice] New control connection opened from 127.0.0.1.
    
    2024-03-22T21:00:27.520Z backend:TorControl Tor connected
    2024-03-22T21:00:27.521Z backend:TorControl Connecting to Tor, host: localhost port: 63004
[2m[22m
[2m      [2mat Socket.<anonymous> ([22m[2msrc/utils.ts[2m:159:15)[22m[2m[22m
  [2mconsole.log[22m
    [e2e_6q0pv39bdzw0]: 2024-03-22T21:00:27.521Z backend:Tor Mar 22 17:00:27.000 [notice] New control connection opened from 127.0.0.1.
    
    2024-03-22T21:00:27.521Z backend:TorControl Tor connected
[2m[22m
[2m      [2mat Socket.<anonymous> ([22m[2msrc/utils.ts[2m:159:15)[22m[2m[22m
  [2mconsole.log[22m
    [e2e_6q0pv39bdzw0]: 2024-03-22T21:00:27.565Z backend:ConnectionsManagerService Created network for peer bafzbeia4tbns4ipuqpwe6ps36fcahyvdgpare45nazouhqsl54x74jef3i. Address: e576krgv3x7hxejwyfb4vfiyxwlmgf6u2q64anggbwsnnrpec3ubfoid.onion
[2m[22m
[2m      [2mat Socket.<anonymous> ([22m[2msrc/utils.ts[2m:159:15)[22m[2m[22m
  [2mconsole.log[22m
    duplicated user - 1
[2m[22m
[2m      [2mat Object.<anonymous> ([22m[2m[0m[36msrc/tests/multipleClients.test.ts[39m[0m[2m:261:17)[22m[2m[22m
  [2mconsole.log[22m
    [e2e_6q0pv39bdzw0]: 2024-03-22T21:00:28.676Z backend:SocketService Launching community wdgmiaqslvpx7tq6 for QmQGGsPk8v1sy3oAwA2ecgb6JWk1XVzB8U7vsFB1dDfW3b
[2m[22m
[2m      [2mat Socket.<anonymous> ([22m[2msrc/utils.ts[2m:159:15)[22m[2m[22m
  [2mconsole.log[22m
    [e2e_6q0pv39bdzw0]: 2024-03-22T21:00:28.676Z backend:ConnectionsManagerService socketService - launchCommunity
    2024-03-22T21:00:28.676Z backend:ConnectionsManagerService Launching community: peers: [
      '/dns4/ilym2eypty5gmasrpwv5tn25ihl6zwbu7t3yis7i3ao3pjdemtw5p2ad.onion/tcp/80/ws/p2p/QmZLW6y5m8broYutG4og2ymXRZUDcxVhdgHhiKYKhquUNp',
      '/dns4/2otwjrsx3pcf6dvjheol6v2xcui6n6qn4rfkipe2oh3vyibizir46did.onion/tcp/80/ws/p2p/QmTpNmixsfUSHBm3vWvvuTkgt2HdXc1sYiBRw4pMRn88GR'
    ]
    2024-03-22T21:00:28.676Z backend:LocalDbService Getting 'community' [Error: NotFound: ] {
      code: 'LEVEL_NOT_FOUND',
      notFound: true,
      status: 404
    }
[2m[22m
[2m      [2mat Socket.<anonymous> ([22m[2msrc/utils.ts[2m:159:15)[22m[2m[22m
  [2mconsole.log[22m
    [e2e_6q0pv39bdzw0]: 2024-03-22T21:00:28.677Z backend:ConnectionsManagerService Launching community: received Libp2p PSK
[2m[22m
[2m      [2mat Socket.<anonymous> ([22m[2msrc/utils.ts[2m:159:15)[22m[2m[22m
  [2mconsole.log[22m
    [e2e_6q0pv39bdzw0]: 2024-03-22T21:00:28.677Z backend:ConnectionsManagerService Creating network: received owner's OrbitDB identity
    2024-03-22T21:00:28.677Z backend:ConnectionsManagerService Launching community wdgmiaqslvpx7tq6: peer: QmQGGsPk8v1sy3oAwA2ecgb6JWk1XVzB8U7vsFB1dDfW3b
[2m[22m
[2m      [2mat Socket.<anonymous> ([22m[2msrc/utils.ts[2m:159:15)[22m[2m[22m
  [2mconsole.log[22m
    [e2e_6q0pv39bdzw0]: 2024-03-22T21:00:28.677Z backend:ConnectionsManagerService Spawning hidden service for community wdgmiaqslvpx7tq6, peer: QmQGGsPk8v1sy3oAwA2ecgb6JWk1XVzB8U7vsFB1dDfW3b
    2024-03-22T21:00:28.677Z backend:TorControl Connecting to Tor, host: localhost port: 63004
    2024-03-22T21:00:28.678Z backend:Tor Mar 22 17:00:28.000 [notice] New control connection opened from 127.0.0.1.
[2m[22m
[2m      [2mat Socket.<anonymous> ([22m[2msrc/utils.ts[2m:159:15)[22m[2m[22m
  [2mconsole.log[22m
    [e2e_6q0pv39bdzw0]: 2024-03-22T21:00:28.678Z backend:TorControl Tor connected
[2m[22m
[2m      [2mat Socket.<anonymous> ([22m[2msrc/utils.ts[2m:159:15)[22m[2m[22m
  [2mconsole.log[22m
    stdout:
    [32m[Nest] 18645  - [39m1711141228679 [32m    LOG[39m [38;5;3m[LazyModuleLoader] [39m[32mSocketModule dependencies initialized[39m
[2m[22m
[2m      [2mat Socket.<anonymous> ([22m[2msrc/utils.ts[2m:149:15)[22m[2m[22m
  [2mconsole.log[22m
    stdout:
    [32m[Nest] 18645  - [39m1711141228680 [32m    LOG[39m [38;5;3m[LazyModuleLoader] [39m[32mLibp2pModule dependencies initialized[39m
[2m[22m
[2m      [2mat Socket.<anonymous> ([22m[2msrc/utils.ts[2m:149:15)[22m[2m[22m
  [2mconsole.log[22m
    [e2e_6q0pv39bdzw0]: 2024-03-22T21:00:28.684Z backend:ConnectionsManagerService Launching community wdgmiaqslvpx7tq6: payload peers: /dns4/ilym2eypty5gmasrpwv5tn25ihl6zwbu7t3yis7i3ao3pjdemtw5p2ad.onion/tcp/80/ws/p2p/QmZLW6y5m8broYutG4og2ymXRZUDcxVhdgHhiKYKhquUNp,/dns4/2otwjrsx3pcf6dvjheol6v2xcui6n6qn4rfkipe2oh3vyibizir46did.onion/tcp/80/ws/p2p/QmTpNmixsfUSHBm3vWvvuTkgt2HdXc1sYiBRw4pMRn88GR
[2m[22m
[2m      [2mat Socket.<anonymous> ([22m[2msrc/utils.ts[2m:159:15)[22m[2m[22m
  [2mconsole.log[22m
    [e2e_6q0pv39bdzw0]: 2024-03-22T21:00:28.684Z backend:ConnectionsManagerService Launching community wdgmiaqslvpx7tq6: retrieved Libp2p PSK
[2m[22m
[2m      [2mat Socket.<anonymous> ([22m[2msrc/utils.ts[2m:159:15)[22m[2m[22m
  [2mconsole.log[22m
    [e2e_6q0pv39bdzw0]: 2024-03-22T21:00:28.697Z backend:Libp2pService Local peerId: QmQGGsPk8v1sy3oAwA2ecgb6JWk1XVzB8U7vsFB1dDfW3b
[2m[22m
[2m      [2mat Socket.<anonymous> ([22m[2msrc/utils.ts[2m:159:15)[22m[2m[22m
  [2mconsole.log[22m
    [e2e_6q0pv39bdzw0]: 2024-03-22T21:00:28.697Z backend:Libp2pService Initializing libp2p for QmQGGsPk8v1sy3oAwA2ecgb6JWk1XVzB8U7vsFB1dDfW3b, bootstrapping with 2 peers
    2024-03-22T21:00:28.697Z backend:ProcessInChunksService Processing 2 items
[2m[22m
[2m      [2mat Socket.<anonymous> ([22m[2msrc/utils.ts[2m:159:15)[22m[2m[22m
  [2mconsole.log[22m
    [e2e_6q0pv39bdzw0]: 2024-03-22T21:00:28.699Z backend:Libp2pService Initialized libp2p for peer QmQGGsPk8v1sy3oAwA2ecgb6JWk1XVzB8U7vsFB1dDfW3b
[2m[22m
[2m      [2mat Socket.<anonymous> ([22m[2msrc/utils.ts[2m:159:15)[22m[2m[22m
  [2mconsole.log[22m
    [e2e_6q0pv39bdzw0]: 2024-03-22T21:00:28.700Z backend:StorageService Initializing storage
[2m[22m
[2m      [2mat Socket.<anonymous> ([22m[2msrc/utils.ts[2m:159:15)[22m[2m[22m
  [2mconsole.log[22m
    stdout:
    creating paths in fn - utils
[2m[22m
[2m      [2mat Socket.<anonymous> ([22m[2msrc/utils.ts[2m:149:15)[22m[2m[22m
  [2mconsole.log[22m
    [e2e_6q0pv39bdzw0]: 2024-03-22T21:00:28.700Z backend:StorageService Initialized storage
[2m[22m
[2m      [2mat Socket.<anonymous> ([22m[2msrc/utils.ts[2m:159:15)[22m[2m[22m
  [2mconsole.log[22m
    stdout:
    [32m[Nest] 18645  - [39m1711141228702 [32m    LOG[39m [38;5;3m[LazyModuleLoader] [39m[32mIpfsModule dependencies initialized[39m
[2m[22m
[2m      [2mat Socket.<anonymous> ([22m[2msrc/utils.ts[2m:149:15)[22m[2m[22m
  [2mconsole.log[22m
    [e2e_6q0pv39bdzw0]: 2024-03-22T21:00:28.702Z backend:libp2p:websockets connect ilym2eypty5gmasrpwv5tn25ihl6zwbu7t3yis7i3ao3pjdemtw5p2ad.onion:80
[2m[22m
[2m      [2mat Socket.<anonymous> ([22m[2msrc/utils.ts[2m:159:15)[22m[2m[22m
  [2mconsole.log[22m
    stdout:
    counter ipfs 1
[2m[22m
[2m      [2mat Socket.<anonymous> ([22m[2msrc/utils.ts[2m:149:15)[22m[2m[22m
  [2mconsole.log[22m
    [e2e_6q0pv39bdzw0]: 2024-03-22T21:00:28.706Z backend:libp2p:websockets connect 2otwjrsx3pcf6dvjheol6v2xcui6n6qn4rfkipe2oh3vyibizir46did.onion:80
[2m[22m
[2m      [2mat Socket.<anonymous> ([22m[2msrc/utils.ts[2m:159:15)[22m[2m[22m
  [2mconsole.log[22m
    stdout:
    [32m[Nest] 18645  - [39m1711141228706 [32m    LOG[39m [38;5;3m[LazyModuleLoader] [39m[32mSocketModule dependencies initialized[39m
    [32m[Nest] 18645  - [39m1711141228706 [32m    LOG[39m [38;5;3m[LazyModuleLoader] [39m[32mLibp2pModule dependencies initialized[39m
[2m[22m
[2m      [2mat Socket.<anonymous> ([22m[2msrc/utils.ts[2m:149:15)[22m[2m[22m
  [2mconsole.log[22m
    [e2e_6q0pv39bdzw0]: 2024-03-22T21:00:29.253Z backend:TorControl Connecting to Tor, host: localhost port: 63004
[2m[22m
[2m      [2mat Socket.<anonymous> ([22m[2msrc/utils.ts[2m:159:15)[22m[2m[22m
  [2mconsole.log[22m
    [e2e_6q0pv39bdzw0]: 2024-03-22T21:00:29.253Z backend:Tor Mar 22 17:00:29.000 [notice] New control connection opened from 127.0.0.1.
[2m[22m
[2m      [2mat Socket.<anonymous> ([22m[2msrc/utils.ts[2m:159:15)[22m[2m[22m
  [2mconsole.log[22m
    [e2e_6q0pv39bdzw0]: 2024-03-22T21:00:29.254Z backend:TorControl Tor connected
[2m[22m
[2m      [2mat Socket.<anonymous> ([22m[2msrc/utils.ts[2m:159:15)[22m[2m[22m
  [2mconsole.log[22m
    stdout:
    to get started, enter:
[2m[22m
[2m      [2mat Socket.<anonymous> ([22m[2msrc/utils.ts[2m:149:15)[22m[2m[22m
  [2mconsole.log[22m
    stdout:
    	jsipfs cat /ipfs/QmRaaUwTNfwgFZpeUy8qrZwrp2dY4kCKmmB5xEqvH3vtD1/readme
[2m[22m
[2m      [2mat Socket.<anonymous> ([22m[2msrc/utils.ts[2m:149:15)[22m[2m[22m
  [2mconsole.log[22m
    [e2e_6q0pv39bdzw0]: 2024-03-22T21:00:29.313Z backend:OrbitDb [create]:started
[2m[22m
[2m      [2mat Socket.<anonymous> ([22m[2msrc/utils.ts[2m:159:15)[22m[2m[22m
  [2mconsole.log[22m
    [e2e_6q0pv39bdzw0]: (node:18645) [DEP0005] DeprecationWarning: Buffer() is deprecated due to security and usability issues. Please use the Buffer.alloc(), Buffer.allocUnsafe(), or Buffer.from() methods instead.
    (Use `Quiet Helper --trace-deprecation ...` to show where the warning was created)
[2m[22m
[2m      [2mat Socket.<anonymous> ([22m[2msrc/utils.ts[2m:159:15)[22m[2m[22m
  [2mconsole.log[22m
    stdout:
    [32m[Nest] 18645  - [39m1711141229339 [32m    LOG[39m [38;5;3m[LazyModuleLoader] [39m[32mIpfsFileManagerModule dependencies initialized[39m
[2m[22m
[2m      [2mat Socket.<anonymous> ([22m[2msrc/utils.ts[2m:149:15)[22m[2m[22m
  [2mconsole.log[22m
    stdout:
    [32m[Nest] 18645  - [39m1711141229339 [32m    LOG[39m [38;5;3m[LazyModuleLoader] [39m[32mIpfsModule dependencies initialized[39m
[2m[22m
[2m      [2mat Socket.<anonymous> ([22m[2msrc/utils.ts[2m:149:15)[22m[2m[22m
  [2mconsole.log[22m
    [e2e_6q0pv39bdzw0]: 2024-03-22T21:00:29.339Z backend:StorageService 1/3
    2024-03-22T21:00:29.339Z backend:StorageService 2/3
    2024-03-22T21:00:29.339Z backend:CommunityMetadataStore Initializing community metadata key/value store
[2m[22m
[2m      [2mat Socket.<anonymous> ([22m[2msrc/utils.ts[2m:159:15)[22m[2m[22m
  [2mconsole.log[22m
    [e2e_6q0pv39bdzw0]: 2024-03-22T21:00:29.358Z backend:CommunityMetadataStore Loaded community metadata to memory
[2m[22m
[2m      [2mat Socket.<anonymous> ([22m[2msrc/utils.ts[2m:159:15)[22m[2m[22m
  [2mconsole.log[22m
    [e2e_6q0pv39bdzw0]: 2024-03-22T21:00:29.358Z backend:CertificatesStore Initializing certificates log store
[2m[22m
[2m      [2mat Socket.<anonymous> ([22m[2msrc/utils.ts[2m:159:15)[22m[2m[22m
  [2mconsole.log[22m
    [e2e_6q0pv39bdzw0]: 2024-03-22T21:00:29.373Z backend:CertificatesStore Loaded certificates to memory
[2m[22m
[2m      [2mat Socket.<anonymous> ([22m[2msrc/utils.ts[2m:159:15)[22m[2m[22m
  [2mconsole.log[22m
    [e2e_6q0pv39bdzw0]: 2024-03-22T21:00:29.373Z backend:CertificatesStore Initialized
    2024-03-22T21:00:29.373Z backend:CertificatesRequestsStore Initializing certificates requests store
[2m[22m
[2m      [2mat Socket.<anonymous> ([22m[2msrc/utils.ts[2m:159:15)[22m[2m[22m
  [2mconsole.log[22m
    [e2e_6q0pv39bdzw0]: 2024-03-22T21:00:29.389Z backend:CertificatesRequestsStore Initialized
[2m[22m
[2m      [2mat Socket.<anonymous> ([22m[2msrc/utils.ts[2m:159:15)[22m[2m[22m
  [2mconsole.log[22m
    [e2e_6q0pv39bdzw0]: 2024-03-22T21:00:29.389Z backend:UserProfileStore Initializing user profiles key/value store
[2m[22m
[2m      [2mat Socket.<anonymous> ([22m[2msrc/utils.ts[2m:159:15)[22m[2m[22m
  [2mconsole.log[22m
    [e2e_6q0pv39bdzw0]: 2024-03-22T21:00:29.404Z backend:UserProfileStore Loaded user profiles to memory
[2m[22m
[2m      [2mat Socket.<anonymous> ([22m[2msrc/utils.ts[2m:159:15)[22m[2m[22m
  [2mconsole.log[22m
    [e2e_6q0pv39bdzw0]: 2024-03-22T21:00:29.404Z backend:StorageService 3/3
    2024-03-22T21:00:29.404Z backend:StorageService createDbForChannels init
[2m[22m
[2m      [2mat Socket.<anonymous> ([22m[2msrc/utils.ts[2m:159:15)[22m[2m[22m
  [2mconsole.log[22m
    [e2e_6q0pv39bdzw0]: 2024-03-22T21:00:29.421Z backend:StorageService Channels count: 0
[2m[22m
[2m      [2mat Socket.<anonymous> ([22m[2msrc/utils.ts[2m:159:15)[22m[2m[22m
  [2mconsole.log[22m
    [e2e_6q0pv39bdzw0]: 2024-03-22T21:00:29.421Z backend:StorageService Channels names: []
    2024-03-22T21:00:29.421Z backend:StorageService STORAGE: Finished createDbForChannels
    2024-03-22T21:00:29.421Z backend:StorageService Initialized DBs
    2024-03-22T21:00:29.422Z backend:StorageService Starting IPFS
[2m[22m
[2m      [2mat Socket.<anonymous> ([22m[2msrc/utils.ts[2m:159:15)[22m[2m[22m
  [2mconsole.log[22m
    stdout:
    Storage.initDatabases: 82.177ms
    Hunting for heisenbug: Backend initialized community and sent event to state manager
[2m[22m
[2m      [2mat Socket.<anonymous> ([22m[2msrc/utils.ts[2m:149:15)[22m[2m[22m
  [2mconsole.log[22m
    [e2e_6q0pv39bdzw0]: 2024-03-22T21:00:29.422Z backend:ConnectionsManagerService storage initialized
    2024-03-22T21:00:29.422Z backend:ConnectionsManagerService Launched community wdgmiaqslvpx7tq6
[2m[22m
[2m      [2mat Socket.<anonymous> ([22m[2msrc/utils.ts[2m:159:15)[22m[2m[22m
  [2mconsole.log[22m
    stdout:
    preparing listener
[2m[22m
[2m      [2mat Socket.<anonymous> ([22m[2msrc/utils.ts[2m:149:15)[22m[2m[22m
  [2mconsole.log[22m
    [e2e_6q0pv39bdzw0]: 2024-03-22T21:00:29.424Z backend:libp2p:websockets prepareListener
[2m[22m
[2m      [2mat Socket.<anonymous> ([22m[2msrc/utils.ts[2m:159:15)[22m[2m[22m
  [2mconsole.log[22m
    duplicated user - 2
[2m[22m
[2m      [2mat Object.<anonymous> ([22m[2m[0m[36msrc/tests/multipleClients.test.ts[39m[0m[2m:273:17)[22m[2m[22m
  [2mconsole.log[22m
    [e2e_6q0pv39bdzw0]: 2024-03-22T21:00:29.931Z backend:StorageService IPFS started
[2m[22m
[2m      [2mat Socket.<anonymous> ([22m[2msrc/utils.ts[2m:159:15)[22m[2m[22m
  [2mconsole.log[22m
    [e2e_6q0pv39bdzw0]: 2024-03-22T21:00:29.931Z backend:StorageService Pubsub - subscribe to /orbitdb/zdpuAubkQfjh7bUVJFvuCuNpkXc9LYF4NuPX7VS12e4ciy851/public-channels
    2024-03-22T21:00:29.931Z backend:StorageService Pubsub - subscribe to /orbitdb/zdpuAtjfjLokx2PW6UGrDQoB8VmEyq2i2endX4KuuD8efo7Vj/certificates
    2024-03-22T21:00:29.931Z backend:StorageService Pubsub - subscribe to /orbitdb/zdpuAq8czmPVqfV7B5fchXdFY11jVPNNymTnCJtvPDR1dCV3h/csrs
    2024-03-22T21:00:29.931Z backend:StorageService Pubsub - subscribe to /orbitdb/zdpuAtLG6WrE13SaXWmg52e1odsV3c97BPDQRudzzXFNqDoQD/community-metadata
    2024-03-22T21:00:29.931Z backend:StorageService Pubsub - subscribe to /orbitdb/zdpuAyScVHonV7KUdb3rdNmC9ZurssGdfgveYm3ds7KNJ6CpU/user-profiles
[2m[22m
[2m      [2mat Socket.<anonymous> ([22m[2msrc/utils.ts[2m:159:15)[22m[2m[22m
  [2mconsole.log[22m
    [e2e_6q0pv39bdzw0]: 2024-03-22T21:00:31.753Z backend:TorControl Connecting to Tor, host: localhost port: 63004
[2m[22m
[2m      [2mat Socket.<anonymous> ([22m[2msrc/utils.ts[2m:159:15)[22m[2m[22m
  [2mconsole.log[22m
    [e2e_6q0pv39bdzw0]: 2024-03-22T21:00:31.753Z backend:Tor Mar 22 17:00:31.000 [notice] New control connection opened from 127.0.0.1.
    
    2024-03-22T21:00:31.754Z backend:TorControl Tor connected
[2m[22m
[2m      [2mat Socket.<anonymous> ([22m[2msrc/utils.ts[2m:159:15)[22m[2m[22m
  [2mconsole.log[22m
    [e2e_6q0pv39bdzw0]: 2024-03-22T21:00:34.254Z backend:TorControl Connecting to Tor, host: localhost port: 63004
[2m[22m
[2m      [2mat Socket.<anonymous> ([22m[2msrc/utils.ts[2m:159:15)[22m[2m[22m
  [2mconsole.log[22m
    [e2e_6q0pv39bdzw0]: 2024-03-22T21:00:34.255Z backend:Tor Mar 22 17:00:34.000 [notice] New control connection opened from 127.0.0.1.
    
    2024-03-22T21:00:34.255Z backend:TorControl Tor connected
[2m[22m
[2m      [2mat Socket.<anonymous> ([22m[2msrc/utils.ts[2m:159:15)[22m[2m[22m
  [2mconsole.log[22m
    [e2e_6q0pv39bdzw0]: 2024-03-22T21:00:36.755Z backend:TorControl Connecting to Tor, host: localhost port: 63004
[2m[22m
[2m      [2mat Socket.<anonymous> ([22m[2msrc/utils.ts[2m:159:15)[22m[2m[22m
  [2mconsole.log[22m
    [e2e_6q0pv39bdzw0]: 2024-03-22T21:00:36.756Z backend:Tor Mar 22 17:00:36.000 [notice] New control connection opened from 127.0.0.1.
    
    2024-03-22T21:00:36.757Z backend:TorControl Tor connected
[2m[22m
[2m      [2mat Socket.<anonymous> ([22m[2msrc/utils.ts[2m:159:15)[22m[2m[22m
  [2mconsole.log[22m
    [e2e_6q0pv39bdzw0]: 2024-03-22T21:00:39.256Z backend:TorControl Connecting to Tor, host: localhost port: 63004
[2m[22m
[2m      [2mat Socket.<anonymous> ([22m[2msrc/utils.ts[2m:159:15)[22m[2m[22m
  [2mconsole.log[22m
    [e2e_6q0pv39bdzw0]: 2024-03-22T21:00:39.256Z backend:Tor Mar 22 17:00:39.000 [notice] New control connection opened from 127.0.0.1.
    
    2024-03-22T21:00:39.256Z backend:TorControl Tor connected
[2m[22m
[2m      [2mat Socket.<anonymous> ([22m[2msrc/utils.ts[2m:159:15)[22m[2m[22m
  [2mconsole.log[22m
    [e2e_6q0pv39bdzw0]: 2024-03-22T21:00:41.757Z backend:TorControl Connecting to Tor, host: localhost port: 63004
[2m[22m
[2m      [2mat Socket.<anonymous> ([22m[2msrc/utils.ts[2m:159:15)[22m[2m[22m
  [2mconsole.log[22m
    [e2e_6q0pv39bdzw0]: 2024-03-22T21:00:41.758Z backend:Tor Mar 22 17:00:41.000 [notice] New control connection opened from 127.0.0.1.
    
    2024-03-22T21:00:41.759Z backend:TorControl Tor connected
[2m[22m
[2m      [2mat Socket.<anonymous> ([22m[2msrc/utils.ts[2m:159:15)[22m[2m[22m
  [2mconsole.log[22m
    [e2e_6q0pv39bdzw0]: 2024-03-22T21:00:44.258Z backend:TorControl Connecting to Tor, host: localhost port: 63004
[2m[22m
[2m      [2mat Socket.<anonymous> ([22m[2msrc/utils.ts[2m:159:15)[22m[2m[22m
  [2mconsole.log[22m
    [e2e_6q0pv39bdzw0]: 2024-03-22T21:00:44.259Z backend:Tor Mar 22 17:00:44.000 [notice] New control connection opened from 127.0.0.1.
    
    2024-03-22T21:00:44.260Z backend:TorControl Tor connected
[2m[22m
[2m      [2mat Socket.<anonymous> ([22m[2msrc/utils.ts[2m:159:15)[22m[2m[22m
  [2mconsole.log[22m
    [e2e_6q0pv39bdzw0]: 2024-03-22T21:00:46.759Z backend:TorControl Connecting to Tor, host: localhost port: 63004
[2m[22m
[2m      [2mat Socket.<anonymous> ([22m[2msrc/utils.ts[2m:159:15)[22m[2m[22m
  [2mconsole.log[22m
    [e2e_6q0pv39bdzw0]: 2024-03-22T21:00:46.760Z backend:Tor Mar 22 17:00:46.000 [notice] New control connection opened from 127.0.0.1.
    
    2024-03-22T21:00:46.760Z backend:TorControl Tor connected
[2m[22m
[2m      [2mat Socket.<anonymous> ([22m[2msrc/utils.ts[2m:159:15)[22m[2m[22m
  [2mconsole.log[22m
    [e2e_6q0pv39bdzw0]: 2024-03-22T21:00:49.260Z backend:TorControl Connecting to Tor, host: localhost port: 63004
[2m[22m
[2m      [2mat Socket.<anonymous> ([22m[2msrc/utils.ts[2m:159:15)[22m[2m[22m
  [2mconsole.log[22m
    [e2e_6q0pv39bdzw0]: 2024-03-22T21:00:49.261Z backend:Tor Mar 22 17:00:49.000 [notice] New control connection opened from 127.0.0.1.
    
    2024-03-22T21:00:49.261Z backend:TorControl Tor connected
[2m[22m
[2m      [2mat Socket.<anonymous> ([22m[2msrc/utils.ts[2m:159:15)[22m[2m[22m
  [2mconsole.log[22m
    [e2e_6q0pv39bdzw0]: 2024-03-22T21:00:51.761Z backend:TorControl Connecting to Tor, host: localhost port: 63004
[2m[22m
[2m      [2mat Socket.<anonymous> ([22m[2msrc/utils.ts[2m:159:15)[22m[2m[22m
  [2mconsole.log[22m
    [e2e_6q0pv39bdzw0]: 2024-03-22T21:00:51.763Z backend:Tor Mar 22 17:00:51.000 [notice] New control connection opened from 127.0.0.1.
[2m[22m
[2m      [2mat Socket.<anonymous> ([22m[2msrc/utils.ts[2m:159:15)[22m[2m[22m
  [2mconsole.log[22m
    [e2e_6q0pv39bdzw0]: 2024-03-22T21:00:51.763Z backend:TorControl Tor connected
[2m[22m
[2m      [2mat Socket.<anonymous> ([22m[2msrc/utils.ts[2m:159:15)[22m[2m[22m
  [2mconsole.log[22m
    [e2e_6q0pv39bdzw0]: 2024-03-22T21:00:54.261Z backend:TorControl Connecting to Tor, host: localhost port: 63004
[2m[22m
[2m      [2mat Socket.<anonymous> ([22m[2msrc/utils.ts[2m:159:15)[22m[2m[22m
  [2mconsole.log[22m
    [e2e_6q0pv39bdzw0]: 2024-03-22T21:00:54.262Z backend:Tor Mar 22 17:00:54.000 [notice] New control connection opened from 127.0.0.1.
    
    2024-03-22T21:00:54.262Z backend:TorControl Tor connected
[2m[22m
[2m      [2mat Socket.<anonymous> ([22m[2msrc/utils.ts[2m:159:15)[22m[2m[22m
  [2mconsole.log[22m
    [e2e_6q0pv39bdzw0]: 2024-03-22T21:00:56.762Z backend:TorControl Connecting to Tor, host: localhost port: 63004
[2m[22m
[2m      [2mat Socket.<anonymous> ([22m[2msrc/utils.ts[2m:159:15)[22m[2m[22m
  [2mconsole.log[22m
    [e2e_6q0pv39bdzw0]: 2024-03-22T21:00:56.763Z backend:Tor Mar 22 17:00:56.000 [notice] New control connection opened from 127.0.0.1.
    
    2024-03-22T21:00:56.763Z backend:TorControl Tor connected
[2m[22m
[2m      [2mat Socket.<anonymous> ([22m[2msrc/utils.ts[2m:159:15)[22m[2m[22m
  [2mconsole.log[22m
    [e2e_6q0pv39bdzw0]: 2024-03-22T21:00:59.263Z backend:TorControl Connecting to Tor, host: localhost port: 63004
[2m[22m
[2m      [2mat Socket.<anonymous> ([22m[2msrc/utils.ts[2m:159:15)[22m[2m[22m
  [2mconsole.log[22m
    [e2e_6q0pv39bdzw0]: 2024-03-22T21:00:59.264Z backend:Tor Mar 22 17:00:59.000 [notice] New control connection opened from 127.0.0.1.
    
    2024-03-22T21:00:59.265Z backend:TorControl Tor connected
[2m[22m
[2m      [2mat Socket.<anonymous> ([22m[2msrc/utils.ts[2m:159:15)[22m[2m[22m
  [2mconsole.log[22m
    [e2e_6q0pv39bdzw0]: 2024-03-22T21:01:01.764Z backend:TorControl Connecting to Tor, host: localhost port: 63004
[2m[22m
[2m      [2mat Socket.<anonymous> ([22m[2msrc/utils.ts[2m:159:15)[22m[2m[22m
  [2mconsole.log[22m
    [e2e_6q0pv39bdzw0]: 2024-03-22T21:01:01.765Z backend:Tor Mar 22 17:01:01.000 [notice] New control connection opened from 127.0.0.1.
    
    2024-03-22T21:01:01.765Z backend:TorControl Tor connected
[2m[22m
[2m      [2mat Socket.<anonymous> ([22m[2msrc/utils.ts[2m:159:15)[22m[2m[22m
  [2mconsole.log[22m
    [e2e_6q0pv39bdzw0]: 2024-03-22T21:01:04.264Z backend:TorControl Connecting to Tor, host: localhost port: 63004
[2m[22m
[2m      [2mat Socket.<anonymous> ([22m[2msrc/utils.ts[2m:159:15)[22m[2m[22m
  [2mconsole.log[22m
    [e2e_6q0pv39bdzw0]: 2024-03-22T21:01:04.265Z backend:Tor Mar 22 17:01:04.000 [notice] New control connection opened from 127.0.0.1.
    
    2024-03-22T21:01:04.265Z backend:TorControl Tor connected
[2m[22m
[2m      [2mat Socket.<anonymous> ([22m[2msrc/utils.ts[2m:159:15)[22m[2m[22m
  [2mconsole.log[22m
    [e2e_6q0pv39bdzw0]: 2024-03-22T21:01:06.764Z backend:TorControl Connecting to Tor, host: localhost port: 63004
[2m[22m
[2m      [2mat Socket.<anonymous> ([22m[2msrc/utils.ts[2m:159:15)[22m[2m[22m
  [2mconsole.log[22m
    [e2e_6q0pv39bdzw0]: 2024-03-22T21:01:06.765Z backend:Tor Mar 22 17:01:06.000 [notice] New control connection opened from 127.0.0.1.
    
    2024-03-22T21:01:06.765Z backend:TorControl Tor connected
[2m[22m
[2m      [2mat Socket.<anonymous> ([22m[2msrc/utils.ts[2m:159:15)[22m[2m[22m
  [2mconsole.log[22m
    [e2e_6q0pv39bdzw0]: 2024-03-22T21:01:09.265Z backend:TorControl Connecting to Tor, host: localhost port: 63004
    2024-03-22T21:01:09.265Z backend:Tor Mar 22 17:01:09.000 [notice] New control connection opened from 127.0.0.1.
    
    2024-03-22T21:01:09.266Z backend:TorControl Tor connected
[2m[22m
[2m      [2mat Socket.<anonymous> ([22m[2msrc/utils.ts[2m:159:15)[22m[2m[22m
  [2mconsole.log[22m
    [e2e_6q0pv39bdzw0]: 2024-03-22T21:01:11.766Z backend:TorControl Connecting to Tor, host: localhost port: 63004
[2m[22m
[2m      [2mat Socket.<anonymous> ([22m[2msrc/utils.ts[2m:159:15)[22m[2m[22m
  [2mconsole.log[22m
    [e2e_6q0pv39bdzw0]: 2024-03-22T21:01:11.767Z backend:Tor Mar 22 17:01:11.000 [notice] New control connection opened from 127.0.0.1.
    
    2024-03-22T21:01:11.767Z backend:TorControl Tor connected
[2m[22m
[2m      [2mat Socket.<anonymous> ([22m[2msrc/utils.ts[2m:159:15)[22m[2m[22m
  [2mconsole.log[22m
    [e2e_6q0pv39bdzw0]: 2024-03-22T21:01:14.151Z backend:Tor Mar 22 17:01:14.000 [notice] Bootstrapped 56% (loading_descriptors): Loading relay descriptors
[2m[22m
[2m      [2mat Socket.<anonymous> ([22m[2msrc/utils.ts[2m:159:15)[22m[2m[22m
  [2mconsole.log[22m
    [e2e_6q0pv39bdzw0]: 2024-03-22T21:01:14.267Z backend:TorControl Connecting to Tor, host: localhost port: 63004
[2m[22m
[2m      [2mat Socket.<anonymous> ([22m[2msrc/utils.ts[2m:159:15)[22m[2m[22m
  [2mconsole.log[22m
    [e2e_6q0pv39bdzw0]: 2024-03-22T21:01:14.268Z backend:Tor Mar 22 17:01:14.000 [notice] New control connection opened from 127.0.0.1.
[2m[22m
[2m      [2mat Socket.<anonymous> ([22m[2msrc/utils.ts[2m:159:15)[22m[2m[22m
  [2mconsole.log[22m
    [e2e_6q0pv39bdzw0]: 2024-03-22T21:01:14.268Z backend:TorControl Tor connected
[2m[22m
[2m      [2mat Socket.<anonymous> ([22m[2msrc/utils.ts[2m:159:15)[22m[2m[22m
  [2mconsole.log[22m
    [e2e_6q0pv39bdzw0]: 2024-03-22T21:01:14.536Z backend:Tor Mar 22 17:01:14.000 [notice] Bootstrapped 61% (loading_descriptors): Loading relay descriptors
[2m[22m
[2m      [2mat Socket.<anonymous> ([22m[2msrc/utils.ts[2m:159:15)[22m[2m[22m
  [2mconsole.log[22m
    [e2e_6q0pv39bdzw0]: 2024-03-22T21:01:14.577Z backend:Tor Mar 22 17:01:14.000 [notice] Bootstrapped 70% (loading_descriptors): Loading relay descriptors
[2m[22m
[2m      [2mat Socket.<anonymous> ([22m[2msrc/utils.ts[2m:159:15)[22m[2m[22m
  [2mconsole.log[22m
    [e2e_6q0pv39bdzw0]: 2024-03-22T21:01:16.503Z backend:Tor Mar 22 17:01:16.000 [notice] Bootstrapped 75% (enough_dirinfo): Loaded enough directory info to build circuits
[2m[22m
[2m      [2mat Socket.<anonymous> ([22m[2msrc/utils.ts[2m:159:15)[22m[2m[22m
  [2mconsole.log[22m
    [e2e_6q0pv39bdzw0]: 2024-03-22T21:01:16.511Z backend:Tor Mar 22 17:01:16.000 [notice] Bootstrapped 90% (ap_handshake_done): Handshake finished with a relay to build circuits
    Mar 22 17:01:16.000 [notice] Bootstrapped 95% (circuit_create): Establishing a Tor circuit
[2m[22m
[2m      [2mat Socket.<anonymous> ([22m[2msrc/utils.ts[2m:159:15)[22m[2m[22m
  [2mconsole.log[22m
    [e2e_6q0pv39bdzw0]: 2024-03-22T21:01:16.768Z backend:TorControl Connecting to Tor, host: localhost port: 63004
[2m[22m
[2m      [2mat Socket.<anonymous> ([22m[2msrc/utils.ts[2m:159:15)[22m[2m[22m
  [2mconsole.log[22m
    [e2e_6q0pv39bdzw0]: 2024-03-22T21:01:16.769Z backend:Tor Mar 22 17:01:16.000 [notice] New control connection opened from 127.0.0.1.
    
    2024-03-22T21:01:16.769Z backend:TorControl Tor connected
[2m[22m
[2m      [2mat Socket.<anonymous> ([22m[2msrc/utils.ts[2m:159:15)[22m[2m[22m
  [2mconsole.log[22m
    [e2e_6q0pv39bdzw0]: 2024-03-22T21:01:17.493Z backend:Tor Mar 22 17:01:17.000 [notice] Bootstrapped 100% (done): Done
[2m[22m
[2m      [2mat Socket.<anonymous> ([22m[2msrc/utils.ts[2m:159:15)[22m[2m[22m
  [2mconsole.log[22m
    [e2e_6q0pv39bdzw0]: 2024-03-22T21:01:19.269Z backend:TorControl Connecting to Tor, host: localhost port: 63004
[2m[22m
[2m      [2mat Socket.<anonymous> ([22m[2msrc/utils.ts[2m:159:15)[22m[2m[22m
  [2mconsole.log[22m
    [e2e_6q0pv39bdzw0]: 2024-03-22T21:01:19.269Z backend:Tor Mar 22 17:01:19.000 [notice] New control connection opened from 127.0.0.1.
    
    2024-03-22T21:01:19.270Z backend:TorControl Tor connected
[2m[22m
[2m      [2mat Socket.<anonymous> ([22m[2msrc/utils.ts[2m:159:15)[22m[2m[22m
  [2mconsole.log[22m
    [e2e_4cc1hr73df40]: 2024-03-22T21:01:22.281Z backend:libp2p:websockets server connecting with /dns4/e576krgv3x7hxejwyfb4vfiyxwlmgf6u2q64anggbwsnnrpec3ubfoid.onion/tcp/80/ws/p2p/QmQGGsPk8v1sy3oAwA2ecgb6JWk1XVzB8U7vsFB1dDfW3b
[2m[22m
[2m      [2mat Socket.<anonymous> ([22m[2msrc/utils.ts[2m:159:15)[22m[2m[22m
  [2mconsole.log[22m
    [e2e_4cc1hr73df40]: 2024-03-22T21:01:22.282Z backend:libp2p:websockets new inbound connection /dns4/e576krgv3x7hxejwyfb4vfiyxwlmgf6u2q64anggbwsnnrpec3ubfoid.onion/tcp/80/ws/p2p/QmQGGsPk8v1sy3oAwA2ecgb6JWk1XVzB8U7vsFB1dDfW3b
[2m[22m
[2m      [2mat Socket.<anonymous> ([22m[2msrc/utils.ts[2m:159:15)[22m[2m[22m
  [2mconsole.log[22m
    [e2e_6q0pv39bdzw0]: 2024-03-22T21:01:22.623Z backend:libp2p:websockets /dns4/e576krgv3x7hxejwyfb4vfiyxwlmgf6u2q64anggbwsnnrpec3ubfoid.onion/tcp/80/ws/p2p/QmQGGsPk8v1sy3oAwA2ecgb6JWk1XVzB8U7vsFB1dDfW3b connected /dns4/ilym2eypty5gmasrpwv5tn25ihl6zwbu7t3yis7i3ao3pjdemtw5p2ad.onion/tcp/80/ws/p2p/QmZLW6y5m8broYutG4og2ymXRZUDcxVhdgHhiKYKhquUNp
[2m[22m
[2m      [2mat Socket.<anonymous> ([22m[2msrc/utils.ts[2m:159:15)[22m[2m[22m
  [2mconsole.log[22m
    [e2e_6q0pv39bdzw0]: 2024-03-22T21:01:22.624Z backend:libp2p:websockets new outbound connection /dns4/ilym2eypty5gmasrpwv5tn25ihl6zwbu7t3yis7i3ao3pjdemtw5p2ad.onion/tcp/80/ws/p2p/QmZLW6y5m8broYutG4og2ymXRZUDcxVhdgHhiKYKhquUNp
[2m[22m
[2m      [2mat Socket.<anonymous> ([22m[2msrc/utils.ts[2m:159:15)[22m[2m[22m
  [2mconsole.log[22m
    [e2e_4cc1hr73df40]: 2024-03-22T21:01:25.239Z backend:libp2p:websockets inbound connection /dns4/e576krgv3x7hxejwyfb4vfiyxwlmgf6u2q64anggbwsnnrpec3ubfoid.onion/tcp/80/ws/p2p/QmQGGsPk8v1sy3oAwA2ecgb6JWk1XVzB8U7vsFB1dDfW3b upgraded
[2m[22m
[2m      [2mat Socket.<anonymous> ([22m[2msrc/utils.ts[2m:159:15)[22m[2m[22m
  [2mconsole.log[22m
    [e2e_4cc1hr73df40]: 2024-03-22T21:01:25.241Z backend:Libp2pService Connecting peer: {"isTrusted":false,"detail":{"id":"23of7g1711141285239","remoteAddr":"/dns4/e576krgv3x7hxejwyfb4vfiyxwlmgf6u2q64anggbwsnnrpec3ubfoid.onion/tcp/80/ws/p2p/QmQGGsPk8v1sy3oAwA2ecgb6JWk1XVzB8U7vsFB1dDfW3b","remotePeer":"QmQGGsPk8v1sy3oAwA2ecgb6JWk1XVzB8U7vsFB1dDfW3b","stat":{"status":"OPEN","direction":"inbound","timeline":{"open":1711141282281,"upgraded":1711141285239},"multiplexer":"/mplex/6.7.0","encryption":"/noise"},"tags":[],"_closing":false}}
    2024-03-22T21:01:25.241Z backend:Libp2pService QmZLW6y5m8broYutG4og2ymXRZUDcxVhdgHhiKYKhquUNp connected to QmQGGsPk8v1sy3oAwA2ecgb6JWk1XVzB8U7vsFB1dDfW3b
    2024-03-22T21:01:25.241Z backend:Libp2pService QmZLW6y5m8broYutG4og2ymXRZUDcxVhdgHhiKYKhquUNp is now connected to 1 peers
    2024-03-22T21:01:25.241Z backend:Libp2pService QmZLW6y5m8broYutG4og2ymXRZUDcxVhdgHhiKYKhquUNp has 1 open connections
    2024-03-22T21:01:25.241Z backend:Libp2pService Emitting peerConnected event with payload {"peers":[{"peer":"QmQGGsPk8v1sy3oAwA2ecgb6JWk1XVzB8U7vsFB1dDfW3b","lastSeen":1711141285.241,"connectionDuration":0}]}
[2m[22m
[2m      [2mat Socket.<anonymous> ([22m[2msrc/utils.ts[2m:159:15)[22m[2m[22m
  [2mconsole.log[22m
    [e2e_6q0pv39bdzw0]: 2024-03-22T21:01:25.672Z backend:Libp2pService Connecting peer: {"isTrusted":false,"detail":{"id":"4jh59l1711141285671","remoteAddr":"/dns4/ilym2eypty5gmasrpwv5tn25ihl6zwbu7t3yis7i3ao3pjdemtw5p2ad.onion/tcp/80/ws/p2p/QmZLW6y5m8broYutG4og2ymXRZUDcxVhdgHhiKYKhquUNp","remotePeer":"QmZLW6y5m8broYutG4og2ymXRZUDcxVhdgHhiKYKhquUNp","stat":{"status":"OPEN","direction":"outbound","timeline":{"open":1711141282624,"upgraded":1711141285671},"multiplexer":"/mplex/6.7.0","encryption":"/noise"},"tags":[],"_closing":false}}
[2m[22m
[2m      [2mat Socket.<anonymous> ([22m[2msrc/utils.ts[2m:159:15)[22m[2m[22m
  [2mconsole.log[22m
    [e2e_6q0pv39bdzw0]: 2024-03-22T21:01:25.672Z backend:Libp2pService QmQGGsPk8v1sy3oAwA2ecgb6JWk1XVzB8U7vsFB1dDfW3b connected to QmZLW6y5m8broYutG4og2ymXRZUDcxVhdgHhiKYKhquUNp
[2m[22m
[2m      [2mat Socket.<anonymous> ([22m[2msrc/utils.ts[2m:159:15)[22m[2m[22m
  [2mconsole.log[22m
    [e2e_6q0pv39bdzw0]: 2024-03-22T21:01:25.686Z backend:Libp2pService QmQGGsPk8v1sy3oAwA2ecgb6JWk1XVzB8U7vsFB1dDfW3b is now connected to 1 peers
[2m[22m
[2m      [2mat Socket.<anonymous> ([22m[2msrc/utils.ts[2m:159:15)[22m[2m[22m
  [2mconsole.log[22m
    [e2e_6q0pv39bdzw0]: 2024-03-22T21:01:25.686Z backend:Libp2pService QmQGGsPk8v1sy3oAwA2ecgb6JWk1XVzB8U7vsFB1dDfW3b has 1 open connections
    2024-03-22T21:01:25.686Z backend:Libp2pService Emitting peerConnected event with payload {"peers":[{"peer":"QmZLW6y5m8broYutG4og2ymXRZUDcxVhdgHhiKYKhquUNp","lastSeen":1711141285.672,"connectionDuration":0}]}
[2m[22m
[2m      [2mat Socket.<anonymous> ([22m[2msrc/utils.ts[2m:159:15)[22m[2m[22m
  [2mconsole.log[22m
    [e2e_6q0pv39bdzw0]: 2024-03-22T21:01:25.687Z backend:libp2p:websockets outbound connection /dns4/ilym2eypty5gmasrpwv5tn25ihl6zwbu7t3yis7i3ao3pjdemtw5p2ad.onion/tcp/80/ws/p2p/QmZLW6y5m8broYutG4og2ymXRZUDcxVhdgHhiKYKhquUNp upgraded
[2m[22m
[2m      [2mat Socket.<anonymous> ([22m[2msrc/utils.ts[2m:159:15)[22m[2m[22m
  [2mconsole.log[22m
    [e2e_6q0pv39bdzw0]: 2024-03-22T21:01:25.694Z backend:LocalDbService Getting 'peers' [Error: NotFound: ] {
      code: 'LEVEL_NOT_FOUND',
      notFound: true,
      status: 404
    }
[2m[22m
[2m      [2mat Socket.<anonymous> ([22m[2msrc/utils.ts[2m:159:15)[22m[2m[22m
  [2mconsole.log[22m
    [e2e_6q0pv39bdzw0]: 2024-03-22T21:01:29.714Z backend:StorageService REPLICATED: Channels
[2m[22m
[2m      [2mat Socket.<anonymous> ([22m[2msrc/utils.ts[2m:159:15)[22m[2m[22m
  [2mconsole.log[22m
    [e2e_6q0pv39bdzw0]: 2024-03-22T21:01:29.716Z backend:StorageService Creating channel general_a7c50e5f6bb71a5bfe45107c2f1c0f08
[2m[22m
[2m      [2mat Socket.<anonymous> ([22m[2msrc/utils.ts[2m:159:15)[22m[2m[22m
  [2mconsole.log[22m
    [e2e_6q0pv39bdzw0]: 2024-03-22T21:01:29.731Z backend:StorageService Found existing channel: {
      id: 'general_a7c50e5f6bb71a5bfe45107c2f1c0f08',
      name: 'general',
      owner: 'owner',
      timestamp: 1711141082300,
      description: 'Welcome to #general'
    }
[2m[22m
[2m      [2mat Socket.<anonymous> ([22m[2msrc/utils.ts[2m:159:15)[22m[2m[22m
  [2mconsole.log[22m
    [e2e_6q0pv39bdzw0]: 2024-03-22T21:01:29.731Z backend:StorageService Set general_a7c50e5f6bb71a5bfe45107c2f1c0f08 to local channels
    2024-03-22T21:01:29.731Z backend:StorageService Created channel general_a7c50e5f6bb71a5bfe45107c2f1c0f08
    2024-03-22T21:01:29.731Z backend:StorageService Pubsub - subscribe to /orbitdb/zdpuAxX9VYs2cAEDR3cCBsM6wyvpYeQPwU6ugmGoy5AGm6DwT/channels.general_a7c50e5f6bb71a5bfe45107c2f1c0f08
    2024-03-22T21:01:29.731Z backend:StorageService Subscribing to channel  general_a7c50e5f6bb71a5bfe45107c2f1c0f08
[2m[22m
[2m      [2mat Socket.<anonymous> ([22m[2msrc/utils.ts[2m:159:15)[22m[2m[22m
  [2mconsole.log[22m
    [e2e_6q0pv39bdzw0]: 2024-03-22T21:01:29.733Z backend:StorageService Subscribed to channel general_a7c50e5f6bb71a5bfe45107c2f1c0f08
[2m[22m
[2m      [2mat Socket.<anonymous> ([22m[2msrc/utils.ts[2m:159:15)[22m[2m[22m
  [2mconsole.log[22m
    [e2e_6q0pv39bdzw0]: 2024-03-22T21:01:29.842Z backend:CertificatesRequestsStore Replicated CSRs
[2m[22m
[2m      [2mat Socket.<anonymous> ([22m[2msrc/utils.ts[2m:159:15)[22m[2m[22m
  [2mconsole.log[22m
    [e2e_6q0pv39bdzw0]: 2024-03-22T21:01:29.843Z backend:CertificatesRequestsStore DuplicatedCertBug {
      allEntries: [
        'MIIDIjCCAscCAQAwSTFHMEUGA1UEAxM+Mm90d2pyc3gzcGNmNmR2amhlb2w2djJ4Y3VpNm42cW40cmZraXBlMm9oM3Z5aWJpemlyNDZkaWQub25pb24wWTATBgcqhkjOPQIBBggqhkjOPQMBBwNCAASAyz/RAv61EQ7fSy3WbndIpaX9zi+r2BPNsF7eh2TyzlNUIqZ+ZGBrDPOP4ea+lYwAGYc0obSJgwiFRataRarIoIICGjAuBgkqhkiG9w0BCQ4xITAfMB0GA1UdDgQWBBRAQ+c+nMaAWHjxud5tJL3peqMp1zCCAUcGCSqGSIb3DQEJDDGCATgEggE0FVgLbFaN+gKO4Aqfjs/gNPtz+V9vgnwmOEuIipHYSyEyiZL7PmRutx07890ws44SwLYEKDBavLKfF1aSa1MOLps/bMWW2DDOngTVGyaWufh8OaBzxGIL3815BZLJF9VTgEuyJbOq3+XLZMj2fdEjXHTRvYURKZtc/O7FHYG5mOc7QTwkXd9jQ8tMYZ85wWJdR3ZLGWYfnrrplQTdkAq9H7DEH4OTypJSYjvhMBrDAZeFOe1nHVkJU14sO2x1rc9X1GQMYmLC4WxLcwdcyUh1aXOEev3VprQRQjaFznk0UHK33rn1q16YE5zc+3hhF03FOGSos8DMyQy3o10/p1fOI9oVSkFpKlx5OyZXz1uG6Utmt8htptEr4rE4jm9y6+r5DXm5nIjSZIbNgXh9boxyX7KvOkkwFQYKKwYBBAGDjBsCATEHEwVvd25lcjA9BgkrBgECAQ8DAQExMBMuUW1UcE5taXhzZlVTSEJtM3ZXdnZ1VGtndDJIZFhjMXNZaUJSdzRwTVJuODhHUjBHBgNVHRExQBM+Mm90d2pyc3gzcGNmNmR2amhlb2w2djJ4Y3VpNm42cW40cmZraXBlMm9oM3Z5aWJpemlyNDZkaWQub25pb24wCgYIKoZIzj0EAwIDSQAwRgIhAOK6Uac+lomfbGsOpT+M1/mZLNGmQ6uPXE4blwkpyla2AiEApkT1IJjfMgcYl613arLQ4nUrieyCoz8W8U+EWt1HhGM=',
        'MIIDKjCCAtACAQAwSTFHMEUGA1UEAxM+aWx5bTJleXB0eTVnbWFzcnB3djV0bjI1aWhsNnp3YnU3dDN5aXM3aTNhbzNwamRlbXR3NXAyYWQub25pb24wWTATBgcqhkjOPQIBBggqhkjOPQMBBwNCAASAc6Q7kSitT6fyLxEFZGkuuzNa9jtKyJR7X+dlJEEmw5Lt9tZZh33x2EjtrubvNXQ6o2Ok0bbirf38mNxlDpvYoIICIzAuBgkqhkiG9w0BCQ4xITAfMB0GA1UdDgQWBBSq+CkgQPuUKSTjGI+UdK61eLe3xzCCAUcGCSqGSIb3DQEJDDGCATgEggE0LxHEGHtvKSiDcFtzFUkCL4n71xN5ZfTPdAbFO34bUN1lRH9B8vVRIllPt7t78Us1jAQc0SbkZj/lmZdb/FlgjytUXwQCyU/4P+/XWsScrvD5iOkhipLZ9OBC6Z+Kxr8gHijlP8E/2VEDWp2TEI4y4PalusR0aiEkMK9G+aFPenTi6/7oUDZa5ePoBlSn4dtDiMkb9WT9fTv4W033G1PhszK8SEV7gM0ZlHyrt9vsThXW46jW1UhJfUZfQ4IzUAHZyfKlhux2mG3PIshCDI3fVIIu72b1YKV7ixkY39G8cq3B8pjCk7wLpVop7Bz8Ke9lf0qRL/cTsBcRYv5pH1B8L16tCHA/ZnYupxd++5vygxoK/F96rU5YuNpG2Xc4YhfW7/7u/CRECz1pIinU7Eanm0OPKUIwHgYKKwYBBAGDjBsCATEQEw51c2VyLWpvaW5pbmctMTA9BgkrBgECAQ8DAQExMBMuUW1aTFc2eTVtOGJyb1l1dEc0b2cyeW1YUlpVRGN4VmhkZ0hoaUtZS2hxdVVOcDBHBgNVHRExQBM+aWx5bTJleXB0eTVnbWFzcnB3djV0bjI1aWhsNnp3YnU3dDN5aXM3aTNhbzNwamRlbXR3NXAyYWQub25pb24wCgYIKoZIzj0EAwIDSAAwRQIhAJclKaxQLhPy8NHDIbipEmjrVtOqp7aXhzB9Wu8r3T/LAiB7+RGRT1sFjUy5Wk+IZTZ7I3xf1gi+PN9FCRngURsyyA=='
      ]
    }
[2m[22m
[2m      [2mat Socket.<anonymous> ([22m[2msrc/utils.ts[2m:159:15)[22m[2m[22m
  [2mconsole.log[22m
    [e2e_6q0pv39bdzw0]: 2024-03-22T21:01:29.843Z backend:CertificatesRequestsStore DuplicatedCertBug {
      allCsrsUnique: [
        'MIIDIjCCAscCAQAwSTFHMEUGA1UEAxM+Mm90d2pyc3gzcGNmNmR2amhlb2w2djJ4Y3VpNm42cW40cmZraXBlMm9oM3Z5aWJpemlyNDZkaWQub25pb24wWTATBgcqhkjOPQIBBggqhkjOPQMBBwNCAASAyz/RAv61EQ7fSy3WbndIpaX9zi+r2BPNsF7eh2TyzlNUIqZ+ZGBrDPOP4ea+lYwAGYc0obSJgwiFRataRarIoIICGjAuBgkqhkiG9w0BCQ4xITAfMB0GA1UdDgQWBBRAQ+c+nMaAWHjxud5tJL3peqMp1zCCAUcGCSqGSIb3DQEJDDGCATgEggE0FVgLbFaN+gKO4Aqfjs/gNPtz+V9vgnwmOEuIipHYSyEyiZL7PmRutx07890ws44SwLYEKDBavLKfF1aSa1MOLps/bMWW2DDOngTVGyaWufh8OaBzxGIL3815BZLJF9VTgEuyJbOq3+XLZMj2fdEjXHTRvYURKZtc/O7FHYG5mOc7QTwkXd9jQ8tMYZ85wWJdR3ZLGWYfnrrplQTdkAq9H7DEH4OTypJSYjvhMBrDAZeFOe1nHVkJU14sO2x1rc9X1GQMYmLC4WxLcwdcyUh1aXOEev3VprQRQjaFznk0UHK33rn1q16YE5zc+3hhF03FOGSos8DMyQy3o10/p1fOI9oVSkFpKlx5OyZXz1uG6Utmt8htptEr4rE4jm9y6+r5DXm5nIjSZIbNgXh9boxyX7KvOkkwFQYKKwYBBAGDjBsCATEHEwVvd25lcjA9BgkrBgECAQ8DAQExMBMuUW1UcE5taXhzZlVTSEJtM3ZXdnZ1VGtndDJIZFhjMXNZaUJSdzRwTVJuODhHUjBHBgNVHRExQBM+Mm90d2pyc3gzcGNmNmR2amhlb2w2djJ4Y3VpNm42cW40cmZraXBlMm9oM3Z5aWJpemlyNDZkaWQub25pb24wCgYIKoZIzj0EAwIDSQAwRgIhAOK6Uac+lomfbGsOpT+M1/mZLNGmQ6uPXE4blwkpyla2AiEApkT1IJjfMgcYl613arLQ4nUrieyCoz8W8U+EWt1HhGM=',
        'MIIDKjCCAtACAQAwSTFHMEUGA1UEAxM+aWx5bTJleXB0eTVnbWFzcnB3djV0bjI1aWhsNnp3YnU3dDN5aXM3aTNhbzNwamRlbXR3NXAyYWQub25pb24wWTATBgcqhkjOPQIBBggqhkjOPQMBBwNCAASAc6Q7kSitT6fyLxEFZGkuuzNa9jtKyJR7X+dlJEEmw5Lt9tZZh33x2EjtrubvNXQ6o2Ok0bbirf38mNxlDpvYoIICIzAuBgkqhkiG9w0BCQ4xITAfMB0GA1UdDgQWBBSq+CkgQPuUKSTjGI+UdK61eLe3xzCCAUcGCSqGSIb3DQEJDDGCATgEggE0LxHEGHtvKSiDcFtzFUkCL4n71xN5ZfTPdAbFO34bUN1lRH9B8vVRIllPt7t78Us1jAQc0SbkZj/lmZdb/FlgjytUXwQCyU/4P+/XWsScrvD5iOkhipLZ9OBC6Z+Kxr8gHijlP8E/2VEDWp2TEI4y4PalusR0aiEkMK9G+aFPenTi6/7oUDZa5ePoBlSn4dtDiMkb9WT9fTv4W033G1PhszK8SEV7gM0ZlHyrt9vsThXW46jW1UhJfUZfQ4IzUAHZyfKlhux2mG3PIshCDI3fVIIu72b1YKV7ixkY39G8cq3B8pjCk7wLpVop7Bz8Ke9lf0qRL/cTsBcRYv5pH1B8L16tCHA/ZnYupxd++5vygxoK/F96rU5YuNpG2Xc4YhfW7/7u/CRECz1pIinU7Eanm0OPKUIwHgYKKwYBBAGDjBsCATEQEw51c2VyLWpvaW5pbmctMTA9BgkrBgECAQ8DAQExMBMuUW1aTFc2eTVtOGJyb1l1dEc0b2cyeW1YUlpVRGN4VmhkZ0hoaUtZS2hxdVVOcDBHBgNVHRExQBM+aWx5bTJleXB0eTVnbWFzcnB3djV0bjI1aWhsNnp3YnU3dDN5aXM3aTNhbzNwamRlbXR3NXAyYWQub25pb24wCgYIKoZIzj0EAwIDSAAwRQIhAJclKaxQLhPy8NHDIbipEmjrVtOqp7aXhzB9Wu8r3T/LAiB7+RGRT1sFjUy5Wk+IZTZ7I3xf1gi+PN9FCRngURsyyA=='
      ]
    }
[2m[22m
[2m      [2mat Socket.<anonymous> ([22m[2msrc/utils.ts[2m:159:15)[22m[2m[22m
  [2mconsole.log[22m
    [e2e_6q0pv39bdzw0]: 2024-03-22T21:01:29.855Z backend:CertificatesRequestsStore DuplicatedCertBug [...filteredCsrsMap.values()] [
      'MIIDIjCCAscCAQAwSTFHMEUGA1UEAxM+Mm90d2pyc3gzcGNmNmR2amhlb2w2djJ4Y3VpNm42cW40cmZraXBlMm9oM3Z5aWJpemlyNDZkaWQub25pb24wWTATBgcqhkjOPQIBBggqhkjOPQMBBwNCAASAyz/RAv61EQ7fSy3WbndIpaX9zi+r2BPNsF7eh2TyzlNUIqZ+ZGBrDPOP4ea+lYwAGYc0obSJgwiFRataRarIoIICGjAuBgkqhkiG9w0BCQ4xITAfMB0GA1UdDgQWBBRAQ+c+nMaAWHjxud5tJL3peqMp1zCCAUcGCSqGSIb3DQEJDDGCATgEggE0FVgLbFaN+gKO4Aqfjs/gNPtz+V9vgnwmOEuIipHYSyEyiZL7PmRutx07890ws44SwLYEKDBavLKfF1aSa1MOLps/bMWW2DDOngTVGyaWufh8OaBzxGIL3815BZLJF9VTgEuyJbOq3+XLZMj2fdEjXHTRvYURKZtc/O7FHYG5mOc7QTwkXd9jQ8tMYZ85wWJdR3ZLGWYfnrrplQTdkAq9H7DEH4OTypJSYjvhMBrDAZeFOe1nHVkJU14sO2x1rc9X1GQMYmLC4WxLcwdcyUh1aXOEev3VprQRQjaFznk0UHK33rn1q16YE5zc+3hhF03FOGSos8DMyQy3o10/p1fOI9oVSkFpKlx5OyZXz1uG6Utmt8htptEr4rE4jm9y6+r5DXm5nIjSZIbNgXh9boxyX7KvOkkwFQYKKwYBBAGDjBsCATEHEwVvd25lcjA9BgkrBgECAQ8DAQExMBMuUW1UcE5taXhzZlVTSEJtM3ZXdnZ1VGtndDJIZFhjMXNZaUJSdzRwTVJuODhHUjBHBgNVHRExQBM+Mm90d2pyc3gzcGNmNmR2amhlb2w2djJ4Y3VpNm42cW40cmZraXBlMm9oM3Z5aWJpemlyNDZkaWQub25pb24wCgYIKoZIzj0EAwIDSQAwRgIhAOK6Uac+lomfbGsOpT+M1/mZLNGmQ6uPXE4blwkpyla2AiEApkT1IJjfMgcYl613arLQ4nUrieyCoz8W8U+EWt1HhGM=',
      'MIIDKjCCAtACAQAwSTFHMEUGA1UEAxM+aWx5bTJleXB0eTVnbWFzcnB3djV0bjI1aWhsNnp3YnU3dDN5aXM3aTNhbzNwamRlbXR3NXAyYWQub25pb24wWTATBgcqhkjOPQIBBggqhkjOPQMBBwNCAASAc6Q7kSitT6fyLxEFZGkuuzNa9jtKyJR7X+dlJEEmw5Lt9tZZh33x2EjtrubvNXQ6o2Ok0bbirf38mNxlDpvYoIICIzAuBgkqhkiG9w0BCQ4xITAfMB0GA1UdDgQWBBSq+CkgQPuUKSTjGI+UdK61eLe3xzCCAUcGCSqGSIb3DQEJDDGCATgEggE0LxHEGHtvKSiDcFtzFUkCL4n71xN5ZfTPdAbFO34bUN1lRH9B8vVRIllPt7t78Us1jAQc0SbkZj/lmZdb/FlgjytUXwQCyU/4P+/XWsScrvD5iOkhipLZ9OBC6Z+Kxr8gHijlP8E/2VEDWp2TEI4y4PalusR0aiEkMK9G+aFPenTi6/7oUDZa5ePoBlSn4dtDiMkb9WT9fTv4W033G1PhszK8SEV7gM0ZlHyrt9vsThXW46jW1UhJfUZfQ4IzUAHZyfKlhux2mG3PIshCDI3fVIIu72b1YKV7ixkY39G8cq3B8pjCk7wLpVop7Bz8Ke9lf0qRL/cTsBcRYv5pH1B8L16tCHA/ZnYupxd++5vygxoK/F96rU5YuNpG2Xc4YhfW7/7u/CRECz1pIinU7Eanm0OPKUIwHgYKKwYBBAGDjBsCATEQEw51c2VyLWpvaW5pbmctMTA9BgkrBgECAQ8DAQExMBMuUW1aTFc2eTVtOGJyb1l1dEc0b2cyeW1YUlpVRGN4VmhkZ0hoaUtZS2hxdVVOcDBHBgNVHRExQBM+aWx5bTJleXB0eTVnbWFzcnB3djV0bjI1aWhsNnp3YnU3dDN5aXM3aTNhbzNwamRlbXR3NXAyYWQub25pb24wCgYIKoZIzj0EAwIDSAAwRQIhAJclKaxQLhPy8NHDIbipEmjrVtOqp7aXhzB9Wu8r3T/LAiB7+RGRT1sFjUy5Wk+IZTZ7I3xf1gi+PN9FCRngURsyyA=='
    ]
[2m[22m
[2m      [2mat Socket.<anonymous> ([22m[2msrc/utils.ts[2m:159:15)[22m[2m[22m
  [2mconsole.log[22m
    [e2e_6q0pv39bdzw0]: 2024-03-22T21:01:29.855Z backend:ConnectionsManagerService Storage - csrsStored
[2m[22m
[2m      [2mat Socket.<anonymous> ([22m[2msrc/utils.ts[2m:159:15)[22m[2m[22m
  [2mconsole.log[22m
    [e2e_6q0pv39bdzw0]: 2024-03-22T21:01:29.856Z backend:StorageService csrs count: 2
[2m[22m
[2m      [2mat Socket.<anonymous> ([22m[2msrc/utils.ts[2m:159:15)[22m[2m[22m
  [2mconsole.log[22m
    stdout:
    updatePeersList, peers count: 2
[2m[22m
[2m      [2mat Socket.<anonymous> ([22m[2msrc/utils.ts[2m:149:15)[22m[2m[22m
  [2mconsole.log[22m
    [e2e_6q0pv39bdzw0]: 2024-03-22T21:01:29.857Z backend:Libp2pService Dialing 0 addresses
    2024-03-22T21:01:29.857Z backend:ProcessInChunksService Updating data with 0 items
    2024-03-22T21:01:29.857Z backend:ProcessInChunksService Processing 0 items
[2m[22m
[2m      [2mat Socket.<anonymous> ([22m[2msrc/utils.ts[2m:159:15)[22m[2m[22m
  [2mconsole.log[22m
    [e2e_6q0pv39bdzw0]: 2024-03-22T21:01:29.859Z backend:RegistrationService Trying to issue certificates false [
      {
        csrs: [
          'MIIDIjCCAscCAQAwSTFHMEUGA1UEAxM+Mm90d2pyc3gzcGNmNmR2amhlb2w2djJ4Y3VpNm42cW40cmZraXBlMm9oM3Z5aWJpemlyNDZkaWQub25pb24wWTATBgcqhkjOPQIBBggqhkjOPQMBBwNCAASAyz/RAv61EQ7fSy3WbndIpaX9zi+r2BPNsF7eh2TyzlNUIqZ+ZGBrDPOP4ea+lYwAGYc0obSJgwiFRataRarIoIICGjAuBgkqhkiG9w0BCQ4xITAfMB0GA1UdDgQWBBRAQ+c+nMaAWHjxud5tJL3peqMp1zCCAUcGCSqGSIb3DQEJDDGCATgEggE0FVgLbFaN+gKO4Aqfjs/gNPtz+V9vgnwmOEuIipHYSyEyiZL7PmRutx07890ws44SwLYEKDBavLKfF1aSa1MOLps/bMWW2DDOngTVGyaWufh8OaBzxGIL3815BZLJF9VTgEuyJbOq3+XLZMj2fdEjXHTRvYURKZtc/O7FHYG5mOc7QTwkXd9jQ8tMYZ85wWJdR3ZLGWYfnrrplQTdkAq9H7DEH4OTypJSYjvhMBrDAZeFOe1nHVkJU14sO2x1rc9X1GQMYmLC4WxLcwdcyUh1aXOEev3VprQRQjaFznk0UHK33rn1q16YE5zc+3hhF03FOGSos8DMyQy3o10/p1fOI9oVSkFpKlx5OyZXz1uG6Utmt8htptEr4rE4jm9y6+r5DXm5nIjSZIbNgXh9boxyX7KvOkkwFQYKKwYBBAGDjBsCATEHEwVvd25lcjA9BgkrBgECAQ8DAQExMBMuUW1UcE5taXhzZlVTSEJtM3ZXdnZ1VGtndDJIZFhjMXNZaUJSdzRwTVJuODhHUjBHBgNVHRExQBM+Mm90d2pyc3gzcGNmNmR2amhlb2w2djJ4Y3VpNm42cW40cmZraXBlMm9oM3Z5aWJpemlyNDZkaWQub25pb24wCgYIKoZIzj0EAwIDSQAwRgIhAOK6Uac+lomfbGsOpT+M1/mZLNGmQ6uPXE4blwkpyla2AiEApkT1IJjfMgcYl613arLQ4nUrieyCoz8W8U+EWt1HhGM=',
          'MIIDKjCCAtACAQAwSTFHMEUGA1UEAxM+aWx5bTJleXB0eTVnbWFzcnB3djV0bjI1aWhsNnp3YnU3dDN5aXM3aTNhbzNwamRlbXR3NXAyYWQub25pb24wWTATBgcqhkjOPQIBBggqhkjOPQMBBwNCAASAc6Q7kSitT6fyLxEFZGkuuzNa9jtKyJR7X+dlJEEmw5Lt9tZZh33x2EjtrubvNXQ6o2Ok0bbirf38mNxlDpvYoIICIzAuBgkqhkiG9w0BCQ4xITAfMB0GA1UdDgQWBBSq+CkgQPuUKSTjGI+UdK61eLe3xzCCAUcGCSqGSIb3DQEJDDGCATgEggE0LxHEGHtvKSiDcFtzFUkCL4n71xN5ZfTPdAbFO34bUN1lRH9B8vVRIllPt7t78Us1jAQc0SbkZj/lmZdb/FlgjytUXwQCyU/4P+/XWsScrvD5iOkhipLZ9OBC6Z+Kxr8gHijlP8E/2VEDWp2TEI4y4PalusR0aiEkMK9G+aFPenTi6/7oUDZa5ePoBlSn4dtDiMkb9WT9fTv4W033G1PhszK8SEV7gM0ZlHyrt9vsThXW46jW1UhJfUZfQ4IzUAHZyfKlhux2mG3PIshCDI3fVIIu72b1YKV7ixkY39G8cq3B8pjCk7wLpVop7Bz8Ke9lf0qRL/cTsBcRYv5pH1B8L16tCHA/ZnYupxd++5vygxoK/F96rU5YuNpG2Xc4YhfW7/7u/CRECz1pIinU7Eanm0OPKUIwHgYKKwYBBAGDjBsCATEQEw51c2VyLWpvaW5pbmctMTA9BgkrBgECAQ8DAQExMBMuUW1aTFc2eTVtOGJyb1l1dEc0b2cyeW1YUlpVRGN4VmhkZ0hoaUtZS2hxdVVOcDBHBgNVHRExQBM+aWx5bTJleXB0eTVnbWFzcnB3djV0bjI1aWhsNnp3YnU3dDN5aXM3aTNhbzNwamRlbXR3NXAyYWQub25pb24wCgYIKoZIzj0EAwIDSAAwRQIhAJclKaxQLhPy8NHDIbipEmjrVtOqp7aXhzB9Wu8r3T/LAiB7+RGRT1sFjUy5Wk+IZTZ7I3xf1gi+PN9FCRngURsyyA=='
        ]
      }
    ]
[2m[22m
[2m      [2mat Socket.<anonymous> ([22m[2msrc/utils.ts[2m:159:15)[22m[2m[22m
  [2mconsole.log[22m
    [e2e_6q0pv39bdzw0]: 2024-03-22T21:01:29.859Z backend:RegistrationService Issuing certificates {
      csrs: [
        'MIIDIjCCAscCAQAwSTFHMEUGA1UEAxM+Mm90d2pyc3gzcGNmNmR2amhlb2w2djJ4Y3VpNm42cW40cmZraXBlMm9oM3Z5aWJpemlyNDZkaWQub25pb24wWTATBgcqhkjOPQIBBggqhkjOPQMBBwNCAASAyz/RAv61EQ7fSy3WbndIpaX9zi+r2BPNsF7eh2TyzlNUIqZ+ZGBrDPOP4ea+lYwAGYc0obSJgwiFRataRarIoIICGjAuBgkqhkiG9w0BCQ4xITAfMB0GA1UdDgQWBBRAQ+c+nMaAWHjxud5tJL3peqMp1zCCAUcGCSqGSIb3DQEJDDGCATgEggE0FVgLbFaN+gKO4Aqfjs/gNPtz+V9vgnwmOEuIipHYSyEyiZL7PmRutx07890ws44SwLYEKDBavLKfF1aSa1MOLps/bMWW2DDOngTVGyaWufh8OaBzxGIL3815BZLJF9VTgEuyJbOq3+XLZMj2fdEjXHTRvYURKZtc/O7FHYG5mOc7QTwkXd9jQ8tMYZ85wWJdR3ZLGWYfnrrplQTdkAq9H7DEH4OTypJSYjvhMBrDAZeFOe1nHVkJU14sO2x1rc9X1GQMYmLC4WxLcwdcyUh1aXOEev3VprQRQjaFznk0UHK33rn1q16YE5zc+3hhF03FOGSos8DMyQy3o10/p1fOI9oVSkFpKlx5OyZXz1uG6Utmt8htptEr4rE4jm9y6+r5DXm5nIjSZIbNgXh9boxyX7KvOkkwFQYKKwYBBAGDjBsCATEHEwVvd25lcjA9BgkrBgECAQ8DAQExMBMuUW1UcE5taXhzZlVTSEJtM3ZXdnZ1VGtndDJIZFhjMXNZaUJSdzRwTVJuODhHUjBHBgNVHRExQBM+Mm90d2pyc3gzcGNmNmR2amhlb2w2djJ4Y3VpNm42cW40cmZraXBlMm9oM3Z5aWJpemlyNDZkaWQub25pb24wCgYIKoZIzj0EAwIDSQAwRgIhAOK6Uac+lomfbGsOpT+M1/mZLNGmQ6uPXE4blwkpyla2AiEApkT1IJjfMgcYl613arLQ4nUrieyCoz8W8U+EWt1HhGM=',
        'MIIDKjCCAtACAQAwSTFHMEUGA1UEAxM+aWx5bTJleXB0eTVnbWFzcnB3djV0bjI1aWhsNnp3YnU3dDN5aXM3aTNhbzNwamRlbXR3NXAyYWQub25pb24wWTATBgcqhkjOPQIBBggqhkjOPQMBBwNCAASAc6Q7kSitT6fyLxEFZGkuuzNa9jtKyJR7X+dlJEEmw5Lt9tZZh33x2EjtrubvNXQ6o2Ok0bbirf38mNxlDpvYoIICIzAuBgkqhkiG9w0BCQ4xITAfMB0GA1UdDgQWBBSq+CkgQPuUKSTjGI+UdK61eLe3xzCCAUcGCSqGSIb3DQEJDDGCATgEggE0LxHEGHtvKSiDcFtzFUkCL4n71xN5ZfTPdAbFO34bUN1lRH9B8vVRIllPt7t78Us1jAQc0SbkZj/lmZdb/FlgjytUXwQCyU/4P+/XWsScrvD5iOkhipLZ9OBC6Z+Kxr8gHijlP8E/2VEDWp2TEI4y4PalusR0aiEkMK9G+aFPenTi6/7oUDZa5ePoBlSn4dtDiMkb9WT9fTv4W033G1PhszK8SEV7gM0ZlHyrt9vsThXW46jW1UhJfUZfQ4IzUAHZyfKlhux2mG3PIshCDI3fVIIu72b1YKV7ixkY39G8cq3B8pjCk7wLpVop7Bz8Ke9lf0qRL/cTsBcRYv5pH1B8L16tCHA/ZnYupxd++5vygxoK/F96rU5YuNpG2Xc4YhfW7/7u/CRECz1pIinU7Eanm0OPKUIwHgYKKwYBBAGDjBsCATEQEw51c2VyLWpvaW5pbmctMTA9BgkrBgECAQ8DAQExMBMuUW1aTFc2eTVtOGJyb1l1dEc0b2cyeW1YUlpVRGN4VmhkZ0hoaUtZS2hxdVVOcDBHBgNVHRExQBM+aWx5bTJleXB0eTVnbWFzcnB3djV0bjI1aWhsNnp3YnU3dDN5aXM3aTNhbzNwamRlbXR3NXAyYWQub25pb24wCgYIKoZIzj0EAwIDSAAwRQIhAJclKaxQLhPy8NHDIbipEmjrVtOqp7aXhzB9Wu8r3T/LAiB7+RGRT1sFjUy5Wk+IZTZ7I3xf1gi+PN9FCRngURsyyA=='
      ]
    }
    2024-03-22T21:01:29.859Z backend:StorageService Loading all certificates
[2m[22m
[2m      [2mat Socket.<anonymous> ([22m[2msrc/utils.ts[2m:159:15)[22m[2m[22m
  [2mconsole.log[22m
    [e2e_6q0pv39bdzw0]: 2024-03-22T21:01:29.863Z backend:CertificatesRequestsStore DuplicatedCertBug {
      validation: true,
      csr: 'MIIDIjCCAscCAQAwSTFHMEUGA1UEAxM+Mm90d2pyc3gzcGNmNmR2amhlb2w2djJ4Y3VpNm42cW40cmZraXBlMm9oM3Z5aWJpemlyNDZkaWQub25pb24wWTATBgcqhkjOPQIBBggqhkjOPQMBBwNCAASAyz/RAv61EQ7fSy3WbndIpaX9zi+r2BPNsF7eh2TyzlNUIqZ+ZGBrDPOP4ea+lYwAGYc0obSJgwiFRataRarIoIICGjAuBgkqhkiG9w0BCQ4xITAfMB0GA1UdDgQWBBRAQ+c+nMaAWHjxud5tJL3peqMp1zCCAUcGCSqGSIb3DQEJDDGCATgEggE0FVgLbFaN+gKO4Aqfjs/gNPtz+V9vgnwmOEuIipHYSyEyiZL7PmRutx07890ws44SwLYEKDBavLKfF1aSa1MOLps/bMWW2DDOngTVGyaWufh8OaBzxGIL3815BZLJF9VTgEuyJbOq3+XLZMj2fdEjXHTRvYURKZtc/O7FHYG5mOc7QTwkXd9jQ8tMYZ85wWJdR3ZLGWYfnrrplQTdkAq9H7DEH4OTypJSYjvhMBrDAZeFOe1nHVkJU14sO2x1rc9X1GQMYmLC4WxLcwdcyUh1aXOEev3VprQRQjaFznk0UHK33rn1q16YE5zc+3hhF03FOGSos8DMyQy3o10/p1fOI9oVSkFpKlx5OyZXz1uG6Utmt8htptEr4rE4jm9y6+r5DXm5nIjSZIbNgXh9boxyX7KvOkkwFQYKKwYBBAGDjBsCATEHEwVvd25lcjA9BgkrBgECAQ8DAQExMBMuUW1UcE5taXhzZlVTSEJtM3ZXdnZ1VGtndDJIZFhjMXNZaUJSdzRwTVJuODhHUjBHBgNVHRExQBM+Mm90d2pyc3gzcGNmNmR2amhlb2w2djJ4Y3VpNm42cW40cmZraXBlMm9oM3Z5aWJpemlyNDZkaWQub25pb24wCgYIKoZIzj0EAwIDSQAwRgIhAOK6Uac+lomfbGsOpT+M1/mZLNGmQ6uPXE4blwkpyla2AiEApkT1IJjfMgcYl613arLQ4nUrieyCoz8W8U+EWt1HhGM='
    }
[2m[22m
[2m      [2mat Socket.<anonymous> ([22m[2msrc/utils.ts[2m:159:15)[22m[2m[22m
  [2mconsole.log[22m
    [e2e_6q0pv39bdzw0]: 2024-03-22T21:01:29.863Z backend:CertificatesRequestsStore DuplicatedCertBug {
      validation: true,
      csr: 'MIIDKjCCAtACAQAwSTFHMEUGA1UEAxM+aWx5bTJleXB0eTVnbWFzcnB3djV0bjI1aWhsNnp3YnU3dDN5aXM3aTNhbzNwamRlbXR3NXAyYWQub25pb24wWTATBgcqhkjOPQIBBggqhkjOPQMBBwNCAASAc6Q7kSitT6fyLxEFZGkuuzNa9jtKyJR7X+dlJEEmw5Lt9tZZh33x2EjtrubvNXQ6o2Ok0bbirf38mNxlDpvYoIICIzAuBgkqhkiG9w0BCQ4xITAfMB0GA1UdDgQWBBSq+CkgQPuUKSTjGI+UdK61eLe3xzCCAUcGCSqGSIb3DQEJDDGCATgEggE0LxHEGHtvKSiDcFtzFUkCL4n71xN5ZfTPdAbFO34bUN1lRH9B8vVRIllPt7t78Us1jAQc0SbkZj/lmZdb/FlgjytUXwQCyU/4P+/XWsScrvD5iOkhipLZ9OBC6Z+Kxr8gHijlP8E/2VEDWp2TEI4y4PalusR0aiEkMK9G+aFPenTi6/7oUDZa5ePoBlSn4dtDiMkb9WT9fTv4W033G1PhszK8SEV7gM0ZlHyrt9vsThXW46jW1UhJfUZfQ4IzUAHZyfKlhux2mG3PIshCDI3fVIIu72b1YKV7ixkY39G8cq3B8pjCk7wLpVop7Bz8Ke9lf0qRL/cTsBcRYv5pH1B8L16tCHA/ZnYupxd++5vygxoK/F96rU5YuNpG2Xc4YhfW7/7u/CRECz1pIinU7Eanm0OPKUIwHgYKKwYBBAGDjBsCATEQEw51c2VyLWpvaW5pbmctMTA9BgkrBgECAQ8DAQExMBMuUW1aTFc2eTVtOGJyb1l1dEc0b2cyeW1YUlpVRGN4VmhkZ0hoaUtZS2hxdVVOcDBHBgNVHRExQBM+aWx5bTJleXB0eTVnbWFzcnB3djV0bjI1aWhsNnp3YnU3dDN5aXM3aTNhbzNwamRlbXR3NXAyYWQub25pb24wCgYIKoZIzj0EAwIDSAAwRQIhAJclKaxQLhPy8NHDIbipEmjrVtOqp7aXhzB9Wu8r3T/LAiB7+RGRT1sFjUy5Wk+IZTZ7I3xf1gi+PN9FCRngURsyyA=='
    }
[2m[22m
[2m      [2mat Socket.<anonymous> ([22m[2msrc/utils.ts[2m:159:15)[22m[2m[22m
  [2mconsole.log[22m
    [e2e_6q0pv39bdzw0]: 2024-03-22T21:01:29.868Z backend:CertificatesStore Loaded certificates to memory
[2m[22m
[2m      [2mat Socket.<anonymous> ([22m[2msrc/utils.ts[2m:159:15)[22m[2m[22m
  [2mconsole.log[22m
    [e2e_6q0pv39bdzw0]: 2024-03-22T21:01:29.868Z backend:CertificatesStore All certificates: 0
    2024-03-22T21:01:29.868Z backend:CertificatesStore Valid certificates: 0
    2024-03-22T21:01:29.869Z backend:RegistrationService Not issuing certificates due to missing perms data
    2024-03-22T21:01:29.869Z backend:RegistrationService Finished issuing certificates
    2024-03-22T21:01:29.869Z backend:LocalDbService Local peer /dns4/e576krgv3x7hxejwyfb4vfiyxwlmgf6u2q64anggbwsnnrpec3ubfoid.onion/tcp/80/ws/p2p/QmQGGsPk8v1sy3oAwA2ecgb6JWk1XVzB8U7vsFB1dDfW3b
[2m[22m
[2m      [2mat Socket.<anonymous> ([22m[2msrc/utils.ts[2m:159:15)[22m[2m[22m
  [2mconsole.log[22m
    [e2e_6q0pv39bdzw0]: 2024-03-22T21:01:29.874Z backend:SocketService On addCsr
[2m[22m
[2m      [2mat Socket.<anonymous> ([22m[2msrc/utils.ts[2m:159:15)[22m[2m[22m
  [2mconsole.log[22m
    [e2e_6q0pv39bdzw0]: 2024-03-22T21:01:29.874Z backend:ConnectionsManagerService socketService - addCsr
[2m[22m
[2m      [2mat Socket.<anonymous> ([22m[2msrc/utils.ts[2m:159:15)[22m[2m[22m
  [2mconsole.log[22m
    [e2e_6q0pv39bdzw0]: 2024-03-22T21:01:29.885Z backend:CertificatesRequestsStore Added CSR to database
[2m[22m
[2m      [2mat Socket.<anonymous> ([22m[2msrc/utils.ts[2m:159:15)[22m[2m[22m
  [2mconsole.log[22m
    [e2e_6q0pv39bdzw0]: 2024-03-22T21:01:29.889Z backend:CertificatesRequestsStore DuplicatedCertBug {
      allEntries: [
        'MIIDIjCCAscCAQAwSTFHMEUGA1UEAxM+Mm90d2pyc3gzcGNmNmR2amhlb2w2djJ4Y3VpNm42cW40cmZraXBlMm9oM3Z5aWJpemlyNDZkaWQub25pb24wWTATBgcqhkjOPQIBBggqhkjOPQMBBwNCAASAyz/RAv61EQ7fSy3WbndIpaX9zi+r2BPNsF7eh2TyzlNUIqZ+ZGBrDPOP4ea+lYwAGYc0obSJgwiFRataRarIoIICGjAuBgkqhkiG9w0BCQ4xITAfMB0GA1UdDgQWBBRAQ+c+nMaAWHjxud5tJL3peqMp1zCCAUcGCSqGSIb3DQEJDDGCATgEggE0FVgLbFaN+gKO4Aqfjs/gNPtz+V9vgnwmOEuIipHYSyEyiZL7PmRutx07890ws44SwLYEKDBavLKfF1aSa1MOLps/bMWW2DDOngTVGyaWufh8OaBzxGIL3815BZLJF9VTgEuyJbOq3+XLZMj2fdEjXHTRvYURKZtc/O7FHYG5mOc7QTwkXd9jQ8tMYZ85wWJdR3ZLGWYfnrrplQTdkAq9H7DEH4OTypJSYjvhMBrDAZeFOe1nHVkJU14sO2x1rc9X1GQMYmLC4WxLcwdcyUh1aXOEev3VprQRQjaFznk0UHK33rn1q16YE5zc+3hhF03FOGSos8DMyQy3o10/p1fOI9oVSkFpKlx5OyZXz1uG6Utmt8htptEr4rE4jm9y6+r5DXm5nIjSZIbNgXh9boxyX7KvOkkwFQYKKwYBBAGDjBsCATEHEwVvd25lcjA9BgkrBgECAQ8DAQExMBMuUW1UcE5taXhzZlVTSEJtM3ZXdnZ1VGtndDJIZFhjMXNZaUJSdzRwTVJuODhHUjBHBgNVHRExQBM+Mm90d2pyc3gzcGNmNmR2amhlb2w2djJ4Y3VpNm42cW40cmZraXBlMm9oM3Z5aWJpemlyNDZkaWQub25pb24wCgYIKoZIzj0EAwIDSQAwRgIhAOK6Uac+lomfbGsOpT+M1/mZLNGmQ6uPXE4blwkpyla2AiEApkT1IJjfMgcYl613arLQ4nUrieyCoz8W8U+EWt1HhGM=',
        'MIIDKjCCAtACAQAwSTFHMEUGA1UEAxM+aWx5bTJleXB0eTVnbWFzcnB3djV0bjI1aWhsNnp3YnU3dDN5aXM3aTNhbzNwamRlbXR3NXAyYWQub25pb24wWTATBgcqhkjOPQIBBggqhkjOPQMBBwNCAASAc6Q7kSitT6fyLxEFZGkuuzNa9jtKyJR7X+dlJEEmw5Lt9tZZh33x2EjtrubvNXQ6o2Ok0bbirf38mNxlDpvYoIICIzAuBgkqhkiG9w0BCQ4xITAfMB0GA1UdDgQWBBSq+CkgQPuUKSTjGI+UdK61eLe3xzCCAUcGCSqGSIb3DQEJDDGCATgEggE0LxHEGHtvKSiDcFtzFUkCL4n71xN5ZfTPdAbFO34bUN1lRH9B8vVRIllPt7t78Us1jAQc0SbkZj/lmZdb/FlgjytUXwQCyU/4P+/XWsScrvD5iOkhipLZ9OBC6Z+Kxr8gHijlP8E/2VEDWp2TEI4y4PalusR0aiEkMK9G+aFPenTi6/7oUDZa5ePoBlSn4dtDiMkb9WT9fTv4W033G1PhszK8SEV7gM0ZlHyrt9vsThXW46jW1UhJfUZfQ4IzUAHZyfKlhux2mG3PIshCDI3fVIIu72b1YKV7ixkY39G8cq3B8pjCk7wLpVop7Bz8Ke9lf0qRL/cTsBcRYv5pH1B8L16tCHA/ZnYupxd++5vygxoK/F96rU5YuNpG2Xc4YhfW7/7u/CRECz1pIinU7Eanm0OPKUIwHgYKKwYBBAGDjBsCATEQEw51c2VyLWpvaW5pbmctMTA9BgkrBgECAQ8DAQExMBMuUW1aTFc2eTVtOGJyb1l1dEc0b2cyeW1YUlpVRGN4VmhkZ0hoaUtZS2hxdVVOcDBHBgNVHRExQBM+aWx5bTJleXB0eTVnbWFzcnB3djV0bjI1aWhsNnp3YnU3dDN5aXM3aTNhbzNwamRlbXR3NXAyYWQub25pb24wCgYIKoZIzj0EAwIDSAAwRQIhAJclKaxQLhPy8NHDIbipEmjrVtOqp7aXhzB9Wu8r3T/LAiB7+RGRT1sFjUy5Wk+IZTZ7I3xf1gi+PN9FCRngURsyyA==',
        'MIIDKjCCAtACAQAwSTFHMEUGA1UEAxM+ZTU3NmtyZ3YzeDdoeGVqd3lmYjR2Zml5eHdsbWdmNnUycTY0YW5nZ2J3c25ucnBlYzN1YmZvaWQub25pb24wWTATBgcqhkjOPQIBBggqhkjOPQMBBwNCAATnIhoeFv4HceoeOzC6x/n9E2zNgU18QQpohtiQIYs9qZtdpgQjOOHh98Nb0c6ix4Tf+Y5yBphKqhBZHTx/c60+oIICIzAuBgkqhkiG9w0BCQ4xITAfMB0GA1UdDgQWBBRPXKXKd+B8grn50ArRUFGbIm6h4jCCAUcGCSqGSIb3DQEJDDGCATgEggE0D9hxS1q2dIOXzWjJAaB3Q4YeSP8hPt9hx8BAEIeRiNOl0vbCcXBFibDmk2Bpu+vGd0ABl6SCCSew/ClC8nuU3o+ae6cefNC19thDGRv3RdxkvOMmZndXCuML5gwmCXGIvwG/lc0W8Vv03FCDC2vbWSGo+njmtEaEQTsZwrCl/TRQeWHGiB2sCXkH/DXueXByPKBgRMDqGcpmV2IhOsTuHF/7Cx5KT70CBIYw/JzJ2QjptZXlUtTiQ/cm/bpk+iHUmrn5JT70rQ0JNypYWl6BVEXHpyEEKwEb+HfyuJfinyk8j/WS+1zRTOFmx3XudtVlg/HrqHtO846ab44fMYmIeuLz2yd5h6MBi2urphuABlFaUqd2LbUYK0G4xL2WG+Ai5fE9Sbh8ZmGws5HCWHpvGhOmTkkwHgYKKwYBBAGDjBsCATEQEw51c2VyLWpvaW5pbmctMTA9BgkrBgECAQ8DAQExMBMuUW1RR0dzUGs4djFzeTNvQXdBMmVjZ2I2SldrMVhWekI4VTd2c0ZCMWREZlczYjBHBgNVHRExQBM+ZTU3NmtyZ3YzeDdoeGVqd3lmYjR2Zml5eHdsbWdmNnUycTY0YW5nZ2J3c25ucnBlYzN1YmZvaWQub25pb24wCgYIKoZIzj0EAwIDSAAwRQIgag3Elvsz6Cfm3OGkt5j5BjTvItNqKyKd4FRzlDovpyYCIQCLRWqVmjQrYkMO4om3ktje5V8LLKfuCUzcT/eO+7T+ew=='
      ]
    }
[2m[22m
[2m      [2mat Socket.<anonymous> ([22m[2msrc/utils.ts[2m:159:15)[22m[2m[22m
  [2mconsole.log[22m
    [e2e_6q0pv39bdzw0]: 2024-03-22T21:01:29.889Z backend:CertificatesRequestsStore DuplicatedCertBug {
      allCsrsUnique: [
        'MIIDIjCCAscCAQAwSTFHMEUGA1UEAxM+Mm90d2pyc3gzcGNmNmR2amhlb2w2djJ4Y3VpNm42cW40cmZraXBlMm9oM3Z5aWJpemlyNDZkaWQub25pb24wWTATBgcqhkjOPQIBBggqhkjOPQMBBwNCAASAyz/RAv61EQ7fSy3WbndIpaX9zi+r2BPNsF7eh2TyzlNUIqZ+ZGBrDPOP4ea+lYwAGYc0obSJgwiFRataRarIoIICGjAuBgkqhkiG9w0BCQ4xITAfMB0GA1UdDgQWBBRAQ+c+nMaAWHjxud5tJL3peqMp1zCCAUcGCSqGSIb3DQEJDDGCATgEggE0FVgLbFaN+gKO4Aqfjs/gNPtz+V9vgnwmOEuIipHYSyEyiZL7PmRutx07890ws44SwLYEKDBavLKfF1aSa1MOLps/bMWW2DDOngTVGyaWufh8OaBzxGIL3815BZLJF9VTgEuyJbOq3+XLZMj2fdEjXHTRvYURKZtc/O7FHYG5mOc7QTwkXd9jQ8tMYZ85wWJdR3ZLGWYfnrrplQTdkAq9H7DEH4OTypJSYjvhMBrDAZeFOe1nHVkJU14sO2x1rc9X1GQMYmLC4WxLcwdcyUh1aXOEev3VprQRQjaFznk0UHK33rn1q16YE5zc+3hhF03FOGSos8DMyQy3o10/p1fOI9oVSkFpKlx5OyZXz1uG6Utmt8htptEr4rE4jm9y6+r5DXm5nIjSZIbNgXh9boxyX7KvOkkwFQYKKwYBBAGDjBsCATEHEwVvd25lcjA9BgkrBgECAQ8DAQExMBMuUW1UcE5taXhzZlVTSEJtM3ZXdnZ1VGtndDJIZFhjMXNZaUJSdzRwTVJuODhHUjBHBgNVHRExQBM+Mm90d2pyc3gzcGNmNmR2amhlb2w2djJ4Y3VpNm42cW40cmZraXBlMm9oM3Z5aWJpemlyNDZkaWQub25pb24wCgYIKoZIzj0EAwIDSQAwRgIhAOK6Uac+lomfbGsOpT+M1/mZLNGmQ6uPXE4blwkpyla2AiEApkT1IJjfMgcYl613arLQ4nUrieyCoz8W8U+EWt1HhGM=',
        'MIIDKjCCAtACAQAwSTFHMEUGA1UEAxM+aWx5bTJleXB0eTVnbWFzcnB3djV0bjI1aWhsNnp3YnU3dDN5aXM3aTNhbzNwamRlbXR3NXAyYWQub25pb24wWTATBgcqhkjOPQIBBggqhkjOPQMBBwNCAASAc6Q7kSitT6fyLxEFZGkuuzNa9jtKyJR7X+dlJEEmw5Lt9tZZh33x2EjtrubvNXQ6o2Ok0bbirf38mNxlDpvYoIICIzAuBgkqhkiG9w0BCQ4xITAfMB0GA1UdDgQWBBSq+CkgQPuUKSTjGI+UdK61eLe3xzCCAUcGCSqGSIb3DQEJDDGCATgEggE0LxHEGHtvKSiDcFtzFUkCL4n71xN5ZfTPdAbFO34bUN1lRH9B8vVRIllPt7t78Us1jAQc0SbkZj/lmZdb/FlgjytUXwQCyU/4P+/XWsScrvD5iOkhipLZ9OBC6Z+Kxr8gHijlP8E/2VEDWp2TEI4y4PalusR0aiEkMK9G+aFPenTi6/7oUDZa5ePoBlSn4dtDiMkb9WT9fTv4W033G1PhszK8SEV7gM0ZlHyrt9vsThXW46jW1UhJfUZfQ4IzUAHZyfKlhux2mG3PIshCDI3fVIIu72b1YKV7ixkY39G8cq3B8pjCk7wLpVop7Bz8Ke9lf0qRL/cTsBcRYv5pH1B8L16tCHA/ZnYupxd++5vygxoK/F96rU5YuNpG2Xc4YhfW7/7u/CRECz1pIinU7Eanm0OPKUIwHgYKKwYBBAGDjBsCATEQEw51c2VyLWpvaW5pbmctMTA9BgkrBgECAQ8DAQExMBMuUW1aTFc2eTVtOGJyb1l1dEc0b2cyeW1YUlpVRGN4VmhkZ0hoaUtZS2hxdVVOcDBHBgNVHRExQBM+aWx5bTJleXB0eTVnbWFzcnB3djV0bjI1aWhsNnp3YnU3dDN5aXM3aTNhbzNwamRlbXR3NXAyYWQub25pb24wCgYIKoZIzj0EAwIDSAAwRQIhAJclKaxQLhPy8NHDIbipEmjrVtOqp7aXhzB9Wu8r3T/LAiB7+RGRT1sFjUy5Wk+IZTZ7I3xf1gi+PN9FCRngURsyyA==',
        'MIIDKjCCAtACAQAwSTFHMEUGA1UEAxM+ZTU3NmtyZ3YzeDdoeGVqd3lmYjR2Zml5eHdsbWdmNnUycTY0YW5nZ2J3c25ucnBlYzN1YmZvaWQub25pb24wWTATBgcqhkjOPQIBBggqhkjOPQMBBwNCAATnIhoeFv4HceoeOzC6x/n9E2zNgU18QQpohtiQIYs9qZtdpgQjOOHh98Nb0c6ix4Tf+Y5yBphKqhBZHTx/c60+oIICIzAuBgkqhkiG9w0BCQ4xITAfMB0GA1UdDgQWBBRPXKXKd+B8grn50ArRUFGbIm6h4jCCAUcGCSqGSIb3DQEJDDGCATgEggE0D9hxS1q2dIOXzWjJAaB3Q4YeSP8hPt9hx8BAEIeRiNOl0vbCcXBFibDmk2Bpu+vGd0ABl6SCCSew/ClC8nuU3o+ae6cefNC19thDGRv3RdxkvOMmZndXCuML5gwmCXGIvwG/lc0W8Vv03FCDC2vbWSGo+njmtEaEQTsZwrCl/TRQeWHGiB2sCXkH/DXueXByPKBgRMDqGcpmV2IhOsTuHF/7Cx5KT70CBIYw/JzJ2QjptZXlUtTiQ/cm/bpk+iHUmrn5JT70rQ0JNypYWl6BVEXHpyEEKwEb+HfyuJfinyk8j/WS+1zRTOFmx3XudtVlg/HrqHtO846ab44fMYmIeuLz2yd5h6MBi2urphuABlFaUqd2LbUYK0G4xL2WG+Ai5fE9Sbh8ZmGws5HCWHpvGhOmTkkwHgYKKwYBBAGDjBsCATEQEw51c2VyLWpvaW5pbmctMTA9BgkrBgECAQ8DAQExMBMuUW1RR0dzUGs4djFzeTNvQXdBMmVjZ2I2SldrMVhWekI4VTd2c0ZCMWREZlczYjBHBgNVHRExQBM+ZTU3NmtyZ3YzeDdoeGVqd3lmYjR2Zml5eHdsbWdmNnUycTY0YW5nZ2J3c25ucnBlYzN1YmZvaWQub25pb24wCgYIKoZIzj0EAwIDSAAwRQIgag3Elvsz6Cfm3OGkt5j5BjTvItNqKyKd4FRzlDovpyYCIQCLRWqVmjQrYkMO4om3ktje5V8LLKfuCUzcT/eO+7T+ew=='
      ]
    }
[2m[22m
[2m      [2mat Socket.<anonymous> ([22m[2msrc/utils.ts[2m:159:15)[22m[2m[22m
  [2mconsole.log[22m
    [e2e_6q0pv39bdzw0]: 2024-03-22T21:01:29.893Z backend:CertificatesRequestsStore DuplicatedCertBug [...filteredCsrsMap.values()] [
      'MIIDIjCCAscCAQAwSTFHMEUGA1UEAxM+Mm90d2pyc3gzcGNmNmR2amhlb2w2djJ4Y3VpNm42cW40cmZraXBlMm9oM3Z5aWJpemlyNDZkaWQub25pb24wWTATBgcqhkjOPQIBBggqhkjOPQMBBwNCAASAyz/RAv61EQ7fSy3WbndIpaX9zi+r2BPNsF7eh2TyzlNUIqZ+ZGBrDPOP4ea+lYwAGYc0obSJgwiFRataRarIoIICGjAuBgkqhkiG9w0BCQ4xITAfMB0GA1UdDgQWBBRAQ+c+nMaAWHjxud5tJL3peqMp1zCCAUcGCSqGSIb3DQEJDDGCATgEggE0FVgLbFaN+gKO4Aqfjs/gNPtz+V9vgnwmOEuIipHYSyEyiZL7PmRutx07890ws44SwLYEKDBavLKfF1aSa1MOLps/bMWW2DDOngTVGyaWufh8OaBzxGIL3815BZLJF9VTgEuyJbOq3+XLZMj2fdEjXHTRvYURKZtc/O7FHYG5mOc7QTwkXd9jQ8tMYZ85wWJdR3ZLGWYfnrrplQTdkAq9H7DEH4OTypJSYjvhMBrDAZeFOe1nHVkJU14sO2x1rc9X1GQMYmLC4WxLcwdcyUh1aXOEev3VprQRQjaFznk0UHK33rn1q16YE5zc+3hhF03FOGSos8DMyQy3o10/p1fOI9oVSkFpKlx5OyZXz1uG6Utmt8htptEr4rE4jm9y6+r5DXm5nIjSZIbNgXh9boxyX7KvOkkwFQYKKwYBBAGDjBsCATEHEwVvd25lcjA9BgkrBgECAQ8DAQExMBMuUW1UcE5taXhzZlVTSEJtM3ZXdnZ1VGtndDJIZFhjMXNZaUJSdzRwTVJuODhHUjBHBgNVHRExQBM+Mm90d2pyc3gzcGNmNmR2amhlb2w2djJ4Y3VpNm42cW40cmZraXBlMm9oM3Z5aWJpemlyNDZkaWQub25pb24wCgYIKoZIzj0EAwIDSQAwRgIhAOK6Uac+lomfbGsOpT+M1/mZLNGmQ6uPXE4blwkpyla2AiEApkT1IJjfMgcYl613arLQ4nUrieyCoz8W8U+EWt1HhGM=',
      'MIIDKjCCAtACAQAwSTFHMEUGA1UEAxM+aWx5bTJleXB0eTVnbWFzcnB3djV0bjI1aWhsNnp3YnU3dDN5aXM3aTNhbzNwamRlbXR3NXAyYWQub25pb24wWTATBgcqhkjOPQIBBggqhkjOPQMBBwNCAASAc6Q7kSitT6fyLxEFZGkuuzNa9jtKyJR7X+dlJEEmw5Lt9tZZh33x2EjtrubvNXQ6o2Ok0bbirf38mNxlDpvYoIICIzAuBgkqhkiG9w0BCQ4xITAfMB0GA1UdDgQWBBSq+CkgQPuUKSTjGI+UdK61eLe3xzCCAUcGCSqGSIb3DQEJDDGCATgEggE0LxHEGHtvKSiDcFtzFUkCL4n71xN5ZfTPdAbFO34bUN1lRH9B8vVRIllPt7t78Us1jAQc0SbkZj/lmZdb/FlgjytUXwQCyU/4P+/XWsScrvD5iOkhipLZ9OBC6Z+Kxr8gHijlP8E/2VEDWp2TEI4y4PalusR0aiEkMK9G+aFPenTi6/7oUDZa5ePoBlSn4dtDiMkb9WT9fTv4W033G1PhszK8SEV7gM0ZlHyrt9vsThXW46jW1UhJfUZfQ4IzUAHZyfKlhux2mG3PIshCDI3fVIIu72b1YKV7ixkY39G8cq3B8pjCk7wLpVop7Bz8Ke9lf0qRL/cTsBcRYv5pH1B8L16tCHA/ZnYupxd++5vygxoK/F96rU5YuNpG2Xc4YhfW7/7u/CRECz1pIinU7Eanm0OPKUIwHgYKKwYBBAGDjBsCATEQEw51c2VyLWpvaW5pbmctMTA9BgkrBgECAQ8DAQExMBMuUW1aTFc2eTVtOGJyb1l1dEc0b2cyeW1YUlpVRGN4VmhkZ0hoaUtZS2hxdVVOcDBHBgNVHRExQBM+aWx5bTJleXB0eTVnbWFzcnB3djV0bjI1aWhsNnp3YnU3dDN5aXM3aTNhbzNwamRlbXR3NXAyYWQub25pb24wCgYIKoZIzj0EAwIDSAAwRQIhAJclKaxQLhPy8NHDIbipEmjrVtOqp7aXhzB9Wu8r3T/LAiB7+RGRT1sFjUy5Wk+IZTZ7I3xf1gi+PN9FCRngURsyyA==',
      'MIIDKjCCAtACAQAwSTFHMEUGA1UEAxM+ZTU3NmtyZ3YzeDdoeGVqd3lmYjR2Zml5eHdsbWdmNnUycTY0YW5nZ2J3c25ucnBlYzN1YmZvaWQub25pb24wWTATBgcqhkjOPQIBBggqhkjOPQMBBwNCAATnIhoeFv4HceoeOzC6x/n9E2zNgU18QQpohtiQIYs9qZtdpgQjOOHh98Nb0c6ix4Tf+Y5yBphKqhBZHTx/c60+oIICIzAuBgkqhkiG9w0BCQ4xITAfMB0GA1UdDgQWBBRPXKXKd+B8grn50ArRUFGbIm6h4jCCAUcGCSqGSIb3DQEJDDGCATgEggE0D9hxS1q2dIOXzWjJAaB3Q4YeSP8hPt9hx8BAEIeRiNOl0vbCcXBFibDmk2Bpu+vGd0ABl6SCCSew/ClC8nuU3o+ae6cefNC19thDGRv3RdxkvOMmZndXCuML5gwmCXGIvwG/lc0W8Vv03FCDC2vbWSGo+njmtEaEQTsZwrCl/TRQeWHGiB2sCXkH/DXueXByPKBgRMDqGcpmV2IhOsTuHF/7Cx5KT70CBIYw/JzJ2QjptZXlUtTiQ/cm/bpk+iHUmrn5JT70rQ0JNypYWl6BVEXHpyEEKwEb+HfyuJfinyk8j/WS+1zRTOFmx3XudtVlg/HrqHtO846ab44fMYmIeuLz2yd5h6MBi2urphuABlFaUqd2LbUYK0G4xL2WG+Ai5fE9Sbh8ZmGws5HCWHpvGhOmTkkwHgYKKwYBBAGDjBsCATEQEw51c2VyLWpvaW5pbmctMTA9BgkrBgECAQ8DAQExMBMuUW1RR0dzUGs4djFzeTNvQXdBMmVjZ2I2SldrMVhWekI4VTd2c0ZCMWREZlczYjBHBgNVHRExQBM+ZTU3NmtyZ3YzeDdoeGVqd3lmYjR2Zml5eHdsbWdmNnUycTY0YW5nZ2J3c25ucnBlYzN1YmZvaWQub25pb24wCgYIKoZIzj0EAwIDSAAwRQIgag3Elvsz6Cfm3OGkt5j5BjTvItNqKyKd4FRzlDovpyYCIQCLRWqVmjQrYkMO4om3ktje5V8LLKfuCUzcT/eO+7T+ew=='
    ]
[2m[22m
[2m      [2mat Socket.<anonymous> ([22m[2msrc/utils.ts[2m:159:15)[22m[2m[22m
  [2mconsole.log[22m
    [e2e_6q0pv39bdzw0]: 2024-03-22T21:01:29.893Z backend:ConnectionsManagerService Storage - csrsStored
[2m[22m
[2m      [2mat Socket.<anonymous> ([22m[2msrc/utils.ts[2m:159:15)[22m[2m[22m
  [2mconsole.log[22m
    [e2e_6q0pv39bdzw0]: 2024-03-22T21:01:29.894Z backend:StorageService csrs count: 3
[2m[22m
[2m      [2mat Socket.<anonymous> ([22m[2msrc/utils.ts[2m:159:15)[22m[2m[22m
  [2mconsole.log[22m
    stdout:
    updatePeersList, peers count: 3
[2m[22m
[2m      [2mat Socket.<anonymous> ([22m[2msrc/utils.ts[2m:149:15)[22m[2m[22m
  [2mconsole.log[22m
    [e2e_6q0pv39bdzw0]: 2024-03-22T21:01:29.896Z backend:Libp2pService Dialing 1 addresses
    2024-03-22T21:01:29.896Z backend:ProcessInChunksService Updating data with 1 items
    2024-03-22T21:01:29.896Z backend:ProcessInChunksService Processing 1 items
[2m[22m
[2m      [2mat Socket.<anonymous> ([22m[2msrc/utils.ts[2m:159:15)[22m[2m[22m
  [2mconsole.log[22m
    [e2e_6q0pv39bdzw0]: 2024-03-22T21:01:29.896Z backend:RegistrationService Trying to issue certificates false [
      {
        csrs: [
          'MIIDIjCCAscCAQAwSTFHMEUGA1UEAxM+Mm90d2pyc3gzcGNmNmR2amhlb2w2djJ4Y3VpNm42cW40cmZraXBlMm9oM3Z5aWJpemlyNDZkaWQub25pb24wWTATBgcqhkjOPQIBBggqhkjOPQMBBwNCAASAyz/RAv61EQ7fSy3WbndIpaX9zi+r2BPNsF7eh2TyzlNUIqZ+ZGBrDPOP4ea+lYwAGYc0obSJgwiFRataRarIoIICGjAuBgkqhkiG9w0BCQ4xITAfMB0GA1UdDgQWBBRAQ+c+nMaAWHjxud5tJL3peqMp1zCCAUcGCSqGSIb3DQEJDDGCATgEggE0FVgLbFaN+gKO4Aqfjs/gNPtz+V9vgnwmOEuIipHYSyEyiZL7PmRutx07890ws44SwLYEKDBavLKfF1aSa1MOLps/bMWW2DDOngTVGyaWufh8OaBzxGIL3815BZLJF9VTgEuyJbOq3+XLZMj2fdEjXHTRvYURKZtc/O7FHYG5mOc7QTwkXd9jQ8tMYZ85wWJdR3ZLGWYfnrrplQTdkAq9H7DEH4OTypJSYjvhMBrDAZeFOe1nHVkJU14sO2x1rc9X1GQMYmLC4WxLcwdcyUh1aXOEev3VprQRQjaFznk0UHK33rn1q16YE5zc+3hhF03FOGSos8DMyQy3o10/p1fOI9oVSkFpKlx5OyZXz1uG6Utmt8htptEr4rE4jm9y6+r5DXm5nIjSZIbNgXh9boxyX7KvOkkwFQYKKwYBBAGDjBsCATEHEwVvd25lcjA9BgkrBgECAQ8DAQExMBMuUW1UcE5taXhzZlVTSEJtM3ZXdnZ1VGtndDJIZFhjMXNZaUJSdzRwTVJuODhHUjBHBgNVHRExQBM+Mm90d2pyc3gzcGNmNmR2amhlb2w2djJ4Y3VpNm42cW40cmZraXBlMm9oM3Z5aWJpemlyNDZkaWQub25pb24wCgYIKoZIzj0EAwIDSQAwRgIhAOK6Uac+lomfbGsOpT+M1/mZLNGmQ6uPXE4blwkpyla2AiEApkT1IJjfMgcYl613arLQ4nUrieyCoz8W8U+EWt1HhGM=',
          'MIIDKjCCAtACAQAwSTFHMEUGA1UEAxM+aWx5bTJleXB0eTVnbWFzcnB3djV0bjI1aWhsNnp3YnU3dDN5aXM3aTNhbzNwamRlbXR3NXAyYWQub25pb24wWTATBgcqhkjOPQIBBggqhkjOPQMBBwNCAASAc6Q7kSitT6fyLxEFZGkuuzNa9jtKyJR7X+dlJEEmw5Lt9tZZh33x2EjtrubvNXQ6o2Ok0bbirf38mNxlDpvYoIICIzAuBgkqhkiG9w0BCQ4xITAfMB0GA1UdDgQWBBSq+CkgQPuUKSTjGI+UdK61eLe3xzCCAUcGCSqGSIb3DQEJDDGCATgEggE0LxHEGHtvKSiDcFtzFUkCL4n71xN5ZfTPdAbFO34bUN1lRH9B8vVRIllPt7t78Us1jAQc0SbkZj/lmZdb/FlgjytUXwQCyU/4P+/XWsScrvD5iOkhipLZ9OBC6Z+Kxr8gHijlP8E/2VEDWp2TEI4y4PalusR0aiEkMK9G+aFPenTi6/7oUDZa5ePoBlSn4dtDiMkb9WT9fTv4W033G1PhszK8SEV7gM0ZlHyrt9vsThXW46jW1UhJfUZfQ4IzUAHZyfKlhux2mG3PIshCDI3fVIIu72b1YKV7ixkY39G8cq3B8pjCk7wLpVop7Bz8Ke9lf0qRL/cTsBcRYv5pH1B8L16tCHA/ZnYupxd++5vygxoK/F96rU5YuNpG2Xc4YhfW7/7u/CRECz1pIinU7Eanm0OPKUIwHgYKKwYBBAGDjBsCATEQEw51c2VyLWpvaW5pbmctMTA9BgkrBgECAQ8DAQExMBMuUW1aTFc2eTVtOGJyb1l1dEc0b2cyeW1YUlpVRGN4VmhkZ0hoaUtZS2hxdVVOcDBHBgNVHRExQBM+aWx5bTJleXB0eTVnbWFzcnB3djV0bjI1aWhsNnp3YnU3dDN5aXM3aTNhbzNwamRlbXR3NXAyYWQub25pb24wCgYIKoZIzj0EAwIDSAAwRQIhAJclKaxQLhPy8NHDIbipEmjrVtOqp7aXhzB9Wu8r3T/LAiB7+RGRT1sFjUy5Wk+IZTZ7I3xf1gi+PN9FCRngURsyyA==',
          'MIIDKjCCAtACAQAwSTFHMEUGA1UEAxM+ZTU3NmtyZ3YzeDdoeGVqd3lmYjR2Zml5eHdsbWdmNnUycTY0YW5nZ2J3c25ucnBlYzN1YmZvaWQub25pb24wWTATBgcqhkjOPQIBBggqhkjOPQMBBwNCAATnIhoeFv4HceoeOzC6x/n9E2zNgU18QQpohtiQIYs9qZtdpgQjOOHh98Nb0c6ix4Tf+Y5yBphKqhBZHTx/c60+oIICIzAuBgkqhkiG9w0BCQ4xITAfMB0GA1UdDgQWBBRPXKXKd+B8grn50ArRUFGbIm6h4jCCAUcGCSqGSIb3DQEJDDGCATgEggE0D9hxS1q2dIOXzWjJAaB3Q4YeSP8hPt9hx8BAEIeRiNOl0vbCcXBFibDmk2Bpu+vGd0ABl6SCCSew/ClC8nuU3o+ae6cefNC19thDGRv3RdxkvOMmZndXCuML5gwmCXGIvwG/lc0W8Vv03FCDC2vbWSGo+njmtEaEQTsZwrCl/TRQeWHGiB2sCXkH/DXueXByPKBgRMDqGcpmV2IhOsTuHF/7Cx5KT70CBIYw/JzJ2QjptZXlUtTiQ/cm/bpk+iHUmrn5JT70rQ0JNypYWl6BVEXHpyEEKwEb+HfyuJfinyk8j/WS+1zRTOFmx3XudtVlg/HrqHtO846ab44fMYmIeuLz2yd5h6MBi2urphuABlFaUqd2LbUYK0G4xL2WG+Ai5fE9Sbh8ZmGws5HCWHpvGhOmTkkwHgYKKwYBBAGDjBsCATEQEw51c2VyLWpvaW5pbmctMTA9BgkrBgECAQ8DAQExMBMuUW1RR0dzUGs4djFzeTNvQXdBMmVjZ2I2SldrMVhWekI4VTd2c0ZCMWREZlczYjBHBgNVHRExQBM+ZTU3NmtyZ3YzeDdoeGVqd3lmYjR2Zml5eHdsbWdmNnUycTY0YW5nZ2J3c25ucnBlYzN1YmZvaWQub25pb24wCgYIKoZIzj0EAwIDSAAwRQIgag3Elvsz6Cfm3OGkt5j5BjTvItNqKyKd4FRzlDovpyYCIQCLRWqVmjQrYkMO4om3ktje5V8LLKfuCUzcT/eO+7T+ew=='
        ]
      }
    ]
[2m[22m
[2m      [2mat Socket.<anonymous> ([22m[2msrc/utils.ts[2m:159:15)[22m[2m[22m
  [2mconsole.log[22m
    [e2e_6q0pv39bdzw0]: 2024-03-22T21:01:29.897Z backend:RegistrationService Issuing certificates {
      csrs: [
        'MIIDIjCCAscCAQAwSTFHMEUGA1UEAxM+Mm90d2pyc3gzcGNmNmR2amhlb2w2djJ4Y3VpNm42cW40cmZraXBlMm9oM3Z5aWJpemlyNDZkaWQub25pb24wWTATBgcqhkjOPQIBBggqhkjOPQMBBwNCAASAyz/RAv61EQ7fSy3WbndIpaX9zi+r2BPNsF7eh2TyzlNUIqZ+ZGBrDPOP4ea+lYwAGYc0obSJgwiFRataRarIoIICGjAuBgkqhkiG9w0BCQ4xITAfMB0GA1UdDgQWBBRAQ+c+nMaAWHjxud5tJL3peqMp1zCCAUcGCSqGSIb3DQEJDDGCATgEggE0FVgLbFaN+gKO4Aqfjs/gNPtz+V9vgnwmOEuIipHYSyEyiZL7PmRutx07890ws44SwLYEKDBavLKfF1aSa1MOLps/bMWW2DDOngTVGyaWufh8OaBzxGIL3815BZLJF9VTgEuyJbOq3+XLZMj2fdEjXHTRvYURKZtc/O7FHYG5mOc7QTwkXd9jQ8tMYZ85wWJdR3ZLGWYfnrrplQTdkAq9H7DEH4OTypJSYjvhMBrDAZeFOe1nHVkJU14sO2x1rc9X1GQMYmLC4WxLcwdcyUh1aXOEev3VprQRQjaFznk0UHK33rn1q16YE5zc+3hhF03FOGSos8DMyQy3o10/p1fOI9oVSkFpKlx5OyZXz1uG6Utmt8htptEr4rE4jm9y6+r5DXm5nIjSZIbNgXh9boxyX7KvOkkwFQYKKwYBBAGDjBsCATEHEwVvd25lcjA9BgkrBgECAQ8DAQExMBMuUW1UcE5taXhzZlVTSEJtM3ZXdnZ1VGtndDJIZFhjMXNZaUJSdzRwTVJuODhHUjBHBgNVHRExQBM+Mm90d2pyc3gzcGNmNmR2amhlb2w2djJ4Y3VpNm42cW40cmZraXBlMm9oM3Z5aWJpemlyNDZkaWQub25pb24wCgYIKoZIzj0EAwIDSQAwRgIhAOK6Uac+lomfbGsOpT+M1/mZLNGmQ6uPXE4blwkpyla2AiEApkT1IJjfMgcYl613arLQ4nUrieyCoz8W8U+EWt1HhGM=',
        'MIIDKjCCAtACAQAwSTFHMEUGA1UEAxM+aWx5bTJleXB0eTVnbWFzcnB3djV0bjI1aWhsNnp3YnU3dDN5aXM3aTNhbzNwamRlbXR3NXAyYWQub25pb24wWTATBgcqhkjOPQIBBggqhkjOPQMBBwNCAASAc6Q7kSitT6fyLxEFZGkuuzNa9jtKyJR7X+dlJEEmw5Lt9tZZh33x2EjtrubvNXQ6o2Ok0bbirf38mNxlDpvYoIICIzAuBgkqhkiG9w0BCQ4xITAfMB0GA1UdDgQWBBSq+CkgQPuUKSTjGI+UdK61eLe3xzCCAUcGCSqGSIb3DQEJDDGCATgEggE0LxHEGHtvKSiDcFtzFUkCL4n71xN5ZfTPdAbFO34bUN1lRH9B8vVRIllPt7t78Us1jAQc0SbkZj/lmZdb/FlgjytUXwQCyU/4P+/XWsScrvD5iOkhipLZ9OBC6Z+Kxr8gHijlP8E/2VEDWp2TEI4y4PalusR0aiEkMK9G+aFPenTi6/7oUDZa5ePoBlSn4dtDiMkb9WT9fTv4W033G1PhszK8SEV7gM0ZlHyrt9vsThXW46jW1UhJfUZfQ4IzUAHZyfKlhux2mG3PIshCDI3fVIIu72b1YKV7ixkY39G8cq3B8pjCk7wLpVop7Bz8Ke9lf0qRL/cTsBcRYv5pH1B8L16tCHA/ZnYupxd++5vygxoK/F96rU5YuNpG2Xc4YhfW7/7u/CRECz1pIinU7Eanm0OPKUIwHgYKKwYBBAGDjBsCATEQEw51c2VyLWpvaW5pbmctMTA9BgkrBgECAQ8DAQExMBMuUW1aTFc2eTVtOGJyb1l1dEc0b2cyeW1YUlpVRGN4VmhkZ0hoaUtZS2hxdVVOcDBHBgNVHRExQBM+aWx5bTJleXB0eTVnbWFzcnB3djV0bjI1aWhsNnp3YnU3dDN5aXM3aTNhbzNwamRlbXR3NXAyYWQub25pb24wCgYIKoZIzj0EAwIDSAAwRQIhAJclKaxQLhPy8NHDIbipEmjrVtOqp7aXhzB9Wu8r3T/LAiB7+RGRT1sFjUy5Wk+IZTZ7I3xf1gi+PN9FCRngURsyyA==',
        'MIIDKjCCAtACAQAwSTFHMEUGA1UEAxM+ZTU3NmtyZ3YzeDdoeGVqd3lmYjR2Zml5eHdsbWdmNnUycTY0YW5nZ2J3c25ucnBlYzN1YmZvaWQub25pb24wWTATBgcqhkjOPQIBBggqhkjOPQMBBwNCAATnIhoeFv4HceoeOzC6x/n9E2zNgU18QQpohtiQIYs9qZtdpgQjOOHh98Nb0c6ix4Tf+Y5yBphKqhBZHTx/c60+oIICIzAuBgkqhkiG9w0BCQ4xITAfMB0GA1UdDgQWBBRPXKXKd+B8grn50ArRUFGbIm6h4jCCAUcGCSqGSIb3DQEJDDGCATgEggE0D9hxS1q2dIOXzWjJAaB3Q4YeSP8hPt9hx8BAEIeRiNOl0vbCcXBFibDmk2Bpu+vGd0ABl6SCCSew/ClC8nuU3o+ae6cefNC19thDGRv3RdxkvOMmZndXCuML5gwmCXGIvwG/lc0W8Vv03FCDC2vbWSGo+njmtEaEQTsZwrCl/TRQeWHGiB2sCXkH/DXueXByPKBgRMDqGcpmV2IhOsTuHF/7Cx5KT70CBIYw/JzJ2QjptZXlUtTiQ/cm/bpk+iHUmrn5JT70rQ0JNypYWl6BVEXHpyEEKwEb+HfyuJfinyk8j/WS+1zRTOFmx3XudtVlg/HrqHtO846ab44fMYmIeuLz2yd5h6MBi2urphuABlFaUqd2LbUYK0G4xL2WG+Ai5fE9Sbh8ZmGws5HCWHpvGhOmTkkwHgYKKwYBBAGDjBsCATEQEw51c2VyLWpvaW5pbmctMTA9BgkrBgECAQ8DAQExMBMuUW1RR0dzUGs4djFzeTNvQXdBMmVjZ2I2SldrMVhWekI4VTd2c0ZCMWREZlczYjBHBgNVHRExQBM+ZTU3NmtyZ3YzeDdoeGVqd3lmYjR2Zml5eHdsbWdmNnUycTY0YW5nZ2J3c25ucnBlYzN1YmZvaWQub25pb24wCgYIKoZIzj0EAwIDSAAwRQIgag3Elvsz6Cfm3OGkt5j5BjTvItNqKyKd4FRzlDovpyYCIQCLRWqVmjQrYkMO4om3ktje5V8LLKfuCUzcT/eO+7T+ew=='
      ]
    }
    2024-03-22T21:01:29.897Z backend:StorageService Loading all certificates
[2m[22m
[2m      [2mat Socket.<anonymous> ([22m[2msrc/utils.ts[2m:159:15)[22m[2m[22m
  [2mconsole.log[22m
    [e2e_6q0pv39bdzw0]: 2024-03-22T21:01:29.897Z backend:ProcessInChunksService Processing /dns4/e576krgv3x7hxejwyfb4vfiyxwlmgf6u2q64anggbwsnnrpec3ubfoid.onion/tcp/80/ws/p2p/QmQGGsPk8v1sy3oAwA2ecgb6JWk1XVzB8U7vsFB1dDfW3b failed, message: Tried to dial self
[2m[22m
[2m      [2mat Socket.<anonymous> ([22m[2msrc/utils.ts[2m:159:15)[22m[2m[22m
  [2mconsole.log[22m
    [e2e_6q0pv39bdzw0]: 2024-03-22T21:01:29.899Z backend:CertificatesRequestsStore DuplicatedCertBug {
      validation: true,
      csr: 'MIIDIjCCAscCAQAwSTFHMEUGA1UEAxM+Mm90d2pyc3gzcGNmNmR2amhlb2w2djJ4Y3VpNm42cW40cmZraXBlMm9oM3Z5aWJpemlyNDZkaWQub25pb24wWTATBgcqhkjOPQIBBggqhkjOPQMBBwNCAASAyz/RAv61EQ7fSy3WbndIpaX9zi+r2BPNsF7eh2TyzlNUIqZ+ZGBrDPOP4ea+lYwAGYc0obSJgwiFRataRarIoIICGjAuBgkqhkiG9w0BCQ4xITAfMB0GA1UdDgQWBBRAQ+c+nMaAWHjxud5tJL3peqMp1zCCAUcGCSqGSIb3DQEJDDGCATgEggE0FVgLbFaN+gKO4Aqfjs/gNPtz+V9vgnwmOEuIipHYSyEyiZL7PmRutx07890ws44SwLYEKDBavLKfF1aSa1MOLps/bMWW2DDOngTVGyaWufh8OaBzxGIL3815BZLJF9VTgEuyJbOq3+XLZMj2fdEjXHTRvYURKZtc/O7FHYG5mOc7QTwkXd9jQ8tMYZ85wWJdR3ZLGWYfnrrplQTdkAq9H7DEH4OTypJSYjvhMBrDAZeFOe1nHVkJU14sO2x1rc9X1GQMYmLC4WxLcwdcyUh1aXOEev3VprQRQjaFznk0UHK33rn1q16YE5zc+3hhF03FOGSos8DMyQy3o10/p1fOI9oVSkFpKlx5OyZXz1uG6Utmt8htptEr4rE4jm9y6+r5DXm5nIjSZIbNgXh9boxyX7KvOkkwFQYKKwYBBAGDjBsCATEHEwVvd25lcjA9BgkrBgECAQ8DAQExMBMuUW1UcE5taXhzZlVTSEJtM3ZXdnZ1VGtndDJIZFhjMXNZaUJSdzRwTVJuODhHUjBHBgNVHRExQBM+Mm90d2pyc3gzcGNmNmR2amhlb2w2djJ4Y3VpNm42cW40cmZraXBlMm9oM3Z5aWJpemlyNDZkaWQub25pb24wCgYIKoZIzj0EAwIDSQAwRgIhAOK6Uac+lomfbGsOpT+M1/mZLNGmQ6uPXE4blwkpyla2AiEApkT1IJjfMgcYl613arLQ4nUrieyCoz8W8U+EWt1HhGM='
    }
[2m[22m
[2m      [2mat Socket.<anonymous> ([22m[2msrc/utils.ts[2m:159:15)[22m[2m[22m
  [2mconsole.log[22m
    [e2e_6q0pv39bdzw0]: 2024-03-22T21:01:29.899Z backend:CertificatesRequestsStore DuplicatedCertBug {
      validation: true,
      csr: 'MIIDKjCCAtACAQAwSTFHMEUGA1UEAxM+aWx5bTJleXB0eTVnbWFzcnB3djV0bjI1aWhsNnp3YnU3dDN5aXM3aTNhbzNwamRlbXR3NXAyYWQub25pb24wWTATBgcqhkjOPQIBBggqhkjOPQMBBwNCAASAc6Q7kSitT6fyLxEFZGkuuzNa9jtKyJR7X+dlJEEmw5Lt9tZZh33x2EjtrubvNXQ6o2Ok0bbirf38mNxlDpvYoIICIzAuBgkqhkiG9w0BCQ4xITAfMB0GA1UdDgQWBBSq+CkgQPuUKSTjGI+UdK61eLe3xzCCAUcGCSqGSIb3DQEJDDGCATgEggE0LxHEGHtvKSiDcFtzFUkCL4n71xN5ZfTPdAbFO34bUN1lRH9B8vVRIllPt7t78Us1jAQc0SbkZj/lmZdb/FlgjytUXwQCyU/4P+/XWsScrvD5iOkhipLZ9OBC6Z+Kxr8gHijlP8E/2VEDWp2TEI4y4PalusR0aiEkMK9G+aFPenTi6/7oUDZa5ePoBlSn4dtDiMkb9WT9fTv4W033G1PhszK8SEV7gM0ZlHyrt9vsThXW46jW1UhJfUZfQ4IzUAHZyfKlhux2mG3PIshCDI3fVIIu72b1YKV7ixkY39G8cq3B8pjCk7wLpVop7Bz8Ke9lf0qRL/cTsBcRYv5pH1B8L16tCHA/ZnYupxd++5vygxoK/F96rU5YuNpG2Xc4YhfW7/7u/CRECz1pIinU7Eanm0OPKUIwHgYKKwYBBAGDjBsCATEQEw51c2VyLWpvaW5pbmctMTA9BgkrBgECAQ8DAQExMBMuUW1aTFc2eTVtOGJyb1l1dEc0b2cyeW1YUlpVRGN4VmhkZ0hoaUtZS2hxdVVOcDBHBgNVHRExQBM+aWx5bTJleXB0eTVnbWFzcnB3djV0bjI1aWhsNnp3YnU3dDN5aXM3aTNhbzNwamRlbXR3NXAyYWQub25pb24wCgYIKoZIzj0EAwIDSAAwRQIhAJclKaxQLhPy8NHDIbipEmjrVtOqp7aXhzB9Wu8r3T/LAiB7+RGRT1sFjUy5Wk+IZTZ7I3xf1gi+PN9FCRngURsyyA=='
    }
    2024-03-22T21:01:29.899Z backend:CertificatesRequestsStore DuplicatedCertBug {
      validation: true,
      csr: 'MIIDKjCCAtACAQAwSTFHMEUGA1UEAxM+ZTU3NmtyZ3YzeDdoeGVqd3lmYjR2Zml5eHdsbWdmNnUycTY0YW5nZ2J3c25ucnBlYzN1YmZvaWQub25pb24wWTATBgcqhkjOPQIBBggqhkjOPQMBBwNCAATnIhoeFv4HceoeOzC6x/n9E2zNgU18QQpohtiQIYs9qZtdpgQjOOHh98Nb0c6ix4Tf+Y5yBphKqhBZHTx/c60+oIICIzAuBgkqhkiG9w0BCQ4xITAfMB0GA1UdDgQWBBRPXKXKd+B8grn50ArRUFGbIm6h4jCCAUcGCSqGSIb3DQEJDDGCATgEggE0D9hxS1q2dIOXzWjJAaB3Q4YeSP8hPt9hx8BAEIeRiNOl0vbCcXBFibDmk2Bpu+vGd0ABl6SCCSew/ClC8nuU3o+ae6cefNC19thDGRv3RdxkvOMmZndXCuML5gwmCXGIvwG/lc0W8Vv03FCDC2vbWSGo+njmtEaEQTsZwrCl/TRQeWHGiB2sCXkH/DXueXByPKBgRMDqGcpmV2IhOsTuHF/7Cx5KT70CBIYw/JzJ2QjptZXlUtTiQ/cm/bpk+iHUmrn5JT70rQ0JNypYWl6BVEXHpyEEKwEb+HfyuJfinyk8j/WS+1zRTOFmx3XudtVlg/HrqHtO846ab44fMYmIeuLz2yd5h6MBi2urphuABlFaUqd2LbUYK0G4xL2WG+Ai5fE9Sbh8ZmGws5HCWHpvGhOmTkkwHgYKKwYBBAGDjBsCATEQEw51c2VyLWpvaW5pbmctMTA9BgkrBgECAQ8DAQExMBMuUW1RR0dzUGs4djFzeTNvQXdBMmVjZ2I2SldrMVhWekI4VTd2c0ZCMWREZlczYjBHBgNVHRExQBM+ZTU3NmtyZ3YzeDdoeGVqd3lmYjR2Zml5eHdsbWdmNnUycTY0YW5nZ2J3c25ucnBlYzN1YmZvaWQub25pb24wCgYIKoZIzj0EAwIDSAAwRQIgag3Elvsz6Cfm3OGkt5j5BjTvItNqKyKd4FRzlDovpyYCIQCLRWqVmjQrYkMO4om3ktje5V8LLKfuCUzcT/eO+7T+ew=='
    }
[2m[22m
[2m      [2mat Socket.<anonymous> ([22m[2msrc/utils.ts[2m:159:15)[22m[2m[22m
  [2mconsole.log[22m
    [e2e_6q0pv39bdzw0]: 2024-03-22T21:01:29.900Z backend:CertificatesStore Loaded certificates to memory
[2m[22m
[2m      [2mat Socket.<anonymous> ([22m[2msrc/utils.ts[2m:159:15)[22m[2m[22m
  [2mconsole.log[22m
    [e2e_6q0pv39bdzw0]: 2024-03-22T21:01:29.900Z backend:CertificatesStore All certificates: 0
    2024-03-22T21:01:29.900Z backend:CertificatesStore Valid certificates: 0
    2024-03-22T21:01:29.900Z backend:RegistrationService Not issuing certificates due to missing perms data
    2024-03-22T21:01:29.900Z backend:RegistrationService Finished issuing certificates
    2024-03-22T21:01:29.900Z backend:LocalDbService Local peer /dns4/e576krgv3x7hxejwyfb4vfiyxwlmgf6u2q64anggbwsnnrpec3ubfoid.onion/tcp/80/ws/p2p/QmQGGsPk8v1sy3oAwA2ecgb6JWk1XVzB8U7vsFB1dDfW3b
[2m[22m
[2m      [2mat Socket.<anonymous> ([22m[2msrc/utils.ts[2m:159:15)[22m[2m[22m
  [2mconsole.log[22m
    [e2e_6q0pv39bdzw0]: 2024-03-22T21:01:29.984Z backend:CommunityMetadataStore Replicated community metadata
[2m[22m
[2m      [2mat Socket.<anonymous> ([22m[2msrc/utils.ts[2m:159:15)[22m[2m[22m
  [2mconsole.log[22m
    [e2e_6q0pv39bdzw0]: 2024-03-22T21:01:29.993Z backend:ConnectionsManagerService Storage - communityMetadataStored: [object Object]
[2m[22m
[2m      [2mat Socket.<anonymous> ([22m[2msrc/utils.ts[2m:159:15)[22m[2m[22m
  [2mconsole.log[22m
    [e2e_6q0pv39bdzw0]: 2024-03-22T21:01:29.993Z backend:CertificatesStore Loaded certificates to memory
    2024-03-22T21:01:29.993Z backend:CertificatesStore All certificates: 0
    2024-03-22T21:01:29.993Z backend:CertificatesStore Valid certificates: 0
    2024-03-22T21:01:29.993Z backend:ConnectionsManagerService Storage - certificatesStored
    2024-03-22T21:01:29.993Z backend:StorageService csrs count: 3
[2m[22m
[2m      [2mat Socket.<anonymous> ([22m[2msrc/utils.ts[2m:159:15)[22m[2m[22m
  [2mconsole.log[22m
    stdout:
    updatePeersList, peers count: 3
[2m[22m
[2m      [2mat Socket.<anonymous> ([22m[2msrc/utils.ts[2m:149:15)[22m[2m[22m
  [2mconsole.log[22m
    [e2e_6q0pv39bdzw0]: 2024-03-22T21:01:29.996Z backend:LocalDbService Local peer /dns4/e576krgv3x7hxejwyfb4vfiyxwlmgf6u2q64anggbwsnnrpec3ubfoid.onion/tcp/80/ws/p2p/QmQGGsPk8v1sy3oAwA2ecgb6JWk1XVzB8U7vsFB1dDfW3b
[2m[22m
[2m      [2mat Socket.<anonymous> ([22m[2msrc/utils.ts[2m:159:15)[22m[2m[22m
  [2mconsole.log[22m
    [e2e_4cc1hr73df40]: 2024-03-22T21:01:30.363Z backend:CertificatesRequestsStore Replicated CSRs
[2m[22m
[2m      [2mat Socket.<anonymous> ([22m[2msrc/utils.ts[2m:159:15)[22m[2m[22m
  [2mconsole.log[22m
    [e2e_4cc1hr73df40]: 2024-03-22T21:01:30.364Z backend:CertificatesRequestsStore DuplicatedCertBug {
      allEntries: [
        'MIIDIjCCAscCAQAwSTFHMEUGA1UEAxM+Mm90d2pyc3gzcGNmNmR2amhlb2w2djJ4Y3VpNm42cW40cmZraXBlMm9oM3Z5aWJpemlyNDZkaWQub25pb24wWTATBgcqhkjOPQIBBggqhkjOPQMBBwNCAASAyz/RAv61EQ7fSy3WbndIpaX9zi+r2BPNsF7eh2TyzlNUIqZ+ZGBrDPOP4ea+lYwAGYc0obSJgwiFRataRarIoIICGjAuBgkqhkiG9w0BCQ4xITAfMB0GA1UdDgQWBBRAQ+c+nMaAWHjxud5tJL3peqMp1zCCAUcGCSqGSIb3DQEJDDGCATgEggE0FVgLbFaN+gKO4Aqfjs/gNPtz+V9vgnwmOEuIipHYSyEyiZL7PmRutx07890ws44SwLYEKDBavLKfF1aSa1MOLps/bMWW2DDOngTVGyaWufh8OaBzxGIL3815BZLJF9VTgEuyJbOq3+XLZMj2fdEjXHTRvYURKZtc/O7FHYG5mOc7QTwkXd9jQ8tMYZ85wWJdR3ZLGWYfnrrplQTdkAq9H7DEH4OTypJSYjvhMBrDAZeFOe1nHVkJU14sO2x1rc9X1GQMYmLC4WxLcwdcyUh1aXOEev3VprQRQjaFznk0UHK33rn1q16YE5zc+3hhF03FOGSos8DMyQy3o10/p1fOI9oVSkFpKlx5OyZXz1uG6Utmt8htptEr4rE4jm9y6+r5DXm5nIjSZIbNgXh9boxyX7KvOkkwFQYKKwYBBAGDjBsCATEHEwVvd25lcjA9BgkrBgECAQ8DAQExMBMuUW1UcE5taXhzZlVTSEJtM3ZXdnZ1VGtndDJIZFhjMXNZaUJSdzRwTVJuODhHUjBHBgNVHRExQBM+Mm90d2pyc3gzcGNmNmR2amhlb2w2djJ4Y3VpNm42cW40cmZraXBlMm9oM3Z5aWJpemlyNDZkaWQub25pb24wCgYIKoZIzj0EAwIDSQAwRgIhAOK6Uac+lomfbGsOpT+M1/mZLNGmQ6uPXE4blwkpyla2AiEApkT1IJjfMgcYl613arLQ4nUrieyCoz8W8U+EWt1HhGM=',
        'MIIDKjCCAtACAQAwSTFHMEUGA1UEAxM+aWx5bTJleXB0eTVnbWFzcnB3djV0bjI1aWhsNnp3YnU3dDN5aXM3aTNhbzNwamRlbXR3NXAyYWQub25pb24wWTATBgcqhkjOPQIBBggqhkjOPQMBBwNCAASAc6Q7kSitT6fyLxEFZGkuuzNa9jtKyJR7X+dlJEEmw5Lt9tZZh33x2EjtrubvNXQ6o2Ok0bbirf38mNxlDpvYoIICIzAuBgkqhkiG9w0BCQ4xITAfMB0GA1UdDgQWBBSq+CkgQPuUKSTjGI+UdK61eLe3xzCCAUcGCSqGSIb3DQEJDDGCATgEggE0LxHEGHtvKSiDcFtzFUkCL4n71xN5ZfTPdAbFO34bUN1lRH9B8vVRIllPt7t78Us1jAQc0SbkZj/lmZdb/FlgjytUXwQCyU/4P+/XWsScrvD5iOkhipLZ9OBC6Z+Kxr8gHijlP8E/2VEDWp2TEI4y4PalusR0aiEkMK9G+aFPenTi6/7oUDZa5ePoBlSn4dtDiMkb9WT9fTv4W033G1PhszK8SEV7gM0ZlHyrt9vsThXW46jW1UhJfUZfQ4IzUAHZyfKlhux2mG3PIshCDI3fVIIu72b1YKV7ixkY39G8cq3B8pjCk7wLpVop7Bz8Ke9lf0qRL/cTsBcRYv5pH1B8L16tCHA/ZnYupxd++5vygxoK/F96rU5YuNpG2Xc4YhfW7/7u/CRECz1pIinU7Eanm0OPKUIwHgYKKwYBBAGDjBsCATEQEw51c2VyLWpvaW5pbmctMTA9BgkrBgECAQ8DAQExMBMuUW1aTFc2eTVtOGJyb1l1dEc0b2cyeW1YUlpVRGN4VmhkZ0hoaUtZS2hxdVVOcDBHBgNVHRExQBM+aWx5bTJleXB0eTVnbWFzcnB3djV0bjI1aWhsNnp3YnU3dDN5aXM3aTNhbzNwamRlbXR3NXAyYWQub25pb24wCgYIKoZIzj0EAwIDSAAwRQIhAJclKaxQLhPy8NHDIbipEmjrVtOqp7aXhzB9Wu8r3T/LAiB7+RGRT1sFjUy5Wk+IZTZ7I3xf1gi+PN9FCRngURsyyA==',
        'MIIDKjCCAtACAQAwSTFHMEUGA1UEAxM+ZTU3NmtyZ3YzeDdoeGVqd3lmYjR2Zml5eHdsbWdmNnUycTY0YW5nZ2J3c25ucnBlYzN1YmZvaWQub25pb24wWTATBgcqhkjOPQIBBggqhkjOPQMBBwNCAATnIhoeFv4HceoeOzC6x/n9E2zNgU18QQpohtiQIYs9qZtdpgQjOOHh98Nb0c6ix4Tf+Y5yBphKqhBZHTx/c60+oIICIzAuBgkqhkiG9w0BCQ4xITAfMB0GA1UdDgQWBBRPXKXKd+B8grn50ArRUFGbIm6h4jCCAUcGCSqGSIb3DQEJDDGCATgEggE0D9hxS1q2dIOXzWjJAaB3Q4YeSP8hPt9hx8BAEIeRiNOl0vbCcXBFibDmk2Bpu+vGd0ABl6SCCSew/ClC8nuU3o+ae6cefNC19thDGRv3RdxkvOMmZndXCuML5gwmCXGIvwG/lc0W8Vv03FCDC2vbWSGo+njmtEaEQTsZwrCl/TRQeWHGiB2sCXkH/DXueXByPKBgRMDqGcpmV2IhOsTuHF/7Cx5KT70CBIYw/JzJ2QjptZXlUtTiQ/cm/bpk+iHUmrn5JT70rQ0JNypYWl6BVEXHpyEEKwEb+HfyuJfinyk8j/WS+1zRTOFmx3XudtVlg/HrqHtO846ab44fMYmIeuLz2yd5h6MBi2urphuABlFaUqd2LbUYK0G4xL2WG+Ai5fE9Sbh8ZmGws5HCWHpvGhOmTkkwHgYKKwYBBAGDjBsCATEQEw51c2VyLWpvaW5pbmctMTA9BgkrBgECAQ8DAQExMBMuUW1RR0dzUGs4djFzeTNvQXdBMmVjZ2I2SldrMVhWekI4VTd2c0ZCMWREZlczYjBHBgNVHRExQBM+ZTU3NmtyZ3YzeDdoeGVqd3lmYjR2Zml5eHdsbWdmNnUycTY0YW5nZ2J3c25ucnBlYzN1YmZvaWQub25pb24wCgYIKoZIzj0EAwIDSAAwRQIgag3Elvsz6Cfm3OGkt5j5BjTvItNqKyKd4FRzlDovpyYCIQCLRWqVmjQrYkMO4om3ktje5V8LLKfuCUzcT/eO+7T+ew=='
      ]
    }
    2024-03-22T21:01:30.364Z backend:CertificatesRequestsStore DuplicatedCertBug {
      allCsrsUnique: [
        'MIIDIjCCAscCAQAwSTFHMEUGA1UEAxM+Mm90d2pyc3gzcGNmNmR2amhlb2w2djJ4Y3VpNm42cW40cmZraXBlMm9oM3Z5aWJpemlyNDZkaWQub25pb24wWTATBgcqhkjOPQIBBggqhkjOPQMBBwNCAASAyz/RAv61EQ7fSy3WbndIpaX9zi+r2BPNsF7eh2TyzlNUIqZ+ZGBrDPOP4ea+lYwAGYc0obSJgwiFRataRarIoIICGjAuBgkqhkiG9w0BCQ4xITAfMB0GA1UdDgQWBBRAQ+c+nMaAWHjxud5tJL3peqMp1zCCAUcGCSqGSIb3DQEJDDGCATgEggE0FVgLbFaN+gKO4Aqfjs/gNPtz+V9vgnwmOEuIipHYSyEyiZL7PmRutx07890ws44SwLYEKDBavLKfF1aSa1MOLps/bMWW2DDOngTVGyaWufh8OaBzxGIL3815BZLJF9VTgEuyJbOq3+XLZMj2fdEjXHTRvYURKZtc/O7FHYG5mOc7QTwkXd9jQ8tMYZ85wWJdR3ZLGWYfnrrplQTdkAq9H7DEH4OTypJSYjvhMBrDAZeFOe1nHVkJU14sO2x1rc9X1GQMYmLC4WxLcwdcyUh1aXOEev3VprQRQjaFznk0UHK33rn1q16YE5zc+3hhF03FOGSos8DMyQy3o10/p1fOI9oVSkFpKlx5OyZXz1uG6Utmt8htptEr4rE4jm9y6+r5DXm5nIjSZIbNgXh9boxyX7KvOkkwFQYKKwYBBAGDjBsCATEHEwVvd25lcjA9BgkrBgECAQ8DAQExMBMuUW1UcE5taXhzZlVTSEJtM3ZXdnZ1VGtndDJIZFhjMXNZaUJSdzRwTVJuODhHUjBHBgNVHRExQBM+Mm90d2pyc3gzcGNmNmR2amhlb2w2djJ4Y3VpNm42cW40cmZraXBlMm9oM3Z5aWJpemlyNDZkaWQub25pb24wCgYIKoZIzj0EAwIDSQAwRgIhAOK6Uac+lomfbGsOpT+M1/mZLNGmQ6uPXE4blwkpyla2AiEApkT1IJjfMgcYl613arLQ4nUrieyCoz8W8U+EWt1HhGM=',
        'MIIDKjCCAtACAQAwSTFHMEUGA1UEAxM+aWx5bTJleXB0eTVnbWFzcnB3djV0bjI1aWhsNnp3YnU3dDN5aXM3aTNhbzNwamRlbXR3NXAyYWQub25pb24wWTATBgcqhkjOPQIBBggqhkjOPQMBBwNCAASAc6Q7kSitT6fyLxEFZGkuuzNa9jtKyJR7X+dlJEEmw5Lt9tZZh33x2EjtrubvNXQ6o2Ok0bbirf38mNxlDpvYoIICIzAuBgkqhkiG9w0BCQ4xITAfMB0GA1UdDgQWBBSq+CkgQPuUKSTjGI+UdK61eLe3xzCCAUcGCSqGSIb3DQEJDDGCATgEggE0LxHEGHtvKSiDcFtzFUkCL4n71xN5ZfTPdAbFO34bUN1lRH9B8vVRIllPt7t78Us1jAQc0SbkZj/lmZdb/FlgjytUXwQCyU/4P+/XWsScrvD5iOkhipLZ9OBC6Z+Kxr8gHijlP8E/2VEDWp2TEI4y4PalusR0aiEkMK9G+aFPenTi6/7oUDZa5ePoBlSn4dtDiMkb9WT9fTv4W033G1PhszK8SEV7gM0ZlHyrt9vsThXW46jW1UhJfUZfQ4IzUAHZyfKlhux2mG3PIshCDI3fVIIu72b1YKV7ixkY39G8cq3B8pjCk7wLpVop7Bz8Ke9lf0qRL/cTsBcRYv5pH1B8L16tCHA/ZnYupxd++5vygxoK/F96rU5YuNpG2Xc4YhfW7/7u/CRECz1pIinU7Eanm0OPKUIwHgYKKwYBBAGDjBsCATEQEw51c2VyLWpvaW5pbmctMTA9BgkrBgECAQ8DAQExMBMuUW1aTFc2eTVtOGJyb1l1dEc0b2cyeW1YUlpVRGN4VmhkZ0hoaUtZS2hxdVVOcDBHBgNVHRExQBM+aWx5bTJleXB0eTVnbWFzcnB3djV0bjI1aWhsNnp3YnU3dDN5aXM3aTNhbzNwamRlbXR3NXAyYWQub25pb24wCgYIKoZIzj0EAwIDSAAwRQIhAJclKaxQLhPy8NHDIbipEmjrVtOqp7aXhzB9Wu8r3T/LAiB7+RGRT1sFjUy5Wk+IZTZ7I3xf1gi+PN9FCRngURsyyA==',
        'MIIDKjCCAtACAQAwSTFHMEUGA1UEAxM+ZTU3NmtyZ3YzeDdoeGVqd3lmYjR2Zml5eHdsbWdmNnUycTY0YW5nZ2J3c25ucnBlYzN1YmZvaWQub25pb24wWTATBgcqhkjOPQIBBggqhkjOPQMBBwNCAATnIhoeFv4HceoeOzC6x/n9E2zNgU18QQpohtiQIYs9qZtdpgQjOOHh98Nb0c6ix4Tf+Y5yBphKqhBZHTx/c60+oIICIzAuBgkqhkiG9w0BCQ4xITAfMB0GA1UdDgQWBBRPXKXKd+B8grn50ArRUFGbIm6h4jCCAUcGCSqGSIb3DQEJDDGCATgEggE0D9hxS1q2dIOXzWjJAaB3Q4YeSP8hPt9hx8BAEIeRiNOl0vbCcXBFibDmk2Bpu+vGd0ABl6SCCSew/ClC8nuU3o+ae6cefNC19thDGRv3RdxkvOMmZndXCuML5gwmCXGIvwG/lc0W8Vv03FCDC2vbWSGo+njmtEaEQTsZwrCl/TRQeWHGiB2sCXkH/DXueXByPKBgRMDqGcpmV2IhOsTuHF/7Cx5KT70CBIYw/JzJ2QjptZXlUtTiQ/cm/bpk+iHUmrn5JT70rQ0JNypYWl6BVEXHpyEEKwEb+HfyuJfinyk8j/WS+1zRTOFmx3XudtVlg/HrqHtO846ab44fMYmIeuLz2yd5h6MBi2urphuABlFaUqd2LbUYK0G4xL2WG+Ai5fE9Sbh8ZmGws5HCWHpvGhOmTkkwHgYKKwYBBAGDjBsCATEQEw51c2VyLWpvaW5pbmctMTA9BgkrBgECAQ8DAQExMBMuUW1RR0dzUGs4djFzeTNvQXdBMmVjZ2I2SldrMVhWekI4VTd2c0ZCMWREZlczYjBHBgNVHRExQBM+ZTU3NmtyZ3YzeDdoeGVqd3lmYjR2Zml5eHdsbWdmNnUycTY0YW5nZ2J3c25ucnBlYzN1YmZvaWQub25pb24wCgYIKoZIzj0EAwIDSAAwRQIgag3Elvsz6Cfm3OGkt5j5BjTvItNqKyKd4FRzlDovpyYCIQCLRWqVmjQrYkMO4om3ktje5V8LLKfuCUzcT/eO+7T+ew=='
      ]
    }
[2m[22m
[2m      [2mat Socket.<anonymous> ([22m[2msrc/utils.ts[2m:159:15)[22m[2m[22m
  [2mconsole.log[22m
    [e2e_4cc1hr73df40]: 2024-03-22T21:01:30.369Z backend:CertificatesRequestsStore DuplicatedCertBug [...filteredCsrsMap.values()] [
      'MIIDIjCCAscCAQAwSTFHMEUGA1UEAxM+Mm90d2pyc3gzcGNmNmR2amhlb2w2djJ4Y3VpNm42cW40cmZraXBlMm9oM3Z5aWJpemlyNDZkaWQub25pb24wWTATBgcqhkjOPQIBBggqhkjOPQMBBwNCAASAyz/RAv61EQ7fSy3WbndIpaX9zi+r2BPNsF7eh2TyzlNUIqZ+ZGBrDPOP4ea+lYwAGYc0obSJgwiFRataRarIoIICGjAuBgkqhkiG9w0BCQ4xITAfMB0GA1UdDgQWBBRAQ+c+nMaAWHjxud5tJL3peqMp1zCCAUcGCSqGSIb3DQEJDDGCATgEggE0FVgLbFaN+gKO4Aqfjs/gNPtz+V9vgnwmOEuIipHYSyEyiZL7PmRutx07890ws44SwLYEKDBavLKfF1aSa1MOLps/bMWW2DDOngTVGyaWufh8OaBzxGIL3815BZLJF9VTgEuyJbOq3+XLZMj2fdEjXHTRvYURKZtc/O7FHYG5mOc7QTwkXd9jQ8tMYZ85wWJdR3ZLGWYfnrrplQTdkAq9H7DEH4OTypJSYjvhMBrDAZeFOe1nHVkJU14sO2x1rc9X1GQMYmLC4WxLcwdcyUh1aXOEev3VprQRQjaFznk0UHK33rn1q16YE5zc+3hhF03FOGSos8DMyQy3o10/p1fOI9oVSkFpKlx5OyZXz1uG6Utmt8htptEr4rE4jm9y6+r5DXm5nIjSZIbNgXh9boxyX7KvOkkwFQYKKwYBBAGDjBsCATEHEwVvd25lcjA9BgkrBgECAQ8DAQExMBMuUW1UcE5taXhzZlVTSEJtM3ZXdnZ1VGtndDJIZFhjMXNZaUJSdzRwTVJuODhHUjBHBgNVHRExQBM+Mm90d2pyc3gzcGNmNmR2amhlb2w2djJ4Y3VpNm42cW40cmZraXBlMm9oM3Z5aWJpemlyNDZkaWQub25pb24wCgYIKoZIzj0EAwIDSQAwRgIhAOK6Uac+lomfbGsOpT+M1/mZLNGmQ6uPXE4blwkpyla2AiEApkT1IJjfMgcYl613arLQ4nUrieyCoz8W8U+EWt1HhGM=',
      'MIIDKjCCAtACAQAwSTFHMEUGA1UEAxM+aWx5bTJleXB0eTVnbWFzcnB3djV0bjI1aWhsNnp3YnU3dDN5aXM3aTNhbzNwamRlbXR3NXAyYWQub25pb24wWTATBgcqhkjOPQIBBggqhkjOPQMBBwNCAASAc6Q7kSitT6fyLxEFZGkuuzNa9jtKyJR7X+dlJEEmw5Lt9tZZh33x2EjtrubvNXQ6o2Ok0bbirf38mNxlDpvYoIICIzAuBgkqhkiG9w0BCQ4xITAfMB0GA1UdDgQWBBSq+CkgQPuUKSTjGI+UdK61eLe3xzCCAUcGCSqGSIb3DQEJDDGCATgEggE0LxHEGHtvKSiDcFtzFUkCL4n71xN5ZfTPdAbFO34bUN1lRH9B8vVRIllPt7t78Us1jAQc0SbkZj/lmZdb/FlgjytUXwQCyU/4P+/XWsScrvD5iOkhipLZ9OBC6Z+Kxr8gHijlP8E/2VEDWp2TEI4y4PalusR0aiEkMK9G+aFPenTi6/7oUDZa5ePoBlSn4dtDiMkb9WT9fTv4W033G1PhszK8SEV7gM0ZlHyrt9vsThXW46jW1UhJfUZfQ4IzUAHZyfKlhux2mG3PIshCDI3fVIIu72b1YKV7ixkY39G8cq3B8pjCk7wLpVop7Bz8Ke9lf0qRL/cTsBcRYv5pH1B8L16tCHA/ZnYupxd++5vygxoK/F96rU5YuNpG2Xc4YhfW7/7u/CRECz1pIinU7Eanm0OPKUIwHgYKKwYBBAGDjBsCATEQEw51c2VyLWpvaW5pbmctMTA9BgkrBgECAQ8DAQExMBMuUW1aTFc2eTVtOGJyb1l1dEc0b2cyeW1YUlpVRGN4VmhkZ0hoaUtZS2hxdVVOcDBHBgNVHRExQBM+aWx5bTJleXB0eTVnbWFzcnB3djV0bjI1aWhsNnp3YnU3dDN5aXM3aTNhbzNwamRlbXR3NXAyYWQub25pb24wCgYIKoZIzj0EAwIDSAAwRQIhAJclKaxQLhPy8NHDIbipEmjrVtOqp7aXhzB9Wu8r3T/LAiB7+RGRT1sFjUy5Wk+IZTZ7I3xf1gi+PN9FCRngURsyyA==',
      'MIIDKjCCAtACAQAwSTFHMEUGA1UEAxM+ZTU3NmtyZ3YzeDdoeGVqd3lmYjR2Zml5eHdsbWdmNnUycTY0YW5nZ2J3c25ucnBlYzN1YmZvaWQub25pb24wWTATBgcqhkjOPQIBBggqhkjOPQMBBwNCAATnIhoeFv4HceoeOzC6x/n9E2zNgU18QQpohtiQIYs9qZtdpgQjOOHh98Nb0c6ix4Tf+Y5yBphKqhBZHTx/c60+oIICIzAuBgkqhkiG9w0BCQ4xITAfMB0GA1UdDgQWBBRPXKXKd+B8grn50ArRUFGbIm6h4jCCAUcGCSqGSIb3DQEJDDGCATgEggE0D9hxS1q2dIOXzWjJAaB3Q4YeSP8hPt9hx8BAEIeRiNOl0vbCcXBFibDmk2Bpu+vGd0ABl6SCCSew/ClC8nuU3o+ae6cefNC19thDGRv3RdxkvOMmZndXCuML5gwmCXGIvwG/lc0W8Vv03FCDC2vbWSGo+njmtEaEQTsZwrCl/TRQeWHGiB2sCXkH/DXueXByPKBgRMDqGcpmV2IhOsTuHF/7Cx5KT70CBIYw/JzJ2QjptZXlUtTiQ/cm/bpk+iHUmrn5JT70rQ0JNypYWl6BVEXHpyEEKwEb+HfyuJfinyk8j/WS+1zRTOFmx3XudtVlg/HrqHtO846ab44fMYmIeuLz2yd5h6MBi2urphuABlFaUqd2LbUYK0G4xL2WG+Ai5fE9Sbh8ZmGws5HCWHpvGhOmTkkwHgYKKwYBBAGDjBsCATEQEw51c2VyLWpvaW5pbmctMTA9BgkrBgECAQ8DAQExMBMuUW1RR0dzUGs4djFzeTNvQXdBMmVjZ2I2SldrMVhWekI4VTd2c0ZCMWREZlczYjBHBgNVHRExQBM+ZTU3NmtyZ3YzeDdoeGVqd3lmYjR2Zml5eHdsbWdmNnUycTY0YW5nZ2J3c25ucnBlYzN1YmZvaWQub25pb24wCgYIKoZIzj0EAwIDSAAwRQIgag3Elvsz6Cfm3OGkt5j5BjTvItNqKyKd4FRzlDovpyYCIQCLRWqVmjQrYkMO4om3ktje5V8LLKfuCUzcT/eO+7T+ew=='
    ]
[2m[22m
[2m      [2mat Socket.<anonymous> ([22m[2msrc/utils.ts[2m:159:15)[22m[2m[22m
  [2mconsole.log[22m
    [e2e_4cc1hr73df40]: 2024-03-22T21:01:30.370Z backend:ConnectionsManagerService Storage - csrsStored
[2m[22m
[2m      [2mat Socket.<anonymous> ([22m[2msrc/utils.ts[2m:159:15)[22m[2m[22m
  [2mconsole.log[22m
    [e2e_4cc1hr73df40]: 2024-03-22T21:01:30.371Z backend:StorageService csrs count: 3
[2m[22m
[2m      [2mat Socket.<anonymous> ([22m[2msrc/utils.ts[2m:159:15)[22m[2m[22m
  [2mconsole.log[22m
    stdout:
    updatePeersList, peers count: 3
[2m[22m
[2m      [2mat Socket.<anonymous> ([22m[2msrc/utils.ts[2m:149:15)[22m[2m[22m
  [2mconsole.log[22m
    [e2e_4cc1hr73df40]: 2024-03-22T21:01:30.373Z backend:Libp2pService Dialing 1 addresses
    2024-03-22T21:01:30.373Z backend:ProcessInChunksService Updating data with 1 items
    2024-03-22T21:01:30.373Z backend:ProcessInChunksService Processing 1 items
[2m[22m
[2m      [2mat Socket.<anonymous> ([22m[2msrc/utils.ts[2m:159:15)[22m[2m[22m
  [2mconsole.log[22m
    [e2e_4cc1hr73df40]: 2024-03-22T21:01:30.374Z backend:RegistrationService Trying to issue certificates false [
      {
        csrs: [
          'MIIDIjCCAscCAQAwSTFHMEUGA1UEAxM+Mm90d2pyc3gzcGNmNmR2amhlb2w2djJ4Y3VpNm42cW40cmZraXBlMm9oM3Z5aWJpemlyNDZkaWQub25pb24wWTATBgcqhkjOPQIBBggqhkjOPQMBBwNCAASAyz/RAv61EQ7fSy3WbndIpaX9zi+r2BPNsF7eh2TyzlNUIqZ+ZGBrDPOP4ea+lYwAGYc0obSJgwiFRataRarIoIICGjAuBgkqhkiG9w0BCQ4xITAfMB0GA1UdDgQWBBRAQ+c+nMaAWHjxud5tJL3peqMp1zCCAUcGCSqGSIb3DQEJDDGCATgEggE0FVgLbFaN+gKO4Aqfjs/gNPtz+V9vgnwmOEuIipHYSyEyiZL7PmRutx07890ws44SwLYEKDBavLKfF1aSa1MOLps/bMWW2DDOngTVGyaWufh8OaBzxGIL3815BZLJF9VTgEuyJbOq3+XLZMj2fdEjXHTRvYURKZtc/O7FHYG5mOc7QTwkXd9jQ8tMYZ85wWJdR3ZLGWYfnrrplQTdkAq9H7DEH4OTypJSYjvhMBrDAZeFOe1nHVkJU14sO2x1rc9X1GQMYmLC4WxLcwdcyUh1aXOEev3VprQRQjaFznk0UHK33rn1q16YE5zc+3hhF03FOGSos8DMyQy3o10/p1fOI9oVSkFpKlx5OyZXz1uG6Utmt8htptEr4rE4jm9y6+r5DXm5nIjSZIbNgXh9boxyX7KvOkkwFQYKKwYBBAGDjBsCATEHEwVvd25lcjA9BgkrBgECAQ8DAQExMBMuUW1UcE5taXhzZlVTSEJtM3ZXdnZ1VGtndDJIZFhjMXNZaUJSdzRwTVJuODhHUjBHBgNVHRExQBM+Mm90d2pyc3gzcGNmNmR2amhlb2w2djJ4Y3VpNm42cW40cmZraXBlMm9oM3Z5aWJpemlyNDZkaWQub25pb24wCgYIKoZIzj0EAwIDSQAwRgIhAOK6Uac+lomfbGsOpT+M1/mZLNGmQ6uPXE4blwkpyla2AiEApkT1IJjfMgcYl613arLQ4nUrieyCoz8W8U+EWt1HhGM=',
          'MIIDKjCCAtACAQAwSTFHMEUGA1UEAxM+aWx5bTJleXB0eTVnbWFzcnB3djV0bjI1aWhsNnp3YnU3dDN5aXM3aTNhbzNwamRlbXR3NXAyYWQub25pb24wWTATBgcqhkjOPQIBBggqhkjOPQMBBwNCAASAc6Q7kSitT6fyLxEFZGkuuzNa9jtKyJR7X+dlJEEmw5Lt9tZZh33x2EjtrubvNXQ6o2Ok0bbirf38mNxlDpvYoIICIzAuBgkqhkiG9w0BCQ4xITAfMB0GA1UdDgQWBBSq+CkgQPuUKSTjGI+UdK61eLe3xzCCAUcGCSqGSIb3DQEJDDGCATgEggE0LxHEGHtvKSiDcFtzFUkCL4n71xN5ZfTPdAbFO34bUN1lRH9B8vVRIllPt7t78Us1jAQc0SbkZj/lmZdb/FlgjytUXwQCyU/4P+/XWsScrvD5iOkhipLZ9OBC6Z+Kxr8gHijlP8E/2VEDWp2TEI4y4PalusR0aiEkMK9G+aFPenTi6/7oUDZa5ePoBlSn4dtDiMkb9WT9fTv4W033G1PhszK8SEV7gM0ZlHyrt9vsThXW46jW1UhJfUZfQ4IzUAHZyfKlhux2mG3PIshCDI3fVIIu72b1YKV7ixkY39G8cq3B8pjCk7wLpVop7Bz8Ke9lf0qRL/cTsBcRYv5pH1B8L16tCHA/ZnYupxd++5vygxoK/F96rU5YuNpG2Xc4YhfW7/7u/CRECz1pIinU7Eanm0OPKUIwHgYKKwYBBAGDjBsCATEQEw51c2VyLWpvaW5pbmctMTA9BgkrBgECAQ8DAQExMBMuUW1aTFc2eTVtOGJyb1l1dEc0b2cyeW1YUlpVRGN4VmhkZ0hoaUtZS2hxdVVOcDBHBgNVHRExQBM+aWx5bTJleXB0eTVnbWFzcnB3djV0bjI1aWhsNnp3YnU3dDN5aXM3aTNhbzNwamRlbXR3NXAyYWQub25pb24wCgYIKoZIzj0EAwIDSAAwRQIhAJclKaxQLhPy8NHDIbipEmjrVtOqp7aXhzB9Wu8r3T/LAiB7+RGRT1sFjUy5Wk+IZTZ7I3xf1gi+PN9FCRngURsyyA==',
          'MIIDKjCCAtACAQAwSTFHMEUGA1UEAxM+ZTU3NmtyZ3YzeDdoeGVqd3lmYjR2Zml5eHdsbWdmNnUycTY0YW5nZ2J3c25ucnBlYzN1YmZvaWQub25pb24wWTATBgcqhkjOPQIBBggqhkjOPQMBBwNCAATnIhoeFv4HceoeOzC6x/n9E2zNgU18QQpohtiQIYs9qZtdpgQjOOHh98Nb0c6ix4Tf+Y5yBphKqhBZHTx/c60+oIICIzAuBgkqhkiG9w0BCQ4xITAfMB0GA1UdDgQWBBRPXKXKd+B8grn50ArRUFGbIm6h4jCCAUcGCSqGSIb3DQEJDDGCATgEggE0D9hxS1q2dIOXzWjJAaB3Q4YeSP8hPt9hx8BAEIeRiNOl0vbCcXBFibDmk2Bpu+vGd0ABl6SCCSew/ClC8nuU3o+ae6cefNC19thDGRv3RdxkvOMmZndXCuML5gwmCXGIvwG/lc0W8Vv03FCDC2vbWSGo+njmtEaEQTsZwrCl/TRQeWHGiB2sCXkH/DXueXByPKBgRMDqGcpmV2IhOsTuHF/7Cx5KT70CBIYw/JzJ2QjptZXlUtTiQ/cm/bpk+iHUmrn5JT70rQ0JNypYWl6BVEXHpyEEKwEb+HfyuJfinyk8j/WS+1zRTOFmx3XudtVlg/HrqHtO846ab44fMYmIeuLz2yd5h6MBi2urphuABlFaUqd2LbUYK0G4xL2WG+Ai5fE9Sbh8ZmGws5HCWHpvGhOmTkkwHgYKKwYBBAGDjBsCATEQEw51c2VyLWpvaW5pbmctMTA9BgkrBgECAQ8DAQExMBMuUW1RR0dzUGs4djFzeTNvQXdBMmVjZ2I2SldrMVhWekI4VTd2c0ZCMWREZlczYjBHBgNVHRExQBM+ZTU3NmtyZ3YzeDdoeGVqd3lmYjR2Zml5eHdsbWdmNnUycTY0YW5nZ2J3c25ucnBlYzN1YmZvaWQub25pb24wCgYIKoZIzj0EAwIDSAAwRQIgag3Elvsz6Cfm3OGkt5j5BjTvItNqKyKd4FRzlDovpyYCIQCLRWqVmjQrYkMO4om3ktje5V8LLKfuCUzcT/eO+7T+ew=='
        ]
      }
    ]
    2024-03-22T21:01:30.374Z backend:RegistrationService Issuing certificates {
      csrs: [
        'MIIDIjCCAscCAQAwSTFHMEUGA1UEAxM+Mm90d2pyc3gzcGNmNmR2amhlb2w2djJ4Y3VpNm42cW40cmZraXBlMm9oM3Z5aWJpemlyNDZkaWQub25pb24wWTATBgcqhkjOPQIBBggqhkjOPQMBBwNCAASAyz/RAv61EQ7fSy3WbndIpaX9zi+r2BPNsF7eh2TyzlNUIqZ+ZGBrDPOP4ea+lYwAGYc0obSJgwiFRataRarIoIICGjAuBgkqhkiG9w0BCQ4xITAfMB0GA1UdDgQWBBRAQ+c+nMaAWHjxud5tJL3peqMp1zCCAUcGCSqGSIb3DQEJDDGCATgEggE0FVgLbFaN+gKO4Aqfjs/gNPtz+V9vgnwmOEuIipHYSyEyiZL7PmRutx07890ws44SwLYEKDBavLKfF1aSa1MOLps/bMWW2DDOngTVGyaWufh8OaBzxGIL3815BZLJF9VTgEuyJbOq3+XLZMj2fdEjXHTRvYURKZtc/O7FHYG5mOc7QTwkXd9jQ8tMYZ85wWJdR3ZLGWYfnrrplQTdkAq9H7DEH4OTypJSYjvhMBrDAZeFOe1nHVkJU14sO2x1rc9X1GQMYmLC4WxLcwdcyUh1aXOEev3VprQRQjaFznk0UHK33rn1q16YE5zc+3hhF03FOGSos8DMyQy3o10/p1fOI9oVSkFpKlx5OyZXz1uG6Utmt8htptEr4rE4jm9y6+r5DXm5nIjSZIbNgXh9boxyX7KvOkkwFQYKKwYBBAGDjBsCATEHEwVvd25lcjA9BgkrBgECAQ8DAQExMBMuUW1UcE5taXhzZlVTSEJtM3ZXdnZ1VGtndDJIZFhjMXNZaUJSdzRwTVJuODhHUjBHBgNVHRExQBM+Mm90d2pyc3gzcGNmNmR2amhlb2w2djJ4Y3VpNm42cW40cmZraXBlMm9oM3Z5aWJpemlyNDZkaWQub25pb24wCgYIKoZIzj0EAwIDSQAwRgIhAOK6Uac+lomfbGsOpT+M1/mZLNGmQ6uPXE4blwkpyla2AiEApkT1IJjfMgcYl613arLQ4nUrieyCoz8W8U+EWt1HhGM=',
        'MIIDKjCCAtACAQAwSTFHMEUGA1UEAxM+aWx5bTJleXB0eTVnbWFzcnB3djV0bjI1aWhsNnp3YnU3dDN5aXM3aTNhbzNwamRlbXR3NXAyYWQub25pb24wWTATBgcqhkjOPQIBBggqhkjOPQMBBwNCAASAc6Q7kSitT6fyLxEFZGkuuzNa9jtKyJR7X+dlJEEmw5Lt9tZZh33x2EjtrubvNXQ6o2Ok0bbirf38mNxlDpvYoIICIzAuBgkqhkiG9w0BCQ4xITAfMB0GA1UdDgQWBBSq+CkgQPuUKSTjGI+UdK61eLe3xzCCAUcGCSqGSIb3DQEJDDGCATgEggE0LxHEGHtvKSiDcFtzFUkCL4n71xN5ZfTPdAbFO34bUN1lRH9B8vVRIllPt7t78Us1jAQc0SbkZj/lmZdb/FlgjytUXwQCyU/4P+/XWsScrvD5iOkhipLZ9OBC6Z+Kxr8gHijlP8E/2VEDWp2TEI4y4PalusR0aiEkMK9G+aFPenTi6/7oUDZa5ePoBlSn4dtDiMkb9WT9fTv4W033G1PhszK8SEV7gM0ZlHyrt9vsThXW46jW1UhJfUZfQ4IzUAHZyfKlhux2mG3PIshCDI3fVIIu72b1YKV7ixkY39G8cq3B8pjCk7wLpVop7Bz8Ke9lf0qRL/cTsBcRYv5pH1B8L16tCHA/ZnYupxd++5vygxoK/F96rU5YuNpG2Xc4YhfW7/7u/CRECz1pIinU7Eanm0OPKUIwHgYKKwYBBAGDjBsCATEQEw51c2VyLWpvaW5pbmctMTA9BgkrBgECAQ8DAQExMBMuUW1aTFc2eTVtOGJyb1l1dEc0b2cyeW1YUlpVRGN4VmhkZ0hoaUtZS2hxdVVOcDBHBgNVHRExQBM+aWx5bTJleXB0eTVnbWFzcnB3djV0bjI1aWhsNnp3YnU3dDN5aXM3aTNhbzNwamRlbXR3NXAyYWQub25pb24wCgYIKoZIzj0EAwIDSAAwRQIhAJclKaxQLhPy8NHDIbipEmjrVtOqp7aXhzB9Wu8r3T/LAiB7+RGRT1sFjUy5Wk+IZTZ7I3xf1gi+PN9FCRngURsyyA==',
        'MIIDKjCCAtACAQAwSTFHMEUGA1UEAxM+ZTU3NmtyZ3YzeDdoeGVqd3lmYjR2Zml5eHdsbWdmNnUycTY0YW5nZ2J3c25ucnBlYzN1YmZvaWQub25pb24wWTATBgcqhkjOPQIBBggqhkjOPQMBBwNCAATnIhoeFv4HceoeOzC6x/n9E2zNgU18QQpohtiQIYs9qZtdpgQjOOHh98Nb0c6ix4Tf+Y5yBphKqhBZHTx/c60+oIICIzAuBgkqhkiG9w0BCQ4xITAfMB0GA1UdDgQWBBRPXKXKd+B8grn50ArRUFGbIm6h4jCCAUcGCSqGSIb3DQEJDDGCATgEggE0D9hxS1q2dIOXzWjJAaB3Q4YeSP8hPt9hx8BAEIeRiNOl0vbCcXBFibDmk2Bpu+vGd0ABl6SCCSew/ClC8nuU3o+ae6cefNC19thDGRv3RdxkvOMmZndXCuML5gwmCXGIvwG/lc0W8Vv03FCDC2vbWSGo+njmtEaEQTsZwrCl/TRQeWHGiB2sCXkH/DXueXByPKBgRMDqGcpmV2IhOsTuHF/7Cx5KT70CBIYw/JzJ2QjptZXlUtTiQ/cm/bpk+iHUmrn5JT70rQ0JNypYWl6BVEXHpyEEKwEb+HfyuJfinyk8j/WS+1zRTOFmx3XudtVlg/HrqHtO846ab44fMYmIeuLz2yd5h6MBi2urphuABlFaUqd2LbUYK0G4xL2WG+Ai5fE9Sbh8ZmGws5HCWHpvGhOmTkkwHgYKKwYBBAGDjBsCATEQEw51c2VyLWpvaW5pbmctMTA9BgkrBgECAQ8DAQExMBMuUW1RR0dzUGs4djFzeTNvQXdBMmVjZ2I2SldrMVhWekI4VTd2c0ZCMWREZlczYjBHBgNVHRExQBM+ZTU3NmtyZ3YzeDdoeGVqd3lmYjR2Zml5eHdsbWdmNnUycTY0YW5nZ2J3c25ucnBlYzN1YmZvaWQub25pb24wCgYIKoZIzj0EAwIDSAAwRQIgag3Elvsz6Cfm3OGkt5j5BjTvItNqKyKd4FRzlDovpyYCIQCLRWqVmjQrYkMO4om3ktje5V8LLKfuCUzcT/eO+7T+ew=='
      ]
    }
    2024-03-22T21:01:30.374Z backend:StorageService Loading all certificates
[2m[22m
[2m      [2mat Socket.<anonymous> ([22m[2msrc/utils.ts[2m:159:15)[22m[2m[22m
  [2mconsole.log[22m
    [e2e_4cc1hr73df40]: 2024-03-22T21:01:30.378Z backend:CertificatesRequestsStore DuplicatedCertBug {
      validation: true,
      csr: 'MIIDIjCCAscCAQAwSTFHMEUGA1UEAxM+Mm90d2pyc3gzcGNmNmR2amhlb2w2djJ4Y3VpNm42cW40cmZraXBlMm9oM3Z5aWJpemlyNDZkaWQub25pb24wWTATBgcqhkjOPQIBBggqhkjOPQMBBwNCAASAyz/RAv61EQ7fSy3WbndIpaX9zi+r2BPNsF7eh2TyzlNUIqZ+ZGBrDPOP4ea+lYwAGYc0obSJgwiFRataRarIoIICGjAuBgkqhkiG9w0BCQ4xITAfMB0GA1UdDgQWBBRAQ+c+nMaAWHjxud5tJL3peqMp1zCCAUcGCSqGSIb3DQEJDDGCATgEggE0FVgLbFaN+gKO4Aqfjs/gNPtz+V9vgnwmOEuIipHYSyEyiZL7PmRutx07890ws44SwLYEKDBavLKfF1aSa1MOLps/bMWW2DDOngTVGyaWufh8OaBzxGIL3815BZLJF9VTgEuyJbOq3+XLZMj2fdEjXHTRvYURKZtc/O7FHYG5mOc7QTwkXd9jQ8tMYZ85wWJdR3ZLGWYfnrrplQTdkAq9H7DEH4OTypJSYjvhMBrDAZeFOe1nHVkJU14sO2x1rc9X1GQMYmLC4WxLcwdcyUh1aXOEev3VprQRQjaFznk0UHK33rn1q16YE5zc+3hhF03FOGSos8DMyQy3o10/p1fOI9oVSkFpKlx5OyZXz1uG6Utmt8htptEr4rE4jm9y6+r5DXm5nIjSZIbNgXh9boxyX7KvOkkwFQYKKwYBBAGDjBsCATEHEwVvd25lcjA9BgkrBgECAQ8DAQExMBMuUW1UcE5taXhzZlVTSEJtM3ZXdnZ1VGtndDJIZFhjMXNZaUJSdzRwTVJuODhHUjBHBgNVHRExQBM+Mm90d2pyc3gzcGNmNmR2amhlb2w2djJ4Y3VpNm42cW40cmZraXBlMm9oM3Z5aWJpemlyNDZkaWQub25pb24wCgYIKoZIzj0EAwIDSQAwRgIhAOK6Uac+lomfbGsOpT+M1/mZLNGmQ6uPXE4blwkpyla2AiEApkT1IJjfMgcYl613arLQ4nUrieyCoz8W8U+EWt1HhGM='
    }
[2m[22m
[2m      [2mat Socket.<anonymous> ([22m[2msrc/utils.ts[2m:159:15)[22m[2m[22m
  [2mconsole.log[22m
    [e2e_4cc1hr73df40]: 2024-03-22T21:01:30.378Z backend:CertificatesRequestsStore DuplicatedCertBug {
      validation: true,
      csr: 'MIIDKjCCAtACAQAwSTFHMEUGA1UEAxM+aWx5bTJleXB0eTVnbWFzcnB3djV0bjI1aWhsNnp3YnU3dDN5aXM3aTNhbzNwamRlbXR3NXAyYWQub25pb24wWTATBgcqhkjOPQIBBggqhkjOPQMBBwNCAASAc6Q7kSitT6fyLxEFZGkuuzNa9jtKyJR7X+dlJEEmw5Lt9tZZh33x2EjtrubvNXQ6o2Ok0bbirf38mNxlDpvYoIICIzAuBgkqhkiG9w0BCQ4xITAfMB0GA1UdDgQWBBSq+CkgQPuUKSTjGI+UdK61eLe3xzCCAUcGCSqGSIb3DQEJDDGCATgEggE0LxHEGHtvKSiDcFtzFUkCL4n71xN5ZfTPdAbFO34bUN1lRH9B8vVRIllPt7t78Us1jAQc0SbkZj/lmZdb/FlgjytUXwQCyU/4P+/XWsScrvD5iOkhipLZ9OBC6Z+Kxr8gHijlP8E/2VEDWp2TEI4y4PalusR0aiEkMK9G+aFPenTi6/7oUDZa5ePoBlSn4dtDiMkb9WT9fTv4W033G1PhszK8SEV7gM0ZlHyrt9vsThXW46jW1UhJfUZfQ4IzUAHZyfKlhux2mG3PIshCDI3fVIIu72b1YKV7ixkY39G8cq3B8pjCk7wLpVop7Bz8Ke9lf0qRL/cTsBcRYv5pH1B8L16tCHA/ZnYupxd++5vygxoK/F96rU5YuNpG2Xc4YhfW7/7u/CRECz1pIinU7Eanm0OPKUIwHgYKKwYBBAGDjBsCATEQEw51c2VyLWpvaW5pbmctMTA9BgkrBgECAQ8DAQExMBMuUW1aTFc2eTVtOGJyb1l1dEc0b2cyeW1YUlpVRGN4VmhkZ0hoaUtZS2hxdVVOcDBHBgNVHRExQBM+aWx5bTJleXB0eTVnbWFzcnB3djV0bjI1aWhsNnp3YnU3dDN5aXM3aTNhbzNwamRlbXR3NXAyYWQub25pb24wCgYIKoZIzj0EAwIDSAAwRQIhAJclKaxQLhPy8NHDIbipEmjrVtOqp7aXhzB9Wu8r3T/LAiB7+RGRT1sFjUy5Wk+IZTZ7I3xf1gi+PN9FCRngURsyyA=='
    }
    2024-03-22T21:01:30.379Z backend:CertificatesRequestsStore DuplicatedCertBug {
      validation: true,
      csr: 'MIIDKjCCAtACAQAwSTFHMEUGA1UEAxM+ZTU3NmtyZ3YzeDdoeGVqd3lmYjR2Zml5eHdsbWdmNnUycTY0YW5nZ2J3c25ucnBlYzN1YmZvaWQub25pb24wWTATBgcqhkjOPQIBBggqhkjOPQMBBwNCAATnIhoeFv4HceoeOzC6x/n9E2zNgU18QQpohtiQIYs9qZtdpgQjOOHh98Nb0c6ix4Tf+Y5yBphKqhBZHTx/c60+oIICIzAuBgkqhkiG9w0BCQ4xITAfMB0GA1UdDgQWBBRPXKXKd+B8grn50ArRUFGbIm6h4jCCAUcGCSqGSIb3DQEJDDGCATgEggE0D9hxS1q2dIOXzWjJAaB3Q4YeSP8hPt9hx8BAEIeRiNOl0vbCcXBFibDmk2Bpu+vGd0ABl6SCCSew/ClC8nuU3o+ae6cefNC19thDGRv3RdxkvOMmZndXCuML5gwmCXGIvwG/lc0W8Vv03FCDC2vbWSGo+njmtEaEQTsZwrCl/TRQeWHGiB2sCXkH/DXueXByPKBgRMDqGcpmV2IhOsTuHF/7Cx5KT70CBIYw/JzJ2QjptZXlUtTiQ/cm/bpk+iHUmrn5JT70rQ0JNypYWl6BVEXHpyEEKwEb+HfyuJfinyk8j/WS+1zRTOFmx3XudtVlg/HrqHtO846ab44fMYmIeuLz2yd5h6MBi2urphuABlFaUqd2LbUYK0G4xL2WG+Ai5fE9Sbh8ZmGws5HCWHpvGhOmTkkwHgYKKwYBBAGDjBsCATEQEw51c2VyLWpvaW5pbmctMTA9BgkrBgECAQ8DAQExMBMuUW1RR0dzUGs4djFzeTNvQXdBMmVjZ2I2SldrMVhWekI4VTd2c0ZCMWREZlczYjBHBgNVHRExQBM+ZTU3NmtyZ3YzeDdoeGVqd3lmYjR2Zml5eHdsbWdmNnUycTY0YW5nZ2J3c25ucnBlYzN1YmZvaWQub25pb24wCgYIKoZIzj0EAwIDSAAwRQIgag3Elvsz6Cfm3OGkt5j5BjTvItNqKyKd4FRzlDovpyYCIQCLRWqVmjQrYkMO4om3ktje5V8LLKfuCUzcT/eO+7T+ew=='
    }
    2024-03-22T21:01:30.379Z backend:LocalDbService Local peer /dns4/ilym2eypty5gmasrpwv5tn25ihl6zwbu7t3yis7i3ao3pjdemtw5p2ad.onion/tcp/80/ws/p2p/QmZLW6y5m8broYutG4og2ymXRZUDcxVhdgHhiKYKhquUNp
[2m[22m
[2m      [2mat Socket.<anonymous> ([22m[2msrc/utils.ts[2m:159:15)[22m[2m[22m
  [2mconsole.log[22m
    [e2e_4cc1hr73df40]: 2024-03-22T21:01:30.382Z backend:CertificatesStore Loaded certificates to memory
[2m[22m
[2m      [2mat Socket.<anonymous> ([22m[2msrc/utils.ts[2m:159:15)[22m[2m[22m
  [2mconsole.log[22m
    [e2e_6q0pv39bdzw0]: 2024-03-22T21:01:31.133Z backend:StorageService progress 1/4. Address: /orbitdb/zdpuAxX9VYs2cAEDR3cCBsM6wyvpYeQPwU6ugmGoy5AGm6DwT/channels.general_a7c50e5f6bb71a5bfe45107c2f1c0f08
[2m[22m
[2m      [2mat Socket.<anonymous> ([22m[2msrc/utils.ts[2m:159:15)[22m[2m[22m
  [2mconsole.log[22m
    [e2e_6q0pv39bdzw0]: 2024-03-22T21:01:31.135Z backend:StorageService progress 2/4. Address: /orbitdb/zdpuAxX9VYs2cAEDR3cCBsM6wyvpYeQPwU6ugmGoy5AGm6DwT/channels.general_a7c50e5f6bb71a5bfe45107c2f1c0f08
[2m[22m
[2m      [2mat Socket.<anonymous> ([22m[2msrc/utils.ts[2m:159:15)[22m[2m[22m
  [2mconsole.log[22m
    [e2e_6q0pv39bdzw0]: 2024-03-22T21:01:31.136Z backend:StorageService progress 3/4. Address: /orbitdb/zdpuAxX9VYs2cAEDR3cCBsM6wyvpYeQPwU6ugmGoy5AGm6DwT/channels.general_a7c50e5f6bb71a5bfe45107c2f1c0f08
[2m[22m
[2m      [2mat Socket.<anonymous> ([22m[2msrc/utils.ts[2m:159:15)[22m[2m[22m
  [2mconsole.log[22m
    [e2e_6q0pv39bdzw0]: 2024-03-22T21:01:31.170Z backend:SocketService Awaiting readyness before emitting:  sendMessage
[2m[22m
[2m      [2mat Socket.<anonymous> ([22m[2msrc/utils.ts[2m:159:15)[22m[2m[22m
  [2mconsole.log[22m
    [e2e_6q0pv39bdzw0]: 2024-03-22T21:01:31.178Z backend:StorageService Writing to public channel db general_a7c50e5f6bb71a5bfe45107c2f1c0f08
[2m[22m
[2m      [2mat Socket.<anonymous> ([22m[2msrc/utils.ts[2m:159:15)[22m[2m[22m
  [2mconsole.log[22m
    [e2e_4cc1hr73df40]: 2024-03-22T21:01:31.751Z backend:StorageService progress 5/5. Address: /orbitdb/zdpuAxX9VYs2cAEDR3cCBsM6wyvpYeQPwU6ugmGoy5AGm6DwT/channels.general_a7c50e5f6bb71a5bfe45107c2f1c0f08
[2m[22m
[2m      [2mat Socket.<anonymous> ([22m[2msrc/utils.ts[2m:159:15)[22m[2m[22m
  [2mconsole.log[22m
    [e2e_4cc1hr73df40]: 2024-03-22T21:01:31.756Z backend:StorageService Replicated. /orbitdb/zdpuAxX9VYs2cAEDR3cCBsM6wyvpYeQPwU6ugmGoy5AGm6DwT/channels.general_a7c50e5f6bb71a5bfe45107c2f1c0f08
[2m[22m
[2m      [2mat Socket.<anonymous> ([22m[2msrc/utils.ts[2m:159:15)[22m[2m[22m
  [2mconsole.log[22m
    [e2e_6q0pv39bdzw0]: 2024-03-22T21:01:32.518Z backend:CertificatesStore REPLICATED: Certificates
[2m[22m
[2m      [2mat Socket.<anonymous> ([22m[2msrc/utils.ts[2m:159:15)[22m[2m[22m
  [2mconsole.log[22m
    [e2e_6q0pv39bdzw0]: 2024-03-22T21:01:32.521Z backend:CertificatesStore Loaded certificates to memory
[2m[22m
[2m      [2mat Socket.<anonymous> ([22m[2msrc/utils.ts[2m:159:15)[22m[2m[22m
  [2mconsole.log[22m
    [e2e_6q0pv39bdzw0]: 2024-03-22T21:01:32.521Z backend:CertificatesStore All certificates: 2
[2m[22m
[2m      [2mat Socket.<anonymous> ([22m[2msrc/utils.ts[2m:159:15)[22m[2m[22m
  [2mconsole.log[22m
    [e2e_6q0pv39bdzw0]: 2024-03-22T21:01:32.526Z backend:CertificatesStore DuplicatedCertBug {
      validation: true,
      certificate: 'MIIDfjCCAySgAwIBAgIGAY5n9NT0MAoGCCqGSM49BAMCMBgxFjAUBgNVBAMTDXRlc3Rjb21tdW5pdHkwHhcNMjQwMzIyMjA1ODAyWhcNMzAwMjAxMDUwMDAwWjBJMUcwRQYDVQQDEz4yb3R3anJzeDNwY2Y2ZHZqaGVvbDZ2MnhjdWk2bjZxbjRyZmtpcGUyb2gzdnlpYml6aXI0NmRpZC5vbmlvbjBZMBMGByqGSM49AgEGCCqGSM49AwEHA0IABIDLP9EC/rURDt9LLdZud0ilpf3OL6vYE82wXt6HZPLOU1Qipn5kYGsM84/h5r6VjAAZhzShtImDCIVFq1pFqsijggInMIICIzAJBgNVHRMEAjAAMAsGA1UdDwQEAwIAgDAdBgNVHSUEFjAUBggrBgEFBQcDAgYIKwYBBQUHAwEwggFHBgkqhkiG9w0BCQwEggE4BIIBNBVYC2xWjfoCjuAKn47P4DT7c/lfb4J8JjhLiIqR2EshMomS+z5kbrcdO/PdMLOOEsC2BCgwWryynxdWkmtTDi6bP2zFltgwzp4E1Rsmlrn4fDmgc8RiC9/NeQWSyRfVU4BLsiWzqt/ly2TI9n3RI1x00b2FESmbXPzuxR2BuZjnO0E8JF3fY0PLTGGfOcFiXUd2SxlmH5666ZUE3ZAKvR+wxB+Dk8qSUmI74TAawwGXhTntZx1ZCVNeLDtsda3PV9RkDGJiwuFsS3MHXMlIdWlzhHr91aa0EUI2hc55NFByt9659atemBOc3Pt4YRdNxThkqLPAzMkMt6NdP6dXziPaFUpBaSpceTsmV89bhulLZrfIbabRK+KxOI5vcuvq+Q15uZyI0mSGzYF4fW6Mcl+yrzpJMBUGCisGAQQBg4wbAgEEBxMFb3duZXIwPQYJKwYBAgEPAwEBBDATLlFtVHBObWl4c2ZVU0hCbTN2V3Z2dVRrZ3QySGRYYzFzWWlCUnc0cE1Sbjg4R1IwSQYDVR0RBEIwQII+Mm90d2pyc3gzcGNmNmR2amhlb2w2djJ4Y3VpNm42cW40cmZraXBlMm9oM3Z5aWJpemlyNDZkaWQub25pb24wCgYIKoZIzj0EAwIDSAAwRQIgWqJ9o/N5ex2cAS7rD6kKFybaQ14UuGzKexMIi7W2qm0CIQC0Ldt0YfPCRQ3ZpRhZ5h+Hb7/orQR4DpFjpDZZcrRZEw=='
    }
[2m[22m
[2m      [2mat Socket.<anonymous> ([22m[2msrc/utils.ts[2m:159:15)[22m[2m[22m
  [2mconsole.log[22m
    [e2e_6q0pv39bdzw0]: 2024-03-22T21:01:32.527Z backend:CertificatesStore DuplicatedCertBug {
      validation: true,
      certificate: 'MIIDiDCCAy2gAwIBAgIGAY5n9ZigMAoGCCqGSM49BAMCMBgxFjAUBgNVBAMTDXRlc3Rjb21tdW5pdHkwHhcNMjQwMzIyMjA1ODUyWhcNMzAwMjAxMDUwMDAwWjBJMUcwRQYDVQQDEz5pbHltMmV5cHR5NWdtYXNycHd2NXRuMjVpaGw2endidTd0M3lpczdpM2FvM3BqZGVtdHc1cDJhZC5vbmlvbjBZMBMGByqGSM49AgEGCCqGSM49AwEHA0IABIBzpDuRKK1Pp/IvEQVkaS67M1r2O0rIlHtf52UkQSbDku321lmHffHYSO2u5u81dDqjY6TRtuKt/fyY3GUOm9ijggIwMIICLDAJBgNVHRMEAjAAMAsGA1UdDwQEAwIAgDAdBgNVHSUEFjAUBggrBgEFBQcDAgYIKwYBBQUHAwEwggFHBgkqhkiG9w0BCQwEggE4BIIBNC8RxBh7bykog3BbcxVJAi+J+9cTeWX0z3QGxTt+G1DdZUR/QfL1USJZT7e7e/FLNYwEHNEm5GY/5ZmXW/xZYI8rVF8EAslP+D/v11rEnK7w+YjpIYqS2fTgQumfisa/IB4o5T/BP9lRA1qdkxCOMuD2pbrEdGohJDCvRvmhT3p04uv+6FA2WuXj6AZUp+HbQ4jJG/Vk/X07+FtN9xtT4bMyvEhFe4DNGZR8q7fb7E4V1uOo1tVISX1GX0OCM1AB2cnypYbsdphtzyLIQgyN31SCLu9m9WCle4sZGN/RvHKtwfKYwpO8C6VaKewc/CnvZX9KkS/3E7AXEWL+aR9QfC9erQhwP2Z2LqcXfvub8oMaCvxfeq1OWLjaRtl3OGIX1u/+7vwkRAs9aSIp1OxGp5tDjylCMB4GCisGAQQBg4wbAgEEEBMOdXNlci1qb2luaW5nLTEwPQYJKwYBAgEPAwEBBDATLlFtWkxXNnk1bThicm9ZdXRHNG9nMnltWFJaVURjeFZoZGdIaGlLWUtocXVVTnAwSQYDVR0RBEIwQII+aWx5bTJleXB0eTVnbWFzcnB3djV0bjI1aWhsNnp3YnU3dDN5aXM3aTNhbzNwamRlbXR3NXAyYWQub25pb24wCgYIKoZIzj0EAwIDSQAwRgIhAKgI+kPK/VsfUVRJSZLkHoU286jZDj382xzPRcX0c2OJAiEAsUrGmACN7mxzeQJNzedIJTQJ2KnXiOO1SeGrOMUhAW8='
    }
[2m[22m
[2m      [2mat Socket.<anonymous> ([22m[2msrc/utils.ts[2m:159:15)[22m[2m[22m
  [2mconsole.log[22m
    [e2e_6q0pv39bdzw0]: 2024-03-22T21:01:32.529Z backend:CertificatesStore Valid certificates: 2
[2m[22m
[2m      [2mat Socket.<anonymous> ([22m[2msrc/utils.ts[2m:159:15)[22m[2m[22m
  [2mconsole.log[22m
    stdout:
    updatePeersList, peers count: 3
[2m[22m
[2m      [2mat Socket.<anonymous> ([22m[2msrc/utils.ts[2m:149:15)[22m[2m[22m
  [2mconsole.log[22m
    [e2e_6q0pv39bdzw0]: 2024-03-22T21:01:32.532Z backend:LocalDbService Local peer /dns4/e576krgv3x7hxejwyfb4vfiyxwlmgf6u2q64anggbwsnnrpec3ubfoid.onion/tcp/80/ws/p2p/QmQGGsPk8v1sy3oAwA2ecgb6JWk1XVzB8U7vsFB1dDfW3b
[2m[22m
[2m      [2mat Socket.<anonymous> ([22m[2msrc/utils.ts[2m:159:15)[22m[2m[22m
  [2mconsole.log[22m
    [e2e_6q0pv39bdzw0]: 2024-03-22T21:01:32.859Z backend:SocketService On addCsr
    2024-03-22T21:01:32.859Z backend:ConnectionsManagerService socketService - addCsr
[2m[22m
[2m      [2mat Socket.<anonymous> ([22m[2msrc/utils.ts[2m:159:15)[22m[2m[22m
  [2mconsole.log[22m
    [e2e_6q0pv39bdzw0]: 2024-03-22T21:01:32.867Z backend:CertificatesRequestsStore Added CSR to database
[2m[22m
[2m      [2mat Socket.<anonymous> ([22m[2msrc/utils.ts[2m:159:15)[22m[2m[22m
  [2mconsole.log[22m
    [e2e_6q0pv39bdzw0]: 2024-03-22T21:01:32.870Z backend:CertificatesRequestsStore DuplicatedCertBug {
      allEntries: [
        'MIIDIjCCAscCAQAwSTFHMEUGA1UEAxM+Mm90d2pyc3gzcGNmNmR2amhlb2w2djJ4Y3VpNm42cW40cmZraXBlMm9oM3Z5aWJpemlyNDZkaWQub25pb24wWTATBgcqhkjOPQIBBggqhkjOPQMBBwNCAASAyz/RAv61EQ7fSy3WbndIpaX9zi+r2BPNsF7eh2TyzlNUIqZ+ZGBrDPOP4ea+lYwAGYc0obSJgwiFRataRarIoIICGjAuBgkqhkiG9w0BCQ4xITAfMB0GA1UdDgQWBBRAQ+c+nMaAWHjxud5tJL3peqMp1zCCAUcGCSqGSIb3DQEJDDGCATgEggE0FVgLbFaN+gKO4Aqfjs/gNPtz+V9vgnwmOEuIipHYSyEyiZL7PmRutx07890ws44SwLYEKDBavLKfF1aSa1MOLps/bMWW2DDOngTVGyaWufh8OaBzxGIL3815BZLJF9VTgEuyJbOq3+XLZMj2fdEjXHTRvYURKZtc/O7FHYG5mOc7QTwkXd9jQ8tMYZ85wWJdR3ZLGWYfnrrplQTdkAq9H7DEH4OTypJSYjvhMBrDAZeFOe1nHVkJU14sO2x1rc9X1GQMYmLC4WxLcwdcyUh1aXOEev3VprQRQjaFznk0UHK33rn1q16YE5zc+3hhF03FOGSos8DMyQy3o10/p1fOI9oVSkFpKlx5OyZXz1uG6Utmt8htptEr4rE4jm9y6+r5DXm5nIjSZIbNgXh9boxyX7KvOkkwFQYKKwYBBAGDjBsCATEHEwVvd25lcjA9BgkrBgECAQ8DAQExMBMuUW1UcE5taXhzZlVTSEJtM3ZXdnZ1VGtndDJIZFhjMXNZaUJSdzRwTVJuODhHUjBHBgNVHRExQBM+Mm90d2pyc3gzcGNmNmR2amhlb2w2djJ4Y3VpNm42cW40cmZraXBlMm9oM3Z5aWJpemlyNDZkaWQub25pb24wCgYIKoZIzj0EAwIDSQAwRgIhAOK6Uac+lomfbGsOpT+M1/mZLNGmQ6uPXE4blwkpyla2AiEApkT1IJjfMgcYl613arLQ4nUrieyCoz8W8U+EWt1HhGM=',
        'MIIDKjCCAtACAQAwSTFHMEUGA1UEAxM+aWx5bTJleXB0eTVnbWFzcnB3djV0bjI1aWhsNnp3YnU3dDN5aXM3aTNhbzNwamRlbXR3NXAyYWQub25pb24wWTATBgcqhkjOPQIBBggqhkjOPQMBBwNCAASAc6Q7kSitT6fyLxEFZGkuuzNa9jtKyJR7X+dlJEEmw5Lt9tZZh33x2EjtrubvNXQ6o2Ok0bbirf38mNxlDpvYoIICIzAuBgkqhkiG9w0BCQ4xITAfMB0GA1UdDgQWBBSq+CkgQPuUKSTjGI+UdK61eLe3xzCCAUcGCSqGSIb3DQEJDDGCATgEggE0LxHEGHtvKSiDcFtzFUkCL4n71xN5ZfTPdAbFO34bUN1lRH9B8vVRIllPt7t78Us1jAQc0SbkZj/lmZdb/FlgjytUXwQCyU/4P+/XWsScrvD5iOkhipLZ9OBC6Z+Kxr8gHijlP8E/2VEDWp2TEI4y4PalusR0aiEkMK9G+aFPenTi6/7oUDZa5ePoBlSn4dtDiMkb9WT9fTv4W033G1PhszK8SEV7gM0ZlHyrt9vsThXW46jW1UhJfUZfQ4IzUAHZyfKlhux2mG3PIshCDI3fVIIu72b1YKV7ixkY39G8cq3B8pjCk7wLpVop7Bz8Ke9lf0qRL/cTsBcRYv5pH1B8L16tCHA/ZnYupxd++5vygxoK/F96rU5YuNpG2Xc4YhfW7/7u/CRECz1pIinU7Eanm0OPKUIwHgYKKwYBBAGDjBsCATEQEw51c2VyLWpvaW5pbmctMTA9BgkrBgECAQ8DAQExMBMuUW1aTFc2eTVtOGJyb1l1dEc0b2cyeW1YUlpVRGN4VmhkZ0hoaUtZS2hxdVVOcDBHBgNVHRExQBM+aWx5bTJleXB0eTVnbWFzcnB3djV0bjI1aWhsNnp3YnU3dDN5aXM3aTNhbzNwamRlbXR3NXAyYWQub25pb24wCgYIKoZIzj0EAwIDSAAwRQIhAJclKaxQLhPy8NHDIbipEmjrVtOqp7aXhzB9Wu8r3T/LAiB7+RGRT1sFjUy5Wk+IZTZ7I3xf1gi+PN9FCRngURsyyA==',
        'MIIDKjCCAtACAQAwSTFHMEUGA1UEAxM+ZTU3NmtyZ3YzeDdoeGVqd3lmYjR2Zml5eHdsbWdmNnUycTY0YW5nZ2J3c25ucnBlYzN1YmZvaWQub25pb24wWTATBgcqhkjOPQIBBggqhkjOPQMBBwNCAATnIhoeFv4HceoeOzC6x/n9E2zNgU18QQpohtiQIYs9qZtdpgQjOOHh98Nb0c6ix4Tf+Y5yBphKqhBZHTx/c60+oIICIzAuBgkqhkiG9w0BCQ4xITAfMB0GA1UdDgQWBBRPXKXKd+B8grn50ArRUFGbIm6h4jCCAUcGCSqGSIb3DQEJDDGCATgEggE0D9hxS1q2dIOXzWjJAaB3Q4YeSP8hPt9hx8BAEIeRiNOl0vbCcXBFibDmk2Bpu+vGd0ABl6SCCSew/ClC8nuU3o+ae6cefNC19thDGRv3RdxkvOMmZndXCuML5gwmCXGIvwG/lc0W8Vv03FCDC2vbWSGo+njmtEaEQTsZwrCl/TRQeWHGiB2sCXkH/DXueXByPKBgRMDqGcpmV2IhOsTuHF/7Cx5KT70CBIYw/JzJ2QjptZXlUtTiQ/cm/bpk+iHUmrn5JT70rQ0JNypYWl6BVEXHpyEEKwEb+HfyuJfinyk8j/WS+1zRTOFmx3XudtVlg/HrqHtO846ab44fMYmIeuLz2yd5h6MBi2urphuABlFaUqd2LbUYK0G4xL2WG+Ai5fE9Sbh8ZmGws5HCWHpvGhOmTkkwHgYKKwYBBAGDjBsCATEQEw51c2VyLWpvaW5pbmctMTA9BgkrBgECAQ8DAQExMBMuUW1RR0dzUGs4djFzeTNvQXdBMmVjZ2I2SldrMVhWekI4VTd2c0ZCMWREZlczYjBHBgNVHRExQBM+ZTU3NmtyZ3YzeDdoeGVqd3lmYjR2Zml5eHdsbWdmNnUycTY0YW5nZ2J3c25ucnBlYzN1YmZvaWQub25pb24wCgYIKoZIzj0EAwIDSAAwRQIgag3Elvsz6Cfm3OGkt5j5BjTvItNqKyKd4FRzlDovpyYCIQCLRWqVmjQrYkMO4om3ktje5V8LLKfuCUzcT/eO+7T+ew==',
        'MIIDKTCCAtACAQAwSTFHMEUGA1UEAxM+ZTU3NmtyZ3YzeDdoeGVqd3lmYjR2Zml5eHdsbWdmNnUycTY0YW5nZ2J3c25ucnBlYzN1YmZvaWQub25pb24wWTATBgcqhkjOPQIBBggqhkjOPQMBBwNCAATnIhoeFv4HceoeOzC6x/n9E2zNgU18QQpohtiQIYs9qZtdpgQjOOHh98Nb0c6ix4Tf+Y5yBphKqhBZHTx/c60+oIICIzAuBgkqhkiG9w0BCQ4xITAfMB0GA1UdDgQWBBRPXKXKd+B8grn50ArRUFGbIm6h4jCCAUcGCSqGSIb3DQEJDDGCATgEggE0D9hxS1q2dIOXzWjJAaB3Q4YeSP8hPt9hx8BAEIeRiNOl0vbCcXBFibDmk2Bpu+vGd0ABl6SCCSew/ClC8nuU3o+ae6cefNC19thDGRv3RdxkvOMmZndXCuML5gwmCXGIvwG/lc0W8Vv03FCDC2vbWSGo+njmtEaEQTsZwrCl/TRQeWHGiB2sCXkH/DXueXByPKBgRMDqGcpmV2IhOsTuHF/7Cx5KT70CBIYw/JzJ2QjptZXlUtTiQ/cm/bpk+iHUmrn5JT70rQ0JNypYWl6BVEXHpyEEKwEb+HfyuJfinyk8j/WS+1zRTOFmx3XudtVlg/HrqHtO846ab44fMYmIeuLz2yd5h6MBi2urphuABlFaUqd2LbUYK0G4xL2WG+Ai5fE9Sbh8ZmGws5HCWHpvGhOmTkkwHgYKKwYBBAGDjBsCATEQEw51c2VyLWpvaW5pbmctMjA9BgkrBgECAQ8DAQExMBMuUW1RR0dzUGs4djFzeTNvQXdBMmVjZ2I2SldrMVhWekI4VTd2c0ZCMWREZlczYjBHBgNVHRExQBM+ZTU3NmtyZ3YzeDdoeGVqd3lmYjR2Zml5eHdsbWdmNnUycTY0YW5nZ2J3c25ucnBlYzN1YmZvaWQub25pb24wCgYIKoZIzj0EAwIDRwAwRAIgXQIcKPTyXTWAGWH4UiykpIBw/cO1T5rn5s08fTpXkYgCICCjjLNI3W4uZyyF0qHf0dmHG3turzM5SH19Qt/pAXwG'
      ]
    }
[2m[22m
[2m      [2mat Socket.<anonymous> ([22m[2msrc/utils.ts[2m:159:15)[22m[2m[22m
  [2mconsole.log[22m
    [e2e_6q0pv39bdzw0]: 2024-03-22T21:01:32.870Z backend:CertificatesRequestsStore DuplicatedCertBug {
      allCsrsUnique: [
        'MIIDIjCCAscCAQAwSTFHMEUGA1UEAxM+Mm90d2pyc3gzcGNmNmR2amhlb2w2djJ4Y3VpNm42cW40cmZraXBlMm9oM3Z5aWJpemlyNDZkaWQub25pb24wWTATBgcqhkjOPQIBBggqhkjOPQMBBwNCAASAyz/RAv61EQ7fSy3WbndIpaX9zi+r2BPNsF7eh2TyzlNUIqZ+ZGBrDPOP4ea+lYwAGYc0obSJgwiFRataRarIoIICGjAuBgkqhkiG9w0BCQ4xITAfMB0GA1UdDgQWBBRAQ+c+nMaAWHjxud5tJL3peqMp1zCCAUcGCSqGSIb3DQEJDDGCATgEggE0FVgLbFaN+gKO4Aqfjs/gNPtz+V9vgnwmOEuIipHYSyEyiZL7PmRutx07890ws44SwLYEKDBavLKfF1aSa1MOLps/bMWW2DDOngTVGyaWufh8OaBzxGIL3815BZLJF9VTgEuyJbOq3+XLZMj2fdEjXHTRvYURKZtc/O7FHYG5mOc7QTwkXd9jQ8tMYZ85wWJdR3ZLGWYfnrrplQTdkAq9H7DEH4OTypJSYjvhMBrDAZeFOe1nHVkJU14sO2x1rc9X1GQMYmLC4WxLcwdcyUh1aXOEev3VprQRQjaFznk0UHK33rn1q16YE5zc+3hhF03FOGSos8DMyQy3o10/p1fOI9oVSkFpKlx5OyZXz1uG6Utmt8htptEr4rE4jm9y6+r5DXm5nIjSZIbNgXh9boxyX7KvOkkwFQYKKwYBBAGDjBsCATEHEwVvd25lcjA9BgkrBgECAQ8DAQExMBMuUW1UcE5taXhzZlVTSEJtM3ZXdnZ1VGtndDJIZFhjMXNZaUJSdzRwTVJuODhHUjBHBgNVHRExQBM+Mm90d2pyc3gzcGNmNmR2amhlb2w2djJ4Y3VpNm42cW40cmZraXBlMm9oM3Z5aWJpemlyNDZkaWQub25pb24wCgYIKoZIzj0EAwIDSQAwRgIhAOK6Uac+lomfbGsOpT+M1/mZLNGmQ6uPXE4blwkpyla2AiEApkT1IJjfMgcYl613arLQ4nUrieyCoz8W8U+EWt1HhGM=',
        'MIIDKjCCAtACAQAwSTFHMEUGA1UEAxM+aWx5bTJleXB0eTVnbWFzcnB3djV0bjI1aWhsNnp3YnU3dDN5aXM3aTNhbzNwamRlbXR3NXAyYWQub25pb24wWTATBgcqhkjOPQIBBggqhkjOPQMBBwNCAASAc6Q7kSitT6fyLxEFZGkuuzNa9jtKyJR7X+dlJEEmw5Lt9tZZh33x2EjtrubvNXQ6o2Ok0bbirf38mNxlDpvYoIICIzAuBgkqhkiG9w0BCQ4xITAfMB0GA1UdDgQWBBSq+CkgQPuUKSTjGI+UdK61eLe3xzCCAUcGCSqGSIb3DQEJDDGCATgEggE0LxHEGHtvKSiDcFtzFUkCL4n71xN5ZfTPdAbFO34bUN1lRH9B8vVRIllPt7t78Us1jAQc0SbkZj/lmZdb/FlgjytUXwQCyU/4P+/XWsScrvD5iOkhipLZ9OBC6Z+Kxr8gHijlP8E/2VEDWp2TEI4y4PalusR0aiEkMK9G+aFPenTi6/7oUDZa5ePoBlSn4dtDiMkb9WT9fTv4W033G1PhszK8SEV7gM0ZlHyrt9vsThXW46jW1UhJfUZfQ4IzUAHZyfKlhux2mG3PIshCDI3fVIIu72b1YKV7ixkY39G8cq3B8pjCk7wLpVop7Bz8Ke9lf0qRL/cTsBcRYv5pH1B8L16tCHA/ZnYupxd++5vygxoK/F96rU5YuNpG2Xc4YhfW7/7u/CRECz1pIinU7Eanm0OPKUIwHgYKKwYBBAGDjBsCATEQEw51c2VyLWpvaW5pbmctMTA9BgkrBgECAQ8DAQExMBMuUW1aTFc2eTVtOGJyb1l1dEc0b2cyeW1YUlpVRGN4VmhkZ0hoaUtZS2hxdVVOcDBHBgNVHRExQBM+aWx5bTJleXB0eTVnbWFzcnB3djV0bjI1aWhsNnp3YnU3dDN5aXM3aTNhbzNwamRlbXR3NXAyYWQub25pb24wCgYIKoZIzj0EAwIDSAAwRQIhAJclKaxQLhPy8NHDIbipEmjrVtOqp7aXhzB9Wu8r3T/LAiB7+RGRT1sFjUy5Wk+IZTZ7I3xf1gi+PN9FCRngURsyyA==',
        'MIIDKjCCAtACAQAwSTFHMEUGA1UEAxM+ZTU3NmtyZ3YzeDdoeGVqd3lmYjR2Zml5eHdsbWdmNnUycTY0YW5nZ2J3c25ucnBlYzN1YmZvaWQub25pb24wWTATBgcqhkjOPQIBBggqhkjOPQMBBwNCAATnIhoeFv4HceoeOzC6x/n9E2zNgU18QQpohtiQIYs9qZtdpgQjOOHh98Nb0c6ix4Tf+Y5yBphKqhBZHTx/c60+oIICIzAuBgkqhkiG9w0BCQ4xITAfMB0GA1UdDgQWBBRPXKXKd+B8grn50ArRUFGbIm6h4jCCAUcGCSqGSIb3DQEJDDGCATgEggE0D9hxS1q2dIOXzWjJAaB3Q4YeSP8hPt9hx8BAEIeRiNOl0vbCcXBFibDmk2Bpu+vGd0ABl6SCCSew/ClC8nuU3o+ae6cefNC19thDGRv3RdxkvOMmZndXCuML5gwmCXGIvwG/lc0W8Vv03FCDC2vbWSGo+njmtEaEQTsZwrCl/TRQeWHGiB2sCXkH/DXueXByPKBgRMDqGcpmV2IhOsTuHF/7Cx5KT70CBIYw/JzJ2QjptZXlUtTiQ/cm/bpk+iHUmrn5JT70rQ0JNypYWl6BVEXHpyEEKwEb+HfyuJfinyk8j/WS+1zRTOFmx3XudtVlg/HrqHtO846ab44fMYmIeuLz2yd5h6MBi2urphuABlFaUqd2LbUYK0G4xL2WG+Ai5fE9Sbh8ZmGws5HCWHpvGhOmTkkwHgYKKwYBBAGDjBsCATEQEw51c2VyLWpvaW5pbmctMTA9BgkrBgECAQ8DAQExMBMuUW1RR0dzUGs4djFzeTNvQXdBMmVjZ2I2SldrMVhWekI4VTd2c0ZCMWREZlczYjBHBgNVHRExQBM+ZTU3NmtyZ3YzeDdoeGVqd3lmYjR2Zml5eHdsbWdmNnUycTY0YW5nZ2J3c25ucnBlYzN1YmZvaWQub25pb24wCgYIKoZIzj0EAwIDSAAwRQIgag3Elvsz6Cfm3OGkt5j5BjTvItNqKyKd4FRzlDovpyYCIQCLRWqVmjQrYkMO4om3ktje5V8LLKfuCUzcT/eO+7T+ew==',
        'MIIDKTCCAtACAQAwSTFHMEUGA1UEAxM+ZTU3NmtyZ3YzeDdoeGVqd3lmYjR2Zml5eHdsbWdmNnUycTY0YW5nZ2J3c25ucnBlYzN1YmZvaWQub25pb24wWTATBgcqhkjOPQIBBggqhkjOPQMBBwNCAATnIhoeFv4HceoeOzC6x/n9E2zNgU18QQpohtiQIYs9qZtdpgQjOOHh98Nb0c6ix4Tf+Y5yBphKqhBZHTx/c60+oIICIzAuBgkqhkiG9w0BCQ4xITAfMB0GA1UdDgQWBBRPXKXKd+B8grn50ArRUFGbIm6h4jCCAUcGCSqGSIb3DQEJDDGCATgEggE0D9hxS1q2dIOXzWjJAaB3Q4YeSP8hPt9hx8BAEIeRiNOl0vbCcXBFibDmk2Bpu+vGd0ABl6SCCSew/ClC8nuU3o+ae6cefNC19thDGRv3RdxkvOMmZndXCuML5gwmCXGIvwG/lc0W8Vv03FCDC2vbWSGo+njmtEaEQTsZwrCl/TRQeWHGiB2sCXkH/DXueXByPKBgRMDqGcpmV2IhOsTuHF/7Cx5KT70CBIYw/JzJ2QjptZXlUtTiQ/cm/bpk+iHUmrn5JT70rQ0JNypYWl6BVEXHpyEEKwEb+HfyuJfinyk8j/WS+1zRTOFmx3XudtVlg/HrqHtO846ab44fMYmIeuLz2yd5h6MBi2urphuABlFaUqd2LbUYK0G4xL2WG+Ai5fE9Sbh8ZmGws5HCWHpvGhOmTkkwHgYKKwYBBAGDjBsCATEQEw51c2VyLWpvaW5pbmctMjA9BgkrBgECAQ8DAQExMBMuUW1RR0dzUGs4djFzeTNvQXdBMmVjZ2I2SldrMVhWekI4VTd2c0ZCMWREZlczYjBHBgNVHRExQBM+ZTU3NmtyZ3YzeDdoeGVqd3lmYjR2Zml5eHdsbWdmNnUycTY0YW5nZ2J3c25ucnBlYzN1YmZvaWQub25pb24wCgYIKoZIzj0EAwIDRwAwRAIgXQIcKPTyXTWAGWH4UiykpIBw/cO1T5rn5s08fTpXkYgCICCjjLNI3W4uZyyF0qHf0dmHG3turzM5SH19Qt/pAXwG'
      ]
    }
[2m[22m
[2m      [2mat Socket.<anonymous> ([22m[2msrc/utils.ts[2m:159:15)[22m[2m[22m
  [2mconsole.log[22m
    [e2e_6q0pv39bdzw0]: 2024-03-22T21:01:32.873Z backend:CertificatesRequestsStore DuplicatedCertBug [...filteredCsrsMap.values()] [
      'MIIDIjCCAscCAQAwSTFHMEUGA1UEAxM+Mm90d2pyc3gzcGNmNmR2amhlb2w2djJ4Y3VpNm42cW40cmZraXBlMm9oM3Z5aWJpemlyNDZkaWQub25pb24wWTATBgcqhkjOPQIBBggqhkjOPQMBBwNCAASAyz/RAv61EQ7fSy3WbndIpaX9zi+r2BPNsF7eh2TyzlNUIqZ+ZGBrDPOP4ea+lYwAGYc0obSJgwiFRataRarIoIICGjAuBgkqhkiG9w0BCQ4xITAfMB0GA1UdDgQWBBRAQ+c+nMaAWHjxud5tJL3peqMp1zCCAUcGCSqGSIb3DQEJDDGCATgEggE0FVgLbFaN+gKO4Aqfjs/gNPtz+V9vgnwmOEuIipHYSyEyiZL7PmRutx07890ws44SwLYEKDBavLKfF1aSa1MOLps/bMWW2DDOngTVGyaWufh8OaBzxGIL3815BZLJF9VTgEuyJbOq3+XLZMj2fdEjXHTRvYURKZtc/O7FHYG5mOc7QTwkXd9jQ8tMYZ85wWJdR3ZLGWYfnrrplQTdkAq9H7DEH4OTypJSYjvhMBrDAZeFOe1nHVkJU14sO2x1rc9X1GQMYmLC4WxLcwdcyUh1aXOEev3VprQRQjaFznk0UHK33rn1q16YE5zc+3hhF03FOGSos8DMyQy3o10/p1fOI9oVSkFpKlx5OyZXz1uG6Utmt8htptEr4rE4jm9y6+r5DXm5nIjSZIbNgXh9boxyX7KvOkkwFQYKKwYBBAGDjBsCATEHEwVvd25lcjA9BgkrBgECAQ8DAQExMBMuUW1UcE5taXhzZlVTSEJtM3ZXdnZ1VGtndDJIZFhjMXNZaUJSdzRwTVJuODhHUjBHBgNVHRExQBM+Mm90d2pyc3gzcGNmNmR2amhlb2w2djJ4Y3VpNm42cW40cmZraXBlMm9oM3Z5aWJpemlyNDZkaWQub25pb24wCgYIKoZIzj0EAwIDSQAwRgIhAOK6Uac+lomfbGsOpT+M1/mZLNGmQ6uPXE4blwkpyla2AiEApkT1IJjfMgcYl613arLQ4nUrieyCoz8W8U+EWt1HhGM=',
      'MIIDKjCCAtACAQAwSTFHMEUGA1UEAxM+aWx5bTJleXB0eTVnbWFzcnB3djV0bjI1aWhsNnp3YnU3dDN5aXM3aTNhbzNwamRlbXR3NXAyYWQub25pb24wWTATBgcqhkjOPQIBBggqhkjOPQMBBwNCAASAc6Q7kSitT6fyLxEFZGkuuzNa9jtKyJR7X+dlJEEmw5Lt9tZZh33x2EjtrubvNXQ6o2Ok0bbirf38mNxlDpvYoIICIzAuBgkqhkiG9w0BCQ4xITAfMB0GA1UdDgQWBBSq+CkgQPuUKSTjGI+UdK61eLe3xzCCAUcGCSqGSIb3DQEJDDGCATgEggE0LxHEGHtvKSiDcFtzFUkCL4n71xN5ZfTPdAbFO34bUN1lRH9B8vVRIllPt7t78Us1jAQc0SbkZj/lmZdb/FlgjytUXwQCyU/4P+/XWsScrvD5iOkhipLZ9OBC6Z+Kxr8gHijlP8E/2VEDWp2TEI4y4PalusR0aiEkMK9G+aFPenTi6/7oUDZa5ePoBlSn4dtDiMkb9WT9fTv4W033G1PhszK8SEV7gM0ZlHyrt9vsThXW46jW1UhJfUZfQ4IzUAHZyfKlhux2mG3PIshCDI3fVIIu72b1YKV7ixkY39G8cq3B8pjCk7wLpVop7Bz8Ke9lf0qRL/cTsBcRYv5pH1B8L16tCHA/ZnYupxd++5vygxoK/F96rU5YuNpG2Xc4YhfW7/7u/CRECz1pIinU7Eanm0OPKUIwHgYKKwYBBAGDjBsCATEQEw51c2VyLWpvaW5pbmctMTA9BgkrBgECAQ8DAQExMBMuUW1aTFc2eTVtOGJyb1l1dEc0b2cyeW1YUlpVRGN4VmhkZ0hoaUtZS2hxdVVOcDBHBgNVHRExQBM+aWx5bTJleXB0eTVnbWFzcnB3djV0bjI1aWhsNnp3YnU3dDN5aXM3aTNhbzNwamRlbXR3NXAyYWQub25pb24wCgYIKoZIzj0EAwIDSAAwRQIhAJclKaxQLhPy8NHDIbipEmjrVtOqp7aXhzB9Wu8r3T/LAiB7+RGRT1sFjUy5Wk+IZTZ7I3xf1gi+PN9FCRngURsyyA==',
      'MIIDKTCCAtACAQAwSTFHMEUGA1UEAxM+ZTU3NmtyZ3YzeDdoeGVqd3lmYjR2Zml5eHdsbWdmNnUycTY0YW5nZ2J3c25ucnBlYzN1YmZvaWQub25pb24wWTATBgcqhkjOPQIBBggqhkjOPQMBBwNCAATnIhoeFv4HceoeOzC6x/n9E2zNgU18QQpohtiQIYs9qZtdpgQjOOHh98Nb0c6ix4Tf+Y5yBphKqhBZHTx/c60+oIICIzAuBgkqhkiG9w0BCQ4xITAfMB0GA1UdDgQWBBRPXKXKd+B8grn50ArRUFGbIm6h4jCCAUcGCSqGSIb3DQEJDDGCATgEggE0D9hxS1q2dIOXzWjJAaB3Q4YeSP8hPt9hx8BAEIeRiNOl0vbCcXBFibDmk2Bpu+vGd0ABl6SCCSew/ClC8nuU3o+ae6cefNC19thDGRv3RdxkvOMmZndXCuML5gwmCXGIvwG/lc0W8Vv03FCDC2vbWSGo+njmtEaEQTsZwrCl/TRQeWHGiB2sCXkH/DXueXByPKBgRMDqGcpmV2IhOsTuHF/7Cx5KT70CBIYw/JzJ2QjptZXlUtTiQ/cm/bpk+iHUmrn5JT70rQ0JNypYWl6BVEXHpyEEKwEb+HfyuJfinyk8j/WS+1zRTOFmx3XudtVlg/HrqHtO846ab44fMYmIeuLz2yd5h6MBi2urphuABlFaUqd2LbUYK0G4xL2WG+Ai5fE9Sbh8ZmGws5HCWHpvGhOmTkkwHgYKKwYBBAGDjBsCATEQEw51c2VyLWpvaW5pbmctMjA9BgkrBgECAQ8DAQExMBMuUW1RR0dzUGs4djFzeTNvQXdBMmVjZ2I2SldrMVhWekI4VTd2c0ZCMWREZlczYjBHBgNVHRExQBM+ZTU3NmtyZ3YzeDdoeGVqd3lmYjR2Zml5eHdsbWdmNnUycTY0YW5nZ2J3c25ucnBlYzN1YmZvaWQub25pb24wCgYIKoZIzj0EAwIDRwAwRAIgXQIcKPTyXTWAGWH4UiykpIBw/cO1T5rn5s08fTpXkYgCICCjjLNI3W4uZyyF0qHf0dmHG3turzM5SH19Qt/pAXwG'
    ]
[2m[22m
[2m      [2mat Socket.<anonymous> ([22m[2msrc/utils.ts[2m:159:15)[22m[2m[22m
  [2mconsole.log[22m
    [e2e_6q0pv39bdzw0]: 2024-03-22T21:01:32.873Z backend:ConnectionsManagerService Storage - csrsStored
[2m[22m
[2m      [2mat Socket.<anonymous> ([22m[2msrc/utils.ts[2m:159:15)[22m[2m[22m
  [2mconsole.log[22m
    [e2e_6q0pv39bdzw0]: 2024-03-22T21:01:32.874Z backend:StorageService csrs count: 4
[2m[22m
[2m      [2mat Socket.<anonymous> ([22m[2msrc/utils.ts[2m:159:15)[22m[2m[22m
  [2mconsole.log[22m
    stdout:
    updatePeersList, peers count: 4
[2m[22m
[2m      [2mat Socket.<anonymous> ([22m[2msrc/utils.ts[2m:149:15)[22m[2m[22m
  [2mconsole.log[22m
    [e2e_6q0pv39bdzw0]: 2024-03-22T21:01:32.876Z backend:Libp2pService Dialing 0 addresses
    2024-03-22T21:01:32.876Z backend:ProcessInChunksService Updating data with 0 items
    2024-03-22T21:01:32.876Z backend:ProcessInChunksService Processing 0 items
    2024-03-22T21:01:32.876Z backend:RegistrationService Trying to issue certificates false [
      {
        csrs: [
          'MIIDIjCCAscCAQAwSTFHMEUGA1UEAxM+Mm90d2pyc3gzcGNmNmR2amhlb2w2djJ4Y3VpNm42cW40cmZraXBlMm9oM3Z5aWJpemlyNDZkaWQub25pb24wWTATBgcqhkjOPQIBBggqhkjOPQMBBwNCAASAyz/RAv61EQ7fSy3WbndIpaX9zi+r2BPNsF7eh2TyzlNUIqZ+ZGBrDPOP4ea+lYwAGYc0obSJgwiFRataRarIoIICGjAuBgkqhkiG9w0BCQ4xITAfMB0GA1UdDgQWBBRAQ+c+nMaAWHjxud5tJL3peqMp1zCCAUcGCSqGSIb3DQEJDDGCATgEggE0FVgLbFaN+gKO4Aqfjs/gNPtz+V9vgnwmOEuIipHYSyEyiZL7PmRutx07890ws44SwLYEKDBavLKfF1aSa1MOLps/bMWW2DDOngTVGyaWufh8OaBzxGIL3815BZLJF9VTgEuyJbOq3+XLZMj2fdEjXHTRvYURKZtc/O7FHYG5mOc7QTwkXd9jQ8tMYZ85wWJdR3ZLGWYfnrrplQTdkAq9H7DEH4OTypJSYjvhMBrDAZeFOe1nHVkJU14sO2x1rc9X1GQMYmLC4WxLcwdcyUh1aXOEev3VprQRQjaFznk0UHK33rn1q16YE5zc+3hhF03FOGSos8DMyQy3o10/p1fOI9oVSkFpKlx5OyZXz1uG6Utmt8htptEr4rE4jm9y6+r5DXm5nIjSZIbNgXh9boxyX7KvOkkwFQYKKwYBBAGDjBsCATEHEwVvd25lcjA9BgkrBgECAQ8DAQExMBMuUW1UcE5taXhzZlVTSEJtM3ZXdnZ1VGtndDJIZFhjMXNZaUJSdzRwTVJuODhHUjBHBgNVHRExQBM+Mm90d2pyc3gzcGNmNmR2amhlb2w2djJ4Y3VpNm42cW40cmZraXBlMm9oM3Z5aWJpemlyNDZkaWQub25pb24wCgYIKoZIzj0EAwIDSQAwRgIhAOK6Uac+lomfbGsOpT+M1/mZLNGmQ6uPXE4blwkpyla2AiEApkT1IJjfMgcYl613arLQ4nUrieyCoz8W8U+EWt1HhGM=',
          'MIIDKjCCAtACAQAwSTFHMEUGA1UEAxM+aWx5bTJleXB0eTVnbWFzcnB3djV0bjI1aWhsNnp3YnU3dDN5aXM3aTNhbzNwamRlbXR3NXAyYWQub25pb24wWTATBgcqhkjOPQIBBggqhkjOPQMBBwNCAASAc6Q7kSitT6fyLxEFZGkuuzNa9jtKyJR7X+dlJEEmw5Lt9tZZh33x2EjtrubvNXQ6o2Ok0bbirf38mNxlDpvYoIICIzAuBgkqhkiG9w0BCQ4xITAfMB0GA1UdDgQWBBSq+CkgQPuUKSTjGI+UdK61eLe3xzCCAUcGCSqGSIb3DQEJDDGCATgEggE0LxHEGHtvKSiDcFtzFUkCL4n71xN5ZfTPdAbFO34bUN1lRH9B8vVRIllPt7t78Us1jAQc0SbkZj/lmZdb/FlgjytUXwQCyU/4P+/XWsScrvD5iOkhipLZ9OBC6Z+Kxr8gHijlP8E/2VEDWp2TEI4y4PalusR0aiEkMK9G+aFPenTi6/7oUDZa5ePoBlSn4dtDiMkb9WT9fTv4W033G1PhszK8SEV7gM0ZlHyrt9vsThXW46jW1UhJfUZfQ4IzUAHZyfKlhux2mG3PIshCDI3fVIIu72b1YKV7ixkY39G8cq3B8pjCk7wLpVop7Bz8Ke9lf0qRL/cTsBcRYv5pH1B8L16tCHA/ZnYupxd++5vygxoK/F96rU5YuNpG2Xc4YhfW7/7u/CRECz1pIinU7Eanm0OPKUIwHgYKKwYBBAGDjBsCATEQEw51c2VyLWpvaW5pbmctMTA9BgkrBgECAQ8DAQExMBMuUW1aTFc2eTVtOGJyb1l1dEc0b2cyeW1YUlpVRGN4VmhkZ0hoaUtZS2hxdVVOcDBHBgNVHRExQBM+aWx5bTJleXB0eTVnbWFzcnB3djV0bjI1aWhsNnp3YnU3dDN5aXM3aTNhbzNwamRlbXR3NXAyYWQub25pb24wCgYIKoZIzj0EAwIDSAAwRQIhAJclKaxQLhPy8NHDIbipEmjrVtOqp7aXhzB9Wu8r3T/LAiB7+RGRT1sFjUy5Wk+IZTZ7I3xf1gi+PN9FCRngURsyyA==',
          'MIIDKTCCAtACAQAwSTFHMEUGA1UEAxM+ZTU3NmtyZ3YzeDdoeGVqd3lmYjR2Zml5eHdsbWdmNnUycTY0YW5nZ2J3c25ucnBlYzN1YmZvaWQub25pb24wWTATBgcqhkjOPQIBBggqhkjOPQMBBwNCAATnIhoeFv4HceoeOzC6x/n9E2zNgU18QQpohtiQIYs9qZtdpgQjOOHh98Nb0c6ix4Tf+Y5yBphKqhBZHTx/c60+oIICIzAuBgkqhkiG9w0BCQ4xITAfMB0GA1UdDgQWBBRPXKXKd+B8grn50ArRUFGbIm6h4jCCAUcGCSqGSIb3DQEJDDGCATgEggE0D9hxS1q2dIOXzWjJAaB3Q4YeSP8hPt9hx8BAEIeRiNOl0vbCcXBFibDmk2Bpu+vGd0ABl6SCCSew/ClC8nuU3o+ae6cefNC19thDGRv3RdxkvOMmZndXCuML5gwmCXGIvwG/lc0W8Vv03FCDC2vbWSGo+njmtEaEQTsZwrCl/TRQeWHGiB2sCXkH/DXueXByPKBgRMDqGcpmV2IhOsTuHF/7Cx5KT70CBIYw/JzJ2QjptZXlUtTiQ/cm/bpk+iHUmrn5JT70rQ0JNypYWl6BVEXHpyEEKwEb+HfyuJfinyk8j/WS+1zRTOFmx3XudtVlg/HrqHtO846ab44fMYmIeuLz2yd5h6MBi2urphuABlFaUqd2LbUYK0G4xL2WG+Ai5fE9Sbh8ZmGws5HCWHpvGhOmTkkwHgYKKwYBBAGDjBsCATEQEw51c2VyLWpvaW5pbmctMjA9BgkrBgECAQ8DAQExMBMuUW1RR0dzUGs4djFzeTNvQXdBMmVjZ2I2SldrMVhWekI4VTd2c0ZCMWREZlczYjBHBgNVHRExQBM+ZTU3NmtyZ3YzeDdoeGVqd3lmYjR2Zml5eHdsbWdmNnUycTY0YW5nZ2J3c25ucnBlYzN1YmZvaWQub25pb24wCgYIKoZIzj0EAwIDRwAwRAIgXQIcKPTyXTWAGWH4UiykpIBw/cO1T5rn5s08fTpXkYgCICCjjLNI3W4uZyyF0qHf0dmHG3turzM5SH19Qt/pAXwG'
        ]
      }
    ]
    2024-03-22T21:01:32.876Z backend:RegistrationService Issuing certificates {
      csrs: [
        'MIIDIjCCAscCAQAwSTFHMEUGA1UEAxM+Mm90d2pyc3gzcGNmNmR2amhlb2w2djJ4Y3VpNm42cW40cmZraXBlMm9oM3Z5aWJpemlyNDZkaWQub25pb24wWTATBgcqhkjOPQIBBggqhkjOPQMBBwNCAASAyz/RAv61EQ7fSy3WbndIpaX9zi+r2BPNsF7eh2TyzlNUIqZ+ZGBrDPOP4ea+lYwAGYc0obSJgwiFRataRarIoIICGjAuBgkqhkiG9w0BCQ4xITAfMB0GA1UdDgQWBBRAQ+c+nMaAWHjxud5tJL3peqMp1zCCAUcGCSqGSIb3DQEJDDGCATgEggE0FVgLbFaN+gKO4Aqfjs/gNPtz+V9vgnwmOEuIipHYSyEyiZL7PmRutx07890ws44SwLYEKDBavLKfF1aSa1MOLps/bMWW2DDOngTVGyaWufh8OaBzxGIL3815BZLJF9VTgEuyJbOq3+XLZMj2fdEjXHTRvYURKZtc/O7FHYG5mOc7QTwkXd9jQ8tMYZ85wWJdR3ZLGWYfnrrplQTdkAq9H7DEH4OTypJSYjvhMBrDAZeFOe1nHVkJU14sO2x1rc9X1GQMYmLC4WxLcwdcyUh1aXOEev3VprQRQjaFznk0UHK33rn1q16YE5zc+3hhF03FOGSos8DMyQy3o10/p1fOI9oVSkFpKlx5OyZXz1uG6Utmt8htptEr4rE4jm9y6+r5DXm5nIjSZIbNgXh9boxyX7KvOkkwFQYKKwYBBAGDjBsCATEHEwVvd25lcjA9BgkrBgECAQ8DAQExMBMuUW1UcE5taXhzZlVTSEJtM3ZXdnZ1VGtndDJIZFhjMXNZaUJSdzRwTVJuODhHUjBHBgNVHRExQBM+Mm90d2pyc3gzcGNmNmR2amhlb2w2djJ4Y3VpNm42cW40cmZraXBlMm9oM3Z5aWJpemlyNDZkaWQub25pb24wCgYIKoZIzj0EAwIDSQAwRgIhAOK6Uac+lomfbGsOpT+M1/mZLNGmQ6uPXE4blwkpyla2AiEApkT1IJjfMgcYl613arLQ4nUrieyCoz8W8U+EWt1HhGM=',
        'MIIDKjCCAtACAQAwSTFHMEUGA1UEAxM+aWx5bTJleXB0eTVnbWFzcnB3djV0bjI1aWhsNnp3YnU3dDN5aXM3aTNhbzNwamRlbXR3NXAyYWQub25pb24wWTATBgcqhkjOPQIBBggqhkjOPQMBBwNCAASAc6Q7kSitT6fyLxEFZGkuuzNa9jtKyJR7X+dlJEEmw5Lt9tZZh33x2EjtrubvNXQ6o2Ok0bbirf38mNxlDpvYoIICIzAuBgkqhkiG9w0BCQ4xITAfMB0GA1UdDgQWBBSq+CkgQPuUKSTjGI+UdK61eLe3xzCCAUcGCSqGSIb3DQEJDDGCATgEggE0LxHEGHtvKSiDcFtzFUkCL4n71xN5ZfTPdAbFO34bUN1lRH9B8vVRIllPt7t78Us1jAQc0SbkZj/lmZdb/FlgjytUXwQCyU/4P+/XWsScrvD5iOkhipLZ9OBC6Z+Kxr8gHijlP8E/2VEDWp2TEI4y4PalusR0aiEkMK9G+aFPenTi6/7oUDZa5ePoBlSn4dtDiMkb9WT9fTv4W033G1PhszK8SEV7gM0ZlHyrt9vsThXW46jW1UhJfUZfQ4IzUAHZyfKlhux2mG3PIshCDI3fVIIu72b1YKV7ixkY39G8cq3B8pjCk7wLpVop7Bz8Ke9lf0qRL/cTsBcRYv5pH1B8L16tCHA/ZnYupxd++5vygxoK/F96rU5YuNpG2Xc4YhfW7/7u/CRECz1pIinU7Eanm0OPKUIwHgYKKwYBBAGDjBsCATEQEw51c2VyLWpvaW5pbmctMTA9BgkrBgECAQ8DAQExMBMuUW1aTFc2eTVtOGJyb1l1dEc0b2cyeW1YUlpVRGN4VmhkZ0hoaUtZS2hxdVVOcDBHBgNVHRExQBM+aWx5bTJleXB0eTVnbWFzcnB3djV0bjI1aWhsNnp3YnU3dDN5aXM3aTNhbzNwamRlbXR3NXAyYWQub25pb24wCgYIKoZIzj0EAwIDSAAwRQIhAJclKaxQLhPy8NHDIbipEmjrVtOqp7aXhzB9Wu8r3T/LAiB7+RGRT1sFjUy5Wk+IZTZ7I3xf1gi+PN9FCRngURsyyA==',
        'MIIDKTCCAtACAQAwSTFHMEUGA1UEAxM+ZTU3NmtyZ3YzeDdoeGVqd3lmYjR2Zml5eHdsbWdmNnUycTY0YW5nZ2J3c25ucnBlYzN1YmZvaWQub25pb24wWTATBgcqhkjOPQIBBggqhkjOPQMBBwNCAATnIhoeFv4HceoeOzC6x/n9E2zNgU18QQpohtiQIYs9qZtdpgQjOOHh98Nb0c6ix4Tf+Y5yBphKqhBZHTx/c60+oIICIzAuBgkqhkiG9w0BCQ4xITAfMB0GA1UdDgQWBBRPXKXKd+B8grn50ArRUFGbIm6h4jCCAUcGCSqGSIb3DQEJDDGCATgEggE0D9hxS1q2dIOXzWjJAaB3Q4YeSP8hPt9hx8BAEIeRiNOl0vbCcXBFibDmk2Bpu+vGd0ABl6SCCSew/ClC8nuU3o+ae6cefNC19thDGRv3RdxkvOMmZndXCuML5gwmCXGIvwG/lc0W8Vv03FCDC2vbWSGo+njmtEaEQTsZwrCl/TRQeWHGiB2sCXkH/DXueXByPKBgRMDqGcpmV2IhOsTuHF/7Cx5KT70CBIYw/JzJ2QjptZXlUtTiQ/cm/bpk+iHUmrn5JT70rQ0JNypYWl6BVEXHpyEEKwEb+HfyuJfinyk8j/WS+1zRTOFmx3XudtVlg/HrqHtO846ab44fMYmIeuLz2yd5h6MBi2urphuABlFaUqd2LbUYK0G4xL2WG+Ai5fE9Sbh8ZmGws5HCWHpvGhOmTkkwHgYKKwYBBAGDjBsCATEQEw51c2VyLWpvaW5pbmctMjA9BgkrBgECAQ8DAQExMBMuUW1RR0dzUGs4djFzeTNvQXdBMmVjZ2I2SldrMVhWekI4VTd2c0ZCMWREZlczYjBHBgNVHRExQBM+ZTU3NmtyZ3YzeDdoeGVqd3lmYjR2Zml5eHdsbWdmNnUycTY0YW5nZ2J3c25ucnBlYzN1YmZvaWQub25pb24wCgYIKoZIzj0EAwIDRwAwRAIgXQIcKPTyXTWAGWH4UiykpIBw/cO1T5rn5s08fTpXkYgCICCjjLNI3W4uZyyF0qHf0dmHG3turzM5SH19Qt/pAXwG'
      ]
    }
    2024-03-22T21:01:32.876Z backend:StorageService Loading all certificates
[2m[22m
[2m      [2mat Socket.<anonymous> ([22m[2msrc/utils.ts[2m:159:15)[22m[2m[22m
  [2mconsole.log[22m
    [e2e_6q0pv39bdzw0]: 2024-03-22T21:01:32.879Z backend:CertificatesRequestsStore DuplicatedCertBug {
      validation: true,
      csr: 'MIIDIjCCAscCAQAwSTFHMEUGA1UEAxM+Mm90d2pyc3gzcGNmNmR2amhlb2w2djJ4Y3VpNm42cW40cmZraXBlMm9oM3Z5aWJpemlyNDZkaWQub25pb24wWTATBgcqhkjOPQIBBggqhkjOPQMBBwNCAASAyz/RAv61EQ7fSy3WbndIpaX9zi+r2BPNsF7eh2TyzlNUIqZ+ZGBrDPOP4ea+lYwAGYc0obSJgwiFRataRarIoIICGjAuBgkqhkiG9w0BCQ4xITAfMB0GA1UdDgQWBBRAQ+c+nMaAWHjxud5tJL3peqMp1zCCAUcGCSqGSIb3DQEJDDGCATgEggE0FVgLbFaN+gKO4Aqfjs/gNPtz+V9vgnwmOEuIipHYSyEyiZL7PmRutx07890ws44SwLYEKDBavLKfF1aSa1MOLps/bMWW2DDOngTVGyaWufh8OaBzxGIL3815BZLJF9VTgEuyJbOq3+XLZMj2fdEjXHTRvYURKZtc/O7FHYG5mOc7QTwkXd9jQ8tMYZ85wWJdR3ZLGWYfnrrplQTdkAq9H7DEH4OTypJSYjvhMBrDAZeFOe1nHVkJU14sO2x1rc9X1GQMYmLC4WxLcwdcyUh1aXOEev3VprQRQjaFznk0UHK33rn1q16YE5zc+3hhF03FOGSos8DMyQy3o10/p1fOI9oVSkFpKlx5OyZXz1uG6Utmt8htptEr4rE4jm9y6+r5DXm5nIjSZIbNgXh9boxyX7KvOkkwFQYKKwYBBAGDjBsCATEHEwVvd25lcjA9BgkrBgECAQ8DAQExMBMuUW1UcE5taXhzZlVTSEJtM3ZXdnZ1VGtndDJIZFhjMXNZaUJSdzRwTVJuODhHUjBHBgNVHRExQBM+Mm90d2pyc3gzcGNmNmR2amhlb2w2djJ4Y3VpNm42cW40cmZraXBlMm9oM3Z5aWJpemlyNDZkaWQub25pb24wCgYIKoZIzj0EAwIDSQAwRgIhAOK6Uac+lomfbGsOpT+M1/mZLNGmQ6uPXE4blwkpyla2AiEApkT1IJjfMgcYl613arLQ4nUrieyCoz8W8U+EWt1HhGM='
    }
[2m[22m
[2m      [2mat Socket.<anonymous> ([22m[2msrc/utils.ts[2m:159:15)[22m[2m[22m
  [2mconsole.log[22m
    [e2e_6q0pv39bdzw0]: 2024-03-22T21:01:32.879Z backend:CertificatesRequestsStore DuplicatedCertBug {
      validation: true,
      csr: 'MIIDKjCCAtACAQAwSTFHMEUGA1UEAxM+aWx5bTJleXB0eTVnbWFzcnB3djV0bjI1aWhsNnp3YnU3dDN5aXM3aTNhbzNwamRlbXR3NXAyYWQub25pb24wWTATBgcqhkjOPQIBBggqhkjOPQMBBwNCAASAc6Q7kSitT6fyLxEFZGkuuzNa9jtKyJR7X+dlJEEmw5Lt9tZZh33x2EjtrubvNXQ6o2Ok0bbirf38mNxlDpvYoIICIzAuBgkqhkiG9w0BCQ4xITAfMB0GA1UdDgQWBBSq+CkgQPuUKSTjGI+UdK61eLe3xzCCAUcGCSqGSIb3DQEJDDGCATgEggE0LxHEGHtvKSiDcFtzFUkCL4n71xN5ZfTPdAbFO34bUN1lRH9B8vVRIllPt7t78Us1jAQc0SbkZj/lmZdb/FlgjytUXwQCyU/4P+/XWsScrvD5iOkhipLZ9OBC6Z+Kxr8gHijlP8E/2VEDWp2TEI4y4PalusR0aiEkMK9G+aFPenTi6/7oUDZa5ePoBlSn4dtDiMkb9WT9fTv4W033G1PhszK8SEV7gM0ZlHyrt9vsThXW46jW1UhJfUZfQ4IzUAHZyfKlhux2mG3PIshCDI3fVIIu72b1YKV7ixkY39G8cq3B8pjCk7wLpVop7Bz8Ke9lf0qRL/cTsBcRYv5pH1B8L16tCHA/ZnYupxd++5vygxoK/F96rU5YuNpG2Xc4YhfW7/7u/CRECz1pIinU7Eanm0OPKUIwHgYKKwYBBAGDjBsCATEQEw51c2VyLWpvaW5pbmctMTA9BgkrBgECAQ8DAQExMBMuUW1aTFc2eTVtOGJyb1l1dEc0b2cyeW1YUlpVRGN4VmhkZ0hoaUtZS2hxdVVOcDBHBgNVHRExQBM+aWx5bTJleXB0eTVnbWFzcnB3djV0bjI1aWhsNnp3YnU3dDN5aXM3aTNhbzNwamRlbXR3NXAyYWQub25pb24wCgYIKoZIzj0EAwIDSAAwRQIhAJclKaxQLhPy8NHDIbipEmjrVtOqp7aXhzB9Wu8r3T/LAiB7+RGRT1sFjUy5Wk+IZTZ7I3xf1gi+PN9FCRngURsyyA=='
    }
    2024-03-22T21:01:32.879Z backend:CertificatesRequestsStore DuplicatedCertBug {
      validation: true,
      csr: 'MIIDKjCCAtACAQAwSTFHMEUGA1UEAxM+ZTU3NmtyZ3YzeDdoeGVqd3lmYjR2Zml5eHdsbWdmNnUycTY0YW5nZ2J3c25ucnBlYzN1YmZvaWQub25pb24wWTATBgcqhkjOPQIBBggqhkjOPQMBBwNCAATnIhoeFv4HceoeOzC6x/n9E2zNgU18QQpohtiQIYs9qZtdpgQjOOHh98Nb0c6ix4Tf+Y5yBphKqhBZHTx/c60+oIICIzAuBgkqhkiG9w0BCQ4xITAfMB0GA1UdDgQWBBRPXKXKd+B8grn50ArRUFGbIm6h4jCCAUcGCSqGSIb3DQEJDDGCATgEggE0D9hxS1q2dIOXzWjJAaB3Q4YeSP8hPt9hx8BAEIeRiNOl0vbCcXBFibDmk2Bpu+vGd0ABl6SCCSew/ClC8nuU3o+ae6cefNC19thDGRv3RdxkvOMmZndXCuML5gwmCXGIvwG/lc0W8Vv03FCDC2vbWSGo+njmtEaEQTsZwrCl/TRQeWHGiB2sCXkH/DXueXByPKBgRMDqGcpmV2IhOsTuHF/7Cx5KT70CBIYw/JzJ2QjptZXlUtTiQ/cm/bpk+iHUmrn5JT70rQ0JNypYWl6BVEXHpyEEKwEb+HfyuJfinyk8j/WS+1zRTOFmx3XudtVlg/HrqHtO846ab44fMYmIeuLz2yd5h6MBi2urphuABlFaUqd2LbUYK0G4xL2WG+Ai5fE9Sbh8ZmGws5HCWHpvGhOmTkkwHgYKKwYBBAGDjBsCATEQEw51c2VyLWpvaW5pbmctMTA9BgkrBgECAQ8DAQExMBMuUW1RR0dzUGs4djFzeTNvQXdBMmVjZ2I2SldrMVhWekI4VTd2c0ZCMWREZlczYjBHBgNVHRExQBM+ZTU3NmtyZ3YzeDdoeGVqd3lmYjR2Zml5eHdsbWdmNnUycTY0YW5nZ2J3c25ucnBlYzN1YmZvaWQub25pb24wCgYIKoZIzj0EAwIDSAAwRQIgag3Elvsz6Cfm3OGkt5j5BjTvItNqKyKd4FRzlDovpyYCIQCLRWqVmjQrYkMO4om3ktje5V8LLKfuCUzcT/eO+7T+ew=='
    }
    2024-03-22T21:01:32.879Z backend:CertificatesRequestsStore DuplicatedCertBug {
      validation: true,
      csr: 'MIIDKTCCAtACAQAwSTFHMEUGA1UEAxM+ZTU3NmtyZ3YzeDdoeGVqd3lmYjR2Zml5eHdsbWdmNnUycTY0YW5nZ2J3c25ucnBlYzN1YmZvaWQub25pb24wWTATBgcqhkjOPQIBBggqhkjOPQMBBwNCAATnIhoeFv4HceoeOzC6x/n9E2zNgU18QQpohtiQIYs9qZtdpgQjOOHh98Nb0c6ix4Tf+Y5yBphKqhBZHTx/c60+oIICIzAuBgkqhkiG9w0BCQ4xITAfMB0GA1UdDgQWBBRPXKXKd+B8grn50ArRUFGbIm6h4jCCAUcGCSqGSIb3DQEJDDGCATgEggE0D9hxS1q2dIOXzWjJAaB3Q4YeSP8hPt9hx8BAEIeRiNOl0vbCcXBFibDmk2Bpu+vGd0ABl6SCCSew/ClC8nuU3o+ae6cefNC19thDGRv3RdxkvOMmZndXCuML5gwmCXGIvwG/lc0W8Vv03FCDC2vbWSGo+njmtEaEQTsZwrCl/TRQeWHGiB2sCXkH/DXueXByPKBgRMDqGcpmV2IhOsTuHF/7Cx5KT70CBIYw/JzJ2QjptZXlUtTiQ/cm/bpk+iHUmrn5JT70rQ0JNypYWl6BVEXHpyEEKwEb+HfyuJfinyk8j/WS+1zRTOFmx3XudtVlg/HrqHtO846ab44fMYmIeuLz2yd5h6MBi2urphuABlFaUqd2LbUYK0G4xL2WG+Ai5fE9Sbh8ZmGws5HCWHpvGhOmTkkwHgYKKwYBBAGDjBsCATEQEw51c2VyLWpvaW5pbmctMjA9BgkrBgECAQ8DAQExMBMuUW1RR0dzUGs4djFzeTNvQXdBMmVjZ2I2SldrMVhWekI4VTd2c0ZCMWREZlczYjBHBgNVHRExQBM+ZTU3NmtyZ3YzeDdoeGVqd3lmYjR2Zml5eHdsbWdmNnUycTY0YW5nZ2J3c25ucnBlYzN1YmZvaWQub25pb24wCgYIKoZIzj0EAwIDRwAwRAIgXQIcKPTyXTWAGWH4UiykpIBw/cO1T5rn5s08fTpXkYgCICCjjLNI3W4uZyyF0qHf0dmHG3turzM5SH19Qt/pAXwG'
    }
[2m[22m
[2m      [2mat Socket.<anonymous> ([22m[2msrc/utils.ts[2m:159:15)[22m[2m[22m
  [2mconsole.log[22m
    [e2e_6q0pv39bdzw0]: 2024-03-22T21:01:32.880Z backend:LocalDbService Local peer /dns4/e576krgv3x7hxejwyfb4vfiyxwlmgf6u2q64anggbwsnnrpec3ubfoid.onion/tcp/80/ws/p2p/QmQGGsPk8v1sy3oAwA2ecgb6JWk1XVzB8U7vsFB1dDfW3b
[2m[22m
[2m      [2mat Socket.<anonymous> ([22m[2msrc/utils.ts[2m:159:15)[22m[2m[22m
  [2mconsole.log[22m
    [e2e_6q0pv39bdzw0]: 2024-03-22T21:01:32.881Z backend:CertificatesStore Loaded certificates to memory
[2m[22m
[2m      [2mat Socket.<anonymous> ([22m[2msrc/utils.ts[2m:159:15)[22m[2m[22m
  [2mconsole.log[22m
    [e2e_4cc1hr73df40]: 2024-03-22T21:01:33.337Z backend:CertificatesRequestsStore Replicated CSRs
[2m[22m
[2m      [2mat Socket.<anonymous> ([22m[2msrc/utils.ts[2m:159:15)[22m[2m[22m
  [2mconsole.log[22m
    [e2e_4cc1hr73df40]: 2024-03-22T21:01:33.339Z backend:CertificatesRequestsStore DuplicatedCertBug {
      allEntries: [
        'MIIDIjCCAscCAQAwSTFHMEUGA1UEAxM+Mm90d2pyc3gzcGNmNmR2amhlb2w2djJ4Y3VpNm42cW40cmZraXBlMm9oM3Z5aWJpemlyNDZkaWQub25pb24wWTATBgcqhkjOPQIBBggqhkjOPQMBBwNCAASAyz/RAv61EQ7fSy3WbndIpaX9zi+r2BPNsF7eh2TyzlNUIqZ+ZGBrDPOP4ea+lYwAGYc0obSJgwiFRataRarIoIICGjAuBgkqhkiG9w0BCQ4xITAfMB0GA1UdDgQWBBRAQ+c+nMaAWHjxud5tJL3peqMp1zCCAUcGCSqGSIb3DQEJDDGCATgEggE0FVgLbFaN+gKO4Aqfjs/gNPtz+V9vgnwmOEuIipHYSyEyiZL7PmRutx07890ws44SwLYEKDBavLKfF1aSa1MOLps/bMWW2DDOngTVGyaWufh8OaBzxGIL3815BZLJF9VTgEuyJbOq3+XLZMj2fdEjXHTRvYURKZtc/O7FHYG5mOc7QTwkXd9jQ8tMYZ85wWJdR3ZLGWYfnrrplQTdkAq9H7DEH4OTypJSYjvhMBrDAZeFOe1nHVkJU14sO2x1rc9X1GQMYmLC4WxLcwdcyUh1aXOEev3VprQRQjaFznk0UHK33rn1q16YE5zc+3hhF03FOGSos8DMyQy3o10/p1fOI9oVSkFpKlx5OyZXz1uG6Utmt8htptEr4rE4jm9y6+r5DXm5nIjSZIbNgXh9boxyX7KvOkkwFQYKKwYBBAGDjBsCATEHEwVvd25lcjA9BgkrBgECAQ8DAQExMBMuUW1UcE5taXhzZlVTSEJtM3ZXdnZ1VGtndDJIZFhjMXNZaUJSdzRwTVJuODhHUjBHBgNVHRExQBM+Mm90d2pyc3gzcGNmNmR2amhlb2w2djJ4Y3VpNm42cW40cmZraXBlMm9oM3Z5aWJpemlyNDZkaWQub25pb24wCgYIKoZIzj0EAwIDSQAwRgIhAOK6Uac+lomfbGsOpT+M1/mZLNGmQ6uPXE4blwkpyla2AiEApkT1IJjfMgcYl613arLQ4nUrieyCoz8W8U+EWt1HhGM=',
        'MIIDKjCCAtACAQAwSTFHMEUGA1UEAxM+aWx5bTJleXB0eTVnbWFzcnB3djV0bjI1aWhsNnp3YnU3dDN5aXM3aTNhbzNwamRlbXR3NXAyYWQub25pb24wWTATBgcqhkjOPQIBBggqhkjOPQMBBwNCAASAc6Q7kSitT6fyLxEFZGkuuzNa9jtKyJR7X+dlJEEmw5Lt9tZZh33x2EjtrubvNXQ6o2Ok0bbirf38mNxlDpvYoIICIzAuBgkqhkiG9w0BCQ4xITAfMB0GA1UdDgQWBBSq+CkgQPuUKSTjGI+UdK61eLe3xzCCAUcGCSqGSIb3DQEJDDGCATgEggE0LxHEGHtvKSiDcFtzFUkCL4n71xN5ZfTPdAbFO34bUN1lRH9B8vVRIllPt7t78Us1jAQc0SbkZj/lmZdb/FlgjytUXwQCyU/4P+/XWsScrvD5iOkhipLZ9OBC6Z+Kxr8gHijlP8E/2VEDWp2TEI4y4PalusR0aiEkMK9G+aFPenTi6/7oUDZa5ePoBlSn4dtDiMkb9WT9fTv4W033G1PhszK8SEV7gM0ZlHyrt9vsThXW46jW1UhJfUZfQ4IzUAHZyfKlhux2mG3PIshCDI3fVIIu72b1YKV7ixkY39G8cq3B8pjCk7wLpVop7Bz8Ke9lf0qRL/cTsBcRYv5pH1B8L16tCHA/ZnYupxd++5vygxoK/F96rU5YuNpG2Xc4YhfW7/7u/CRECz1pIinU7Eanm0OPKUIwHgYKKwYBBAGDjBsCATEQEw51c2VyLWpvaW5pbmctMTA9BgkrBgECAQ8DAQExMBMuUW1aTFc2eTVtOGJyb1l1dEc0b2cyeW1YUlpVRGN4VmhkZ0hoaUtZS2hxdVVOcDBHBgNVHRExQBM+aWx5bTJleXB0eTVnbWFzcnB3djV0bjI1aWhsNnp3YnU3dDN5aXM3aTNhbzNwamRlbXR3NXAyYWQub25pb24wCgYIKoZIzj0EAwIDSAAwRQIhAJclKaxQLhPy8NHDIbipEmjrVtOqp7aXhzB9Wu8r3T/LAiB7+RGRT1sFjUy5Wk+IZTZ7I3xf1gi+PN9FCRngURsyyA==',
        'MIIDKjCCAtACAQAwSTFHMEUGA1UEAxM+ZTU3NmtyZ3YzeDdoeGVqd3lmYjR2Zml5eHdsbWdmNnUycTY0YW5nZ2J3c25ucnBlYzN1YmZvaWQub25pb24wWTATBgcqhkjOPQIBBggqhkjOPQMBBwNCAATnIhoeFv4HceoeOzC6x/n9E2zNgU18QQpohtiQIYs9qZtdpgQjOOHh98Nb0c6ix4Tf+Y5yBphKqhBZHTx/c60+oIICIzAuBgkqhkiG9w0BCQ4xITAfMB0GA1UdDgQWBBRPXKXKd+B8grn50ArRUFGbIm6h4jCCAUcGCSqGSIb3DQEJDDGCATgEggE0D9hxS1q2dIOXzWjJAaB3Q4YeSP8hPt9hx8BAEIeRiNOl0vbCcXBFibDmk2Bpu+vGd0ABl6SCCSew/ClC8nuU3o+ae6cefNC19thDGRv3RdxkvOMmZndXCuML5gwmCXGIvwG/lc0W8Vv03FCDC2vbWSGo+njmtEaEQTsZwrCl/TRQeWHGiB2sCXkH/DXueXByPKBgRMDqGcpmV2IhOsTuHF/7Cx5KT70CBIYw/JzJ2QjptZXlUtTiQ/cm/bpk+iHUmrn5JT70rQ0JNypYWl6BVEXHpyEEKwEb+HfyuJfinyk8j/WS+1zRTOFmx3XudtVlg/HrqHtO846ab44fMYmIeuLz2yd5h6MBi2urphuABlFaUqd2LbUYK0G4xL2WG+Ai5fE9Sbh8ZmGws5HCWHpvGhOmTkkwHgYKKwYBBAGDjBsCATEQEw51c2VyLWpvaW5pbmctMTA9BgkrBgECAQ8DAQExMBMuUW1RR0dzUGs4djFzeTNvQXdBMmVjZ2I2SldrMVhWekI4VTd2c0ZCMWREZlczYjBHBgNVHRExQBM+ZTU3NmtyZ3YzeDdoeGVqd3lmYjR2Zml5eHdsbWdmNnUycTY0YW5nZ2J3c25ucnBlYzN1YmZvaWQub25pb24wCgYIKoZIzj0EAwIDSAAwRQIgag3Elvsz6Cfm3OGkt5j5BjTvItNqKyKd4FRzlDovpyYCIQCLRWqVmjQrYkMO4om3ktje5V8LLKfuCUzcT/eO+7T+ew==',
        'MIIDKTCCAtACAQAwSTFHMEUGA1UEAxM+ZTU3NmtyZ3YzeDdoeGVqd3lmYjR2Zml5eHdsbWdmNnUycTY0YW5nZ2J3c25ucnBlYzN1YmZvaWQub25pb24wWTATBgcqhkjOPQIBBggqhkjOPQMBBwNCAATnIhoeFv4HceoeOzC6x/n9E2zNgU18QQpohtiQIYs9qZtdpgQjOOHh98Nb0c6ix4Tf+Y5yBphKqhBZHTx/c60+oIICIzAuBgkqhkiG9w0BCQ4xITAfMB0GA1UdDgQWBBRPXKXKd+B8grn50ArRUFGbIm6h4jCCAUcGCSqGSIb3DQEJDDGCATgEggE0D9hxS1q2dIOXzWjJAaB3Q4YeSP8hPt9hx8BAEIeRiNOl0vbCcXBFibDmk2Bpu+vGd0ABl6SCCSew/ClC8nuU3o+ae6cefNC19thDGRv3RdxkvOMmZndXCuML5gwmCXGIvwG/lc0W8Vv03FCDC2vbWSGo+njmtEaEQTsZwrCl/TRQeWHGiB2sCXkH/DXueXByPKBgRMDqGcpmV2IhOsTuHF/7Cx5KT70CBIYw/JzJ2QjptZXlUtTiQ/cm/bpk+iHUmrn5JT70rQ0JNypYWl6BVEXHpyEEKwEb+HfyuJfinyk8j/WS+1zRTOFmx3XudtVlg/HrqHtO846ab44fMYmIeuLz2yd5h6MBi2urphuABlFaUqd2LbUYK0G4xL2WG+Ai5fE9Sbh8ZmGws5HCWHpvGhOmTkkwHgYKKwYBBAGDjBsCATEQEw51c2VyLWpvaW5pbmctMjA9BgkrBgECAQ8DAQExMBMuUW1RR0dzUGs4djFzeTNvQXdBMmVjZ2I2SldrMVhWekI4VTd2c0ZCMWREZlczYjBHBgNVHRExQBM+ZTU3NmtyZ3YzeDdoeGVqd3lmYjR2Zml5eHdsbWdmNnUycTY0YW5nZ2J3c25ucnBlYzN1YmZvaWQub25pb24wCgYIKoZIzj0EAwIDRwAwRAIgXQIcKPTyXTWAGWH4UiykpIBw/cO1T5rn5s08fTpXkYgCICCjjLNI3W4uZyyF0qHf0dmHG3turzM5SH19Qt/pAXwG'
      ]
    }
[2m[22m
[2m      [2mat Socket.<anonymous> ([22m[2msrc/utils.ts[2m:159:15)[22m[2m[22m
  [2mconsole.log[22m
    [e2e_4cc1hr73df40]: 2024-03-22T21:01:33.339Z backend:CertificatesRequestsStore DuplicatedCertBug {
      allCsrsUnique: [
        'MIIDIjCCAscCAQAwSTFHMEUGA1UEAxM+Mm90d2pyc3gzcGNmNmR2amhlb2w2djJ4Y3VpNm42cW40cmZraXBlMm9oM3Z5aWJpemlyNDZkaWQub25pb24wWTATBgcqhkjOPQIBBggqhkjOPQMBBwNCAASAyz/RAv61EQ7fSy3WbndIpaX9zi+r2BPNsF7eh2TyzlNUIqZ+ZGBrDPOP4ea+lYwAGYc0obSJgwiFRataRarIoIICGjAuBgkqhkiG9w0BCQ4xITAfMB0GA1UdDgQWBBRAQ+c+nMaAWHjxud5tJL3peqMp1zCCAUcGCSqGSIb3DQEJDDGCATgEggE0FVgLbFaN+gKO4Aqfjs/gNPtz+V9vgnwmOEuIipHYSyEyiZL7PmRutx07890ws44SwLYEKDBavLKfF1aSa1MOLps/bMWW2DDOngTVGyaWufh8OaBzxGIL3815BZLJF9VTgEuyJbOq3+XLZMj2fdEjXHTRvYURKZtc/O7FHYG5mOc7QTwkXd9jQ8tMYZ85wWJdR3ZLGWYfnrrplQTdkAq9H7DEH4OTypJSYjvhMBrDAZeFOe1nHVkJU14sO2x1rc9X1GQMYmLC4WxLcwdcyUh1aXOEev3VprQRQjaFznk0UHK33rn1q16YE5zc+3hhF03FOGSos8DMyQy3o10/p1fOI9oVSkFpKlx5OyZXz1uG6Utmt8htptEr4rE4jm9y6+r5DXm5nIjSZIbNgXh9boxyX7KvOkkwFQYKKwYBBAGDjBsCATEHEwVvd25lcjA9BgkrBgECAQ8DAQExMBMuUW1UcE5taXhzZlVTSEJtM3ZXdnZ1VGtndDJIZFhjMXNZaUJSdzRwTVJuODhHUjBHBgNVHRExQBM+Mm90d2pyc3gzcGNmNmR2amhlb2w2djJ4Y3VpNm42cW40cmZraXBlMm9oM3Z5aWJpemlyNDZkaWQub25pb24wCgYIKoZIzj0EAwIDSQAwRgIhAOK6Uac+lomfbGsOpT+M1/mZLNGmQ6uPXE4blwkpyla2AiEApkT1IJjfMgcYl613arLQ4nUrieyCoz8W8U+EWt1HhGM=',
        'MIIDKjCCAtACAQAwSTFHMEUGA1UEAxM+aWx5bTJleXB0eTVnbWFzcnB3djV0bjI1aWhsNnp3YnU3dDN5aXM3aTNhbzNwamRlbXR3NXAyYWQub25pb24wWTATBgcqhkjOPQIBBggqhkjOPQMBBwNCAASAc6Q7kSitT6fyLxEFZGkuuzNa9jtKyJR7X+dlJEEmw5Lt9tZZh33x2EjtrubvNXQ6o2Ok0bbirf38mNxlDpvYoIICIzAuBgkqhkiG9w0BCQ4xITAfMB0GA1UdDgQWBBSq+CkgQPuUKSTjGI+UdK61eLe3xzCCAUcGCSqGSIb3DQEJDDGCATgEggE0LxHEGHtvKSiDcFtzFUkCL4n71xN5ZfTPdAbFO34bUN1lRH9B8vVRIllPt7t78Us1jAQc0SbkZj/lmZdb/FlgjytUXwQCyU/4P+/XWsScrvD5iOkhipLZ9OBC6Z+Kxr8gHijlP8E/2VEDWp2TEI4y4PalusR0aiEkMK9G+aFPenTi6/7oUDZa5ePoBlSn4dtDiMkb9WT9fTv4W033G1PhszK8SEV7gM0ZlHyrt9vsThXW46jW1UhJfUZfQ4IzUAHZyfKlhux2mG3PIshCDI3fVIIu72b1YKV7ixkY39G8cq3B8pjCk7wLpVop7Bz8Ke9lf0qRL/cTsBcRYv5pH1B8L16tCHA/ZnYupxd++5vygxoK/F96rU5YuNpG2Xc4YhfW7/7u/CRECz1pIinU7Eanm0OPKUIwHgYKKwYBBAGDjBsCATEQEw51c2VyLWpvaW5pbmctMTA9BgkrBgECAQ8DAQExMBMuUW1aTFc2eTVtOGJyb1l1dEc0b2cyeW1YUlpVRGN4VmhkZ0hoaUtZS2hxdVVOcDBHBgNVHRExQBM+aWx5bTJleXB0eTVnbWFzcnB3djV0bjI1aWhsNnp3YnU3dDN5aXM3aTNhbzNwamRlbXR3NXAyYWQub25pb24wCgYIKoZIzj0EAwIDSAAwRQIhAJclKaxQLhPy8NHDIbipEmjrVtOqp7aXhzB9Wu8r3T/LAiB7+RGRT1sFjUy5Wk+IZTZ7I3xf1gi+PN9FCRngURsyyA==',
        'MIIDKjCCAtACAQAwSTFHMEUGA1UEAxM+ZTU3NmtyZ3YzeDdoeGVqd3lmYjR2Zml5eHdsbWdmNnUycTY0YW5nZ2J3c25ucnBlYzN1YmZvaWQub25pb24wWTATBgcqhkjOPQIBBggqhkjOPQMBBwNCAATnIhoeFv4HceoeOzC6x/n9E2zNgU18QQpohtiQIYs9qZtdpgQjOOHh98Nb0c6ix4Tf+Y5yBphKqhBZHTx/c60+oIICIzAuBgkqhkiG9w0BCQ4xITAfMB0GA1UdDgQWBBRPXKXKd+B8grn50ArRUFGbIm6h4jCCAUcGCSqGSIb3DQEJDDGCATgEggE0D9hxS1q2dIOXzWjJAaB3Q4YeSP8hPt9hx8BAEIeRiNOl0vbCcXBFibDmk2Bpu+vGd0ABl6SCCSew/ClC8nuU3o+ae6cefNC19thDGRv3RdxkvOMmZndXCuML5gwmCXGIvwG/lc0W8Vv03FCDC2vbWSGo+njmtEaEQTsZwrCl/TRQeWHGiB2sCXkH/DXueXByPKBgRMDqGcpmV2IhOsTuHF/7Cx5KT70CBIYw/JzJ2QjptZXlUtTiQ/cm/bpk+iHUmrn5JT70rQ0JNypYWl6BVEXHpyEEKwEb+HfyuJfinyk8j/WS+1zRTOFmx3XudtVlg/HrqHtO846ab44fMYmIeuLz2yd5h6MBi2urphuABlFaUqd2LbUYK0G4xL2WG+Ai5fE9Sbh8ZmGws5HCWHpvGhOmTkkwHgYKKwYBBAGDjBsCATEQEw51c2VyLWpvaW5pbmctMTA9BgkrBgECAQ8DAQExMBMuUW1RR0dzUGs4djFzeTNvQXdBMmVjZ2I2SldrMVhWekI4VTd2c0ZCMWREZlczYjBHBgNVHRExQBM+ZTU3NmtyZ3YzeDdoeGVqd3lmYjR2Zml5eHdsbWdmNnUycTY0YW5nZ2J3c25ucnBlYzN1YmZvaWQub25pb24wCgYIKoZIzj0EAwIDSAAwRQIgag3Elvsz6Cfm3OGkt5j5BjTvItNqKyKd4FRzlDovpyYCIQCLRWqVmjQrYkMO4om3ktje5V8LLKfuCUzcT/eO+7T+ew==',
        'MIIDKTCCAtACAQAwSTFHMEUGA1UEAxM+ZTU3NmtyZ3YzeDdoeGVqd3lmYjR2Zml5eHdsbWdmNnUycTY0YW5nZ2J3c25ucnBlYzN1YmZvaWQub25pb24wWTATBgcqhkjOPQIBBggqhkjOPQMBBwNCAATnIhoeFv4HceoeOzC6x/n9E2zNgU18QQpohtiQIYs9qZtdpgQjOOHh98Nb0c6ix4Tf+Y5yBphKqhBZHTx/c60+oIICIzAuBgkqhkiG9w0BCQ4xITAfMB0GA1UdDgQWBBRPXKXKd+B8grn50ArRUFGbIm6h4jCCAUcGCSqGSIb3DQEJDDGCATgEggE0D9hxS1q2dIOXzWjJAaB3Q4YeSP8hPt9hx8BAEIeRiNOl0vbCcXBFibDmk2Bpu+vGd0ABl6SCCSew/ClC8nuU3o+ae6cefNC19thDGRv3RdxkvOMmZndXCuML5gwmCXGIvwG/lc0W8Vv03FCDC2vbWSGo+njmtEaEQTsZwrCl/TRQeWHGiB2sCXkH/DXueXByPKBgRMDqGcpmV2IhOsTuHF/7Cx5KT70CBIYw/JzJ2QjptZXlUtTiQ/cm/bpk+iHUmrn5JT70rQ0JNypYWl6BVEXHpyEEKwEb+HfyuJfinyk8j/WS+1zRTOFmx3XudtVlg/HrqHtO846ab44fMYmIeuLz2yd5h6MBi2urphuABlFaUqd2LbUYK0G4xL2WG+Ai5fE9Sbh8ZmGws5HCWHpvGhOmTkkwHgYKKwYBBAGDjBsCATEQEw51c2VyLWpvaW5pbmctMjA9BgkrBgECAQ8DAQExMBMuUW1RR0dzUGs4djFzeTNvQXdBMmVjZ2I2SldrMVhWekI4VTd2c0ZCMWREZlczYjBHBgNVHRExQBM+ZTU3NmtyZ3YzeDdoeGVqd3lmYjR2Zml5eHdsbWdmNnUycTY0YW5nZ2J3c25ucnBlYzN1YmZvaWQub25pb24wCgYIKoZIzj0EAwIDRwAwRAIgXQIcKPTyXTWAGWH4UiykpIBw/cO1T5rn5s08fTpXkYgCICCjjLNI3W4uZyyF0qHf0dmHG3turzM5SH19Qt/pAXwG'
      ]
    }
[2m[22m
[2m      [2mat Socket.<anonymous> ([22m[2msrc/utils.ts[2m:159:15)[22m[2m[22m
  [2mconsole.log[22m
    [e2e_4cc1hr73df40]: 2024-03-22T21:01:33.344Z backend:CertificatesRequestsStore DuplicatedCertBug [...filteredCsrsMap.values()] [
      'MIIDIjCCAscCAQAwSTFHMEUGA1UEAxM+Mm90d2pyc3gzcGNmNmR2amhlb2w2djJ4Y3VpNm42cW40cmZraXBlMm9oM3Z5aWJpemlyNDZkaWQub25pb24wWTATBgcqhkjOPQIBBggqhkjOPQMBBwNCAASAyz/RAv61EQ7fSy3WbndIpaX9zi+r2BPNsF7eh2TyzlNUIqZ+ZGBrDPOP4ea+lYwAGYc0obSJgwiFRataRarIoIICGjAuBgkqhkiG9w0BCQ4xITAfMB0GA1UdDgQWBBRAQ+c+nMaAWHjxud5tJL3peqMp1zCCAUcGCSqGSIb3DQEJDDGCATgEggE0FVgLbFaN+gKO4Aqfjs/gNPtz+V9vgnwmOEuIipHYSyEyiZL7PmRutx07890ws44SwLYEKDBavLKfF1aSa1MOLps/bMWW2DDOngTVGyaWufh8OaBzxGIL3815BZLJF9VTgEuyJbOq3+XLZMj2fdEjXHTRvYURKZtc/O7FHYG5mOc7QTwkXd9jQ8tMYZ85wWJdR3ZLGWYfnrrplQTdkAq9H7DEH4OTypJSYjvhMBrDAZeFOe1nHVkJU14sO2x1rc9X1GQMYmLC4WxLcwdcyUh1aXOEev3VprQRQjaFznk0UHK33rn1q16YE5zc+3hhF03FOGSos8DMyQy3o10/p1fOI9oVSkFpKlx5OyZXz1uG6Utmt8htptEr4rE4jm9y6+r5DXm5nIjSZIbNgXh9boxyX7KvOkkwFQYKKwYBBAGDjBsCATEHEwVvd25lcjA9BgkrBgECAQ8DAQExMBMuUW1UcE5taXhzZlVTSEJtM3ZXdnZ1VGtndDJIZFhjMXNZaUJSdzRwTVJuODhHUjBHBgNVHRExQBM+Mm90d2pyc3gzcGNmNmR2amhlb2w2djJ4Y3VpNm42cW40cmZraXBlMm9oM3Z5aWJpemlyNDZkaWQub25pb24wCgYIKoZIzj0EAwIDSQAwRgIhAOK6Uac+lomfbGsOpT+M1/mZLNGmQ6uPXE4blwkpyla2AiEApkT1IJjfMgcYl613arLQ4nUrieyCoz8W8U+EWt1HhGM=',
      'MIIDKjCCAtACAQAwSTFHMEUGA1UEAxM+aWx5bTJleXB0eTVnbWFzcnB3djV0bjI1aWhsNnp3YnU3dDN5aXM3aTNhbzNwamRlbXR3NXAyYWQub25pb24wWTATBgcqhkjOPQIBBggqhkjOPQMBBwNCAASAc6Q7kSitT6fyLxEFZGkuuzNa9jtKyJR7X+dlJEEmw5Lt9tZZh33x2EjtrubvNXQ6o2Ok0bbirf38mNxlDpvYoIICIzAuBgkqhkiG9w0BCQ4xITAfMB0GA1UdDgQWBBSq+CkgQPuUKSTjGI+UdK61eLe3xzCCAUcGCSqGSIb3DQEJDDGCATgEggE0LxHEGHtvKSiDcFtzFUkCL4n71xN5ZfTPdAbFO34bUN1lRH9B8vVRIllPt7t78Us1jAQc0SbkZj/lmZdb/FlgjytUXwQCyU/4P+/XWsScrvD5iOkhipLZ9OBC6Z+Kxr8gHijlP8E/2VEDWp2TEI4y4PalusR0aiEkMK9G+aFPenTi6/7oUDZa5ePoBlSn4dtDiMkb9WT9fTv4W033G1PhszK8SEV7gM0ZlHyrt9vsThXW46jW1UhJfUZfQ4IzUAHZyfKlhux2mG3PIshCDI3fVIIu72b1YKV7ixkY39G8cq3B8pjCk7wLpVop7Bz8Ke9lf0qRL/cTsBcRYv5pH1B8L16tCHA/ZnYupxd++5vygxoK/F96rU5YuNpG2Xc4YhfW7/7u/CRECz1pIinU7Eanm0OPKUIwHgYKKwYBBAGDjBsCATEQEw51c2VyLWpvaW5pbmctMTA9BgkrBgECAQ8DAQExMBMuUW1aTFc2eTVtOGJyb1l1dEc0b2cyeW1YUlpVRGN4VmhkZ0hoaUtZS2hxdVVOcDBHBgNVHRExQBM+aWx5bTJleXB0eTVnbWFzcnB3djV0bjI1aWhsNnp3YnU3dDN5aXM3aTNhbzNwamRlbXR3NXAyYWQub25pb24wCgYIKoZIzj0EAwIDSAAwRQIhAJclKaxQLhPy8NHDIbipEmjrVtOqp7aXhzB9Wu8r3T/LAiB7+RGRT1sFjUy5Wk+IZTZ7I3xf1gi+PN9FCRngURsyyA==',
      'MIIDKTCCAtACAQAwSTFHMEUGA1UEAxM+ZTU3NmtyZ3YzeDdoeGVqd3lmYjR2Zml5eHdsbWdmNnUycTY0YW5nZ2J3c25ucnBlYzN1YmZvaWQub25pb24wWTATBgcqhkjOPQIBBggqhkjOPQMBBwNCAATnIhoeFv4HceoeOzC6x/n9E2zNgU18QQpohtiQIYs9qZtdpgQjOOHh98Nb0c6ix4Tf+Y5yBphKqhBZHTx/c60+oIICIzAuBgkqhkiG9w0BCQ4xITAfMB0GA1UdDgQWBBRPXKXKd+B8grn50ArRUFGbIm6h4jCCAUcGCSqGSIb3DQEJDDGCATgEggE0D9hxS1q2dIOXzWjJAaB3Q4YeSP8hPt9hx8BAEIeRiNOl0vbCcXBFibDmk2Bpu+vGd0ABl6SCCSew/ClC8nuU3o+ae6cefNC19thDGRv3RdxkvOMmZndXCuML5gwmCXGIvwG/lc0W8Vv03FCDC2vbWSGo+njmtEaEQTsZwrCl/TRQeWHGiB2sCXkH/DXueXByPKBgRMDqGcpmV2IhOsTuHF/7Cx5KT70CBIYw/JzJ2QjptZXlUtTiQ/cm/bpk+iHUmrn5JT70rQ0JNypYWl6BVEXHpyEEKwEb+HfyuJfinyk8j/WS+1zRTOFmx3XudtVlg/HrqHtO846ab44fMYmIeuLz2yd5h6MBi2urphuABlFaUqd2LbUYK0G4xL2WG+Ai5fE9Sbh8ZmGws5HCWHpvGhOmTkkwHgYKKwYBBAGDjBsCATEQEw51c2VyLWpvaW5pbmctMjA9BgkrBgECAQ8DAQExMBMuUW1RR0dzUGs4djFzeTNvQXdBMmVjZ2I2SldrMVhWekI4VTd2c0ZCMWREZlczYjBHBgNVHRExQBM+ZTU3NmtyZ3YzeDdoeGVqd3lmYjR2Zml5eHdsbWdmNnUycTY0YW5nZ2J3c25ucnBlYzN1YmZvaWQub25pb24wCgYIKoZIzj0EAwIDRwAwRAIgXQIcKPTyXTWAGWH4UiykpIBw/cO1T5rn5s08fTpXkYgCICCjjLNI3W4uZyyF0qHf0dmHG3turzM5SH19Qt/pAXwG'
    ]
[2m[22m
[2m      [2mat Socket.<anonymous> ([22m[2msrc/utils.ts[2m:159:15)[22m[2m[22m
  [2mconsole.log[22m
    [e2e_4cc1hr73df40]: 2024-03-22T21:01:33.344Z backend:ConnectionsManagerService Storage - csrsStored
[2m[22m
[2m      [2mat Socket.<anonymous> ([22m[2msrc/utils.ts[2m:159:15)[22m[2m[22m
  [2mconsole.log[22m
    [e2e_4cc1hr73df40]: 2024-03-22T21:01:33.345Z backend:StorageService csrs count: 4
[2m[22m
[2m      [2mat Socket.<anonymous> ([22m[2msrc/utils.ts[2m:159:15)[22m[2m[22m
  [2mconsole.log[22m
    stdout:
    updatePeersList, peers count: 4
[2m[22m
[2m      [2mat Socket.<anonymous> ([22m[2msrc/utils.ts[2m:149:15)[22m[2m[22m
  [2mconsole.log[22m
    [e2e_4cc1hr73df40]: 2024-03-22T21:01:33.347Z backend:Libp2pService Dialing 0 addresses
    2024-03-22T21:01:33.347Z backend:ProcessInChunksService Updating data with 0 items
    2024-03-22T21:01:33.347Z backend:ProcessInChunksService Processing 0 items
[2m[22m
[2m      [2mat Socket.<anonymous> ([22m[2msrc/utils.ts[2m:159:15)[22m[2m[22m
  [2mconsole.log[22m
    [e2e_4cc1hr73df40]: 2024-03-22T21:01:33.347Z backend:RegistrationService Trying to issue certificates false [
      {
        csrs: [
          'MIIDIjCCAscCAQAwSTFHMEUGA1UEAxM+Mm90d2pyc3gzcGNmNmR2amhlb2w2djJ4Y3VpNm42cW40cmZraXBlMm9oM3Z5aWJpemlyNDZkaWQub25pb24wWTATBgcqhkjOPQIBBggqhkjOPQMBBwNCAASAyz/RAv61EQ7fSy3WbndIpaX9zi+r2BPNsF7eh2TyzlNUIqZ+ZGBrDPOP4ea+lYwAGYc0obSJgwiFRataRarIoIICGjAuBgkqhkiG9w0BCQ4xITAfMB0GA1UdDgQWBBRAQ+c+nMaAWHjxud5tJL3peqMp1zCCAUcGCSqGSIb3DQEJDDGCATgEggE0FVgLbFaN+gKO4Aqfjs/gNPtz+V9vgnwmOEuIipHYSyEyiZL7PmRutx07890ws44SwLYEKDBavLKfF1aSa1MOLps/bMWW2DDOngTVGyaWufh8OaBzxGIL3815BZLJF9VTgEuyJbOq3+XLZMj2fdEjXHTRvYURKZtc/O7FHYG5mOc7QTwkXd9jQ8tMYZ85wWJdR3ZLGWYfnrrplQTdkAq9H7DEH4OTypJSYjvhMBrDAZeFOe1nHVkJU14sO2x1rc9X1GQMYmLC4WxLcwdcyUh1aXOEev3VprQRQjaFznk0UHK33rn1q16YE5zc+3hhF03FOGSos8DMyQy3o10/p1fOI9oVSkFpKlx5OyZXz1uG6Utmt8htptEr4rE4jm9y6+r5DXm5nIjSZIbNgXh9boxyX7KvOkkwFQYKKwYBBAGDjBsCATEHEwVvd25lcjA9BgkrBgECAQ8DAQExMBMuUW1UcE5taXhzZlVTSEJtM3ZXdnZ1VGtndDJIZFhjMXNZaUJSdzRwTVJuODhHUjBHBgNVHRExQBM+Mm90d2pyc3gzcGNmNmR2amhlb2w2djJ4Y3VpNm42cW40cmZraXBlMm9oM3Z5aWJpemlyNDZkaWQub25pb24wCgYIKoZIzj0EAwIDSQAwRgIhAOK6Uac+lomfbGsOpT+M1/mZLNGmQ6uPXE4blwkpyla2AiEApkT1IJjfMgcYl613arLQ4nUrieyCoz8W8U+EWt1HhGM=',
          'MIIDKjCCAtACAQAwSTFHMEUGA1UEAxM+aWx5bTJleXB0eTVnbWFzcnB3djV0bjI1aWhsNnp3YnU3dDN5aXM3aTNhbzNwamRlbXR3NXAyYWQub25pb24wWTATBgcqhkjOPQIBBggqhkjOPQMBBwNCAASAc6Q7kSitT6fyLxEFZGkuuzNa9jtKyJR7X+dlJEEmw5Lt9tZZh33x2EjtrubvNXQ6o2Ok0bbirf38mNxlDpvYoIICIzAuBgkqhkiG9w0BCQ4xITAfMB0GA1UdDgQWBBSq+CkgQPuUKSTjGI+UdK61eLe3xzCCAUcGCSqGSIb3DQEJDDGCATgEggE0LxHEGHtvKSiDcFtzFUkCL4n71xN5ZfTPdAbFO34bUN1lRH9B8vVRIllPt7t78Us1jAQc0SbkZj/lmZdb/FlgjytUXwQCyU/4P+/XWsScrvD5iOkhipLZ9OBC6Z+Kxr8gHijlP8E/2VEDWp2TEI4y4PalusR0aiEkMK9G+aFPenTi6/7oUDZa5ePoBlSn4dtDiMkb9WT9fTv4W033G1PhszK8SEV7gM0ZlHyrt9vsThXW46jW1UhJfUZfQ4IzUAHZyfKlhux2mG3PIshCDI3fVIIu72b1YKV7ixkY39G8cq3B8pjCk7wLpVop7Bz8Ke9lf0qRL/cTsBcRYv5pH1B8L16tCHA/ZnYupxd++5vygxoK/F96rU5YuNpG2Xc4YhfW7/7u/CRECz1pIinU7Eanm0OPKUIwHgYKKwYBBAGDjBsCATEQEw51c2VyLWpvaW5pbmctMTA9BgkrBgECAQ8DAQExMBMuUW1aTFc2eTVtOGJyb1l1dEc0b2cyeW1YUlpVRGN4VmhkZ0hoaUtZS2hxdVVOcDBHBgNVHRExQBM+aWx5bTJleXB0eTVnbWFzcnB3djV0bjI1aWhsNnp3YnU3dDN5aXM3aTNhbzNwamRlbXR3NXAyYWQub25pb24wCgYIKoZIzj0EAwIDSAAwRQIhAJclKaxQLhPy8NHDIbipEmjrVtOqp7aXhzB9Wu8r3T/LAiB7+RGRT1sFjUy5Wk+IZTZ7I3xf1gi+PN9FCRngURsyyA==',
          'MIIDKTCCAtACAQAwSTFHMEUGA1UEAxM+ZTU3NmtyZ3YzeDdoeGVqd3lmYjR2Zml5eHdsbWdmNnUycTY0YW5nZ2J3c25ucnBlYzN1YmZvaWQub25pb24wWTATBgcqhkjOPQIBBggqhkjOPQMBBwNCAATnIhoeFv4HceoeOzC6x/n9E2zNgU18QQpohtiQIYs9qZtdpgQjOOHh98Nb0c6ix4Tf+Y5yBphKqhBZHTx/c60+oIICIzAuBgkqhkiG9w0BCQ4xITAfMB0GA1UdDgQWBBRPXKXKd+B8grn50ArRUFGbIm6h4jCCAUcGCSqGSIb3DQEJDDGCATgEggE0D9hxS1q2dIOXzWjJAaB3Q4YeSP8hPt9hx8BAEIeRiNOl0vbCcXBFibDmk2Bpu+vGd0ABl6SCCSew/ClC8nuU3o+ae6cefNC19thDGRv3RdxkvOMmZndXCuML5gwmCXGIvwG/lc0W8Vv03FCDC2vbWSGo+njmtEaEQTsZwrCl/TRQeWHGiB2sCXkH/DXueXByPKBgRMDqGcpmV2IhOsTuHF/7Cx5KT70CBIYw/JzJ2QjptZXlUtTiQ/cm/bpk+iHUmrn5JT70rQ0JNypYWl6BVEXHpyEEKwEb+HfyuJfinyk8j/WS+1zRTOFmx3XudtVlg/HrqHtO846ab44fMYmIeuLz2yd5h6MBi2urphuABlFaUqd2LbUYK0G4xL2WG+Ai5fE9Sbh8ZmGws5HCWHpvGhOmTkkwHgYKKwYBBAGDjBsCATEQEw51c2VyLWpvaW5pbmctMjA9BgkrBgECAQ8DAQExMBMuUW1RR0dzUGs4djFzeTNvQXdBMmVjZ2I2SldrMVhWekI4VTd2c0ZCMWREZlczYjBHBgNVHRExQBM+ZTU3NmtyZ3YzeDdoeGVqd3lmYjR2Zml5eHdsbWdmNnUycTY0YW5nZ2J3c25ucnBlYzN1YmZvaWQub25pb24wCgYIKoZIzj0EAwIDRwAwRAIgXQIcKPTyXTWAGWH4UiykpIBw/cO1T5rn5s08fTpXkYgCICCjjLNI3W4uZyyF0qHf0dmHG3turzM5SH19Qt/pAXwG'
        ]
      }
    ]
    2024-03-22T21:01:33.347Z backend:RegistrationService Issuing certificates {
      csrs: [
        'MIIDIjCCAscCAQAwSTFHMEUGA1UEAxM+Mm90d2pyc3gzcGNmNmR2amhlb2w2djJ4Y3VpNm42cW40cmZraXBlMm9oM3Z5aWJpemlyNDZkaWQub25pb24wWTATBgcqhkjOPQIBBggqhkjOPQMBBwNCAASAyz/RAv61EQ7fSy3WbndIpaX9zi+r2BPNsF7eh2TyzlNUIqZ+ZGBrDPOP4ea+lYwAGYc0obSJgwiFRataRarIoIICGjAuBgkqhkiG9w0BCQ4xITAfMB0GA1UdDgQWBBRAQ+c+nMaAWHjxud5tJL3peqMp1zCCAUcGCSqGSIb3DQEJDDGCATgEggE0FVgLbFaN+gKO4Aqfjs/gNPtz+V9vgnwmOEuIipHYSyEyiZL7PmRutx07890ws44SwLYEKDBavLKfF1aSa1MOLps/bMWW2DDOngTVGyaWufh8OaBzxGIL3815BZLJF9VTgEuyJbOq3+XLZMj2fdEjXHTRvYURKZtc/O7FHYG5mOc7QTwkXd9jQ8tMYZ85wWJdR3ZLGWYfnrrplQTdkAq9H7DEH4OTypJSYjvhMBrDAZeFOe1nHVkJU14sO2x1rc9X1GQMYmLC4WxLcwdcyUh1aXOEev3VprQRQjaFznk0UHK33rn1q16YE5zc+3hhF03FOGSos8DMyQy3o10/p1fOI9oVSkFpKlx5OyZXz1uG6Utmt8htptEr4rE4jm9y6+r5DXm5nIjSZIbNgXh9boxyX7KvOkkwFQYKKwYBBAGDjBsCATEHEwVvd25lcjA9BgkrBgECAQ8DAQExMBMuUW1UcE5taXhzZlVTSEJtM3ZXdnZ1VGtndDJIZFhjMXNZaUJSdzRwTVJuODhHUjBHBgNVHRExQBM+Mm90d2pyc3gzcGNmNmR2amhlb2w2djJ4Y3VpNm42cW40cmZraXBlMm9oM3Z5aWJpemlyNDZkaWQub25pb24wCgYIKoZIzj0EAwIDSQAwRgIhAOK6Uac+lomfbGsOpT+M1/mZLNGmQ6uPXE4blwkpyla2AiEApkT1IJjfMgcYl613arLQ4nUrieyCoz8W8U+EWt1HhGM=',
        'MIIDKjCCAtACAQAwSTFHMEUGA1UEAxM+aWx5bTJleXB0eTVnbWFzcnB3djV0bjI1aWhsNnp3YnU3dDN5aXM3aTNhbzNwamRlbXR3NXAyYWQub25pb24wWTATBgcqhkjOPQIBBggqhkjOPQMBBwNCAASAc6Q7kSitT6fyLxEFZGkuuzNa9jtKyJR7X+dlJEEmw5Lt9tZZh33x2EjtrubvNXQ6o2Ok0bbirf38mNxlDpvYoIICIzAuBgkqhkiG9w0BCQ4xITAfMB0GA1UdDgQWBBSq+CkgQPuUKSTjGI+UdK61eLe3xzCCAUcGCSqGSIb3DQEJDDGCATgEggE0LxHEGHtvKSiDcFtzFUkCL4n71xN5ZfTPdAbFO34bUN1lRH9B8vVRIllPt7t78Us1jAQc0SbkZj/lmZdb/FlgjytUXwQCyU/4P+/XWsScrvD5iOkhipLZ9OBC6Z+Kxr8gHijlP8E/2VEDWp2TEI4y4PalusR0aiEkMK9G+aFPenTi6/7oUDZa5ePoBlSn4dtDiMkb9WT9fTv4W033G1PhszK8SEV7gM0ZlHyrt9vsThXW46jW1UhJfUZfQ4IzUAHZyfKlhux2mG3PIshCDI3fVIIu72b1YKV7ixkY39G8cq3B8pjCk7wLpVop7Bz8Ke9lf0qRL/cTsBcRYv5pH1B8L16tCHA/ZnYupxd++5vygxoK/F96rU5YuNpG2Xc4YhfW7/7u/CRECz1pIinU7Eanm0OPKUIwHgYKKwYBBAGDjBsCATEQEw51c2VyLWpvaW5pbmctMTA9BgkrBgECAQ8DAQExMBMuUW1aTFc2eTVtOGJyb1l1dEc0b2cyeW1YUlpVRGN4VmhkZ0hoaUtZS2hxdVVOcDBHBgNVHRExQBM+aWx5bTJleXB0eTVnbWFzcnB3djV0bjI1aWhsNnp3YnU3dDN5aXM3aTNhbzNwamRlbXR3NXAyYWQub25pb24wCgYIKoZIzj0EAwIDSAAwRQIhAJclKaxQLhPy8NHDIbipEmjrVtOqp7aXhzB9Wu8r3T/LAiB7+RGRT1sFjUy5Wk+IZTZ7I3xf1gi+PN9FCRngURsyyA==',
        'MIIDKTCCAtACAQAwSTFHMEUGA1UEAxM+ZTU3NmtyZ3YzeDdoeGVqd3lmYjR2Zml5eHdsbWdmNnUycTY0YW5nZ2J3c25ucnBlYzN1YmZvaWQub25pb24wWTATBgcqhkjOPQIBBggqhkjOPQMBBwNCAATnIhoeFv4HceoeOzC6x/n9E2zNgU18QQpohtiQIYs9qZtdpgQjOOHh98Nb0c6ix4Tf+Y5yBphKqhBZHTx/c60+oIICIzAuBgkqhkiG9w0BCQ4xITAfMB0GA1UdDgQWBBRPXKXKd+B8grn50ArRUFGbIm6h4jCCAUcGCSqGSIb3DQEJDDGCATgEggE0D9hxS1q2dIOXzWjJAaB3Q4YeSP8hPt9hx8BAEIeRiNOl0vbCcXBFibDmk2Bpu+vGd0ABl6SCCSew/ClC8nuU3o+ae6cefNC19thDGRv3RdxkvOMmZndXCuML5gwmCXGIvwG/lc0W8Vv03FCDC2vbWSGo+njmtEaEQTsZwrCl/TRQeWHGiB2sCXkH/DXueXByPKBgRMDqGcpmV2IhOsTuHF/7Cx5KT70CBIYw/JzJ2QjptZXlUtTiQ/cm/bpk+iHUmrn5JT70rQ0JNypYWl6BVEXHpyEEKwEb+HfyuJfinyk8j/WS+1zRTOFmx3XudtVlg/HrqHtO846ab44fMYmIeuLz2yd5h6MBi2urphuABlFaUqd2LbUYK0G4xL2WG+Ai5fE9Sbh8ZmGws5HCWHpvGhOmTkkwHgYKKwYBBAGDjBsCATEQEw51c2VyLWpvaW5pbmctMjA9BgkrBgECAQ8DAQExMBMuUW1RR0dzUGs4djFzeTNvQXdBMmVjZ2I2SldrMVhWekI4VTd2c0ZCMWREZlczYjBHBgNVHRExQBM+ZTU3NmtyZ3YzeDdoeGVqd3lmYjR2Zml5eHdsbWdmNnUycTY0YW5nZ2J3c25ucnBlYzN1YmZvaWQub25pb24wCgYIKoZIzj0EAwIDRwAwRAIgXQIcKPTyXTWAGWH4UiykpIBw/cO1T5rn5s08fTpXkYgCICCjjLNI3W4uZyyF0qHf0dmHG3turzM5SH19Qt/pAXwG'
      ]
    }
    2024-03-22T21:01:33.347Z backend:StorageService Loading all certificates
[2m[22m
[2m      [2mat Socket.<anonymous> ([22m[2msrc/utils.ts[2m:159:15)[22m[2m[22m
  [2mconsole.log[22m
    [e2e_4cc1hr73df40]: 2024-03-22T21:01:33.352Z backend:CertificatesRequestsStore DuplicatedCertBug {
      validation: true,
      csr: 'MIIDIjCCAscCAQAwSTFHMEUGA1UEAxM+Mm90d2pyc3gzcGNmNmR2amhlb2w2djJ4Y3VpNm42cW40cmZraXBlMm9oM3Z5aWJpemlyNDZkaWQub25pb24wWTATBgcqhkjOPQIBBggqhkjOPQMBBwNCAASAyz/RAv61EQ7fSy3WbndIpaX9zi+r2BPNsF7eh2TyzlNUIqZ+ZGBrDPOP4ea+lYwAGYc0obSJgwiFRataRarIoIICGjAuBgkqhkiG9w0BCQ4xITAfMB0GA1UdDgQWBBRAQ+c+nMaAWHjxud5tJL3peqMp1zCCAUcGCSqGSIb3DQEJDDGCATgEggE0FVgLbFaN+gKO4Aqfjs/gNPtz+V9vgnwmOEuIipHYSyEyiZL7PmRutx07890ws44SwLYEKDBavLKfF1aSa1MOLps/bMWW2DDOngTVGyaWufh8OaBzxGIL3815BZLJF9VTgEuyJbOq3+XLZMj2fdEjXHTRvYURKZtc/O7FHYG5mOc7QTwkXd9jQ8tMYZ85wWJdR3ZLGWYfnrrplQTdkAq9H7DEH4OTypJSYjvhMBrDAZeFOe1nHVkJU14sO2x1rc9X1GQMYmLC4WxLcwdcyUh1aXOEev3VprQRQjaFznk0UHK33rn1q16YE5zc+3hhF03FOGSos8DMyQy3o10/p1fOI9oVSkFpKlx5OyZXz1uG6Utmt8htptEr4rE4jm9y6+r5DXm5nIjSZIbNgXh9boxyX7KvOkkwFQYKKwYBBAGDjBsCATEHEwVvd25lcjA9BgkrBgECAQ8DAQExMBMuUW1UcE5taXhzZlVTSEJtM3ZXdnZ1VGtndDJIZFhjMXNZaUJSdzRwTVJuODhHUjBHBgNVHRExQBM+Mm90d2pyc3gzcGNmNmR2amhlb2w2djJ4Y3VpNm42cW40cmZraXBlMm9oM3Z5aWJpemlyNDZkaWQub25pb24wCgYIKoZIzj0EAwIDSQAwRgIhAOK6Uac+lomfbGsOpT+M1/mZLNGmQ6uPXE4blwkpyla2AiEApkT1IJjfMgcYl613arLQ4nUrieyCoz8W8U+EWt1HhGM='
    }
[2m[22m
[2m      [2mat Socket.<anonymous> ([22m[2msrc/utils.ts[2m:159:15)[22m[2m[22m
  [2mconsole.log[22m
    [e2e_4cc1hr73df40]: 2024-03-22T21:01:33.352Z backend:CertificatesRequestsStore DuplicatedCertBug {
      validation: true,
      csr: 'MIIDKjCCAtACAQAwSTFHMEUGA1UEAxM+aWx5bTJleXB0eTVnbWFzcnB3djV0bjI1aWhsNnp3YnU3dDN5aXM3aTNhbzNwamRlbXR3NXAyYWQub25pb24wWTATBgcqhkjOPQIBBggqhkjOPQMBBwNCAASAc6Q7kSitT6fyLxEFZGkuuzNa9jtKyJR7X+dlJEEmw5Lt9tZZh33x2EjtrubvNXQ6o2Ok0bbirf38mNxlDpvYoIICIzAuBgkqhkiG9w0BCQ4xITAfMB0GA1UdDgQWBBSq+CkgQPuUKSTjGI+UdK61eLe3xzCCAUcGCSqGSIb3DQEJDDGCATgEggE0LxHEGHtvKSiDcFtzFUkCL4n71xN5ZfTPdAbFO34bUN1lRH9B8vVRIllPt7t78Us1jAQc0SbkZj/lmZdb/FlgjytUXwQCyU/4P+/XWsScrvD5iOkhipLZ9OBC6Z+Kxr8gHijlP8E/2VEDWp2TEI4y4PalusR0aiEkMK9G+aFPenTi6/7oUDZa5ePoBlSn4dtDiMkb9WT9fTv4W033G1PhszK8SEV7gM0ZlHyrt9vsThXW46jW1UhJfUZfQ4IzUAHZyfKlhux2mG3PIshCDI3fVIIu72b1YKV7ixkY39G8cq3B8pjCk7wLpVop7Bz8Ke9lf0qRL/cTsBcRYv5pH1B8L16tCHA/ZnYupxd++5vygxoK/F96rU5YuNpG2Xc4YhfW7/7u/CRECz1pIinU7Eanm0OPKUIwHgYKKwYBBAGDjBsCATEQEw51c2VyLWpvaW5pbmctMTA9BgkrBgECAQ8DAQExMBMuUW1aTFc2eTVtOGJyb1l1dEc0b2cyeW1YUlpVRGN4VmhkZ0hoaUtZS2hxdVVOcDBHBgNVHRExQBM+aWx5bTJleXB0eTVnbWFzcnB3djV0bjI1aWhsNnp3YnU3dDN5aXM3aTNhbzNwamRlbXR3NXAyYWQub25pb24wCgYIKoZIzj0EAwIDSAAwRQIhAJclKaxQLhPy8NHDIbipEmjrVtOqp7aXhzB9Wu8r3T/LAiB7+RGRT1sFjUy5Wk+IZTZ7I3xf1gi+PN9FCRngURsyyA=='
    }
    2024-03-22T21:01:33.352Z backend:CertificatesRequestsStore DuplicatedCertBug {
      validation: true,
      csr: 'MIIDKjCCAtACAQAwSTFHMEUGA1UEAxM+ZTU3NmtyZ3YzeDdoeGVqd3lmYjR2Zml5eHdsbWdmNnUycTY0YW5nZ2J3c25ucnBlYzN1YmZvaWQub25pb24wWTATBgcqhkjOPQIBBggqhkjOPQMBBwNCAATnIhoeFv4HceoeOzC6x/n9E2zNgU18QQpohtiQIYs9qZtdpgQjOOHh98Nb0c6ix4Tf+Y5yBphKqhBZHTx/c60+oIICIzAuBgkqhkiG9w0BCQ4xITAfMB0GA1UdDgQWBBRPXKXKd+B8grn50ArRUFGbIm6h4jCCAUcGCSqGSIb3DQEJDDGCATgEggE0D9hxS1q2dIOXzWjJAaB3Q4YeSP8hPt9hx8BAEIeRiNOl0vbCcXBFibDmk2Bpu+vGd0ABl6SCCSew/ClC8nuU3o+ae6cefNC19thDGRv3RdxkvOMmZndXCuML5gwmCXGIvwG/lc0W8Vv03FCDC2vbWSGo+njmtEaEQTsZwrCl/TRQeWHGiB2sCXkH/DXueXByPKBgRMDqGcpmV2IhOsTuHF/7Cx5KT70CBIYw/JzJ2QjptZXlUtTiQ/cm/bpk+iHUmrn5JT70rQ0JNypYWl6BVEXHpyEEKwEb+HfyuJfinyk8j/WS+1zRTOFmx3XudtVlg/HrqHtO846ab44fMYmIeuLz2yd5h6MBi2urphuABlFaUqd2LbUYK0G4xL2WG+Ai5fE9Sbh8ZmGws5HCWHpvGhOmTkkwHgYKKwYBBAGDjBsCATEQEw51c2VyLWpvaW5pbmctMTA9BgkrBgECAQ8DAQExMBMuUW1RR0dzUGs4djFzeTNvQXdBMmVjZ2I2SldrMVhWekI4VTd2c0ZCMWREZlczYjBHBgNVHRExQBM+ZTU3NmtyZ3YzeDdoeGVqd3lmYjR2Zml5eHdsbWdmNnUycTY0YW5nZ2J3c25ucnBlYzN1YmZvaWQub25pb24wCgYIKoZIzj0EAwIDSAAwRQIgag3Elvsz6Cfm3OGkt5j5BjTvItNqKyKd4FRzlDovpyYCIQCLRWqVmjQrYkMO4om3ktje5V8LLKfuCUzcT/eO+7T+ew=='
    }
    2024-03-22T21:01:33.352Z backend:CertificatesRequestsStore DuplicatedCertBug {
      validation: true,
      csr: 'MIIDKTCCAtACAQAwSTFHMEUGA1UEAxM+ZTU3NmtyZ3YzeDdoeGVqd3lmYjR2Zml5eHdsbWdmNnUycTY0YW5nZ2J3c25ucnBlYzN1YmZvaWQub25pb24wWTATBgcqhkjOPQIBBggqhkjOPQMBBwNCAATnIhoeFv4HceoeOzC6x/n9E2zNgU18QQpohtiQIYs9qZtdpgQjOOHh98Nb0c6ix4Tf+Y5yBphKqhBZHTx/c60+oIICIzAuBgkqhkiG9w0BCQ4xITAfMB0GA1UdDgQWBBRPXKXKd+B8grn50ArRUFGbIm6h4jCCAUcGCSqGSIb3DQEJDDGCATgEggE0D9hxS1q2dIOXzWjJAaB3Q4YeSP8hPt9hx8BAEIeRiNOl0vbCcXBFibDmk2Bpu+vGd0ABl6SCCSew/ClC8nuU3o+ae6cefNC19thDGRv3RdxkvOMmZndXCuML5gwmCXGIvwG/lc0W8Vv03FCDC2vbWSGo+njmtEaEQTsZwrCl/TRQeWHGiB2sCXkH/DXueXByPKBgRMDqGcpmV2IhOsTuHF/7Cx5KT70CBIYw/JzJ2QjptZXlUtTiQ/cm/bpk+iHUmrn5JT70rQ0JNypYWl6BVEXHpyEEKwEb+HfyuJfinyk8j/WS+1zRTOFmx3XudtVlg/HrqHtO846ab44fMYmIeuLz2yd5h6MBi2urphuABlFaUqd2LbUYK0G4xL2WG+Ai5fE9Sbh8ZmGws5HCWHpvGhOmTkkwHgYKKwYBBAGDjBsCATEQEw51c2VyLWpvaW5pbmctMjA9BgkrBgECAQ8DAQExMBMuUW1RR0dzUGs4djFzeTNvQXdBMmVjZ2I2SldrMVhWekI4VTd2c0ZCMWREZlczYjBHBgNVHRExQBM+ZTU3NmtyZ3YzeDdoeGVqd3lmYjR2Zml5eHdsbWdmNnUycTY0YW5nZ2J3c25ucnBlYzN1YmZvaWQub25pb24wCgYIKoZIzj0EAwIDRwAwRAIgXQIcKPTyXTWAGWH4UiykpIBw/cO1T5rn5s08fTpXkYgCICCjjLNI3W4uZyyF0qHf0dmHG3turzM5SH19Qt/pAXwG'
    }
[2m[22m
[2m      [2mat Socket.<anonymous> ([22m[2msrc/utils.ts[2m:159:15)[22m[2m[22m
  [2mconsole.log[22m
    [e2e_4cc1hr73df40]: 2024-03-22T21:01:33.358Z backend:LocalDbService Local peer /dns4/ilym2eypty5gmasrpwv5tn25ihl6zwbu7t3yis7i3ao3pjdemtw5p2ad.onion/tcp/80/ws/p2p/QmZLW6y5m8broYutG4og2ymXRZUDcxVhdgHhiKYKhquUNp
[2m[22m
[2m      [2mat Socket.<anonymous> ([22m[2msrc/utils.ts[2m:159:15)[22m[2m[22m
  [2mconsole.log[22m
    [e2e_4cc1hr73df40]: 2024-03-22T21:01:33.361Z backend:CertificatesStore Loaded certificates to memory
[2m[22m
[2m      [2mat Socket.<anonymous> ([22m[2msrc/utils.ts[2m:159:15)[22m[2m[22m
  [2mconsole.log[22m
    [e2e_4cc1hr73df40]: 2024-03-22T21:01:33.361Z backend:CertificatesStore All certificates: 2
    2024-03-22T21:01:33.361Z backend:CertificatesStore Valid certificates: 2
    2024-03-22T21:01:33.361Z backend:RegistrationService Not issuing certificates due to missing perms data
    2024-03-22T21:01:33.361Z backend:RegistrationService Finished issuing certificates
[2m[22m
[2m      [2mat Socket.<anonymous> ([22m[2msrc/utils.ts[2m:159:15)[22m[2m[22m
  [2mconsole.log[22m
    new user - 7
[2m[22m
[2m      [2mat Object.<anonymous> ([22m[2m[0m[36msrc/tests/multipleClients.test.ts[39m[0m[2m:284:17)[22m[2m[22m
  [2mconsole.time[22m
    [e2e_6q0pv39bdzw0] 'user-joining-2' joining community time: 1035 ms
[2m[22m
[2m      [2mat loadNewUser ([22m[2m[0m[36msrc/tests/multipleClients.test.ts[39m[0m[2m:291:19)[22m[2m[22m
  [2mconsole.log[22m
    [e2e_6q0pv39bdzw0]: 2024-03-22T21:01:34.485Z backend:StorageService Replicated. /orbitdb/zdpuAxX9VYs2cAEDR3cCBsM6wyvpYeQPwU6ugmGoy5AGm6DwT/channels.general_a7c50e5f6bb71a5bfe45107c2f1c0f08
[2m[22m
[2m      [2mat Socket.<anonymous> ([22m[2msrc/utils.ts[2m:159:15)[22m[2m[22m
  [2mconsole.log[22m
    [e2e_6q0pv39bdzw0]: 2024-03-22T21:01:34.489Z backend:SocketService Awaiting readyness before emitting:  getMessages
[2m[22m
[2m      [2mat Socket.<anonymous> ([22m[2msrc/utils.ts[2m:159:15)[22m[2m[22m
  [2mconsole.log[22m
    Waiting for connection status element for channel with name general with expected presence = false
[2m[22m
[2m      [2mat Channel.waitForConnectionStatus ([22m[2msrc/selectors.ts[2m:550:13)[22m[2m[22m
  [2mconsole.log[22m
    [e2e_4cc1hr73df40]: 2024-03-22T21:01:37.804Z backend:Tor Mar 22 17:01:37.000 [notice] Tried for 120 seconds to get a connection to [scrubbed]:80. Giving up. (waiting for circuit)
[2m[22m
[2m      [2mat Socket.<anonymous> ([22m[2msrc/utils.ts[2m:159:15)[22m[2m[22m
  [2mconsole.log[22m
    [e2e_4cc1hr73df40]: 2024-03-22T21:01:37.819Z backend:libp2p:websockets:err connection error: Unexpected server response: 504
[2m[22m
[2m      [2mat Socket.<anonymous> ([22m[2msrc/utils.ts[2m:159:15)[22m[2m[22m
  [2mconsole.log[22m
    [e2e_4cc1hr73df40]: 2024-03-22T21:01:37.820Z backend:libp2p:websockets:err error connecting to /dns4/2otwjrsx3pcf6dvjheol6v2xcui6n6qn4rfkipe2oh3vyibizir46did.onion/tcp/80/ws/p2p/QmTpNmixsfUSHBm3vWvvuTkgt2HdXc1sYiBRw4pMRn88GR. Details: Unexpected server response: 504
[2m[22m
[2m      [2mat Socket.<anonymous> ([22m[2msrc/utils.ts[2m:159:15)[22m[2m[22m
  [2mconsole.log[22m
    [e2e_6q0pv39bdzw0]: 2024-03-22T21:01:41.580Z backend:libp2p:websockets:err connection error: Unexpected server response: 404
[2m[22m
[2m      [2mat Socket.<anonymous> ([22m[2msrc/utils.ts[2m:159:15)[22m[2m[22m
  [2mconsole.log[22m
    [e2e_6q0pv39bdzw0]: 2024-03-22T21:01:41.580Z backend:libp2p:websockets:err error connecting to /dns4/2otwjrsx3pcf6dvjheol6v2xcui6n6qn4rfkipe2oh3vyibizir46did.onion/tcp/80/ws/p2p/QmTpNmixsfUSHBm3vWvvuTkgt2HdXc1sYiBRw4pMRn88GR. Details: Unexpected server response: 404
    2024-03-22T21:01:41.580Z backend:ProcessInChunksService Processing /dns4/2otwjrsx3pcf6dvjheol6v2xcui6n6qn4rfkipe2oh3vyibizir46did.onion/tcp/80/ws/p2p/QmTpNmixsfUSHBm3vWvvuTkgt2HdXc1sYiBRw4pMRn88GR failed, message: All promises were rejected
[2m[22m
[2m      [2mat Socket.<anonymous> ([22m[2msrc/utils.ts[2m:159:15)[22m[2m[22m
  [2mconsole.log[22m
    [e2e_4cc1hr73df40]: 2024-03-22T21:01:47.823Z backend:libp2p:websockets connect 2otwjrsx3pcf6dvjheol6v2xcui6n6qn4rfkipe2oh3vyibizir46did.onion:80
[2m[22m
[2m      [2mat Socket.<anonymous> ([22m[2msrc/utils.ts[2m:159:15)[22m[2m[22m
  [2mconsole.log[22m
    [e2e_6q0pv39bdzw0]: 2024-03-22T21:01:51.584Z backend:libp2p:websockets connect 2otwjrsx3pcf6dvjheol6v2xcui6n6qn4rfkipe2oh3vyibizir46did.onion:80
[2m[22m
[2m      [2mat Socket.<anonymous> ([22m[2msrc/utils.ts[2m:159:15)[22m[2m[22m
  [2mconsole.log[22m
    [e2e_6q0pv39bdzw0]: 2024-03-22T21:01:54.247Z backend:libp2p:websockets:err connection error: Unexpected server response: 404
[2m[22m
[2m      [2mat Socket.<anonymous> ([22m[2msrc/utils.ts[2m:159:15)[22m[2m[22m
  [2mconsole.log[22m
    [e2e_6q0pv39bdzw0]: 2024-03-22T21:01:54.247Z backend:libp2p:websockets:err error connecting to /dns4/2otwjrsx3pcf6dvjheol6v2xcui6n6qn4rfkipe2oh3vyibizir46did.onion/tcp/80/ws/p2p/QmTpNmixsfUSHBm3vWvvuTkgt2HdXc1sYiBRw4pMRn88GR. Details: Unexpected server response: 404
[2m[22m
[2m      [2mat Socket.<anonymous> ([22m[2msrc/utils.ts[2m:159:15)[22m[2m[22m
  [2mconsole.log[22m
    [e2e_6q0pv39bdzw0]: 2024-03-22T21:02:04.251Z backend:libp2p:websockets connect 2otwjrsx3pcf6dvjheol6v2xcui6n6qn4rfkipe2oh3vyibizir46did.onion:80
[2m[22m
[2m      [2mat Socket.<anonymous> ([22m[2msrc/utils.ts[2m:159:15)[22m[2m[22m
  [2mconsole.log[22m
    Waiting for user "user-joining-1" message "This appears unsent"
[2m[22m
[2m      [2mat Channel.waitForUserMessage ([22m[2msrc/selectors.ts[2m:342:13)[22m[2m[22m
  [2mconsole.log[22m
    Potential message with text: @user-joining-1 has joined and will be registered soon. 🎉 Learn more
[2m[22m
[2m      [2mat [22m[2msrc/selectors.ts[2m:347:17[22m[2m[22m
  [2mconsole.log[22m
    Potential message with text: Nice to meet you all
    This appears unsent
[2m[22m
[2m      [2mat [22m[2msrc/selectors.ts[2m:347:17[22m[2m[22m
  [2mconsole.log[22m
    Found message with matching text Nice to meet you all
    This appears unsent
[2m[22m
[2m      [2mat [22m[2msrc/selectors.ts[2m:349:19[22m[2m[22m
  [2mconsole.log[22m
    Data Test ID for message content: userMessages-user-joining-1-c39voc2x82m
[2m[22m
[2m      [2mat Channel.getMessageIdsByText ([22m[2msrc/selectors.ts[2m:384:13)[22m[2m[22m
  [2mconsole.log[22m
    Waiting for content for message with text This appears unsent
[2m[22m
[2m      [2mat Channel.waitForMessageContentByText ([22m[2msrc/selectors.ts[2m:510:13)[22m[2m[22m
  [2mconsole.log[22m
    Testing content: This appears unsent
[2m[22m
[2m      [2mat Channel.waitForMessageContentByText ([22m[2msrc/selectors.ts[2m:516:15)[22m[2m[22m
  [2mconsole.log[22m
    Testing content: This appears unsent
[2m[22m
[2m      [2mat Channel.waitForMessageContentByText ([22m[2msrc/selectors.ts[2m:516:15)[22m[2m[22m
  [2mconsole.log[22m
    Testing content: This appears unsent
[2m[22m
[2m      [2mat Channel.waitForMessageContentByText ([22m[2msrc/selectors.ts[2m:516:15)[22m[2m[22m
  [2mconsole.log[22m
    Testing content: This appears unsent
[2m[22m
[2m      [2mat Channel.waitForMessageContentByText ([22m[2msrc/selectors.ts[2m:516:15)[22m[2m[22m
  [2mconsole.log[22m
    Testing content: This appears unsent
[2m[22m
[2m      [2mat Channel.waitForMessageContentByText ([22m[2msrc/selectors.ts[2m:516:15)[22m[2m[22m
  [2mconsole.log[22m
    Found content element for message with text This appears unsent
[2m[22m
[2m      [2mat Channel.waitForMessageContentByText ([22m[2msrc/selectors.ts[2m:518:17)[22m[2m[22m
  [2mconsole.log[22m
    Data Test ID for message content: messagesGroupContent-3voaw4xb4ke
[2m[22m
[2m      [2mat Channel.getMessageIdsByText ([22m[2msrc/selectors.ts[2m:394:13)[22m[2m[22m
  [2mconsole.log[22m
    [e2e_6q0pv39bdzw0]: 2024-03-22T21:02:06.282Z backend:libp2p:websockets:err connection error: Unexpected server response: 404
[2m[22m
[2m      [2mat Socket.<anonymous> ([22m[2msrc/utils.ts[2m:159:15)[22m[2m[22m
  [2mconsole.log[22m
    [e2e_6q0pv39bdzw0]: 2024-03-22T21:02:06.283Z backend:libp2p:websockets:err error connecting to /dns4/2otwjrsx3pcf6dvjheol6v2xcui6n6qn4rfkipe2oh3vyibizir46did.onion/tcp/80/ws/p2p/QmTpNmixsfUSHBm3vWvvuTkgt2HdXc1sYiBRw4pMRn88GR. Details: Unexpected server response: 404
[2m[22m
[2m      [2mat Socket.<anonymous> ([22m[2msrc/utils.ts[2m:159:15)[22m[2m[22m
  [2mconsole.log[22m
    Waiting for 'sending...' element for message with data-testid unsent-sending-user-joining-1-c39voc2x82m
[2m[22m
[2m      [2mat Channel.waitForSending ([22m[2msrc/selectors.ts[2m:528:13)[22m[2m[22m
  [2mconsole.log[22m
    Waiting for user's avatar with username user-joining-1 for message with ID c39voc2x82m
[2m[22m
[2m      [2mat Channel.waitForAvatar ([22m[2msrc/selectors.ts[2m:471:13)[22m[2m[22m
  [2mconsole.log[22m
    Found user's avatar with username user-joining-1 for message with ID c39voc2x82m
[2m[22m
[2m      [2mat Channel.waitForAvatar ([22m[2msrc/selectors.ts[2m:476:15)[22m[2m[22m
  [2mconsole.log[22m
    Waiting for date for message with ID c39voc2x82m
[2m[22m
[2m      [2mat Channel.waitForDateLabel ([22m[2msrc/selectors.ts[2m:484:13)[22m[2m[22m
  [2mconsole.log[22m
    Found date label for message with ID c39voc2x82m
[2m[22m
[2m      [2mat Channel.waitForDateLabel ([22m[2msrc/selectors.ts[2m:489:15)[22m[2m[22m
  [2mconsole.log[22m
    Waiting for content for message with ID 3voaw4xb4ke
[2m[22m
[2m      [2mat Channel.waitForMessageContentById ([22m[2msrc/selectors.ts[2m:497:13)[22m[2m[22m
  [2mconsole.log[22m
    Found content for message with ID 3voaw4xb4ke
[2m[22m
[2m      [2mat Channel.waitForMessageContentById ([22m[2msrc/selectors.ts[2m:502:15)[22m[2m[22m
  [2mconsole.log[22m
    Waiting for connection status element for channel with name general with expected presence = false
[2m[22m
[2m      [2mat Channel.waitForConnectionStatus ([22m[2msrc/selectors.ts[2m:550:13)[22m[2m[22m
  [2mconsole.log[22m
    Waiting for user "user-joining-1" message "This appears unsent"
[2m[22m
[2m      [2mat Channel.waitForUserMessage ([22m[2msrc/selectors.ts[2m:342:13)[22m[2m[22m
  [2mconsole.log[22m
    Potential message with text: @user-joining-1 has joined and will be registered soon. 🎉 Learn more
[2m[22m
[2m      [2mat [22m[2msrc/selectors.ts[2m:347:17[22m[2m[22m
  [2mconsole.log[22m
    Potential message with text: Nice to meet you all
    This appears unsent
[2m[22m
[2m      [2mat [22m[2msrc/selectors.ts[2m:347:17[22m[2m[22m
  [2mconsole.log[22m
    Found message with matching text Nice to meet you all
    This appears unsent
[2m[22m
[2m      [2mat [22m[2msrc/selectors.ts[2m:349:19[22m[2m[22m
  [2mconsole.log[22m
    Data Test ID for message content: userMessages-user-joining-1-c39voc2x82m
[2m[22m
[2m      [2mat Channel.getMessageIdsByText ([22m[2msrc/selectors.ts[2m:384:13)[22m[2m[22m
  [2mconsole.log[22m
    Waiting for content for message with text This appears unsent
[2m[22m
[2m      [2mat Channel.waitForMessageContentByText ([22m[2msrc/selectors.ts[2m:510:13)[22m[2m[22m
  [2mconsole.log[22m
    Testing content: This appears unsent
[2m[22m
[2m      [2mat Channel.waitForMessageContentByText ([22m[2msrc/selectors.ts[2m:516:15)[22m[2m[22m
  [2mconsole.log[22m
    Testing content: This appears unsent
[2m[22m
[2m      [2mat Channel.waitForMessageContentByText ([22m[2msrc/selectors.ts[2m:516:15)[22m[2m[22m
  [2mconsole.log[22m
    Testing content: This appears unsent
[2m[22m
[2m      [2mat Channel.waitForMessageContentByText ([22m[2msrc/selectors.ts[2m:516:15)[22m[2m[22m
  [2mconsole.log[22m
    Testing content: This appears unsent
[2m[22m
[2m      [2mat Channel.waitForMessageContentByText ([22m[2msrc/selectors.ts[2m:516:15)[22m[2m[22m
  [2mconsole.log[22m
    Testing content: This appears unsent
[2m[22m
[2m      [2mat Channel.waitForMessageContentByText ([22m[2msrc/selectors.ts[2m:516:15)[22m[2m[22m
  [2mconsole.log[22m
    Found content element for message with text This appears unsent
[2m[22m
[2m      [2mat Channel.waitForMessageContentByText ([22m[2msrc/selectors.ts[2m:518:17)[22m[2m[22m
  [2mconsole.log[22m
    Data Test ID for message content: messagesGroupContent-3voaw4xb4ke
[2m[22m
[2m      [2mat Channel.getMessageIdsByText ([22m[2msrc/selectors.ts[2m:394:13)[22m[2m[22m
  [2mconsole.log[22m
    Waiting for 'sending...' element for message with data-testid unsent-sending-user-joining-1-c39voc2x82m
[2m[22m
[2m      [2mat Channel.waitForSending ([22m[2msrc/selectors.ts[2m:528:13)[22m[2m[22m
  [2mconsole.log[22m
    Waiting for user's avatar with username user-joining-1 for message with ID c39voc2x82m
[2m[22m
[2m      [2mat Channel.waitForAvatar ([22m[2msrc/selectors.ts[2m:471:13)[22m[2m[22m
  [2mconsole.log[22m
    Found user's avatar with username user-joining-1 for message with ID c39voc2x82m
[2m[22m
[2m      [2mat Channel.waitForAvatar ([22m[2msrc/selectors.ts[2m:476:15)[22m[2m[22m
  [2mconsole.log[22m
    Waiting for date for message with ID c39voc2x82m
[2m[22m
[2m      [2mat Channel.waitForDateLabel ([22m[2msrc/selectors.ts[2m:484:13)[22m[2m[22m
  [2mconsole.log[22m
    Found date label for message with ID c39voc2x82m
[2m[22m
[2m      [2mat Channel.waitForDateLabel ([22m[2msrc/selectors.ts[2m:489:15)[22m[2m[22m
  [2mconsole.log[22m
    Waiting for content for message with ID 3voaw4xb4ke
[2m[22m
[2m      [2mat Channel.waitForMessageContentById ([22m[2msrc/selectors.ts[2m:497:13)[22m[2m[22m
  [2mconsole.log[22m
    Found content for message with ID 3voaw4xb4ke
[2m[22m
[2m      [2mat Channel.waitForMessageContentById ([22m[2msrc/selectors.ts[2m:502:15)[22m[2m[22m
  [2mconsole.log[22m
    Second guest FETCHING CHANNEL MESSAGES!
[2m[22m
[2m      [2mat Object.<anonymous> ([22m[2m[0m[36msrc/tests/multipleClients.test.ts[39m[0m[2m:331:17)[22m[2m[22m
  [2mconsole.log[22m
    [e2e_6q0pv39bdzw0]: 2024-03-22T21:02:16.285Z backend:libp2p:websockets connect 2otwjrsx3pcf6dvjheol6v2xcui6n6qn4rfkipe2oh3vyibizir46did.onion:80
[2m[22m
[2m      [2mat Socket.<anonymous> ([22m[2msrc/utils.ts[2m:159:15)[22m[2m[22m
  [2mconsole.log[22m
    [e2e_6q0pv39bdzw0]: 2024-03-22T21:02:18.632Z backend:libp2p:websockets:err connection error: Unexpected server response: 404
[2m[22m
[2m      [2mat Socket.<anonymous> ([22m[2msrc/utils.ts[2m:159:15)[22m[2m[22m
  [2mconsole.log[22m
    [e2e_6q0pv39bdzw0]: 2024-03-22T21:02:18.632Z backend:libp2p:websockets:err error connecting to /dns4/2otwjrsx3pcf6dvjheol6v2xcui6n6qn4rfkipe2oh3vyibizir46did.onion/tcp/80/ws/p2p/QmTpNmixsfUSHBm3vWvvuTkgt2HdXc1sYiBRw4pMRn88GR. Details: Unexpected server response: 404
[2m[22m
[2m      [2mat Socket.<anonymous> ([22m[2msrc/utils.ts[2m:159:15)[22m[2m[22m
  [2mconsole.log[22m
    [e2e_6q0pv39bdzw0]: 2024-03-22T21:02:19.036Z backend:TorControl Connecting to Tor, host: localhost port: 63004
[2m[22m
[2m      [2mat Socket.<anonymous> ([22m[2msrc/utils.ts[2m:159:15)[22m[2m[22m
  [2mconsole.log[22m
    [e2e_6q0pv39bdzw0]: 2024-03-22T21:02:19.048Z backend:Tor Mar 22 17:02:19.000 [notice] New control connection opened from 127.0.0.1.
[2m[22m
[2m      [2mat Socket.<anonymous> ([22m[2msrc/utils.ts[2m:159:15)[22m[2m[22m
  [2mconsole.log[22m
    [e2e_6q0pv39bdzw0]: 2024-03-22T21:02:19.049Z backend:TorControl Tor connected
[2m[22m
[2m      [2mat Socket.<anonymous> ([22m[2msrc/utils.ts[2m:159:15)[22m[2m[22m
  [2mconsole.log[22m
    [e2e_6q0pv39bdzw0]: 2024-03-22T21:02:28.635Z backend:libp2p:websockets connect 2otwjrsx3pcf6dvjheol6v2xcui6n6qn4rfkipe2oh3vyibizir46did.onion:80
[2m[22m
[2m      [2mat Socket.<anonymous> ([22m[2msrc/utils.ts[2m:159:15)[22m[2m[22m
  [2mconsole.log[22m
    [e2e_6q0pv39bdzw0]: 2024-03-22T21:02:30.350Z backend:SocketService Awaiting readyness before emitting:  sendMessage
[2m[22m
[2m      [2mat Socket.<anonymous> ([22m[2msrc/utils.ts[2m:159:15)[22m[2m[22m
  [2mconsole.log[22m
    [e2e_6q0pv39bdzw0]: 2024-03-22T21:02:30.370Z backend:StorageService Writing to public channel db general_a7c50e5f6bb71a5bfe45107c2f1c0f08
[2m[22m
[2m      [2mat Socket.<anonymous> ([22m[2msrc/utils.ts[2m:159:15)[22m[2m[22m
  [2mconsole.log[22m
    [e2e_4cc1hr73df40]: 2024-03-22T21:02:31.277Z backend:StorageService progress 6/6. Address: /orbitdb/zdpuAxX9VYs2cAEDR3cCBsM6wyvpYeQPwU6ugmGoy5AGm6DwT/channels.general_a7c50e5f6bb71a5bfe45107c2f1c0f08
[2m[22m
[2m      [2mat Socket.<anonymous> ([22m[2msrc/utils.ts[2m:159:15)[22m[2m[22m
  [2mconsole.log[22m
    [e2e_4cc1hr73df40]: 2024-03-22T21:02:31.282Z backend:StorageService Replicated. /orbitdb/zdpuAxX9VYs2cAEDR3cCBsM6wyvpYeQPwU6ugmGoy5AGm6DwT/channels.general_a7c50e5f6bb71a5bfe45107c2f1c0f08
[2m[22m
[2m      [2mat Socket.<anonymous> ([22m[2msrc/utils.ts[2m:159:15)[22m[2m[22m
  [2mconsole.log[22m
    [e2e_6q0pv39bdzw0]: 2024-03-22T21:02:31.452Z backend:libp2p:websockets:err connection error: Unexpected server response: 404
[2m[22m
[2m      [2mat Socket.<anonymous> ([22m[2msrc/utils.ts[2m:159:15)[22m[2m[22m
  [2mconsole.log[22m
    [e2e_6q0pv39bdzw0]: 2024-03-22T21:02:31.452Z backend:libp2p:websockets:err error connecting to /dns4/2otwjrsx3pcf6dvjheol6v2xcui6n6qn4rfkipe2oh3vyibizir46did.onion/tcp/80/ws/p2p/QmTpNmixsfUSHBm3vWvvuTkgt2HdXc1sYiBRw4pMRn88GR. Details: Unexpected server response: 404
[2m[22m
[2m      [2mat Socket.<anonymous> ([22m[2msrc/utils.ts[2m:159:15)[22m[2m[22m
  [2mconsole.log[22m
    Waiting for user "user-joining-2" message "Hi everyone"
[2m[22m
[2m      [2mat Channel.waitForUserMessage ([22m[2msrc/selectors.ts[2m:342:13)[22m[2m[22m
  [2mconsole.log[22m
    Potential message with text: @user-joining-1 has joined and will be registered soon. 🎉 Learn more
[2m[22m
[2m      [2mat [22m[2msrc/selectors.ts[2m:347:17[22m[2m[22m
  [2mconsole.log[22m
    Potential message with text: Hi everyone
[2m[22m
[2m      [2mat [22m[2msrc/selectors.ts[2m:347:17[22m[2m[22m
  [2mconsole.log[22m
    Found message with matching text Hi everyone
[2m[22m
[2m      [2mat [22m[2msrc/selectors.ts[2m:349:19[22m[2m[22m
  [2mconsole.log[22m
    Data Test ID for message content: userMessages-user-joining-2-xkfvylu3mn
[2m[22m
[2m      [2mat Channel.getMessageIdsByText ([22m[2msrc/selectors.ts[2m:384:13)[22m[2m[22m
  [2mconsole.log[22m
    Waiting for content for message with text Hi everyone
[2m[22m
[2m      [2mat Channel.waitForMessageContentByText ([22m[2msrc/selectors.ts[2m:510:13)[22m[2m[22m
  [2mconsole.log[22m
    Testing content: Hi everyone
[2m[22m
[2m      [2mat Channel.waitForMessageContentByText ([22m[2msrc/selectors.ts[2m:516:15)[22m[2m[22m
  [2mconsole.log[22m
    Testing content: Hi everyone
[2m[22m
[2m      [2mat Channel.waitForMessageContentByText ([22m[2msrc/selectors.ts[2m:516:15)[22m[2m[22m
  [2mconsole.log[22m
    Testing content: Hi everyone
[2m[22m
[2m      [2mat Channel.waitForMessageContentByText ([22m[2msrc/selectors.ts[2m:516:15)[22m[2m[22m
  [2mconsole.log[22m
    Testing content: Hi everyone
[2m[22m
[2m      [2mat Channel.waitForMessageContentByText ([22m[2msrc/selectors.ts[2m:516:15)[22m[2m[22m
  [2mconsole.log[22m
    Testing content: Hi everyone
[2m[22m
[2m      [2mat Channel.waitForMessageContentByText ([22m[2msrc/selectors.ts[2m:516:15)[22m[2m[22m
  [2mconsole.log[22m
    Testing content: Hi everyone
[2m[22m
[2m      [2mat Channel.waitForMessageContentByText ([22m[2msrc/selectors.ts[2m:516:15)[22m[2m[22m
  [2mconsole.log[22m
    Testing content: Hi everyone
[2m[22m
[2m      [2mat Channel.waitForMessageContentByText ([22m[2msrc/selectors.ts[2m:516:15)[22m[2m[22m
  [2mconsole.log[22m
    Found content element for message with text Hi everyone
[2m[22m
[2m      [2mat Channel.waitForMessageContentByText ([22m[2msrc/selectors.ts[2m:518:17)[22m[2m[22m
  [2mconsole.log[22m
    Data Test ID for message content: messagesGroupContent-xkfvylu3mn
[2m[22m
[2m      [2mat Channel.getMessageIdsByText ([22m[2msrc/selectors.ts[2m:394:13)[22m[2m[22m
  [2mconsole.log[22m
    Waiting for user's "user-joining-2" label "Unregistered" label
[2m[22m
[2m      [2mat Channel.waitForLabel ([22m[2msrc/selectors.ts[2m:459:13)[22m[2m[22m
  [2mconsole.log[22m
    Waiting for 'sending...' element for message with data-testid unsent-sending-user-joining-2-xkfvylu3mn
[2m[22m
[2m      [2mat Channel.waitForSending ([22m[2msrc/selectors.ts[2m:528:13)[22m[2m[22m
  [2mconsole.log[22m
    Waiting for user's avatar with username user-joining-2 for message with ID xkfvylu3mn
[2m[22m
[2m      [2mat Channel.waitForAvatar ([22m[2msrc/selectors.ts[2m:471:13)[22m[2m[22m
  [2mconsole.log[22m
    Found user's avatar with username user-joining-2 for message with ID xkfvylu3mn
[2m[22m
[2m      [2mat Channel.waitForAvatar ([22m[2msrc/selectors.ts[2m:476:15)[22m[2m[22m
  [2mconsole.log[22m
    Waiting for date for message with ID xkfvylu3mn
[2m[22m
[2m      [2mat Channel.waitForDateLabel ([22m[2msrc/selectors.ts[2m:484:13)[22m[2m[22m
  [2mconsole.log[22m
    Found date label for message with ID xkfvylu3mn
[2m[22m
[2m      [2mat Channel.waitForDateLabel ([22m[2msrc/selectors.ts[2m:489:15)[22m[2m[22m
  [2mconsole.log[22m
    Waiting for content for message with ID xkfvylu3mn
[2m[22m
[2m      [2mat Channel.waitForMessageContentById ([22m[2msrc/selectors.ts[2m:497:13)[22m[2m[22m
  [2mconsole.log[22m
    Found content for message with ID xkfvylu3mn
[2m[22m
[2m      [2mat Channel.waitForMessageContentById ([22m[2msrc/selectors.ts[2m:502:15)[22m[2m[22m
  [2mconsole.log[22m
    Waiting for user "user-joining-2" message "Hi everyone"
[2m[22m
[2m      [2mat Channel.waitForUserMessage ([22m[2msrc/selectors.ts[2m:342:13)[22m[2m[22m
  [2mconsole.log[22m
    Potential message with text: @user-joining-1 has joined and will be registered soon. 🎉 Learn more
[2m[22m
[2m      [2mat [22m[2msrc/selectors.ts[2m:347:17[22m[2m[22m
  [2mconsole.log[22m
    Potential message with text: Hi everyone
[2m[22m
[2m      [2mat [22m[2msrc/selectors.ts[2m:347:17[22m[2m[22m
  [2mconsole.log[22m
    Found message with matching text Hi everyone
[2m[22m
[2m      [2mat [22m[2msrc/selectors.ts[2m:349:19[22m[2m[22m
  [2mconsole.log[22m
    Data Test ID for message content: userMessages-user-joining-2-xkfvylu3mn
[2m[22m
[2m      [2mat Channel.getMessageIdsByText ([22m[2msrc/selectors.ts[2m:384:13)[22m[2m[22m
  [2mconsole.log[22m
    Waiting for content for message with text Hi everyone
[2m[22m
[2m      [2mat Channel.waitForMessageContentByText ([22m[2msrc/selectors.ts[2m:510:13)[22m[2m[22m
  [2mconsole.log[22m
    Testing content: Hi everyone
[2m[22m
[2m      [2mat Channel.waitForMessageContentByText ([22m[2msrc/selectors.ts[2m:516:15)[22m[2m[22m
  [2mconsole.log[22m
    Testing content: Hi everyone
[2m[22m
[2m      [2mat Channel.waitForMessageContentByText ([22m[2msrc/selectors.ts[2m:516:15)[22m[2m[22m
  [2mconsole.log[22m
    Testing content: Hi everyone
[2m[22m
[2m      [2mat Channel.waitForMessageContentByText ([22m[2msrc/selectors.ts[2m:516:15)[22m[2m[22m
  [2mconsole.log[22m
    Testing content: Hi everyone
[2m[22m
[2m      [2mat Channel.waitForMessageContentByText ([22m[2msrc/selectors.ts[2m:516:15)[22m[2m[22m
  [2mconsole.log[22m
    Testing content: Hi everyone
[2m[22m
[2m      [2mat Channel.waitForMessageContentByText ([22m[2msrc/selectors.ts[2m:516:15)[22m[2m[22m
  [2mconsole.log[22m
    Testing content: Hi everyone
[2m[22m
[2m      [2mat Channel.waitForMessageContentByText ([22m[2msrc/selectors.ts[2m:516:15)[22m[2m[22m
  [2mconsole.log[22m
    Testing content: Hi everyone
[2m[22m
[2m      [2mat Channel.waitForMessageContentByText ([22m[2msrc/selectors.ts[2m:516:15)[22m[2m[22m
  [2mconsole.log[22m
    Found content element for message with text Hi everyone
[2m[22m
[2m      [2mat Channel.waitForMessageContentByText ([22m[2msrc/selectors.ts[2m:518:17)[22m[2m[22m
  [2mconsole.log[22m
    Data Test ID for message content: messagesGroupContent-xkfvylu3mn
[2m[22m
[2m      [2mat Channel.getMessageIdsByText ([22m[2msrc/selectors.ts[2m:394:13)[22m[2m[22m
  [2mconsole.log[22m
    Waiting for user's "user-joining-2" label "Unregistered" label
[2m[22m
[2m      [2mat Channel.waitForLabel ([22m[2msrc/selectors.ts[2m:459:13)[22m[2m[22m
  [2mconsole.log[22m
    [e2e_6q0pv39bdzw0]: 2024-03-22T21:02:41.455Z backend:libp2p:websockets connect 2otwjrsx3pcf6dvjheol6v2xcui6n6qn4rfkipe2oh3vyibizir46did.onion:80
[2m[22m
[2m      [2mat Socket.<anonymous> ([22m[2msrc/utils.ts[2m:159:15)[22m[2m[22m
  [2mconsole.log[22m
    Waiting for 'sending...' element for message with data-testid unsent-sending-user-joining-2-xkfvylu3mn
[2m[22m
[2m      [2mat Channel.waitForSending ([22m[2msrc/selectors.ts[2m:528:13)[22m[2m[22m
  [2mconsole.log[22m
    Waiting for user's avatar with username user-joining-2 for message with ID xkfvylu3mn
[2m[22m
[2m      [2mat Channel.waitForAvatar ([22m[2msrc/selectors.ts[2m:471:13)[22m[2m[22m
  [2mconsole.log[22m
    Found user's avatar with username user-joining-2 for message with ID xkfvylu3mn
[2m[22m
[2m      [2mat Channel.waitForAvatar ([22m[2msrc/selectors.ts[2m:476:15)[22m[2m[22m
  [2mconsole.log[22m
    Waiting for date for message with ID xkfvylu3mn
[2m[22m
[2m      [2mat Channel.waitForDateLabel ([22m[2msrc/selectors.ts[2m:484:13)[22m[2m[22m
  [2mconsole.log[22m
    Found date label for message with ID xkfvylu3mn
[2m[22m
[2m      [2mat Channel.waitForDateLabel ([22m[2msrc/selectors.ts[2m:489:15)[22m[2m[22m
  [2mconsole.log[22m
    Waiting for content for message with ID xkfvylu3mn
[2m[22m
[2m      [2mat Channel.waitForMessageContentById ([22m[2msrc/selectors.ts[2m:497:13)[22m[2m[22m
  [2mconsole.log[22m
    Found content for message with ID xkfvylu3mn
[2m[22m
[2m      [2mat Channel.waitForMessageContentById ([22m[2msrc/selectors.ts[2m:502:15)[22m[2m[22m
  [2mconsole.log[22m
    opening the app e2e_r4pg81niwrk
[2m[22m
[2m      [2mat App.open ([22m[2msrc/selectors.ts[2m:37:13)[22m[2m[22m
  [2mconsole.log[22m
    [e2e_6q0pv39bdzw0]: 2024-03-22T21:02:45.402Z backend:libp2p:websockets:err connection error: Unexpected server response: 404
[2m[22m
[2m      [2mat Socket.<anonymous> ([22m[2msrc/utils.ts[2m:159:15)[22m[2m[22m
  [2mconsole.log[22m
    [e2e_6q0pv39bdzw0]: 2024-03-22T21:02:45.402Z backend:libp2p:websockets:err error connecting to /dns4/2otwjrsx3pcf6dvjheol6v2xcui6n6qn4rfkipe2oh3vyibizir46did.onion/tcp/80/ws/p2p/QmTpNmixsfUSHBm3vWvvuTkgt2HdXc1sYiBRw4pMRn88GR. Details: Unexpected server response: 404
[2m[22m
[2m      [2mat Socket.<anonymous> ([22m[2msrc/utils.ts[2m:159:15)[22m[2m[22m
  [2mconsole.log[22m
    filename undefined
[2m[22m
[2m      [2mat BuildSetup.getBinaryLocation ([22m[2msrc/utils.ts[2m:48:13)[22m[2m[22m
  [2m[33mconsole.warn[39m[22m
[33m    RUNNING ON LOCAL BINARY[39m
[2m[22m
[2m    [0m [90m 62 |[39m     [36mlet[39m basePath [33m=[39m [32m'/Applications'[39m[0m[22m
[2m    [0m [90m 63 |[39m     [36mif[39m (process[33m.[39menv[33m.[39m[33mIS_LOCAL[39m [33m===[39m [32m'true'[39m) {[0m[22m
[2m    [0m[31m[1m>[22m[2m[39m[90m 64 |[39m       console[33m.[39mwarn([32m'RUNNING ON LOCAL BINARY'[39m)[0m[22m
[2m    [0m [90m    |[39m               [31m[1m^[22m[2m[39m[0m[22m
[2m    [0m [90m 65 |[39m       [36mconst[39m distDirByArch [33m=[39m process[33m.[39march [33m===[39m [32m'arm64'[39m [33m?[39m [32m'mac-arm64'[39m [33m:[39m [32m'mac'[39m[0m[22m
[2m    [0m [90m 66 |[39m       basePath [33m=[39m [32m`${__dirname}/../../desktop/dist/${distDirByArch}`[39m[0m[22m
[2m    [0m [90m 67 |[39m     }[0m[22m
[2m[22m
[2m      [2mat BuildSetup.getMacBinaryDir ([22m[2msrc/utils.ts[2m:64:15)[22m[2m[22m
[2m      [2mat BuildSetup.getBinaryLocation ([22m[2msrc/utils.ts[2m:55:21)[22m[2m[22m
[2m      [2mat BuildSetup.getDriver ([22m[2msrc/utils.ts[2m:185:35)[22m[2m[22m
[2m      [2mat App.open ([22m[2msrc/selectors.ts[2m:41:46)[22m[2m[22m
[2m      [2mat promiseWithTimeout ([22m[2msrc/utils.ts[2m:358:23)[22m[2m[22m
[2m      [2mat promiseWithRetries ([22m[2msrc/utils.ts[2m:378:25)[22m[2m[22m
[2m      [2mat App.openWithRetries ([22m[2msrc/selectors.ts[2m:53:5)[22m[2m[22m
[2m      [2mat Object.<anonymous> ([22m[2m[0m[36msrc/tests/multipleClients.test.ts[39m[0m[2m:351:9)[22m[2m[22m
  [2mconsole.log[22m
    stdout:
    Starting ChromeDriver 110.0.5481.208 (6664d787aa4ffd8951132dde98b5aabe25361aa0-refs/branch-heads/5845@{#410}) on port 63534
    Only local connections are allowed.
    Please see https://chromedriver.chromium.org/security-considerations for suggestions on keeping ChromeDriver safe.
[2m[22m
[2m      [2mat Socket.<anonymous> ([22m[2msrc/utils.ts[2m:149:15)[22m[2m[22m
  [2mconsole.log[22m
    stdout:
    ChromeDriver was started successfully.
[2m[22m
[2m      [2mat Socket.<anonymous> ([22m[2msrc/utils.ts[2m:149:15)[22m[2m[22m
  [2mconsole.log[22m
    stdout:
    Read extra envs: { EXEC_ENV: 'DESKTOP' }
[2m[22m
[2m      [2mat Socket.<anonymous> ([22m[2msrc/utils.ts[2m:149:15)[22m[2m[22m
  [2mconsole.log[22m
    stdout:
    setAsDefaultProtocolClient true
[2m[22m
[2m      [2mat Socket.<anonymous> ([22m[2msrc/utils.ts[2m:149:15)[22m[2m[22m
  [2mconsole.log[22m
    stdout:
    electron main
[2m[22m
[2m      [2mat Socket.<anonymous> ([22m[2msrc/utils.ts[2m:149:15)[22m[2m[22m
  [2mconsole.log[22m
    [e2e_r4pg81niwrk]: 2024-03-22 17:02:46.071 Quiet[19157:6886803] WARNING: Secure coding is not enabled for restorable state! Enable secure coding by implementing NSApplicationDelegate.applicationSupportsSecureRestorableState: and returning YES.
[2m[22m
[2m      [2mat Socket.<anonymous> ([22m[2msrc/utils.ts[2m:159:15)[22m[2m[22m
  [2mconsole.log[22m
    [e2e_r4pg81niwrk]: 2024-03-22T21:02:46.071Z desktop:main:main Event: app.ready
[2m[22m
[2m      [2mat Socket.<anonymous> ([22m[2msrc/utils.ts[2m:159:15)[22m[2m[22m
  [2mconsole.log[22m
    [e2e_r4pg81niwrk]: 2024-03-22T21:02:46.110Z desktop:main:main Event: app.browser-window-created
[2m[22m
[2m      [2mat Socket.<anonymous> ([22m[2msrc/utils.ts[2m:159:15)[22m[2m[22m
  [2mconsole.log[22m
    [e2e_r4pg81niwrk]: 2024-03-22T21:02:46.116Z desktop:main:main Event: app.browser-window-created
[2m[22m
[2m      [2mat Socket.<anonymous> ([22m[2msrc/utils.ts[2m:159:15)[22m[2m[22m
  [2mconsole.log[22m
    [e2e_r4pg81niwrk]: 2024-03-22T21:02:46.122Z desktop:main:main Created mainWindow
[2m[22m
[2m      [2mat Socket.<anonymous> ([22m[2msrc/utils.ts[2m:159:15)[22m[2m[22m
  [2mconsole.log[22m
    [e2e_r4pg81niwrk]: 2024-03-22T21:02:46.230Z desktop:main:main Forked backend, PID: 19169
[2m[22m
[2m      [2mat Socket.<anonymous> ([22m[2msrc/utils.ts[2m:159:15)[22m[2m[22m
  [2mconsole.log[22m
    Debug modal
[2m[22m
[2m      [2mat new DebugModeModal ([22m[2msrc/selectors.ts[2m:726:13)[22m[2m[22m
  [2mconsole.log[22m
    Closing debug modal
[2m[22m
[2m      [2mat DebugModeModal.close ([22m[2msrc/selectors.ts[2m:741:15)[22m[2m[22m
  [2mconsole.log[22m
    stdout:
    WARNING: Missing strong random number source
[2m[22m
[2m      [2mat Socket.<anonymous> ([22m[2msrc/utils.ts[2m:149:15)[22m[2m[22m
  [2mconsole.log[22m
    stdout:
    options {
      socketIOPort: '63553',
      appDataPath: '/Users/isla/Library/Application Support/e2e_r4pg81niwrk',
      resourcesPath: '/Users/isla/Dev/quiet/packages/desktop/dist/mac-arm64/Quiet.app/Contents/Resources',
      platform: 'desktop',
      socketIOSecret: '544982101875856683921606481567569583184601770'
    }
[2m[22m
[2m      [2mat Socket.<anonymous> ([22m[2msrc/utils.ts[2m:149:15)[22m[2m[22m
  [2mconsole.log[22m
    stdout:
    configOptions {
      socketIOPort: '63553',
      socketIOSecret: '544982101875856683921606481567569583184601770',
      torBinaryPath: '"/Users/isla/Dev/quiet/3rd-party/tor/darwin/arm64/tor"',
      torResourcesPath: '/Users/isla/Dev/quiet/3rd-party/tor/darwin/arm64',
      torControlPort: 63558,
      options: {
        env: {
          appDataPath: '/Users/isla/Library/Application Support/e2e_r4pg81niwrk/Quiet'
        }
      },
      env: {},
      bootstrapMultiaddrs: [],
      createPaths: true
    }
[2m[22m
[2m      [2mat Socket.<anonymous> ([22m[2msrc/utils.ts[2m:149:15)[22m[2m[22m
  [2mconsole.log[22m
    stdout:
    [32m[Nest] 19169  - [39m1711141366946 [32m    LOG[39m [38;5;3m[NestFactory] [39m[32mStarting Nest application...[39m
[2m[22m
[2m      [2mat Socket.<anonymous> ([22m[2msrc/utils.ts[2m:149:15)[22m[2m[22m
  [2mconsole.log[22m
    stdout:
    ok
[2m[22m
[2m      [2mat Socket.<anonymous> ([22m[2msrc/utils.ts[2m:149:15)[22m[2m[22m
  [2mconsole.log[22m
    stdout:
    [32m[Nest] 19169  - [39m1711141366956 [32m    LOG[39m [38;5;3m[InstanceLoader] [39m[32mRegistrationModule dependencies initialized[39m[38;5;3m +10ms[39m
[2m[22m
[2m      [2mat Socket.<anonymous> ([22m[2msrc/utils.ts[2m:149:15)[22m[2m[22m
  [2mconsole.log[22m
    stdout:
    [32m[Nest] 19169  - [39m1711141366968 [32m    LOG[39m [38;5;3m[InstanceLoader] [39m[32mIpfsFileManagerModule dependencies initialized[39m[38;5;3m +12ms[39m
[2m[22m
[2m      [2mat Socket.<anonymous> ([22m[2msrc/utils.ts[2m:149:15)[22m[2m[22m
  [2mconsole.log[22m
    stdout:
    [32m[Nest] 19169  - [39m1711141366968 [32m    LOG[39m [38;5;3m[InstanceLoader] [39m[32mSocketModule dependencies initialized[39m[38;5;3m +0ms[39m
    [32m[Nest] 19169  - [39m1711141366968 [32m    LOG[39m [38;5;3m[InstanceLoader] [39m[32mIpfsModule dependencies initialized[39m[38;5;3m +0ms[39m
    [32m[Nest] 19169  - [39m1711141366968 [32m    LOG[39m [38;5;3m[InstanceLoader] [39m[32mLocalDbModule dependencies initialized[39m[38;5;3m +0ms[39m
    QUIET DIR /Users/isla/Library/Application Support/e2e_r4pg81niwrk/Quiet
    [32m[Nest] 19169  - [39m1711141366968 [32m    LOG[39m [38;5;3m[InstanceLoader] [39m[32mTorModule dependencies initialized[39m[38;5;3m +0ms[39m
    [32m[Nest] 19169  - [39m1711141366968 [32m    LOG[39m [38;5;3m[InstanceLoader] [39m[32mStorageModule dependencies initialized[39m[38;5;3m +0ms[39m
[2m[22m
[2m      [2mat Socket.<anonymous> ([22m[2msrc/utils.ts[2m:149:15)[22m[2m[22m
  [2mconsole.log[22m
    stdout:
    [32m[Nest] 19169  - [39m1711141366969 [32m    LOG[39m [38;5;3m[InstanceLoader] [39m[32mAppModule dependencies initialized[39m[38;5;3m +1ms[39m
[2m[22m
[2m      [2mat Socket.<anonymous> ([22m[2msrc/utils.ts[2m:149:15)[22m[2m[22m
  [2mconsole.log[22m
    stdout:
    [32m[Nest] 19169  - [39m1711141366969 [32m    LOG[39m [38;5;3m[InstanceLoader] [39m[32mLibp2pModule dependencies initialized[39m[38;5;3m +0ms[39m
    [32m[Nest] 19169  - [39m1711141366969 [32m    LOG[39m [38;5;3m[InstanceLoader] [39m[32mConnectionsManagerModule dependencies initialized[39m[38;5;3m +0ms[39m
[2m[22m
[2m      [2mat Socket.<anonymous> ([22m[2msrc/utils.ts[2m:149:15)[22m[2m[22m
  [2mconsole.log[22m
    [e2e_r4pg81niwrk]: 2024-03-22T21:02:46.969Z backend:SocketService init:started
    2024-03-22T21:02:46.970Z backend:SocketService Data server running on port 63553
[2m[22m
[2m      [2mat Socket.<anonymous> ([22m[2msrc/utils.ts[2m:159:15)[22m[2m[22m
  [2mconsole.log[22m
    [e2e_r4pg81niwrk]: 2024-03-22T21:02:47.137Z desktop:main:main Event: mainWindow did-finish-load
[2m[22m
[2m      [2mat Socket.<anonymous> ([22m[2msrc/utils.ts[2m:159:15)[22m[2m[22m
  [2mconsole.log[22m
    stdout:
    Checking for update
[2m[22m
[2m      [2mat Socket.<anonymous> ([22m[2msrc/utils.ts[2m:149:15)[22m[2m[22m
  [2mconsole.log[22m
    [e2e_r4pg81niwrk]: 2024-03-22T21:02:47.150Z backend:SocketService socket connection
[2m[22m
[2m      [2mat Socket.<anonymous> ([22m[2msrc/utils.ts[2m:159:15)[22m[2m[22m
  [2mconsole.log[22m
    [e2e_r4pg81niwrk]: 2024-03-22T21:02:47.151Z backend:Tor Attempting to kill hanging tor processes
[2m[22m
[2m      [2mat Socket.<anonymous> ([22m[2msrc/utils.ts[2m:159:15)[22m[2m[22m
  [2mconsole.log[22m
    Debug modal title is displayed
[2m[22m
[2m      [2mat DebugModeModal.close ([22m[2msrc/selectors.ts[2m:743:15)[22m[2m[22m
  [2mconsole.log[22m
    Debug modal button is displayed
[2m[22m
[2m      [2mat DebugModeModal.close ([22m[2msrc/selectors.ts[2m:745:15)[22m[2m[22m
  [2mconsole.log[22m
    Button is displayed
[2m[22m
[2m      [2mat DebugModeModal.close ([22m[2msrc/selectors.ts[2m:752:13)[22m[2m[22m
  [2mconsole.log[22m
    Button click
[2m[22m
[2m      [2mat DebugModeModal.close ([22m[2msrc/selectors.ts[2m:754:13)[22m[2m[22m
  [2mconsole.log[22m
    Probably clicked hidden close button on debug modal
[2m[22m
[2m      [2mat DebugModeModal.close ([22m[2msrc/selectors.ts[2m:759:15)[22m[2m[22m
  [2mconsole.log[22m
    [e2e_r4pg81niwrk]: 2024-03-22T21:02:47.252Z backend:Tor No tor process(es) found to kill
[2m[22m
[2m      [2mat Socket.<anonymous> ([22m[2msrc/utils.ts[2m:159:15)[22m[2m[22m
  [2mconsole.log[22m
    [e2e_r4pg81niwrk]: 2024-03-22T21:02:47.252Z backend:Tor Spawning new tor process(es)
    2024-03-22T21:02:47.252Z backend:Tor Spawning tor
[2m[22m
[2m      [2mat Socket.<anonymous> ([22m[2msrc/utils.ts[2m:159:15)[22m[2m[22m
  [2mconsole.log[22m
    [e2e_r4pg81niwrk]: No authorization header
[2m[22m
[2m      [2mat Socket.<anonymous> ([22m[2msrc/utils.ts[2m:159:15)[22m[2m[22m
  [2mconsole.log[22m
    [e2e_r4pg81niwrk]: 2024-03-22T21:02:47.259Z backend:Tor Mar 22 17:02:47.259 [notice] Tor 0.4.7.13 (git-7c1601fb6edd780f) running on Darwin with Libevent 2.1.12-stable, OpenSSL 1.1.1t, Zlib 1.2.12, Liblzma N/A, Libzstd N/A and Unknown N/A as libc.
    Mar 22 17:02:47.259 [notice] Tor can't help you if you use it wrong! Learn how to be safe at https://support.torproject.org/faq/staying-anonymous/
[2m[22m
[2m      [2mat Socket.<anonymous> ([22m[2msrc/utils.ts[2m:159:15)[22m[2m[22m
  [2mconsole.log[22m
    [e2e_r4pg81niwrk]: 2024-03-22T21:02:47.260Z backend:Tor Mar 22 17:02:47.259 [notice] Configuration file "/var/tmp/dist/tor/etc/tor/torrc" not present, using reasonable defaults.
[2m[22m
[2m      [2mat Socket.<anonymous> ([22m[2msrc/utils.ts[2m:159:15)[22m[2m[22m
  [2mconsole.log[22m
    [e2e_r4pg81niwrk]: 2024-03-22T21:02:47.260Z backend:Tor Mar 22 17:02:47.260 [notice] Opening Socks listener on 127.0.0.1:63563
    
    2024-03-22T21:02:47.260Z backend:Tor Mar 22 17:02:47.260 [notice] Opened Socks listener connection (ready) on 127.0.0.1:63563
    Mar 22 17:02:47.260 [notice] Opening HTTP tunnel listener on 127.0.0.1:63559
    
    2024-03-22T21:02:47.260Z backend:Tor Mar 22 17:02:47.260 [notice] Opened HTTP tunnel listener connection (ready) on 127.0.0.1:63559
    Mar 22 17:02:47.260 [notice] Opening Control listener on 127.0.0.1:63558
    Mar 22 17:02:47.260 [notice] Opened Control listener connection (ready) on 127.0.0.1:63558
[2m[22m
[2m      [2mat Socket.<anonymous> ([22m[2msrc/utils.ts[2m:159:15)[22m[2m[22m
  [2mconsole.log[22m
    [e2e_r4pg81niwrk]: 2024-03-22T21:02:47.266Z backend:Tor Mar 22 17:02:47.000 [notice] Bootstrapped 0% (starting): Starting
[2m[22m
[2m      [2mat Socket.<anonymous> ([22m[2msrc/utils.ts[2m:159:15)[22m[2m[22m
  [2mconsole.log[22m
    stdout:
    Update for version 2.1.2-alpha.13 is not available (latest version: 2.1.2-alpha.13, downgrade is disallowed).
[2m[22m
[2m      [2mat Socket.<anonymous> ([22m[2msrc/utils.ts[2m:149:15)[22m[2m[22m
  [2mconsole.log[22m
    [e2e_r4pg81niwrk]: 2024-03-22T21:02:47.367Z backend:Tor Spawned tor with pid(s): 19193
[2m[22m
[2m      [2mat Socket.<anonymous> ([22m[2msrc/utils.ts[2m:159:15)[22m[2m[22m
  [2mconsole.log[22m
    stdout:
    init
[2m[22m
[2m      [2mat Socket.<anonymous> ([22m[2msrc/utils.ts[2m:149:15)[22m[2m[22m
  [2mconsole.log[22m
    [e2e_r4pg81niwrk]: 2024-03-22T21:02:47.368Z backend:ConnectionsManagerService attachTorEventsListeners
[2m[22m
[2m      [2mat Socket.<anonymous> ([22m[2msrc/utils.ts[2m:159:15)[22m[2m[22m
  [2mconsole.log[22m
    [e2e_r4pg81niwrk]: 2024-03-22T21:02:47.368Z backend:ConnectionsManagerService launchCommunityFromStorage
[2m[22m
[2m      [2mat Socket.<anonymous> ([22m[2msrc/utils.ts[2m:159:15)[22m[2m[22m
  [2mconsole.log[22m
    stdout:
    launch 1
[2m[22m
[2m      [2mat Socket.<anonymous> ([22m[2msrc/utils.ts[2m:149:15)[22m[2m[22m
  [2mconsole.log[22m
    [e2e_r4pg81niwrk]: 2024-03-22T21:02:47.368Z backend:ConnectionsManagerService launchCommunityFromStorage - community peers [
      '/dns4/2otwjrsx3pcf6dvjheol6v2xcui6n6qn4rfkipe2oh3vyibizir46did.onion/tcp/80/ws/p2p/QmTpNmixsfUSHBm3vWvvuTkgt2HdXc1sYiBRw4pMRn88GR',
      '/dns4/ilym2eypty5gmasrpwv5tn25ihl6zwbu7t3yis7i3ao3pjdemtw5p2ad.onion/tcp/80/ws/p2p/QmZLW6y5m8broYutG4og2ymXRZUDcxVhdgHhiKYKhquUNp'
    ]
    2024-03-22T21:02:47.369Z backend:LocalDbService Local peer /dns4/2otwjrsx3pcf6dvjheol6v2xcui6n6qn4rfkipe2oh3vyibizir46did.onion/tcp/80/ws/p2p/QmTpNmixsfUSHBm3vWvvuTkgt2HdXc1sYiBRw4pMRn88GR
[2m[22m
[2m      [2mat Socket.<anonymous> ([22m[2msrc/utils.ts[2m:159:15)[22m[2m[22m
  [2mconsole.log[22m
    [e2e_r4pg81niwrk]: 2024-03-22T21:02:47.369Z backend:ConnectionsManagerService launchCommunityFromStorage - sorted peers [
      '/dns4/2otwjrsx3pcf6dvjheol6v2xcui6n6qn4rfkipe2oh3vyibizir46did.onion/tcp/80/ws/p2p/QmTpNmixsfUSHBm3vWvvuTkgt2HdXc1sYiBRw4pMRn88GR',
      '/dns4/ilym2eypty5gmasrpwv5tn25ihl6zwbu7t3yis7i3ao3pjdemtw5p2ad.onion/tcp/80/ws/p2p/QmZLW6y5m8broYutG4og2ymXRZUDcxVhdgHhiKYKhquUNp'
    ]
[2m[22m
[2m      [2mat Socket.<anonymous> ([22m[2msrc/utils.ts[2m:159:15)[22m[2m[22m
  [2mconsole.log[22m
    [e2e_r4pg81niwrk]: 2024-03-22T21:02:47.369Z backend:ConnectionsManagerService Launching community: peers: [
      '/dns4/2otwjrsx3pcf6dvjheol6v2xcui6n6qn4rfkipe2oh3vyibizir46did.onion/tcp/80/ws/p2p/QmTpNmixsfUSHBm3vWvvuTkgt2HdXc1sYiBRw4pMRn88GR',
      '/dns4/ilym2eypty5gmasrpwv5tn25ihl6zwbu7t3yis7i3ao3pjdemtw5p2ad.onion/tcp/80/ws/p2p/QmZLW6y5m8broYutG4og2ymXRZUDcxVhdgHhiKYKhquUNp'
    ]
    2024-03-22T21:02:47.369Z backend:ConnectionsManagerService Launching community hmptgklyneqsnspv: peer: QmTpNmixsfUSHBm3vWvvuTkgt2HdXc1sYiBRw4pMRn88GR
    2024-03-22T21:02:47.369Z backend:ConnectionsManagerService Spawning hidden service for community hmptgklyneqsnspv, peer: QmTpNmixsfUSHBm3vWvvuTkgt2HdXc1sYiBRw4pMRn88GR
[2m[22m
[2m      [2mat Socket.<anonymous> ([22m[2msrc/utils.ts[2m:159:15)[22m[2m[22m
  [2mconsole.log[22m
    [e2e_r4pg81niwrk]: 2024-03-22T21:02:47.370Z backend:TorControl Connecting to Tor, host: localhost port: 63558
[2m[22m
[2m      [2mat Socket.<anonymous> ([22m[2msrc/utils.ts[2m:159:15)[22m[2m[22m
  [2mconsole.log[22m
    [e2e_r4pg81niwrk]: 2024-03-22T21:02:47.546Z backend:Tor Mar 22 17:02:47.000 [notice] Starting with guard context "default"
[2m[22m
[2m      [2mat Socket.<anonymous> ([22m[2msrc/utils.ts[2m:159:15)[22m[2m[22m
  [2mconsole.log[22m
    [e2e_r4pg81niwrk]: 2024-03-22T21:02:47.550Z backend:Tor Mar 22 17:02:47.000 [notice] New control connection opened from 127.0.0.1.
[2m[22m
[2m      [2mat Socket.<anonymous> ([22m[2msrc/utils.ts[2m:159:15)[22m[2m[22m
  [2mconsole.log[22m
    [e2e_r4pg81niwrk]: 2024-03-22T21:02:47.550Z backend:TorControl Tor connected
[2m[22m
[2m      [2mat Socket.<anonymous> ([22m[2msrc/utils.ts[2m:159:15)[22m[2m[22m
  [2mconsole.log[22m
    [e2e_r4pg81niwrk]: 2024-03-22T21:02:47.552Z backend:Tor Mar 22 17:02:47.000 [notice] Bootstrapped 5% (conn): Connecting to a relay
[2m[22m
[2m      [2mat Socket.<anonymous> ([22m[2msrc/utils.ts[2m:159:15)[22m[2m[22m
  [2mconsole.log[22m
    stdout:
    [32m[Nest] 19169  - [39m1711141367554 [32m    LOG[39m [38;5;3m[LazyModuleLoader] [39m[32mSocketModule dependencies initialized[39m
[2m[22m
[2m      [2mat Socket.<anonymous> ([22m[2msrc/utils.ts[2m:149:15)[22m[2m[22m
  [2mconsole.log[22m
    stdout:
    [32m[Nest] 19169  - [39m1711141367554 [32m    LOG[39m [38;5;3m[LazyModuleLoader] [39m[32mLibp2pModule dependencies initialized[39m
[2m[22m
[2m      [2mat Socket.<anonymous> ([22m[2msrc/utils.ts[2m:149:15)[22m[2m[22m
  [2mconsole.log[22m
    [e2e_r4pg81niwrk]: 2024-03-22T21:02:47.560Z backend:ConnectionsManagerService Launching community hmptgklyneqsnspv: payload peers: /dns4/2otwjrsx3pcf6dvjheol6v2xcui6n6qn4rfkipe2oh3vyibizir46did.onion/tcp/80/ws/p2p/QmTpNmixsfUSHBm3vWvvuTkgt2HdXc1sYiBRw4pMRn88GR,/dns4/ilym2eypty5gmasrpwv5tn25ihl6zwbu7t3yis7i3ao3pjdemtw5p2ad.onion/tcp/80/ws/p2p/QmZLW6y5m8broYutG4og2ymXRZUDcxVhdgHhiKYKhquUNp
[2m[22m
[2m      [2mat Socket.<anonymous> ([22m[2msrc/utils.ts[2m:159:15)[22m[2m[22m
  [2mconsole.log[22m
    [e2e_r4pg81niwrk]: 2024-03-22T21:02:47.560Z backend:ConnectionsManagerService Launching community hmptgklyneqsnspv: retrieved Libp2p PSK
[2m[22m
[2m      [2mat Socket.<anonymous> ([22m[2msrc/utils.ts[2m:159:15)[22m[2m[22m
  [2mconsole.log[22m
    [e2e_r4pg81niwrk]: 2024-03-22T21:02:47.574Z backend:Libp2pService Local peerId: QmTpNmixsfUSHBm3vWvvuTkgt2HdXc1sYiBRw4pMRn88GR
[2m[22m
[2m      [2mat Socket.<anonymous> ([22m[2msrc/utils.ts[2m:159:15)[22m[2m[22m
  [2mconsole.log[22m
    [e2e_r4pg81niwrk]: 2024-03-22T21:02:47.574Z backend:Libp2pService Initializing libp2p for QmTpNmixsfUSHBm3vWvvuTkgt2HdXc1sYiBRw4pMRn88GR, bootstrapping with 2 peers
    2024-03-22T21:02:47.575Z backend:ProcessInChunksService Processing 2 items
[2m[22m
[2m      [2mat Socket.<anonymous> ([22m[2msrc/utils.ts[2m:159:15)[22m[2m[22m
  [2mconsole.log[22m
    [e2e_r4pg81niwrk]: 2024-03-22T21:02:47.577Z backend:Libp2pService Initialized libp2p for peer QmTpNmixsfUSHBm3vWvvuTkgt2HdXc1sYiBRw4pMRn88GR
[2m[22m
[2m      [2mat Socket.<anonymous> ([22m[2msrc/utils.ts[2m:159:15)[22m[2m[22m
  [2mconsole.log[22m
    [e2e_r4pg81niwrk]: 2024-03-22T21:02:47.577Z backend:StorageService Initializing storage
[2m[22m
[2m      [2mat Socket.<anonymous> ([22m[2msrc/utils.ts[2m:159:15)[22m[2m[22m
  [2mconsole.log[22m
    stdout:
    creating paths in fn - utils
[2m[22m
[2m      [2mat Socket.<anonymous> ([22m[2msrc/utils.ts[2m:149:15)[22m[2m[22m
  [2mconsole.log[22m
    [e2e_r4pg81niwrk]: 2024-03-22T21:02:47.580Z backend:StorageService Initialized storage
    2024-03-22T21:02:47.580Z backend:ProcessInChunksService Processing /dns4/2otwjrsx3pcf6dvjheol6v2xcui6n6qn4rfkipe2oh3vyibizir46did.onion/tcp/80/ws/p2p/QmTpNmixsfUSHBm3vWvvuTkgt2HdXc1sYiBRw4pMRn88GR failed, message: Tried to dial self
[2m[22m
[2m      [2mat Socket.<anonymous> ([22m[2msrc/utils.ts[2m:159:15)[22m[2m[22m
  [2mconsole.log[22m
    stdout:
    [32m[Nest] 19169  - [39m1711141367582 [32m    LOG[39m [38;5;3m[LazyModuleLoader] [39m[32mIpfsModule dependencies initialized[39m
[2m[22m
[2m      [2mat Socket.<anonymous> ([22m[2msrc/utils.ts[2m:149:15)[22m[2m[22m
  [2mconsole.log[22m
    [e2e_r4pg81niwrk]: 2024-03-22T21:02:47.583Z backend:libp2p:websockets connect ilym2eypty5gmasrpwv5tn25ihl6zwbu7t3yis7i3ao3pjdemtw5p2ad.onion:80
[2m[22m
[2m      [2mat Socket.<anonymous> ([22m[2msrc/utils.ts[2m:159:15)[22m[2m[22m
  [2mconsole.log[22m
    stdout:
    counter ipfs 1
[2m[22m
[2m      [2mat Socket.<anonymous> ([22m[2msrc/utils.ts[2m:149:15)[22m[2m[22m
  [2mconsole.log[22m
    stdout:
    [32m[Nest] 19169  - [39m1711141367586 [32m    LOG[39m [38;5;3m[LazyModuleLoader] [39m[32mSocketModule dependencies initialized[39m
    [32m[Nest] 19169  - [39m1711141367586 [32m    LOG[39m [38;5;3m[LazyModuleLoader] [39m[32mLibp2pModule dependencies initialized[39m
[2m[22m
[2m      [2mat Socket.<anonymous> ([22m[2msrc/utils.ts[2m:149:15)[22m[2m[22m
  [2mconsole.log[22m
    [e2e_r4pg81niwrk]: 2024-03-22T21:02:47.603Z backend:OrbitDb [create]:started
[2m[22m
[2m      [2mat Socket.<anonymous> ([22m[2msrc/utils.ts[2m:159:15)[22m[2m[22m
  [2mconsole.log[22m
    stdout:
    [32m[Nest] 19169  - [39m1711141367625 [32m    LOG[39m [38;5;3m[LazyModuleLoader] [39m[32mIpfsFileManagerModule dependencies initialized[39m
[2m[22m
[2m      [2mat Socket.<anonymous> ([22m[2msrc/utils.ts[2m:149:15)[22m[2m[22m
  [2mconsole.log[22m
    stdout:
    [32m[Nest] 19169  - [39m1711141367626 [32m    LOG[39m [38;5;3m[LazyModuleLoader] [39m[32mIpfsModule dependencies initialized[39m
[2m[22m
[2m      [2mat Socket.<anonymous> ([22m[2msrc/utils.ts[2m:149:15)[22m[2m[22m
  [2mconsole.log[22m
    [e2e_r4pg81niwrk]: 2024-03-22T21:02:47.626Z backend:StorageService 1/3
    2024-03-22T21:02:47.626Z backend:StorageService 2/3
    2024-03-22T21:02:47.626Z backend:CommunityMetadataStore Initializing community metadata key/value store
[2m[22m
[2m      [2mat Socket.<anonymous> ([22m[2msrc/utils.ts[2m:159:15)[22m[2m[22m
  [2mconsole.log[22m
    [e2e_r4pg81niwrk]: 2024-03-22T21:02:47.667Z backend:ConnectionsManagerService Storage - communityMetadataStored: [object Object]
[2m[22m
[2m      [2mat Socket.<anonymous> ([22m[2msrc/utils.ts[2m:159:15)[22m[2m[22m
  [2mconsole.log[22m
    [e2e_r4pg81niwrk]: 2024-03-22T21:02:47.668Z backend:CommunityMetadataStore Loaded community metadata to memory
    2024-03-22T21:02:47.668Z backend:CertificatesStore Initializing certificates log store
[2m[22m
[2m      [2mat Socket.<anonymous> ([22m[2msrc/utils.ts[2m:159:15)[22m[2m[22m
  [2mconsole.log[22m
    [e2e_r4pg81niwrk]: 2024-03-22T21:02:47.686Z backend:CertificatesStore Loaded certificates to memory
[2m[22m
[2m      [2mat Socket.<anonymous> ([22m[2msrc/utils.ts[2m:159:15)[22m[2m[22m
  [2mconsole.log[22m
    [e2e_r4pg81niwrk]: 2024-03-22T21:02:47.686Z backend:CertificatesStore Initialized
    2024-03-22T21:02:47.686Z backend:CertificatesRequestsStore Initializing certificates requests store
[2m[22m
[2m      [2mat Socket.<anonymous> ([22m[2msrc/utils.ts[2m:159:15)[22m[2m[22m
  [2mconsole.log[22m
    [e2e_r4pg81niwrk]: 2024-03-22T21:02:47.691Z backend:Tor Mar 22 17:02:47.000 [notice] Bootstrapped 10% (conn_done): Connected to a relay
[2m[22m
[2m      [2mat Socket.<anonymous> ([22m[2msrc/utils.ts[2m:159:15)[22m[2m[22m
  [2mconsole.log[22m
    [e2e_r4pg81niwrk]: 2024-03-22T21:02:47.701Z backend:CertificatesRequestsStore Initialized
[2m[22m
[2m      [2mat Socket.<anonymous> ([22m[2msrc/utils.ts[2m:159:15)[22m[2m[22m
  [2mconsole.log[22m
    [e2e_r4pg81niwrk]: 2024-03-22T21:02:47.701Z backend:UserProfileStore Initializing user profiles key/value store
[2m[22m
[2m      [2mat Socket.<anonymous> ([22m[2msrc/utils.ts[2m:159:15)[22m[2m[22m
  [2mconsole.log[22m
    [e2e_r4pg81niwrk]: 2024-03-22T21:02:47.717Z backend:UserProfileStore Loaded user profiles to memory
[2m[22m
[2m      [2mat Socket.<anonymous> ([22m[2msrc/utils.ts[2m:159:15)[22m[2m[22m
  [2mconsole.log[22m
    [e2e_r4pg81niwrk]: 2024-03-22T21:02:47.718Z backend:StorageService 3/3
    2024-03-22T21:02:47.718Z backend:StorageService createDbForChannels init
[2m[22m
[2m      [2mat Socket.<anonymous> ([22m[2msrc/utils.ts[2m:159:15)[22m[2m[22m
  [2mconsole.log[22m
    [e2e_r4pg81niwrk]: 2024-03-22T21:02:47.734Z backend:StorageService Channels count: 1
[2m[22m
[2m      [2mat Socket.<anonymous> ([22m[2msrc/utils.ts[2m:159:15)[22m[2m[22m
  [2mconsole.log[22m
    [e2e_r4pg81niwrk]: 2024-03-22T21:02:47.734Z backend:StorageService Channels names: [ 'general_a7c50e5f6bb71a5bfe45107c2f1c0f08' ]
[2m[22m
[2m      [2mat Socket.<anonymous> ([22m[2msrc/utils.ts[2m:159:15)[22m[2m[22m
  [2mconsole.log[22m
    [e2e_r4pg81niwrk]: 2024-03-22T21:02:47.735Z backend:StorageService Creating channel general_a7c50e5f6bb71a5bfe45107c2f1c0f08
[2m[22m
[2m      [2mat Socket.<anonymous> ([22m[2msrc/utils.ts[2m:159:15)[22m[2m[22m
  [2mconsole.log[22m
    [e2e_r4pg81niwrk]: 2024-03-22T21:02:47.735Z backend:StorageService STORAGE: Finished createDbForChannels
    2024-03-22T21:02:47.735Z backend:StorageService Initialized DBs
[2m[22m
[2m      [2mat Socket.<anonymous> ([22m[2msrc/utils.ts[2m:159:15)[22m[2m[22m
  [2mconsole.log[22m
    stdout:
    Storage.initDatabases: 109.42ms
    Hunting for heisenbug: Backend initialized community and sent event to state manager
[2m[22m
[2m      [2mat Socket.<anonymous> ([22m[2msrc/utils.ts[2m:149:15)[22m[2m[22m
  [2mconsole.log[22m
    [e2e_r4pg81niwrk]: 2024-03-22T21:02:47.735Z backend:StorageService Starting IPFS
    2024-03-22T21:02:47.735Z backend:ConnectionsManagerService storage initialized
    2024-03-22T21:02:47.735Z backend:ConnectionsManagerService Launched community hmptgklyneqsnspv
[2m[22m
[2m      [2mat Socket.<anonymous> ([22m[2msrc/utils.ts[2m:159:15)[22m[2m[22m
  [2mconsole.log[22m
    stdout:
    preparing listener
[2m[22m
[2m      [2mat Socket.<anonymous> ([22m[2msrc/utils.ts[2m:149:15)[22m[2m[22m
  [2mconsole.log[22m
    [e2e_r4pg81niwrk]: 2024-03-22T21:02:48.242Z backend:StorageService IPFS started
[2m[22m
[2m      [2mat Socket.<anonymous> ([22m[2msrc/utils.ts[2m:159:15)[22m[2m[22m
  [2mconsole.log[22m
    [e2e_r4pg81niwrk]: 2024-03-22T21:02:48.242Z backend:StorageService Pubsub - subscribe to /orbitdb/zdpuAubkQfjh7bUVJFvuCuNpkXc9LYF4NuPX7VS12e4ciy851/public-channels
    2024-03-22T21:02:48.243Z backend:StorageService Pubsub - subscribe to /orbitdb/zdpuAtjfjLokx2PW6UGrDQoB8VmEyq2i2endX4KuuD8efo7Vj/certificates
    2024-03-22T21:02:48.243Z backend:StorageService Pubsub - subscribe to /orbitdb/zdpuAq8czmPVqfV7B5fchXdFY11jVPNNymTnCJtvPDR1dCV3h/csrs
    2024-03-22T21:02:48.243Z backend:StorageService Pubsub - subscribe to /orbitdb/zdpuAtLG6WrE13SaXWmg52e1odsV3c97BPDQRudzzXFNqDoQD/community-metadata
    2024-03-22T21:02:48.243Z backend:StorageService Pubsub - subscribe to /orbitdb/zdpuAyScVHonV7KUdb3rdNmC9ZurssGdfgveYm3ds7KNJ6CpU/user-profiles
[2m[22m
[2m      [2mat Socket.<anonymous> ([22m[2msrc/utils.ts[2m:159:15)[22m[2m[22m
  [2mconsole.log[22m
    [e2e_r4pg81niwrk]: 2024-03-22T21:02:48.244Z backend:ConnectionsManagerService socketService - setCommunityCaData
[2m[22m
[2m      [2mat Socket.<anonymous> ([22m[2msrc/utils.ts[2m:159:15)[22m[2m[22m
  [2mconsole.log[22m
    [e2e_r4pg81niwrk]: 2024-03-22T21:02:48.244Z backend:Tor Mar 22 17:02:47.000 [notice] Bootstrapped 14% (handshake): Handshaking with a relay
[2m[22m
[2m      [2mat Socket.<anonymous> ([22m[2msrc/utils.ts[2m:159:15)[22m[2m[22m
  [2mconsole.log[22m
    [e2e_r4pg81niwrk]: 2024-03-22T21:02:48.250Z backend:StorageService Found existing channel: {
      id: 'general_a7c50e5f6bb71a5bfe45107c2f1c0f08',
      name: 'general',
      owner: 'owner',
      timestamp: 1711141082300,
      description: 'Welcome to #general'
    }
[2m[22m
[2m      [2mat Socket.<anonymous> ([22m[2msrc/utils.ts[2m:159:15)[22m[2m[22m
  [2mconsole.log[22m
    [e2e_r4pg81niwrk]: 2024-03-22T21:02:48.250Z backend:StorageService Set general_a7c50e5f6bb71a5bfe45107c2f1c0f08 to local channels
[2m[22m
[2m      [2mat Socket.<anonymous> ([22m[2msrc/utils.ts[2m:159:15)[22m[2m[22m
  [2mconsole.log[22m
    [e2e_r4pg81niwrk]: 2024-03-22T21:02:48.252Z backend:StorageService Created channel general_a7c50e5f6bb71a5bfe45107c2f1c0f08
[2m[22m
[2m      [2mat Socket.<anonymous> ([22m[2msrc/utils.ts[2m:159:15)[22m[2m[22m
  [2mconsole.log[22m
    [e2e_r4pg81niwrk]: 2024-03-22T21:02:48.252Z backend:StorageService Pubsub - subscribe to /orbitdb/zdpuAxX9VYs2cAEDR3cCBsM6wyvpYeQPwU6ugmGoy5AGm6DwT/channels.general_a7c50e5f6bb71a5bfe45107c2f1c0f08
    2024-03-22T21:02:48.252Z backend:StorageService Subscribing to channel  general_a7c50e5f6bb71a5bfe45107c2f1c0f08
    2024-03-22T21:02:48.252Z backend:Tor Mar 22 17:02:48.000 [notice] Bootstrapped 15% (handshake_done): Handshake with a relay done
    Mar 22 17:02:48.000 [notice] Bootstrapped 75% (enough_dirinfo): Loaded enough directory info to build circuits
    Mar 22 17:02:48.000 [notice] Bootstrapped 90% (ap_handshake_done): Handshake finished with a relay to build circuits
    Mar 22 17:02:48.000 [notice] Bootstrapped 95% (circuit_create): Establishing a Tor circuit
[2m[22m
[2m      [2mat Socket.<anonymous> ([22m[2msrc/utils.ts[2m:159:15)[22m[2m[22m
  [2mconsole.log[22m
    [e2e_r4pg81niwrk]: 2024-03-22T21:02:48.253Z backend:StorageService Subscribed to channel general_a7c50e5f6bb71a5bfe45107c2f1c0f08
[2m[22m
[2m      [2mat Socket.<anonymous> ([22m[2msrc/utils.ts[2m:159:15)[22m[2m[22m
  [2mconsole.log[22m
    [e2e_4cc1hr73df40]: 2024-03-22T21:02:48.438Z backend:libp2p:websockets:err connection error: Unexpected server response: 404
[2m[22m
[2m      [2mat Socket.<anonymous> ([22m[2msrc/utils.ts[2m:159:15)[22m[2m[22m
  [2mconsole.log[22m
    [e2e_4cc1hr73df40]: 2024-03-22T21:02:48.439Z backend:libp2p:websockets:err error connecting to /dns4/2otwjrsx3pcf6dvjheol6v2xcui6n6qn4rfkipe2oh3vyibizir46did.onion/tcp/80/ws/p2p/QmTpNmixsfUSHBm3vWvvuTkgt2HdXc1sYiBRw4pMRn88GR. Details: Unexpected server response: 404
[2m[22m
[2m      [2mat Socket.<anonymous> ([22m[2msrc/utils.ts[2m:159:15)[22m[2m[22m
  [2mconsole.log[22m
    Debug modal
[2m[22m
[2m      [2mat new DebugModeModal ([22m[2msrc/selectors.ts[2m:726:13)[22m[2m[22m
  [2mconsole.log[22m
    Closing debug modal
[2m[22m
[2m      [2mat DebugModeModal.close ([22m[2msrc/selectors.ts[2m:741:15)[22m[2m[22m
  [2mconsole.log[22m
    [e2e_r4pg81niwrk]: 2024-03-22T21:02:49.654Z backend:Tor Mar 22 17:02:49.000 [notice] Bootstrapped 100% (done): Done
[2m[22m
[2m      [2mat Socket.<anonymous> ([22m[2msrc/utils.ts[2m:159:15)[22m[2m[22m
  [2mconsole.log[22m
    [e2e_r4pg81niwrk]: 2024-03-22T21:02:49.767Z backend:TorControl Connecting to Tor, host: localhost port: 63558
[2m[22m
[2m      [2mat Socket.<anonymous> ([22m[2msrc/utils.ts[2m:159:15)[22m[2m[22m
  [2mconsole.log[22m
    [e2e_r4pg81niwrk]: 2024-03-22T21:02:49.768Z backend:Tor Mar 22 17:02:49.000 [notice] New control connection opened from 127.0.0.1.
[2m[22m
[2m      [2mat Socket.<anonymous> ([22m[2msrc/utils.ts[2m:159:15)[22m[2m[22m
  [2mconsole.log[22m
    [e2e_r4pg81niwrk]: 2024-03-22T21:02:49.768Z backend:TorControl Tor connected
[2m[22m
[2m      [2mat Socket.<anonymous> ([22m[2msrc/utils.ts[2m:159:15)[22m[2m[22m
  [2mconsole.log[22m
    Debug modal might have been covered by "join community" modal Waiting for element to be located By(xpath, //h3[text()='App is running in debug mode'])
    Wait timed out after 5027ms
[2m[22m
[2m      [2mat DebugModeModal.close ([22m[2msrc/selectors.ts[2m:747:15)[22m[2m[22m
  [2mconsole.log[22m
    [e2e_6q0pv39bdzw0]: 2024-03-22T21:02:55.407Z backend:libp2p:websockets connect 2otwjrsx3pcf6dvjheol6v2xcui6n6qn4rfkipe2oh3vyibizir46did.onion:80
[2m[22m
[2m      [2mat Socket.<anonymous> ([22m[2msrc/utils.ts[2m:159:15)[22m[2m[22m
  [2mconsole.log[22m
    [e2e_4cc1hr73df40]: 2024-03-22T21:02:55.981Z backend:libp2p:websockets server connecting with /dns4/2otwjrsx3pcf6dvjheol6v2xcui6n6qn4rfkipe2oh3vyibizir46did.onion/tcp/80/ws/p2p/QmTpNmixsfUSHBm3vWvvuTkgt2HdXc1sYiBRw4pMRn88GR
[2m[22m
[2m      [2mat Socket.<anonymous> ([22m[2msrc/utils.ts[2m:159:15)[22m[2m[22m
  [2mconsole.log[22m
    [e2e_4cc1hr73df40]: 2024-03-22T21:02:55.981Z backend:libp2p:websockets new inbound connection /dns4/2otwjrsx3pcf6dvjheol6v2xcui6n6qn4rfkipe2oh3vyibizir46did.onion/tcp/80/ws/p2p/QmTpNmixsfUSHBm3vWvvuTkgt2HdXc1sYiBRw4pMRn88GR
[2m[22m
[2m      [2mat Socket.<anonymous> ([22m[2msrc/utils.ts[2m:159:15)[22m[2m[22m
  [2mconsole.log[22m
    [e2e_r4pg81niwrk]: 2024-03-22T21:02:56.512Z backend:libp2p:websockets /dns4/2otwjrsx3pcf6dvjheol6v2xcui6n6qn4rfkipe2oh3vyibizir46did.onion/tcp/80/ws/p2p/QmTpNmixsfUSHBm3vWvvuTkgt2HdXc1sYiBRw4pMRn88GR connected /dns4/ilym2eypty5gmasrpwv5tn25ihl6zwbu7t3yis7i3ao3pjdemtw5p2ad.onion/tcp/80/ws/p2p/QmZLW6y5m8broYutG4og2ymXRZUDcxVhdgHhiKYKhquUNp
[2m[22m
[2m      [2mat Socket.<anonymous> ([22m[2msrc/utils.ts[2m:159:15)[22m[2m[22m
  [2mconsole.log[22m
    [e2e_r4pg81niwrk]: 2024-03-22T21:02:56.512Z backend:libp2p:websockets new outbound connection /dns4/ilym2eypty5gmasrpwv5tn25ihl6zwbu7t3yis7i3ao3pjdemtw5p2ad.onion/tcp/80/ws/p2p/QmZLW6y5m8broYutG4og2ymXRZUDcxVhdgHhiKYKhquUNp
[2m[22m
[2m      [2mat Socket.<anonymous> ([22m[2msrc/utils.ts[2m:159:15)[22m[2m[22m
  [2mconsole.log[22m
    [e2e_4cc1hr73df40]: 2024-03-22T21:02:58.442Z backend:libp2p:websockets connect 2otwjrsx3pcf6dvjheol6v2xcui6n6qn4rfkipe2oh3vyibizir46did.onion:80
[2m[22m
[2m      [2mat Socket.<anonymous> ([22m[2msrc/utils.ts[2m:159:15)[22m[2m[22m
  [2mconsole.log[22m
    [e2e_4cc1hr73df40]: 2024-03-22T21:02:59.125Z backend:libp2p:websockets inbound connection /dns4/2otwjrsx3pcf6dvjheol6v2xcui6n6qn4rfkipe2oh3vyibizir46did.onion/tcp/80/ws/p2p/QmTpNmixsfUSHBm3vWvvuTkgt2HdXc1sYiBRw4pMRn88GR upgraded
[2m[22m
[2m      [2mat Socket.<anonymous> ([22m[2msrc/utils.ts[2m:159:15)[22m[2m[22m
  [2mconsole.log[22m
    [e2e_4cc1hr73df40]: 2024-03-22T21:02:59.127Z backend:Libp2pService Connecting peer: {"isTrusted":false,"detail":{"id":"1jcaqs1711141379125","remoteAddr":"/dns4/2otwjrsx3pcf6dvjheol6v2xcui6n6qn4rfkipe2oh3vyibizir46did.onion/tcp/80/ws/p2p/QmTpNmixsfUSHBm3vWvvuTkgt2HdXc1sYiBRw4pMRn88GR","remotePeer":"QmTpNmixsfUSHBm3vWvvuTkgt2HdXc1sYiBRw4pMRn88GR","stat":{"status":"OPEN","direction":"inbound","timeline":{"open":1711141375981,"upgraded":1711141379125},"multiplexer":"/mplex/6.7.0","encryption":"/noise"},"tags":[],"_closing":false}}
    2024-03-22T21:02:59.127Z backend:Libp2pService QmZLW6y5m8broYutG4og2ymXRZUDcxVhdgHhiKYKhquUNp connected to QmTpNmixsfUSHBm3vWvvuTkgt2HdXc1sYiBRw4pMRn88GR
    2024-03-22T21:02:59.127Z backend:Libp2pService QmZLW6y5m8broYutG4og2ymXRZUDcxVhdgHhiKYKhquUNp is now connected to 2 peers
    2024-03-22T21:02:59.127Z backend:Libp2pService QmZLW6y5m8broYutG4og2ymXRZUDcxVhdgHhiKYKhquUNp has 2 open connections
    2024-03-22T21:02:59.127Z backend:Libp2pService Emitting peerConnected event with payload {"peers":[{"peer":"QmTpNmixsfUSHBm3vWvvuTkgt2HdXc1sYiBRw4pMRn88GR","lastSeen":1711141379.127,"connectionDuration":0}]}
[2m[22m
[2m      [2mat Socket.<anonymous> ([22m[2msrc/utils.ts[2m:159:15)[22m[2m[22m
  [2mconsole.log[22m
    [e2e_r4pg81niwrk]: 2024-03-22T21:02:59.726Z backend:Libp2pService Connecting peer: {"isTrusted":false,"detail":{"id":"4lo4pt1711141379726","remoteAddr":"/dns4/ilym2eypty5gmasrpwv5tn25ihl6zwbu7t3yis7i3ao3pjdemtw5p2ad.onion/tcp/80/ws/p2p/QmZLW6y5m8broYutG4og2ymXRZUDcxVhdgHhiKYKhquUNp","remotePeer":"QmZLW6y5m8broYutG4og2ymXRZUDcxVhdgHhiKYKhquUNp","stat":{"status":"OPEN","direction":"outbound","timeline":{"open":1711141376512,"upgraded":1711141379726},"multiplexer":"/mplex/6.7.0","encryption":"/noise"},"tags":[],"_closing":false}}
    2024-03-22T21:02:59.726Z backend:Libp2pService QmTpNmixsfUSHBm3vWvvuTkgt2HdXc1sYiBRw4pMRn88GR connected to QmZLW6y5m8broYutG4og2ymXRZUDcxVhdgHhiKYKhquUNp
[2m[22m
[2m      [2mat Socket.<anonymous> ([22m[2msrc/utils.ts[2m:159:15)[22m[2m[22m
  [2mconsole.log[22m
    [e2e_r4pg81niwrk]: 2024-03-22T21:02:59.734Z backend:Libp2pService QmTpNmixsfUSHBm3vWvvuTkgt2HdXc1sYiBRw4pMRn88GR is now connected to 1 peers
    2024-03-22T21:02:59.734Z backend:Libp2pService QmTpNmixsfUSHBm3vWvvuTkgt2HdXc1sYiBRw4pMRn88GR has 1 open connections
[2m[22m
[2m      [2mat Socket.<anonymous> ([22m[2msrc/utils.ts[2m:159:15)[22m[2m[22m
  [2mconsole.log[22m
    [e2e_r4pg81niwrk]: 2024-03-22T21:02:59.734Z backend:Libp2pService Emitting peerConnected event with payload {"peers":[{"peer":"QmZLW6y5m8broYutG4og2ymXRZUDcxVhdgHhiKYKhquUNp","lastSeen":1711141379.726,"connectionDuration":0}]}
[2m[22m
[2m      [2mat Socket.<anonymous> ([22m[2msrc/utils.ts[2m:159:15)[22m[2m[22m
  [2mconsole.log[22m
    [e2e_r4pg81niwrk]: 2024-03-22T21:02:59.734Z backend:libp2p:websockets outbound connection /dns4/ilym2eypty5gmasrpwv5tn25ihl6zwbu7t3yis7i3ao3pjdemtw5p2ad.onion/tcp/80/ws/p2p/QmZLW6y5m8broYutG4og2ymXRZUDcxVhdgHhiKYKhquUNp upgraded
[2m[22m
[2m      [2mat Socket.<anonymous> ([22m[2msrc/utils.ts[2m:159:15)[22m[2m[22m
  [2mconsole.log[22m
    [e2e_r4pg81niwrk]: 2024-03-22T21:03:02.172Z backend:libp2p:websockets server connecting with /dns4/e576krgv3x7hxejwyfb4vfiyxwlmgf6u2q64anggbwsnnrpec3ubfoid.onion/tcp/80/ws/p2p/QmQGGsPk8v1sy3oAwA2ecgb6JWk1XVzB8U7vsFB1dDfW3b
[2m[22m
[2m      [2mat Socket.<anonymous> ([22m[2msrc/utils.ts[2m:159:15)[22m[2m[22m
  [2mconsole.log[22m
    [e2e_r4pg81niwrk]: 2024-03-22T21:03:02.173Z backend:libp2p:websockets new inbound connection /dns4/e576krgv3x7hxejwyfb4vfiyxwlmgf6u2q64anggbwsnnrpec3ubfoid.onion/tcp/80/ws/p2p/QmQGGsPk8v1sy3oAwA2ecgb6JWk1XVzB8U7vsFB1dDfW3b
[2m[22m
[2m      [2mat Socket.<anonymous> ([22m[2msrc/utils.ts[2m:159:15)[22m[2m[22m
  [2mconsole.log[22m
    [e2e_r4pg81niwrk]: 2024-03-22T21:03:06.928Z backend:StorageService progress 5/5. Address: /orbitdb/zdpuAxX9VYs2cAEDR3cCBsM6wyvpYeQPwU6ugmGoy5AGm6DwT/channels.general_a7c50e5f6bb71a5bfe45107c2f1c0f08
[2m[22m
[2m      [2mat Socket.<anonymous> ([22m[2msrc/utils.ts[2m:159:15)[22m[2m[22m
  [2mconsole.log[22m
    [e2e_6q0pv39bdzw0]: 2024-03-22T21:03:08.435Z backend:libp2p:websockets /dns4/e576krgv3x7hxejwyfb4vfiyxwlmgf6u2q64anggbwsnnrpec3ubfoid.onion/tcp/80/ws/p2p/QmQGGsPk8v1sy3oAwA2ecgb6JWk1XVzB8U7vsFB1dDfW3b connected /dns4/2otwjrsx3pcf6dvjheol6v2xcui6n6qn4rfkipe2oh3vyibizir46did.onion/tcp/80/ws/p2p/QmTpNmixsfUSHBm3vWvvuTkgt2HdXc1sYiBRw4pMRn88GR
[2m[22m
[2m      [2mat Socket.<anonymous> ([22m[2msrc/utils.ts[2m:159:15)[22m[2m[22m
  [2mconsole.log[22m
    [e2e_6q0pv39bdzw0]: 2024-03-22T21:03:08.436Z backend:libp2p:websockets new outbound connection /dns4/2otwjrsx3pcf6dvjheol6v2xcui6n6qn4rfkipe2oh3vyibizir46did.onion/tcp/80/ws/p2p/QmTpNmixsfUSHBm3vWvvuTkgt2HdXc1sYiBRw4pMRn88GR
[2m[22m
[2m      [2mat Socket.<anonymous> ([22m[2msrc/utils.ts[2m:159:15)[22m[2m[22m
  [2mconsole.log[22m
    [e2e_r4pg81niwrk]: 2024-03-22T21:03:12.902Z backend:CertificatesRequestsStore Replicated CSRs
[2m[22m
[2m      [2mat Socket.<anonymous> ([22m[2msrc/utils.ts[2m:159:15)[22m[2m[22m
  [2mconsole.log[22m
    [e2e_r4pg81niwrk]: 2024-03-22T21:03:12.912Z backend:StorageService Replicated. /orbitdb/zdpuAxX9VYs2cAEDR3cCBsM6wyvpYeQPwU6ugmGoy5AGm6DwT/channels.general_a7c50e5f6bb71a5bfe45107c2f1c0f08
[2m[22m
[2m      [2mat Socket.<anonymous> ([22m[2msrc/utils.ts[2m:159:15)[22m[2m[22m
  [2mconsole.log[22m
    [e2e_r4pg81niwrk]: 2024-03-22T21:03:12.913Z backend:CertificatesRequestsStore DuplicatedCertBug {
      allEntries: [
        'MIIDIjCCAscCAQAwSTFHMEUGA1UEAxM+Mm90d2pyc3gzcGNmNmR2amhlb2w2djJ4Y3VpNm42cW40cmZraXBlMm9oM3Z5aWJpemlyNDZkaWQub25pb24wWTATBgcqhkjOPQIBBggqhkjOPQMBBwNCAASAyz/RAv61EQ7fSy3WbndIpaX9zi+r2BPNsF7eh2TyzlNUIqZ+ZGBrDPOP4ea+lYwAGYc0obSJgwiFRataRarIoIICGjAuBgkqhkiG9w0BCQ4xITAfMB0GA1UdDgQWBBRAQ+c+nMaAWHjxud5tJL3peqMp1zCCAUcGCSqGSIb3DQEJDDGCATgEggE0FVgLbFaN+gKO4Aqfjs/gNPtz+V9vgnwmOEuIipHYSyEyiZL7PmRutx07890ws44SwLYEKDBavLKfF1aSa1MOLps/bMWW2DDOngTVGyaWufh8OaBzxGIL3815BZLJF9VTgEuyJbOq3+XLZMj2fdEjXHTRvYURKZtc/O7FHYG5mOc7QTwkXd9jQ8tMYZ85wWJdR3ZLGWYfnrrplQTdkAq9H7DEH4OTypJSYjvhMBrDAZeFOe1nHVkJU14sO2x1rc9X1GQMYmLC4WxLcwdcyUh1aXOEev3VprQRQjaFznk0UHK33rn1q16YE5zc+3hhF03FOGSos8DMyQy3o10/p1fOI9oVSkFpKlx5OyZXz1uG6Utmt8htptEr4rE4jm9y6+r5DXm5nIjSZIbNgXh9boxyX7KvOkkwFQYKKwYBBAGDjBsCATEHEwVvd25lcjA9BgkrBgECAQ8DAQExMBMuUW1UcE5taXhzZlVTSEJtM3ZXdnZ1VGtndDJIZFhjMXNZaUJSdzRwTVJuODhHUjBHBgNVHRExQBM+Mm90d2pyc3gzcGNmNmR2amhlb2w2djJ4Y3VpNm42cW40cmZraXBlMm9oM3Z5aWJpemlyNDZkaWQub25pb24wCgYIKoZIzj0EAwIDSQAwRgIhAOK6Uac+lomfbGsOpT+M1/mZLNGmQ6uPXE4blwkpyla2AiEApkT1IJjfMgcYl613arLQ4nUrieyCoz8W8U+EWt1HhGM=',
        'MIIDKjCCAtACAQAwSTFHMEUGA1UEAxM+aWx5bTJleXB0eTVnbWFzcnB3djV0bjI1aWhsNnp3YnU3dDN5aXM3aTNhbzNwamRlbXR3NXAyYWQub25pb24wWTATBgcqhkjOPQIBBggqhkjOPQMBBwNCAASAc6Q7kSitT6fyLxEFZGkuuzNa9jtKyJR7X+dlJEEmw5Lt9tZZh33x2EjtrubvNXQ6o2Ok0bbirf38mNxlDpvYoIICIzAuBgkqhkiG9w0BCQ4xITAfMB0GA1UdDgQWBBSq+CkgQPuUKSTjGI+UdK61eLe3xzCCAUcGCSqGSIb3DQEJDDGCATgEggE0LxHEGHtvKSiDcFtzFUkCL4n71xN5ZfTPdAbFO34bUN1lRH9B8vVRIllPt7t78Us1jAQc0SbkZj/lmZdb/FlgjytUXwQCyU/4P+/XWsScrvD5iOkhipLZ9OBC6Z+Kxr8gHijlP8E/2VEDWp2TEI4y4PalusR0aiEkMK9G+aFPenTi6/7oUDZa5ePoBlSn4dtDiMkb9WT9fTv4W033G1PhszK8SEV7gM0ZlHyrt9vsThXW46jW1UhJfUZfQ4IzUAHZyfKlhux2mG3PIshCDI3fVIIu72b1YKV7ixkY39G8cq3B8pjCk7wLpVop7Bz8Ke9lf0qRL/cTsBcRYv5pH1B8L16tCHA/ZnYupxd++5vygxoK/F96rU5YuNpG2Xc4YhfW7/7u/CRECz1pIinU7Eanm0OPKUIwHgYKKwYBBAGDjBsCATEQEw51c2VyLWpvaW5pbmctMTA9BgkrBgECAQ8DAQExMBMuUW1aTFc2eTVtOGJyb1l1dEc0b2cyeW1YUlpVRGN4VmhkZ0hoaUtZS2hxdVVOcDBHBgNVHRExQBM+aWx5bTJleXB0eTVnbWFzcnB3djV0bjI1aWhsNnp3YnU3dDN5aXM3aTNhbzNwamRlbXR3NXAyYWQub25pb24wCgYIKoZIzj0EAwIDSAAwRQIhAJclKaxQLhPy8NHDIbipEmjrVtOqp7aXhzB9Wu8r3T/LAiB7+RGRT1sFjUy5Wk+IZTZ7I3xf1gi+PN9FCRngURsyyA==',
        'MIIDKjCCAtACAQAwSTFHMEUGA1UEAxM+ZTU3NmtyZ3YzeDdoeGVqd3lmYjR2Zml5eHdsbWdmNnUycTY0YW5nZ2J3c25ucnBlYzN1YmZvaWQub25pb24wWTATBgcqhkjOPQIBBggqhkjOPQMBBwNCAATnIhoeFv4HceoeOzC6x/n9E2zNgU18QQpohtiQIYs9qZtdpgQjOOHh98Nb0c6ix4Tf+Y5yBphKqhBZHTx/c60+oIICIzAuBgkqhkiG9w0BCQ4xITAfMB0GA1UdDgQWBBRPXKXKd+B8grn50ArRUFGbIm6h4jCCAUcGCSqGSIb3DQEJDDGCATgEggE0D9hxS1q2dIOXzWjJAaB3Q4YeSP8hPt9hx8BAEIeRiNOl0vbCcXBFibDmk2Bpu+vGd0ABl6SCCSew/ClC8nuU3o+ae6cefNC19thDGRv3RdxkvOMmZndXCuML5gwmCXGIvwG/lc0W8Vv03FCDC2vbWSGo+njmtEaEQTsZwrCl/TRQeWHGiB2sCXkH/DXueXByPKBgRMDqGcpmV2IhOsTuHF/7Cx5KT70CBIYw/JzJ2QjptZXlUtTiQ/cm/bpk+iHUmrn5JT70rQ0JNypYWl6BVEXHpyEEKwEb+HfyuJfinyk8j/WS+1zRTOFmx3XudtVlg/HrqHtO846ab44fMYmIeuLz2yd5h6MBi2urphuABlFaUqd2LbUYK0G4xL2WG+Ai5fE9Sbh8ZmGws5HCWHpvGhOmTkkwHgYKKwYBBAGDjBsCATEQEw51c2VyLWpvaW5pbmctMTA9BgkrBgECAQ8DAQExMBMuUW1RR0dzUGs4djFzeTNvQXdBMmVjZ2I2SldrMVhWekI4VTd2c0ZCMWREZlczYjBHBgNVHRExQBM+ZTU3NmtyZ3YzeDdoeGVqd3lmYjR2Zml5eHdsbWdmNnUycTY0YW5nZ2J3c25ucnBlYzN1YmZvaWQub25pb24wCgYIKoZIzj0EAwIDSAAwRQIgag3Elvsz6Cfm3OGkt5j5BjTvItNqKyKd4FRzlDovpyYCIQCLRWqVmjQrYkMO4om3ktje5V8LLKfuCUzcT/eO+7T+ew==',
        'MIIDKTCCAtACAQAwSTFHMEUGA1UEAxM+ZTU3NmtyZ3YzeDdoeGVqd3lmYjR2Zml5eHdsbWdmNnUycTY0YW5nZ2J3c25ucnBlYzN1YmZvaWQub25pb24wWTATBgcqhkjOPQIBBggqhkjOPQMBBwNCAATnIhoeFv4HceoeOzC6x/n9E2zNgU18QQpohtiQIYs9qZtdpgQjOOHh98Nb0c6ix4Tf+Y5yBphKqhBZHTx/c60+oIICIzAuBgkqhkiG9w0BCQ4xITAfMB0GA1UdDgQWBBRPXKXKd+B8grn50ArRUFGbIm6h4jCCAUcGCSqGSIb3DQEJDDGCATgEggE0D9hxS1q2dIOXzWjJAaB3Q4YeSP8hPt9hx8BAEIeRiNOl0vbCcXBFibDmk2Bpu+vGd0ABl6SCCSew/ClC8nuU3o+ae6cefNC19thDGRv3RdxkvOMmZndXCuML5gwmCXGIvwG/lc0W8Vv03FCDC2vbWSGo+njmtEaEQTsZwrCl/TRQeWHGiB2sCXkH/DXueXByPKBgRMDqGcpmV2IhOsTuHF/7Cx5KT70CBIYw/JzJ2QjptZXlUtTiQ/cm/bpk+iHUmrn5JT70rQ0JNypYWl6BVEXHpyEEKwEb+HfyuJfinyk8j/WS+1zRTOFmx3XudtVlg/HrqHtO846ab44fMYmIeuLz2yd5h6MBi2urphuABlFaUqd2LbUYK0G4xL2WG+Ai5fE9Sbh8ZmGws5HCWHpvGhOmTkkwHgYKKwYBBAGDjBsCATEQEw51c2VyLWpvaW5pbmctMjA9BgkrBgECAQ8DAQExMBMuUW1RR0dzUGs4djFzeTNvQXdBMmVjZ2I2SldrMVhWekI4VTd2c0ZCMWREZlczYjBHBgNVHRExQBM+ZTU3NmtyZ3YzeDdoeGVqd3lmYjR2Zml5eHdsbWdmNnUycTY0YW5nZ2J3c25ucnBlYzN1YmZvaWQub25pb24wCgYIKoZIzj0EAwIDRwAwRAIgXQIcKPTyXTWAGWH4UiykpIBw/cO1T5rn5s08fTpXkYgCICCjjLNI3W4uZyyF0qHf0dmHG3turzM5SH19Qt/pAXwG'
      ]
    }
[2m[22m
[2m      [2mat Socket.<anonymous> ([22m[2msrc/utils.ts[2m:159:15)[22m[2m[22m
  [2mconsole.log[22m
    [e2e_r4pg81niwrk]: 2024-03-22T21:03:12.913Z backend:CertificatesRequestsStore DuplicatedCertBug {
      allCsrsUnique: [
        'MIIDIjCCAscCAQAwSTFHMEUGA1UEAxM+Mm90d2pyc3gzcGNmNmR2amhlb2w2djJ4Y3VpNm42cW40cmZraXBlMm9oM3Z5aWJpemlyNDZkaWQub25pb24wWTATBgcqhkjOPQIBBggqhkjOPQMBBwNCAASAyz/RAv61EQ7fSy3WbndIpaX9zi+r2BPNsF7eh2TyzlNUIqZ+ZGBrDPOP4ea+lYwAGYc0obSJgwiFRataRarIoIICGjAuBgkqhkiG9w0BCQ4xITAfMB0GA1UdDgQWBBRAQ+c+nMaAWHjxud5tJL3peqMp1zCCAUcGCSqGSIb3DQEJDDGCATgEggE0FVgLbFaN+gKO4Aqfjs/gNPtz+V9vgnwmOEuIipHYSyEyiZL7PmRutx07890ws44SwLYEKDBavLKfF1aSa1MOLps/bMWW2DDOngTVGyaWufh8OaBzxGIL3815BZLJF9VTgEuyJbOq3+XLZMj2fdEjXHTRvYURKZtc/O7FHYG5mOc7QTwkXd9jQ8tMYZ85wWJdR3ZLGWYfnrrplQTdkAq9H7DEH4OTypJSYjvhMBrDAZeFOe1nHVkJU14sO2x1rc9X1GQMYmLC4WxLcwdcyUh1aXOEev3VprQRQjaFznk0UHK33rn1q16YE5zc+3hhF03FOGSos8DMyQy3o10/p1fOI9oVSkFpKlx5OyZXz1uG6Utmt8htptEr4rE4jm9y6+r5DXm5nIjSZIbNgXh9boxyX7KvOkkwFQYKKwYBBAGDjBsCATEHEwVvd25lcjA9BgkrBgECAQ8DAQExMBMuUW1UcE5taXhzZlVTSEJtM3ZXdnZ1VGtndDJIZFhjMXNZaUJSdzRwTVJuODhHUjBHBgNVHRExQBM+Mm90d2pyc3gzcGNmNmR2amhlb2w2djJ4Y3VpNm42cW40cmZraXBlMm9oM3Z5aWJpemlyNDZkaWQub25pb24wCgYIKoZIzj0EAwIDSQAwRgIhAOK6Uac+lomfbGsOpT+M1/mZLNGmQ6uPXE4blwkpyla2AiEApkT1IJjfMgcYl613arLQ4nUrieyCoz8W8U+EWt1HhGM=',
        'MIIDKjCCAtACAQAwSTFHMEUGA1UEAxM+aWx5bTJleXB0eTVnbWFzcnB3djV0bjI1aWhsNnp3YnU3dDN5aXM3aTNhbzNwamRlbXR3NXAyYWQub25pb24wWTATBgcqhkjOPQIBBggqhkjOPQMBBwNCAASAc6Q7kSitT6fyLxEFZGkuuzNa9jtKyJR7X+dlJEEmw5Lt9tZZh33x2EjtrubvNXQ6o2Ok0bbirf38mNxlDpvYoIICIzAuBgkqhkiG9w0BCQ4xITAfMB0GA1UdDgQWBBSq+CkgQPuUKSTjGI+UdK61eLe3xzCCAUcGCSqGSIb3DQEJDDGCATgEggE0LxHEGHtvKSiDcFtzFUkCL4n71xN5ZfTPdAbFO34bUN1lRH9B8vVRIllPt7t78Us1jAQc0SbkZj/lmZdb/FlgjytUXwQCyU/4P+/XWsScrvD5iOkhipLZ9OBC6Z+Kxr8gHijlP8E/2VEDWp2TEI4y4PalusR0aiEkMK9G+aFPenTi6/7oUDZa5ePoBlSn4dtDiMkb9WT9fTv4W033G1PhszK8SEV7gM0ZlHyrt9vsThXW46jW1UhJfUZfQ4IzUAHZyfKlhux2mG3PIshCDI3fVIIu72b1YKV7ixkY39G8cq3B8pjCk7wLpVop7Bz8Ke9lf0qRL/cTsBcRYv5pH1B8L16tCHA/ZnYupxd++5vygxoK/F96rU5YuNpG2Xc4YhfW7/7u/CRECz1pIinU7Eanm0OPKUIwHgYKKwYBBAGDjBsCATEQEw51c2VyLWpvaW5pbmctMTA9BgkrBgECAQ8DAQExMBMuUW1aTFc2eTVtOGJyb1l1dEc0b2cyeW1YUlpVRGN4VmhkZ0hoaUtZS2hxdVVOcDBHBgNVHRExQBM+aWx5bTJleXB0eTVnbWFzcnB3djV0bjI1aWhsNnp3YnU3dDN5aXM3aTNhbzNwamRlbXR3NXAyYWQub25pb24wCgYIKoZIzj0EAwIDSAAwRQIhAJclKaxQLhPy8NHDIbipEmjrVtOqp7aXhzB9Wu8r3T/LAiB7+RGRT1sFjUy5Wk+IZTZ7I3xf1gi+PN9FCRngURsyyA==',
        'MIIDKjCCAtACAQAwSTFHMEUGA1UEAxM+ZTU3NmtyZ3YzeDdoeGVqd3lmYjR2Zml5eHdsbWdmNnUycTY0YW5nZ2J3c25ucnBlYzN1YmZvaWQub25pb24wWTATBgcqhkjOPQIBBggqhkjOPQMBBwNCAATnIhoeFv4HceoeOzC6x/n9E2zNgU18QQpohtiQIYs9qZtdpgQjOOHh98Nb0c6ix4Tf+Y5yBphKqhBZHTx/c60+oIICIzAuBgkqhkiG9w0BCQ4xITAfMB0GA1UdDgQWBBRPXKXKd+B8grn50ArRUFGbIm6h4jCCAUcGCSqGSIb3DQEJDDGCATgEggE0D9hxS1q2dIOXzWjJAaB3Q4YeSP8hPt9hx8BAEIeRiNOl0vbCcXBFibDmk2Bpu+vGd0ABl6SCCSew/ClC8nuU3o+ae6cefNC19thDGRv3RdxkvOMmZndXCuML5gwmCXGIvwG/lc0W8Vv03FCDC2vbWSGo+njmtEaEQTsZwrCl/TRQeWHGiB2sCXkH/DXueXByPKBgRMDqGcpmV2IhOsTuHF/7Cx5KT70CBIYw/JzJ2QjptZXlUtTiQ/cm/bpk+iHUmrn5JT70rQ0JNypYWl6BVEXHpyEEKwEb+HfyuJfinyk8j/WS+1zRTOFmx3XudtVlg/HrqHtO846ab44fMYmIeuLz2yd5h6MBi2urphuABlFaUqd2LbUYK0G4xL2WG+Ai5fE9Sbh8ZmGws5HCWHpvGhOmTkkwHgYKKwYBBAGDjBsCATEQEw51c2VyLWpvaW5pbmctMTA9BgkrBgECAQ8DAQExMBMuUW1RR0dzUGs4djFzeTNvQXdBMmVjZ2I2SldrMVhWekI4VTd2c0ZCMWREZlczYjBHBgNVHRExQBM+ZTU3NmtyZ3YzeDdoeGVqd3lmYjR2Zml5eHdsbWdmNnUycTY0YW5nZ2J3c25ucnBlYzN1YmZvaWQub25pb24wCgYIKoZIzj0EAwIDSAAwRQIgag3Elvsz6Cfm3OGkt5j5BjTvItNqKyKd4FRzlDovpyYCIQCLRWqVmjQrYkMO4om3ktje5V8LLKfuCUzcT/eO+7T+ew==',
        'MIIDKTCCAtACAQAwSTFHMEUGA1UEAxM+ZTU3NmtyZ3YzeDdoeGVqd3lmYjR2Zml5eHdsbWdmNnUycTY0YW5nZ2J3c25ucnBlYzN1YmZvaWQub25pb24wWTATBgcqhkjOPQIBBggqhkjOPQMBBwNCAATnIhoeFv4HceoeOzC6x/n9E2zNgU18QQpohtiQIYs9qZtdpgQjOOHh98Nb0c6ix4Tf+Y5yBphKqhBZHTx/c60+oIICIzAuBgkqhkiG9w0BCQ4xITAfMB0GA1UdDgQWBBRPXKXKd+B8grn50ArRUFGbIm6h4jCCAUcGCSqGSIb3DQEJDDGCATgEggE0D9hxS1q2dIOXzWjJAaB3Q4YeSP8hPt9hx8BAEIeRiNOl0vbCcXBFibDmk2Bpu+vGd0ABl6SCCSew/ClC8nuU3o+ae6cefNC19thDGRv3RdxkvOMmZndXCuML5gwmCXGIvwG/lc0W8Vv03FCDC2vbWSGo+njmtEaEQTsZwrCl/TRQeWHGiB2sCXkH/DXueXByPKBgRMDqGcpmV2IhOsTuHF/7Cx5KT70CBIYw/JzJ2QjptZXlUtTiQ/cm/bpk+iHUmrn5JT70rQ0JNypYWl6BVEXHpyEEKwEb+HfyuJfinyk8j/WS+1zRTOFmx3XudtVlg/HrqHtO846ab44fMYmIeuLz2yd5h6MBi2urphuABlFaUqd2LbUYK0G4xL2WG+Ai5fE9Sbh8ZmGws5HCWHpvGhOmTkkwHgYKKwYBBAGDjBsCATEQEw51c2VyLWpvaW5pbmctMjA9BgkrBgECAQ8DAQExMBMuUW1RR0dzUGs4djFzeTNvQXdBMmVjZ2I2SldrMVhWekI4VTd2c0ZCMWREZlczYjBHBgNVHRExQBM+ZTU3NmtyZ3YzeDdoeGVqd3lmYjR2Zml5eHdsbWdmNnUycTY0YW5nZ2J3c25ucnBlYzN1YmZvaWQub25pb24wCgYIKoZIzj0EAwIDRwAwRAIgXQIcKPTyXTWAGWH4UiykpIBw/cO1T5rn5s08fTpXkYgCICCjjLNI3W4uZyyF0qHf0dmHG3turzM5SH19Qt/pAXwG'
      ]
    }
[2m[22m
[2m      [2mat Socket.<anonymous> ([22m[2msrc/utils.ts[2m:159:15)[22m[2m[22m
  [2mconsole.log[22m
    [e2e_r4pg81niwrk]: 2024-03-22T21:03:12.922Z backend:CertificatesRequestsStore DuplicatedCertBug [...filteredCsrsMap.values()] [
      'MIIDIjCCAscCAQAwSTFHMEUGA1UEAxM+Mm90d2pyc3gzcGNmNmR2amhlb2w2djJ4Y3VpNm42cW40cmZraXBlMm9oM3Z5aWJpemlyNDZkaWQub25pb24wWTATBgcqhkjOPQIBBggqhkjOPQMBBwNCAASAyz/RAv61EQ7fSy3WbndIpaX9zi+r2BPNsF7eh2TyzlNUIqZ+ZGBrDPOP4ea+lYwAGYc0obSJgwiFRataRarIoIICGjAuBgkqhkiG9w0BCQ4xITAfMB0GA1UdDgQWBBRAQ+c+nMaAWHjxud5tJL3peqMp1zCCAUcGCSqGSIb3DQEJDDGCATgEggE0FVgLbFaN+gKO4Aqfjs/gNPtz+V9vgnwmOEuIipHYSyEyiZL7PmRutx07890ws44SwLYEKDBavLKfF1aSa1MOLps/bMWW2DDOngTVGyaWufh8OaBzxGIL3815BZLJF9VTgEuyJbOq3+XLZMj2fdEjXHTRvYURKZtc/O7FHYG5mOc7QTwkXd9jQ8tMYZ85wWJdR3ZLGWYfnrrplQTdkAq9H7DEH4OTypJSYjvhMBrDAZeFOe1nHVkJU14sO2x1rc9X1GQMYmLC4WxLcwdcyUh1aXOEev3VprQRQjaFznk0UHK33rn1q16YE5zc+3hhF03FOGSos8DMyQy3o10/p1fOI9oVSkFpKlx5OyZXz1uG6Utmt8htptEr4rE4jm9y6+r5DXm5nIjSZIbNgXh9boxyX7KvOkkwFQYKKwYBBAGDjBsCATEHEwVvd25lcjA9BgkrBgECAQ8DAQExMBMuUW1UcE5taXhzZlVTSEJtM3ZXdnZ1VGtndDJIZFhjMXNZaUJSdzRwTVJuODhHUjBHBgNVHRExQBM+Mm90d2pyc3gzcGNmNmR2amhlb2w2djJ4Y3VpNm42cW40cmZraXBlMm9oM3Z5aWJpemlyNDZkaWQub25pb24wCgYIKoZIzj0EAwIDSQAwRgIhAOK6Uac+lomfbGsOpT+M1/mZLNGmQ6uPXE4blwkpyla2AiEApkT1IJjfMgcYl613arLQ4nUrieyCoz8W8U+EWt1HhGM=',
      'MIIDKjCCAtACAQAwSTFHMEUGA1UEAxM+aWx5bTJleXB0eTVnbWFzcnB3djV0bjI1aWhsNnp3YnU3dDN5aXM3aTNhbzNwamRlbXR3NXAyYWQub25pb24wWTATBgcqhkjOPQIBBggqhkjOPQMBBwNCAASAc6Q7kSitT6fyLxEFZGkuuzNa9jtKyJR7X+dlJEEmw5Lt9tZZh33x2EjtrubvNXQ6o2Ok0bbirf38mNxlDpvYoIICIzAuBgkqhkiG9w0BCQ4xITAfMB0GA1UdDgQWBBSq+CkgQPuUKSTjGI+UdK61eLe3xzCCAUcGCSqGSIb3DQEJDDGCATgEggE0LxHEGHtvKSiDcFtzFUkCL4n71xN5ZfTPdAbFO34bUN1lRH9B8vVRIllPt7t78Us1jAQc0SbkZj/lmZdb/FlgjytUXwQCyU/4P+/XWsScrvD5iOkhipLZ9OBC6Z+Kxr8gHijlP8E/2VEDWp2TEI4y4PalusR0aiEkMK9G+aFPenTi6/7oUDZa5ePoBlSn4dtDiMkb9WT9fTv4W033G1PhszK8SEV7gM0ZlHyrt9vsThXW46jW1UhJfUZfQ4IzUAHZyfKlhux2mG3PIshCDI3fVIIu72b1YKV7ixkY39G8cq3B8pjCk7wLpVop7Bz8Ke9lf0qRL/cTsBcRYv5pH1B8L16tCHA/ZnYupxd++5vygxoK/F96rU5YuNpG2Xc4YhfW7/7u/CRECz1pIinU7Eanm0OPKUIwHgYKKwYBBAGDjBsCATEQEw51c2VyLWpvaW5pbmctMTA9BgkrBgECAQ8DAQExMBMuUW1aTFc2eTVtOGJyb1l1dEc0b2cyeW1YUlpVRGN4VmhkZ0hoaUtZS2hxdVVOcDBHBgNVHRExQBM+aWx5bTJleXB0eTVnbWFzcnB3djV0bjI1aWhsNnp3YnU3dDN5aXM3aTNhbzNwamRlbXR3NXAyYWQub25pb24wCgYIKoZIzj0EAwIDSAAwRQIhAJclKaxQLhPy8NHDIbipEmjrVtOqp7aXhzB9Wu8r3T/LAiB7+RGRT1sFjUy5Wk+IZTZ7I3xf1gi+PN9FCRngURsyyA==',
      'MIIDKTCCAtACAQAwSTFHMEUGA1UEAxM+ZTU3NmtyZ3YzeDdoeGVqd3lmYjR2Zml5eHdsbWdmNnUycTY0YW5nZ2J3c25ucnBlYzN1YmZvaWQub25pb24wWTATBgcqhkjOPQIBBggqhkjOPQMBBwNCAATnIhoeFv4HceoeOzC6x/n9E2zNgU18QQpohtiQIYs9qZtdpgQjOOHh98Nb0c6ix4Tf+Y5yBphKqhBZHTx/c60+oIICIzAuBgkqhkiG9w0BCQ4xITAfMB0GA1UdDgQWBBRPXKXKd+B8grn50ArRUFGbIm6h4jCCAUcGCSqGSIb3DQEJDDGCATgEggE0D9hxS1q2dIOXzWjJAaB3Q4YeSP8hPt9hx8BAEIeRiNOl0vbCcXBFibDmk2Bpu+vGd0ABl6SCCSew/ClC8nuU3o+ae6cefNC19thDGRv3RdxkvOMmZndXCuML5gwmCXGIvwG/lc0W8Vv03FCDC2vbWSGo+njmtEaEQTsZwrCl/TRQeWHGiB2sCXkH/DXueXByPKBgRMDqGcpmV2IhOsTuHF/7Cx5KT70CBIYw/JzJ2QjptZXlUtTiQ/cm/bpk+iHUmrn5JT70rQ0JNypYWl6BVEXHpyEEKwEb+HfyuJfinyk8j/WS+1zRTOFmx3XudtVlg/HrqHtO846ab44fMYmIeuLz2yd5h6MBi2urphuABlFaUqd2LbUYK0G4xL2WG+Ai5fE9Sbh8ZmGws5HCWHpvGhOmTkkwHgYKKwYBBAGDjBsCATEQEw51c2VyLWpvaW5pbmctMjA9BgkrBgECAQ8DAQExMBMuUW1RR0dzUGs4djFzeTNvQXdBMmVjZ2I2SldrMVhWekI4VTd2c0ZCMWREZlczYjBHBgNVHRExQBM+ZTU3NmtyZ3YzeDdoeGVqd3lmYjR2Zml5eHdsbWdmNnUycTY0YW5nZ2J3c25ucnBlYzN1YmZvaWQub25pb24wCgYIKoZIzj0EAwIDRwAwRAIgXQIcKPTyXTWAGWH4UiykpIBw/cO1T5rn5s08fTpXkYgCICCjjLNI3W4uZyyF0qHf0dmHG3turzM5SH19Qt/pAXwG'
    ]
[2m[22m
[2m      [2mat Socket.<anonymous> ([22m[2msrc/utils.ts[2m:159:15)[22m[2m[22m
  [2mconsole.log[22m
    [e2e_r4pg81niwrk]: 2024-03-22T21:03:12.922Z backend:ConnectionsManagerService Storage - csrsStored
[2m[22m
[2m      [2mat Socket.<anonymous> ([22m[2msrc/utils.ts[2m:159:15)[22m[2m[22m
  [2mconsole.log[22m
    [e2e_r4pg81niwrk]: 2024-03-22T21:03:12.924Z backend:StorageService csrs count: 4
[2m[22m
[2m      [2mat Socket.<anonymous> ([22m[2msrc/utils.ts[2m:159:15)[22m[2m[22m
  [2mconsole.log[22m
    stdout:
    updatePeersList, peers count: 4
[2m[22m
[2m      [2mat Socket.<anonymous> ([22m[2msrc/utils.ts[2m:149:15)[22m[2m[22m
  [2mconsole.log[22m
    [e2e_r4pg81niwrk]: 2024-03-22T21:03:12.927Z backend:Libp2pService Dialing 1 addresses
    2024-03-22T21:03:12.927Z backend:ProcessInChunksService Updating data with 1 items
    2024-03-22T21:03:12.927Z backend:ProcessInChunksService Processing 1 items
[2m[22m
[2m      [2mat Socket.<anonymous> ([22m[2msrc/utils.ts[2m:159:15)[22m[2m[22m
  [2mconsole.log[22m
    [e2e_r4pg81niwrk]: 2024-03-22T21:03:12.927Z backend:RegistrationService Trying to issue certificates false [
      {
        csrs: [
          'MIIDIjCCAscCAQAwSTFHMEUGA1UEAxM+Mm90d2pyc3gzcGNmNmR2amhlb2w2djJ4Y3VpNm42cW40cmZraXBlMm9oM3Z5aWJpemlyNDZkaWQub25pb24wWTATBgcqhkjOPQIBBggqhkjOPQMBBwNCAASAyz/RAv61EQ7fSy3WbndIpaX9zi+r2BPNsF7eh2TyzlNUIqZ+ZGBrDPOP4ea+lYwAGYc0obSJgwiFRataRarIoIICGjAuBgkqhkiG9w0BCQ4xITAfMB0GA1UdDgQWBBRAQ+c+nMaAWHjxud5tJL3peqMp1zCCAUcGCSqGSIb3DQEJDDGCATgEggE0FVgLbFaN+gKO4Aqfjs/gNPtz+V9vgnwmOEuIipHYSyEyiZL7PmRutx07890ws44SwLYEKDBavLKfF1aSa1MOLps/bMWW2DDOngTVGyaWufh8OaBzxGIL3815BZLJF9VTgEuyJbOq3+XLZMj2fdEjXHTRvYURKZtc/O7FHYG5mOc7QTwkXd9jQ8tMYZ85wWJdR3ZLGWYfnrrplQTdkAq9H7DEH4OTypJSYjvhMBrDAZeFOe1nHVkJU14sO2x1rc9X1GQMYmLC4WxLcwdcyUh1aXOEev3VprQRQjaFznk0UHK33rn1q16YE5zc+3hhF03FOGSos8DMyQy3o10/p1fOI9oVSkFpKlx5OyZXz1uG6Utmt8htptEr4rE4jm9y6+r5DXm5nIjSZIbNgXh9boxyX7KvOkkwFQYKKwYBBAGDjBsCATEHEwVvd25lcjA9BgkrBgECAQ8DAQExMBMuUW1UcE5taXhzZlVTSEJtM3ZXdnZ1VGtndDJIZFhjMXNZaUJSdzRwTVJuODhHUjBHBgNVHRExQBM+Mm90d2pyc3gzcGNmNmR2amhlb2w2djJ4Y3VpNm42cW40cmZraXBlMm9oM3Z5aWJpemlyNDZkaWQub25pb24wCgYIKoZIzj0EAwIDSQAwRgIhAOK6Uac+lomfbGsOpT+M1/mZLNGmQ6uPXE4blwkpyla2AiEApkT1IJjfMgcYl613arLQ4nUrieyCoz8W8U+EWt1HhGM=',
          'MIIDKjCCAtACAQAwSTFHMEUGA1UEAxM+aWx5bTJleXB0eTVnbWFzcnB3djV0bjI1aWhsNnp3YnU3dDN5aXM3aTNhbzNwamRlbXR3NXAyYWQub25pb24wWTATBgcqhkjOPQIBBggqhkjOPQMBBwNCAASAc6Q7kSitT6fyLxEFZGkuuzNa9jtKyJR7X+dlJEEmw5Lt9tZZh33x2EjtrubvNXQ6o2Ok0bbirf38mNxlDpvYoIICIzAuBgkqhkiG9w0BCQ4xITAfMB0GA1UdDgQWBBSq+CkgQPuUKSTjGI+UdK61eLe3xzCCAUcGCSqGSIb3DQEJDDGCATgEggE0LxHEGHtvKSiDcFtzFUkCL4n71xN5ZfTPdAbFO34bUN1lRH9B8vVRIllPt7t78Us1jAQc0SbkZj/lmZdb/FlgjytUXwQCyU/4P+/XWsScrvD5iOkhipLZ9OBC6Z+Kxr8gHijlP8E/2VEDWp2TEI4y4PalusR0aiEkMK9G+aFPenTi6/7oUDZa5ePoBlSn4dtDiMkb9WT9fTv4W033G1PhszK8SEV7gM0ZlHyrt9vsThXW46jW1UhJfUZfQ4IzUAHZyfKlhux2mG3PIshCDI3fVIIu72b1YKV7ixkY39G8cq3B8pjCk7wLpVop7Bz8Ke9lf0qRL/cTsBcRYv5pH1B8L16tCHA/ZnYupxd++5vygxoK/F96rU5YuNpG2Xc4YhfW7/7u/CRECz1pIinU7Eanm0OPKUIwHgYKKwYBBAGDjBsCATEQEw51c2VyLWpvaW5pbmctMTA9BgkrBgECAQ8DAQExMBMuUW1aTFc2eTVtOGJyb1l1dEc0b2cyeW1YUlpVRGN4VmhkZ0hoaUtZS2hxdVVOcDBHBgNVHRExQBM+aWx5bTJleXB0eTVnbWFzcnB3djV0bjI1aWhsNnp3YnU3dDN5aXM3aTNhbzNwamRlbXR3NXAyYWQub25pb24wCgYIKoZIzj0EAwIDSAAwRQIhAJclKaxQLhPy8NHDIbipEmjrVtOqp7aXhzB9Wu8r3T/LAiB7+RGRT1sFjUy5Wk+IZTZ7I3xf1gi+PN9FCRngURsyyA==',
          'MIIDKTCCAtACAQAwSTFHMEUGA1UEAxM+ZTU3NmtyZ3YzeDdoeGVqd3lmYjR2Zml5eHdsbWdmNnUycTY0YW5nZ2J3c25ucnBlYzN1YmZvaWQub25pb24wWTATBgcqhkjOPQIBBggqhkjOPQMBBwNCAATnIhoeFv4HceoeOzC6x/n9E2zNgU18QQpohtiQIYs9qZtdpgQjOOHh98Nb0c6ix4Tf+Y5yBphKqhBZHTx/c60+oIICIzAuBgkqhkiG9w0BCQ4xITAfMB0GA1UdDgQWBBRPXKXKd+B8grn50ArRUFGbIm6h4jCCAUcGCSqGSIb3DQEJDDGCATgEggE0D9hxS1q2dIOXzWjJAaB3Q4YeSP8hPt9hx8BAEIeRiNOl0vbCcXBFibDmk2Bpu+vGd0ABl6SCCSew/ClC8nuU3o+ae6cefNC19thDGRv3RdxkvOMmZndXCuML5gwmCXGIvwG/lc0W8Vv03FCDC2vbWSGo+njmtEaEQTsZwrCl/TRQeWHGiB2sCXkH/DXueXByPKBgRMDqGcpmV2IhOsTuHF/7Cx5KT70CBIYw/JzJ2QjptZXlUtTiQ/cm/bpk+iHUmrn5JT70rQ0JNypYWl6BVEXHpyEEKwEb+HfyuJfinyk8j/WS+1zRTOFmx3XudtVlg/HrqHtO846ab44fMYmIeuLz2yd5h6MBi2urphuABlFaUqd2LbUYK0G4xL2WG+Ai5fE9Sbh8ZmGws5HCWHpvGhOmTkkwHgYKKwYBBAGDjBsCATEQEw51c2VyLWpvaW5pbmctMjA9BgkrBgECAQ8DAQExMBMuUW1RR0dzUGs4djFzeTNvQXdBMmVjZ2I2SldrMVhWekI4VTd2c0ZCMWREZlczYjBHBgNVHRExQBM+ZTU3NmtyZ3YzeDdoeGVqd3lmYjR2Zml5eHdsbWdmNnUycTY0YW5nZ2J3c25ucnBlYzN1YmZvaWQub25pb24wCgYIKoZIzj0EAwIDRwAwRAIgXQIcKPTyXTWAGWH4UiykpIBw/cO1T5rn5s08fTpXkYgCICCjjLNI3W4uZyyF0qHf0dmHG3turzM5SH19Qt/pAXwG'
        ]
      }
    ]
    2024-03-22T21:03:12.927Z backend:RegistrationService Issuing certificates {
      csrs: [
        'MIIDIjCCAscCAQAwSTFHMEUGA1UEAxM+Mm90d2pyc3gzcGNmNmR2amhlb2w2djJ4Y3VpNm42cW40cmZraXBlMm9oM3Z5aWJpemlyNDZkaWQub25pb24wWTATBgcqhkjOPQIBBggqhkjOPQMBBwNCAASAyz/RAv61EQ7fSy3WbndIpaX9zi+r2BPNsF7eh2TyzlNUIqZ+ZGBrDPOP4ea+lYwAGYc0obSJgwiFRataRarIoIICGjAuBgkqhkiG9w0BCQ4xITAfMB0GA1UdDgQWBBRAQ+c+nMaAWHjxud5tJL3peqMp1zCCAUcGCSqGSIb3DQEJDDGCATgEggE0FVgLbFaN+gKO4Aqfjs/gNPtz+V9vgnwmOEuIipHYSyEyiZL7PmRutx07890ws44SwLYEKDBavLKfF1aSa1MOLps/bMWW2DDOngTVGyaWufh8OaBzxGIL3815BZLJF9VTgEuyJbOq3+XLZMj2fdEjXHTRvYURKZtc/O7FHYG5mOc7QTwkXd9jQ8tMYZ85wWJdR3ZLGWYfnrrplQTdkAq9H7DEH4OTypJSYjvhMBrDAZeFOe1nHVkJU14sO2x1rc9X1GQMYmLC4WxLcwdcyUh1aXOEev3VprQRQjaFznk0UHK33rn1q16YE5zc+3hhF03FOGSos8DMyQy3o10/p1fOI9oVSkFpKlx5OyZXz1uG6Utmt8htptEr4rE4jm9y6+r5DXm5nIjSZIbNgXh9boxyX7KvOkkwFQYKKwYBBAGDjBsCATEHEwVvd25lcjA9BgkrBgECAQ8DAQExMBMuUW1UcE5taXhzZlVTSEJtM3ZXdnZ1VGtndDJIZFhjMXNZaUJSdzRwTVJuODhHUjBHBgNVHRExQBM+Mm90d2pyc3gzcGNmNmR2amhlb2w2djJ4Y3VpNm42cW40cmZraXBlMm9oM3Z5aWJpemlyNDZkaWQub25pb24wCgYIKoZIzj0EAwIDSQAwRgIhAOK6Uac+lomfbGsOpT+M1/mZLNGmQ6uPXE4blwkpyla2AiEApkT1IJjfMgcYl613arLQ4nUrieyCoz8W8U+EWt1HhGM=',
        'MIIDKjCCAtACAQAwSTFHMEUGA1UEAxM+aWx5bTJleXB0eTVnbWFzcnB3djV0bjI1aWhsNnp3YnU3dDN5aXM3aTNhbzNwamRlbXR3NXAyYWQub25pb24wWTATBgcqhkjOPQIBBggqhkjOPQMBBwNCAASAc6Q7kSitT6fyLxEFZGkuuzNa9jtKyJR7X+dlJEEmw5Lt9tZZh33x2EjtrubvNXQ6o2Ok0bbirf38mNxlDpvYoIICIzAuBgkqhkiG9w0BCQ4xITAfMB0GA1UdDgQWBBSq+CkgQPuUKSTjGI+UdK61eLe3xzCCAUcGCSqGSIb3DQEJDDGCATgEggE0LxHEGHtvKSiDcFtzFUkCL4n71xN5ZfTPdAbFO34bUN1lRH9B8vVRIllPt7t78Us1jAQc0SbkZj/lmZdb/FlgjytUXwQCyU/4P+/XWsScrvD5iOkhipLZ9OBC6Z+Kxr8gHijlP8E/2VEDWp2TEI4y4PalusR0aiEkMK9G+aFPenTi6/7oUDZa5ePoBlSn4dtDiMkb9WT9fTv4W033G1PhszK8SEV7gM0ZlHyrt9vsThXW46jW1UhJfUZfQ4IzUAHZyfKlhux2mG3PIshCDI3fVIIu72b1YKV7ixkY39G8cq3B8pjCk7wLpVop7Bz8Ke9lf0qRL/cTsBcRYv5pH1B8L16tCHA/ZnYupxd++5vygxoK/F96rU5YuNpG2Xc4YhfW7/7u/CRECz1pIinU7Eanm0OPKUIwHgYKKwYBBAGDjBsCATEQEw51c2VyLWpvaW5pbmctMTA9BgkrBgECAQ8DAQExMBMuUW1aTFc2eTVtOGJyb1l1dEc0b2cyeW1YUlpVRGN4VmhkZ0hoaUtZS2hxdVVOcDBHBgNVHRExQBM+aWx5bTJleXB0eTVnbWFzcnB3djV0bjI1aWhsNnp3YnU3dDN5aXM3aTNhbzNwamRlbXR3NXAyYWQub25pb24wCgYIKoZIzj0EAwIDSAAwRQIhAJclKaxQLhPy8NHDIbipEmjrVtOqp7aXhzB9Wu8r3T/LAiB7+RGRT1sFjUy5Wk+IZTZ7I3xf1gi+PN9FCRngURsyyA==',
        'MIIDKTCCAtACAQAwSTFHMEUGA1UEAxM+ZTU3NmtyZ3YzeDdoeGVqd3lmYjR2Zml5eHdsbWdmNnUycTY0YW5nZ2J3c25ucnBlYzN1YmZvaWQub25pb24wWTATBgcqhkjOPQIBBggqhkjOPQMBBwNCAATnIhoeFv4HceoeOzC6x/n9E2zNgU18QQpohtiQIYs9qZtdpgQjOOHh98Nb0c6ix4Tf+Y5yBphKqhBZHTx/c60+oIICIzAuBgkqhkiG9w0BCQ4xITAfMB0GA1UdDgQWBBRPXKXKd+B8grn50ArRUFGbIm6h4jCCAUcGCSqGSIb3DQEJDDGCATgEggE0D9hxS1q2dIOXzWjJAaB3Q4YeSP8hPt9hx8BAEIeRiNOl0vbCcXBFibDmk2Bpu+vGd0ABl6SCCSew/ClC8nuU3o+ae6cefNC19thDGRv3RdxkvOMmZndXCuML5gwmCXGIvwG/lc0W8Vv03FCDC2vbWSGo+njmtEaEQTsZwrCl/TRQeWHGiB2sCXkH/DXueXByPKBgRMDqGcpmV2IhOsTuHF/7Cx5KT70CBIYw/JzJ2QjptZXlUtTiQ/cm/bpk+iHUmrn5JT70rQ0JNypYWl6BVEXHpyEEKwEb+HfyuJfinyk8j/WS+1zRTOFmx3XudtVlg/HrqHtO846ab44fMYmIeuLz2yd5h6MBi2urphuABlFaUqd2LbUYK0G4xL2WG+Ai5fE9Sbh8ZmGws5HCWHpvGhOmTkkwHgYKKwYBBAGDjBsCATEQEw51c2VyLWpvaW5pbmctMjA9BgkrBgECAQ8DAQExMBMuUW1RR0dzUGs4djFzeTNvQXdBMmVjZ2I2SldrMVhWekI4VTd2c0ZCMWREZlczYjBHBgNVHRExQBM+ZTU3NmtyZ3YzeDdoeGVqd3lmYjR2Zml5eHdsbWdmNnUycTY0YW5nZ2J3c25ucnBlYzN1YmZvaWQub25pb24wCgYIKoZIzj0EAwIDRwAwRAIgXQIcKPTyXTWAGWH4UiykpIBw/cO1T5rn5s08fTpXkYgCICCjjLNI3W4uZyyF0qHf0dmHG3turzM5SH19Qt/pAXwG'
      ]
    }
    2024-03-22T21:03:12.927Z backend:StorageService Loading all certificates
[2m[22m
[2m      [2mat Socket.<anonymous> ([22m[2msrc/utils.ts[2m:159:15)[22m[2m[22m
  [2mconsole.log[22m
    [e2e_r4pg81niwrk]: 2024-03-22T21:03:12.933Z backend:CertificatesRequestsStore DuplicatedCertBug {
      validation: true,
      csr: 'MIIDIjCCAscCAQAwSTFHMEUGA1UEAxM+Mm90d2pyc3gzcGNmNmR2amhlb2w2djJ4Y3VpNm42cW40cmZraXBlMm9oM3Z5aWJpemlyNDZkaWQub25pb24wWTATBgcqhkjOPQIBBggqhkjOPQMBBwNCAASAyz/RAv61EQ7fSy3WbndIpaX9zi+r2BPNsF7eh2TyzlNUIqZ+ZGBrDPOP4ea+lYwAGYc0obSJgwiFRataRarIoIICGjAuBgkqhkiG9w0BCQ4xITAfMB0GA1UdDgQWBBRAQ+c+nMaAWHjxud5tJL3peqMp1zCCAUcGCSqGSIb3DQEJDDGCATgEggE0FVgLbFaN+gKO4Aqfjs/gNPtz+V9vgnwmOEuIipHYSyEyiZL7PmRutx07890ws44SwLYEKDBavLKfF1aSa1MOLps/bMWW2DDOngTVGyaWufh8OaBzxGIL3815BZLJF9VTgEuyJbOq3+XLZMj2fdEjXHTRvYURKZtc/O7FHYG5mOc7QTwkXd9jQ8tMYZ85wWJdR3ZLGWYfnrrplQTdkAq9H7DEH4OTypJSYjvhMBrDAZeFOe1nHVkJU14sO2x1rc9X1GQMYmLC4WxLcwdcyUh1aXOEev3VprQRQjaFznk0UHK33rn1q16YE5zc+3hhF03FOGSos8DMyQy3o10/p1fOI9oVSkFpKlx5OyZXz1uG6Utmt8htptEr4rE4jm9y6+r5DXm5nIjSZIbNgXh9boxyX7KvOkkwFQYKKwYBBAGDjBsCATEHEwVvd25lcjA9BgkrBgECAQ8DAQExMBMuUW1UcE5taXhzZlVTSEJtM3ZXdnZ1VGtndDJIZFhjMXNZaUJSdzRwTVJuODhHUjBHBgNVHRExQBM+Mm90d2pyc3gzcGNmNmR2amhlb2w2djJ4Y3VpNm42cW40cmZraXBlMm9oM3Z5aWJpemlyNDZkaWQub25pb24wCgYIKoZIzj0EAwIDSQAwRgIhAOK6Uac+lomfbGsOpT+M1/mZLNGmQ6uPXE4blwkpyla2AiEApkT1IJjfMgcYl613arLQ4nUrieyCoz8W8U+EWt1HhGM='
    }
[2m[22m
[2m      [2mat Socket.<anonymous> ([22m[2msrc/utils.ts[2m:159:15)[22m[2m[22m
  [2mconsole.log[22m
    [e2e_r4pg81niwrk]: 2024-03-22T21:03:12.933Z backend:CertificatesRequestsStore DuplicatedCertBug {
      validation: true,
      csr: 'MIIDKjCCAtACAQAwSTFHMEUGA1UEAxM+aWx5bTJleXB0eTVnbWFzcnB3djV0bjI1aWhsNnp3YnU3dDN5aXM3aTNhbzNwamRlbXR3NXAyYWQub25pb24wWTATBgcqhkjOPQIBBggqhkjOPQMBBwNCAASAc6Q7kSitT6fyLxEFZGkuuzNa9jtKyJR7X+dlJEEmw5Lt9tZZh33x2EjtrubvNXQ6o2Ok0bbirf38mNxlDpvYoIICIzAuBgkqhkiG9w0BCQ4xITAfMB0GA1UdDgQWBBSq+CkgQPuUKSTjGI+UdK61eLe3xzCCAUcGCSqGSIb3DQEJDDGCATgEggE0LxHEGHtvKSiDcFtzFUkCL4n71xN5ZfTPdAbFO34bUN1lRH9B8vVRIllPt7t78Us1jAQc0SbkZj/lmZdb/FlgjytUXwQCyU/4P+/XWsScrvD5iOkhipLZ9OBC6Z+Kxr8gHijlP8E/2VEDWp2TEI4y4PalusR0aiEkMK9G+aFPenTi6/7oUDZa5ePoBlSn4dtDiMkb9WT9fTv4W033G1PhszK8SEV7gM0ZlHyrt9vsThXW46jW1UhJfUZfQ4IzUAHZyfKlhux2mG3PIshCDI3fVIIu72b1YKV7ixkY39G8cq3B8pjCk7wLpVop7Bz8Ke9lf0qRL/cTsBcRYv5pH1B8L16tCHA/ZnYupxd++5vygxoK/F96rU5YuNpG2Xc4YhfW7/7u/CRECz1pIinU7Eanm0OPKUIwHgYKKwYBBAGDjBsCATEQEw51c2VyLWpvaW5pbmctMTA9BgkrBgECAQ8DAQExMBMuUW1aTFc2eTVtOGJyb1l1dEc0b2cyeW1YUlpVRGN4VmhkZ0hoaUtZS2hxdVVOcDBHBgNVHRExQBM+aWx5bTJleXB0eTVnbWFzcnB3djV0bjI1aWhsNnp3YnU3dDN5aXM3aTNhbzNwamRlbXR3NXAyYWQub25pb24wCgYIKoZIzj0EAwIDSAAwRQIhAJclKaxQLhPy8NHDIbipEmjrVtOqp7aXhzB9Wu8r3T/LAiB7+RGRT1sFjUy5Wk+IZTZ7I3xf1gi+PN9FCRngURsyyA=='
    }
    2024-03-22T21:03:12.933Z backend:CertificatesRequestsStore DuplicatedCertBug {
      validation: true,
      csr: 'MIIDKjCCAtACAQAwSTFHMEUGA1UEAxM+ZTU3NmtyZ3YzeDdoeGVqd3lmYjR2Zml5eHdsbWdmNnUycTY0YW5nZ2J3c25ucnBlYzN1YmZvaWQub25pb24wWTATBgcqhkjOPQIBBggqhkjOPQMBBwNCAATnIhoeFv4HceoeOzC6x/n9E2zNgU18QQpohtiQIYs9qZtdpgQjOOHh98Nb0c6ix4Tf+Y5yBphKqhBZHTx/c60+oIICIzAuBgkqhkiG9w0BCQ4xITAfMB0GA1UdDgQWBBRPXKXKd+B8grn50ArRUFGbIm6h4jCCAUcGCSqGSIb3DQEJDDGCATgEggE0D9hxS1q2dIOXzWjJAaB3Q4YeSP8hPt9hx8BAEIeRiNOl0vbCcXBFibDmk2Bpu+vGd0ABl6SCCSew/ClC8nuU3o+ae6cefNC19thDGRv3RdxkvOMmZndXCuML5gwmCXGIvwG/lc0W8Vv03FCDC2vbWSGo+njmtEaEQTsZwrCl/TRQeWHGiB2sCXkH/DXueXByPKBgRMDqGcpmV2IhOsTuHF/7Cx5KT70CBIYw/JzJ2QjptZXlUtTiQ/cm/bpk+iHUmrn5JT70rQ0JNypYWl6BVEXHpyEEKwEb+HfyuJfinyk8j/WS+1zRTOFmx3XudtVlg/HrqHtO846ab44fMYmIeuLz2yd5h6MBi2urphuABlFaUqd2LbUYK0G4xL2WG+Ai5fE9Sbh8ZmGws5HCWHpvGhOmTkkwHgYKKwYBBAGDjBsCATEQEw51c2VyLWpvaW5pbmctMTA9BgkrBgECAQ8DAQExMBMuUW1RR0dzUGs4djFzeTNvQXdBMmVjZ2I2SldrMVhWekI4VTd2c0ZCMWREZlczYjBHBgNVHRExQBM+ZTU3NmtyZ3YzeDdoeGVqd3lmYjR2Zml5eHdsbWdmNnUycTY0YW5nZ2J3c25ucnBlYzN1YmZvaWQub25pb24wCgYIKoZIzj0EAwIDSAAwRQIgag3Elvsz6Cfm3OGkt5j5BjTvItNqKyKd4FRzlDovpyYCIQCLRWqVmjQrYkMO4om3ktje5V8LLKfuCUzcT/eO+7T+ew=='
    }
    2024-03-22T21:03:12.933Z backend:CertificatesRequestsStore DuplicatedCertBug {
      validation: true,
      csr: 'MIIDKTCCAtACAQAwSTFHMEUGA1UEAxM+ZTU3NmtyZ3YzeDdoeGVqd3lmYjR2Zml5eHdsbWdmNnUycTY0YW5nZ2J3c25ucnBlYzN1YmZvaWQub25pb24wWTATBgcqhkjOPQIBBggqhkjOPQMBBwNCAATnIhoeFv4HceoeOzC6x/n9E2zNgU18QQpohtiQIYs9qZtdpgQjOOHh98Nb0c6ix4Tf+Y5yBphKqhBZHTx/c60+oIICIzAuBgkqhkiG9w0BCQ4xITAfMB0GA1UdDgQWBBRPXKXKd+B8grn50ArRUFGbIm6h4jCCAUcGCSqGSIb3DQEJDDGCATgEggE0D9hxS1q2dIOXzWjJAaB3Q4YeSP8hPt9hx8BAEIeRiNOl0vbCcXBFibDmk2Bpu+vGd0ABl6SCCSew/ClC8nuU3o+ae6cefNC19thDGRv3RdxkvOMmZndXCuML5gwmCXGIvwG/lc0W8Vv03FCDC2vbWSGo+njmtEaEQTsZwrCl/TRQeWHGiB2sCXkH/DXueXByPKBgRMDqGcpmV2IhOsTuHF/7Cx5KT70CBIYw/JzJ2QjptZXlUtTiQ/cm/bpk+iHUmrn5JT70rQ0JNypYWl6BVEXHpyEEKwEb+HfyuJfinyk8j/WS+1zRTOFmx3XudtVlg/HrqHtO846ab44fMYmIeuLz2yd5h6MBi2urphuABlFaUqd2LbUYK0G4xL2WG+Ai5fE9Sbh8ZmGws5HCWHpvGhOmTkkwHgYKKwYBBAGDjBsCATEQEw51c2VyLWpvaW5pbmctMjA9BgkrBgECAQ8DAQExMBMuUW1RR0dzUGs4djFzeTNvQXdBMmVjZ2I2SldrMVhWekI4VTd2c0ZCMWREZlczYjBHBgNVHRExQBM+ZTU3NmtyZ3YzeDdoeGVqd3lmYjR2Zml5eHdsbWdmNnUycTY0YW5nZ2J3c25ucnBlYzN1YmZvaWQub25pb24wCgYIKoZIzj0EAwIDRwAwRAIgXQIcKPTyXTWAGWH4UiykpIBw/cO1T5rn5s08fTpXkYgCICCjjLNI3W4uZyyF0qHf0dmHG3turzM5SH19Qt/pAXwG'
    }
    2024-03-22T21:03:12.934Z backend:libp2p:websockets connect e576krgv3x7hxejwyfb4vfiyxwlmgf6u2q64anggbwsnnrpec3ubfoid.onion:80
[2m[22m
[2m      [2mat Socket.<anonymous> ([22m[2msrc/utils.ts[2m:159:15)[22m[2m[22m
  [2mconsole.log[22m
    [e2e_r4pg81niwrk]: 2024-03-22T21:03:12.935Z backend:SocketService Awaiting readyness before emitting:  getMessages
[2m[22m
[2m      [2mat Socket.<anonymous> ([22m[2msrc/utils.ts[2m:159:15)[22m[2m[22m
  [2mconsole.log[22m
    [e2e_r4pg81niwrk]: 2024-03-22T21:03:12.935Z backend:LocalDbService Local peer /dns4/2otwjrsx3pcf6dvjheol6v2xcui6n6qn4rfkipe2oh3vyibizir46did.onion/tcp/80/ws/p2p/QmTpNmixsfUSHBm3vWvvuTkgt2HdXc1sYiBRw4pMRn88GR
[2m[22m
[2m      [2mat Socket.<anonymous> ([22m[2msrc/utils.ts[2m:159:15)[22m[2m[22m
  [2mconsole.log[22m
    [e2e_r4pg81niwrk]: 2024-03-22T21:03:12.937Z backend:CertificatesStore Loaded certificates to memory
    2024-03-22T21:03:12.937Z backend:CertificatesStore All certificates: 2
[2m[22m
[2m      [2mat Socket.<anonymous> ([22m[2msrc/utils.ts[2m:159:15)[22m[2m[22m
  [2mconsole.log[22m
    [e2e_r4pg81niwrk]: 2024-03-22T21:03:12.940Z backend:CertificatesStore DuplicatedCertBug {
      validation: true,
      certificate: 'MIIDfjCCAySgAwIBAgIGAY5n9NT0MAoGCCqGSM49BAMCMBgxFjAUBgNVBAMTDXRlc3Rjb21tdW5pdHkwHhcNMjQwMzIyMjA1ODAyWhcNMzAwMjAxMDUwMDAwWjBJMUcwRQYDVQQDEz4yb3R3anJzeDNwY2Y2ZHZqaGVvbDZ2MnhjdWk2bjZxbjRyZmtpcGUyb2gzdnlpYml6aXI0NmRpZC5vbmlvbjBZMBMGByqGSM49AgEGCCqGSM49AwEHA0IABIDLP9EC/rURDt9LLdZud0ilpf3OL6vYE82wXt6HZPLOU1Qipn5kYGsM84/h5r6VjAAZhzShtImDCIVFq1pFqsijggInMIICIzAJBgNVHRMEAjAAMAsGA1UdDwQEAwIAgDAdBgNVHSUEFjAUBggrBgEFBQcDAgYIKwYBBQUHAwEwggFHBgkqhkiG9w0BCQwEggE4BIIBNBVYC2xWjfoCjuAKn47P4DT7c/lfb4J8JjhLiIqR2EshMomS+z5kbrcdO/PdMLOOEsC2BCgwWryynxdWkmtTDi6bP2zFltgwzp4E1Rsmlrn4fDmgc8RiC9/NeQWSyRfVU4BLsiWzqt/ly2TI9n3RI1x00b2FESmbXPzuxR2BuZjnO0E8JF3fY0PLTGGfOcFiXUd2SxlmH5666ZUE3ZAKvR+wxB+Dk8qSUmI74TAawwGXhTntZx1ZCVNeLDtsda3PV9RkDGJiwuFsS3MHXMlIdWlzhHr91aa0EUI2hc55NFByt9659atemBOc3Pt4YRdNxThkqLPAzMkMt6NdP6dXziPaFUpBaSpceTsmV89bhulLZrfIbabRK+KxOI5vcuvq+Q15uZyI0mSGzYF4fW6Mcl+yrzpJMBUGCisGAQQBg4wbAgEEBxMFb3duZXIwPQYJKwYBAgEPAwEBBDATLlFtVHBObWl4c2ZVU0hCbTN2V3Z2dVRrZ3QySGRYYzFzWWlCUnc0cE1Sbjg4R1IwSQYDVR0RBEIwQII+Mm90d2pyc3gzcGNmNmR2amhlb2w2djJ4Y3VpNm42cW40cmZraXBlMm9oM3Z5aWJpemlyNDZkaWQub25pb24wCgYIKoZIzj0EAwIDSAAwRQIgWqJ9o/N5ex2cAS7rD6kKFybaQ14UuGzKexMIi7W2qm0CIQC0Ldt0YfPCRQ3ZpRhZ5h+Hb7/orQR4DpFjpDZZcrRZEw=='
    }
[2m[22m
[2m      [2mat Socket.<anonymous> ([22m[2msrc/utils.ts[2m:159:15)[22m[2m[22m
  [2mconsole.log[22m
    [e2e_r4pg81niwrk]: 2024-03-22T21:03:12.942Z backend:CertificatesStore DuplicatedCertBug {
      validation: true,
      certificate: 'MIIDiDCCAy2gAwIBAgIGAY5n9ZigMAoGCCqGSM49BAMCMBgxFjAUBgNVBAMTDXRlc3Rjb21tdW5pdHkwHhcNMjQwMzIyMjA1ODUyWhcNMzAwMjAxMDUwMDAwWjBJMUcwRQYDVQQDEz5pbHltMmV5cHR5NWdtYXNycHd2NXRuMjVpaGw2endidTd0M3lpczdpM2FvM3BqZGVtdHc1cDJhZC5vbmlvbjBZMBMGByqGSM49AgEGCCqGSM49AwEHA0IABIBzpDuRKK1Pp/IvEQVkaS67M1r2O0rIlHtf52UkQSbDku321lmHffHYSO2u5u81dDqjY6TRtuKt/fyY3GUOm9ijggIwMIICLDAJBgNVHRMEAjAAMAsGA1UdDwQEAwIAgDAdBgNVHSUEFjAUBggrBgEFBQcDAgYIKwYBBQUHAwEwggFHBgkqhkiG9w0BCQwEggE4BIIBNC8RxBh7bykog3BbcxVJAi+J+9cTeWX0z3QGxTt+G1DdZUR/QfL1USJZT7e7e/FLNYwEHNEm5GY/5ZmXW/xZYI8rVF8EAslP+D/v11rEnK7w+YjpIYqS2fTgQumfisa/IB4o5T/BP9lRA1qdkxCOMuD2pbrEdGohJDCvRvmhT3p04uv+6FA2WuXj6AZUp+HbQ4jJG/Vk/X07+FtN9xtT4bMyvEhFe4DNGZR8q7fb7E4V1uOo1tVISX1GX0OCM1AB2cnypYbsdphtzyLIQgyN31SCLu9m9WCle4sZGN/RvHKtwfKYwpO8C6VaKewc/CnvZX9KkS/3E7AXEWL+aR9QfC9erQhwP2Z2LqcXfvub8oMaCvxfeq1OWLjaRtl3OGIX1u/+7vwkRAs9aSIp1OxGp5tDjylCMB4GCisGAQQBg4wbAgEEEBMOdXNlci1qb2luaW5nLTEwPQYJKwYBAgEPAwEBBDATLlFtWkxXNnk1bThicm9ZdXRHNG9nMnltWFJaVURjeFZoZGdIaGlLWUtocXVVTnAwSQYDVR0RBEIwQII+aWx5bTJleXB0eTVnbWFzcnB3djV0bjI1aWhsNnp3YnU3dDN5aXM3aTNhbzNwamRlbXR3NXAyYWQub25pb24wCgYIKoZIzj0EAwIDSQAwRgIhAKgI+kPK/VsfUVRJSZLkHoU286jZDj382xzPRcX0c2OJAiEAsUrGmACN7mxzeQJNzedIJTQJ2KnXiOO1SeGrOMUhAW8='
    }
[2m[22m
[2m      [2mat Socket.<anonymous> ([22m[2msrc/utils.ts[2m:159:15)[22m[2m[22m
  [2mconsole.log[22m
    [e2e_r4pg81niwrk]: 2024-03-22T21:03:12.942Z backend:CertificatesStore Valid certificates: 2
[2m[22m
[2m      [2mat Socket.<anonymous> ([22m[2msrc/utils.ts[2m:159:15)[22m[2m[22m
  [2mconsole.log[22m
    [e2e_r4pg81niwrk]: 2024-03-22T21:03:12.946Z backend:registration.functions DuplicatedCertBug {
      parsedUniqueCsrs: Map(3) {
        'BOciGh4W/gdx6h47MLrH+f0TbM2BTXxBCmiG2JAhiz2pm12mBCM44eH3w1vRzqLHhN/5jnIGmEqqEFkdPH9zrT4=' => 'MIIDKTCCAtACAQAwSTFHMEUGA1UEAxM+ZTU3NmtyZ3YzeDdoeGVqd3lmYjR2Zml5eHdsbWdmNnUycTY0YW5nZ2J3c25ucnBlYzN1YmZvaWQub25pb24wWTATBgcqhkjOPQIBBggqhkjOPQMBBwNCAATnIhoeFv4HceoeOzC6x/n9E2zNgU18QQpohtiQIYs9qZtdpgQjOOHh98Nb0c6ix4Tf+Y5yBphKqhBZHTx/c60+oIICIzAuBgkqhkiG9w0BCQ4xITAfMB0GA1UdDgQWBBRPXKXKd+B8grn50ArRUFGbIm6h4jCCAUcGCSqGSIb3DQEJDDGCATgEggE0D9hxS1q2dIOXzWjJAaB3Q4YeSP8hPt9hx8BAEIeRiNOl0vbCcXBFibDmk2Bpu+vGd0ABl6SCCSew/ClC8nuU3o+ae6cefNC19thDGRv3RdxkvOMmZndXCuML5gwmCXGIvwG/lc0W8Vv03FCDC2vbWSGo+njmtEaEQTsZwrCl/TRQeWHGiB2sCXkH/DXueXByPKBgRMDqGcpmV2IhOsTuHF/7Cx5KT70CBIYw/JzJ2QjptZXlUtTiQ/cm/bpk+iHUmrn5JT70rQ0JNypYWl6BVEXHpyEEKwEb+HfyuJfinyk8j/WS+1zRTOFmx3XudtVlg/HrqHtO846ab44fMYmIeuLz2yd5h6MBi2urphuABlFaUqd2LbUYK0G4xL2WG+Ai5fE9Sbh8ZmGws5HCWHpvGhOmTkkwHgYKKwYBBAGDjBsCATEQEw51c2VyLWpvaW5pbmctMjA9BgkrBgECAQ8DAQExMBMuUW1RR0dzUGs4djFzeTNvQXdBMmVjZ2I2SldrMVhWekI4VTd2c0ZCMWREZlczYjBHBgNVHRExQBM+ZTU3NmtyZ3YzeDdoeGVqd3lmYjR2Zml5eHdsbWdmNnUycTY0YW5nZ2J3c25ucnBlYzN1YmZvaWQub25pb24wCgYIKoZIzj0EAwIDRwAwRAIgXQIcKPTyXTWAGWH4UiykpIBw/cO1T5rn5s08fTpXkYgCICCjjLNI3W4uZyyF0qHf0dmHG3turzM5SH19Qt/pAXwG',
        'BIBzpDuRKK1Pp/IvEQVkaS67M1r2O0rIlHtf52UkQSbDku321lmHffHYSO2u5u81dDqjY6TRtuKt/fyY3GUOm9g=' => 'MIIDKjCCAtACAQAwSTFHMEUGA1UEAxM+aWx5bTJleXB0eTVnbWFzcnB3djV0bjI1aWhsNnp3YnU3dDN5aXM3aTNhbzNwamRlbXR3NXAyYWQub25pb24wWTATBgcqhkjOPQIBBggqhkjOPQMBBwNCAASAc6Q7kSitT6fyLxEFZGkuuzNa9jtKyJR7X+dlJEEmw5Lt9tZZh33x2EjtrubvNXQ6o2Ok0bbirf38mNxlDpvYoIICIzAuBgkqhkiG9w0BCQ4xITAfMB0GA1UdDgQWBBSq+CkgQPuUKSTjGI+UdK61eLe3xzCCAUcGCSqGSIb3DQEJDDGCATgEggE0LxHEGHtvKSiDcFtzFUkCL4n71xN5ZfTPdAbFO34bUN1lRH9B8vVRIllPt7t78Us1jAQc0SbkZj/lmZdb/FlgjytUXwQCyU/4P+/XWsScrvD5iOkhipLZ9OBC6Z+Kxr8gHijlP8E/2VEDWp2TEI4y4PalusR0aiEkMK9G+aFPenTi6/7oUDZa5ePoBlSn4dtDiMkb9WT9fTv4W033G1PhszK8SEV7gM0ZlHyrt9vsThXW46jW1UhJfUZfQ4IzUAHZyfKlhux2mG3PIshCDI3fVIIu72b1YKV7ixkY39G8cq3B8pjCk7wLpVop7Bz8Ke9lf0qRL/cTsBcRYv5pH1B8L16tCHA/ZnYupxd++5vygxoK/F96rU5YuNpG2Xc4YhfW7/7u/CRECz1pIinU7Eanm0OPKUIwHgYKKwYBBAGDjBsCATEQEw51c2VyLWpvaW5pbmctMTA9BgkrBgECAQ8DAQExMBMuUW1aTFc2eTVtOGJyb1l1dEc0b2cyeW1YUlpVRGN4VmhkZ0hoaUtZS2hxdVVOcDBHBgNVHRExQBM+aWx5bTJleXB0eTVnbWFzcnB3djV0bjI1aWhsNnp3YnU3dDN5aXM3aTNhbzNwamRlbXR3NXAyYWQub25pb24wCgYIKoZIzj0EAwIDSAAwRQIhAJclKaxQLhPy8NHDIbipEmjrVtOqp7aXhzB9Wu8r3T/LAiB7+RGRT1sFjUy5Wk+IZTZ7I3xf1gi+PN9FCRngURsyyA==',
        'BIDLP9EC/rURDt9LLdZud0ilpf3OL6vYE82wXt6HZPLOU1Qipn5kYGsM84/h5r6VjAAZhzShtImDCIVFq1pFqsg=' => 'MIIDIjCCAscCAQAwSTFHMEUGA1UEAxM+Mm90d2pyc3gzcGNmNmR2amhlb2w2djJ4Y3VpNm42cW40cmZraXBlMm9oM3Z5aWJpemlyNDZkaWQub25pb24wWTATBgcqhkjOPQIBBggqhkjOPQMBBwNCAASAyz/RAv61EQ7fSy3WbndIpaX9zi+r2BPNsF7eh2TyzlNUIqZ+ZGBrDPOP4ea+lYwAGYc0obSJgwiFRataRarIoIICGjAuBgkqhkiG9w0BCQ4xITAfMB0GA1UdDgQWBBRAQ+c+nMaAWHjxud5tJL3peqMp1zCCAUcGCSqGSIb3DQEJDDGCATgEggE0FVgLbFaN+gKO4Aqfjs/gNPtz+V9vgnwmOEuIipHYSyEyiZL7PmRutx07890ws44SwLYEKDBavLKfF1aSa1MOLps/bMWW2DDOngTVGyaWufh8OaBzxGIL3815BZLJF9VTgEuyJbOq3+XLZMj2fdEjXHTRvYURKZtc/O7FHYG5mOc7QTwkXd9jQ8tMYZ85wWJdR3ZLGWYfnrrplQTdkAq9H7DEH4OTypJSYjvhMBrDAZeFOe1nHVkJU14sO2x1rc9X1GQMYmLC4WxLcwdcyUh1aXOEev3VprQRQjaFznk0UHK33rn1q16YE5zc+3hhF03FOGSos8DMyQy3o10/p1fOI9oVSkFpKlx5OyZXz1uG6Utmt8htptEr4rE4jm9y6+r5DXm5nIjSZIbNgXh9boxyX7KvOkkwFQYKKwYBBAGDjBsCATEHEwVvd25lcjA9BgkrBgECAQ8DAQExMBMuUW1UcE5taXhzZlVTSEJtM3ZXdnZ1VGtndDJIZFhjMXNZaUJSdzRwTVJuODhHUjBHBgNVHRExQBM+Mm90d2pyc3gzcGNmNmR2amhlb2w2djJ4Y3VpNm42cW40cmZraXBlMm9oM3Z5aWJpemlyNDZkaWQub25pb24wCgYIKoZIzj0EAwIDSQAwRgIhAOK6Uac+lomfbGsOpT+M1/mZLNGmQ6uPXE4blwkpyla2AiEApkT1IJjfMgcYl613arLQ4nUrieyCoz8W8U+EWt1HhGM='
      },
      pendingNames: Set(1) { 'user-joining-2' },
      certNames: Set(2) { 'owner', 'user-joining-1' }
    }
[2m[22m
[2m      [2mat Socket.<anonymous> ([22m[2msrc/utils.ts[2m:159:15)[22m[2m[22m
  [2mconsole.log[22m
    [e2e_r4pg81niwrk]: 2024-03-22T21:03:12.946Z backend:RegistrationService DuplicatedCertBug {
      pendingCsrs: [
        'MIIDKTCCAtACAQAwSTFHMEUGA1UEAxM+ZTU3NmtyZ3YzeDdoeGVqd3lmYjR2Zml5eHdsbWdmNnUycTY0YW5nZ2J3c25ucnBlYzN1YmZvaWQub25pb24wWTATBgcqhkjOPQIBBggqhkjOPQMBBwNCAATnIhoeFv4HceoeOzC6x/n9E2zNgU18QQpohtiQIYs9qZtdpgQjOOHh98Nb0c6ix4Tf+Y5yBphKqhBZHTx/c60+oIICIzAuBgkqhkiG9w0BCQ4xITAfMB0GA1UdDgQWBBRPXKXKd+B8grn50ArRUFGbIm6h4jCCAUcGCSqGSIb3DQEJDDGCATgEggE0D9hxS1q2dIOXzWjJAaB3Q4YeSP8hPt9hx8BAEIeRiNOl0vbCcXBFibDmk2Bpu+vGd0ABl6SCCSew/ClC8nuU3o+ae6cefNC19thDGRv3RdxkvOMmZndXCuML5gwmCXGIvwG/lc0W8Vv03FCDC2vbWSGo+njmtEaEQTsZwrCl/TRQeWHGiB2sCXkH/DXueXByPKBgRMDqGcpmV2IhOsTuHF/7Cx5KT70CBIYw/JzJ2QjptZXlUtTiQ/cm/bpk+iHUmrn5JT70rQ0JNypYWl6BVEXHpyEEKwEb+HfyuJfinyk8j/WS+1zRTOFmx3XudtVlg/HrqHtO846ab44fMYmIeuLz2yd5h6MBi2urphuABlFaUqd2LbUYK0G4xL2WG+Ai5fE9Sbh8ZmGws5HCWHpvGhOmTkkwHgYKKwYBBAGDjBsCATEQEw51c2VyLWpvaW5pbmctMjA9BgkrBgECAQ8DAQExMBMuUW1RR0dzUGs4djFzeTNvQXdBMmVjZ2I2SldrMVhWekI4VTd2c0ZCMWREZlczYjBHBgNVHRExQBM+ZTU3NmtyZ3YzeDdoeGVqd3lmYjR2Zml5eHdsbWdmNnUycTY0YW5nZ2J3c25ucnBlYzN1YmZvaWQub25pb24wCgYIKoZIzj0EAwIDRwAwRAIgXQIcKPTyXTWAGWH4UiykpIBw/cO1T5rn5s08fTpXkYgCICCjjLNI3W4uZyyF0qHf0dmHG3turzM5SH19Qt/pAXwG'
      ]
    }
[2m[22m
[2m      [2mat Socket.<anonymous> ([22m[2msrc/utils.ts[2m:159:15)[22m[2m[22m
  [2mconsole.log[22m
    [e2e_r4pg81niwrk]: 2024-03-22T21:03:12.951Z backend:RegistrationService DuplicatedCertBug {
      result: {
        cert: 'MIIDhzCCAy2gAwIBAgIGAY5n+ZI2MAoGCCqGSM49BAMCMBgxFjAUBgNVBAMTDXRlc3Rjb21tdW5pdHkwHhcNMjQwMzIyMjEwMzEyWhcNMzAwMjAxMDUwMDAwWjBJMUcwRQYDVQQDEz5lNTc2a3JndjN4N2h4ZWp3eWZiNHZmaXl4d2xtZ2Y2dTJxNjRhbmdnYndzbm5ycGVjM3ViZm9pZC5vbmlvbjBZMBMGByqGSM49AgEGCCqGSM49AwEHA0IABOciGh4W/gdx6h47MLrH+f0TbM2BTXxBCmiG2JAhiz2pm12mBCM44eH3w1vRzqLHhN/5jnIGmEqqEFkdPH9zrT6jggIwMIICLDAJBgNVHRMEAjAAMAsGA1UdDwQEAwIAgDAdBgNVHSUEFjAUBggrBgEFBQcDAgYIKwYBBQUHAwEwggFHBgkqhkiG9w0BCQwEggE4BIIBNA/YcUtatnSDl81oyQGgd0OGHkj/IT7fYcfAQBCHkYjTpdL2wnFwRYmw5pNgabvrxndAAZekggknsPwpQvJ7lN6PmnunHnzQtfbYQxkb90XcZLzjJmZ3VwrjC+YMJglxiL8Bv5XNFvFb9NxQgwtr21khqPp45rRGhEE7GcKwpf00UHlhxogdrAl5B/w17nlwcjygYETA6hnKZldiITrE7hxf+wseSk+9AgSGMPycydkI6bWV5VLU4kP3Jv26ZPoh1Jq5+SU+9K0NCTcqWFpegVRFx6chBCsBG/h38riX4p8pPI/1kvtc0UzhZsd17nbVZYPx66h7TvOOmm+OHzGJiHri89sneYejAYtrq6YbgAZRWlKndi21GCtBuMS9lhvgIuXxPUm4fGZhsLORwlh6bxoTpk5JMB4GCisGAQQBg4wbAgEEEBMOdXNlci1qb2luaW5nLTIwPQYJKwYBAgEPAwEBBDATLlFtUUdHc1BrOHYxc3kzb0F3QTJlY2diNkpXazFYVnpCOFU3dnNGQjFkRGZXM2IwSQYDVR0RBEIwQII+ZTU3NmtyZ3YzeDdoeGVqd3lmYjR2Zml5eHdsbWdmNnUycTY0YW5nZ2J3c25ucnBlYzN1YmZvaWQub25pb24wCgYIKoZIzj0EAwIDSAAwRQIgOkh8TUQ8dlXeVbGgFRtl7U100uYkgz2NXCaCQnX73I4CIQD+ndbwQa5FtY1xWmway7x8yoBn5YHvAqubcxgddk6ZUQ==',
        error: null
      }
    }
[2m[22m
[2m      [2mat Socket.<anonymous> ([22m[2msrc/utils.ts[2m:159:15)[22m[2m[22m
  [2mconsole.log[22m
    [e2e_r4pg81niwrk]: 2024-03-22T21:03:12.951Z backend:StorageService About to save certificate...
    2024-03-22T21:03:12.951Z backend:StorageService Saving certificate...
    2024-03-22T21:03:12.951Z backend:CertificatesStore Adding user certificate
[2m[22m
[2m      [2mat Socket.<anonymous> ([22m[2msrc/utils.ts[2m:159:15)[22m[2m[22m
  [2mconsole.log[22m
    [e2e_r4pg81niwrk]: 2024-03-22T21:03:12.959Z backend:CertificatesStore Saved certificate locally
[2m[22m
[2m      [2mat Socket.<anonymous> ([22m[2msrc/utils.ts[2m:159:15)[22m[2m[22m
  [2mconsole.log[22m
    [e2e_r4pg81niwrk]: 2024-03-22T21:03:12.961Z backend:RegistrationService Finished issuing certificates
[2m[22m
[2m      [2mat Socket.<anonymous> ([22m[2msrc/utils.ts[2m:159:15)[22m[2m[22m
  [2mconsole.log[22m
    [e2e_r4pg81niwrk]: 2024-03-22T21:03:12.962Z backend:CertificatesStore Loaded certificates to memory
[2m[22m
[2m      [2mat Socket.<anonymous> ([22m[2msrc/utils.ts[2m:159:15)[22m[2m[22m
  [2mconsole.log[22m
    [e2e_r4pg81niwrk]: 2024-03-22T21:03:12.962Z backend:CertificatesStore All certificates: 3
[2m[22m
[2m      [2mat Socket.<anonymous> ([22m[2msrc/utils.ts[2m:159:15)[22m[2m[22m
  [2mconsole.log[22m
    [e2e_r4pg81niwrk]: 2024-03-22T21:03:12.963Z backend:CertificatesStore DuplicatedCertBug {
      validation: true,
      certificate: 'MIIDhzCCAy2gAwIBAgIGAY5n+ZI2MAoGCCqGSM49BAMCMBgxFjAUBgNVBAMTDXRlc3Rjb21tdW5pdHkwHhcNMjQwMzIyMjEwMzEyWhcNMzAwMjAxMDUwMDAwWjBJMUcwRQYDVQQDEz5lNTc2a3JndjN4N2h4ZWp3eWZiNHZmaXl4d2xtZ2Y2dTJxNjRhbmdnYndzbm5ycGVjM3ViZm9pZC5vbmlvbjBZMBMGByqGSM49AgEGCCqGSM49AwEHA0IABOciGh4W/gdx6h47MLrH+f0TbM2BTXxBCmiG2JAhiz2pm12mBCM44eH3w1vRzqLHhN/5jnIGmEqqEFkdPH9zrT6jggIwMIICLDAJBgNVHRMEAjAAMAsGA1UdDwQEAwIAgDAdBgNVHSUEFjAUBggrBgEFBQcDAgYIKwYBBQUHAwEwggFHBgkqhkiG9w0BCQwEggE4BIIBNA/YcUtatnSDl81oyQGgd0OGHkj/IT7fYcfAQBCHkYjTpdL2wnFwRYmw5pNgabvrxndAAZekggknsPwpQvJ7lN6PmnunHnzQtfbYQxkb90XcZLzjJmZ3VwrjC+YMJglxiL8Bv5XNFvFb9NxQgwtr21khqPp45rRGhEE7GcKwpf00UHlhxogdrAl5B/w17nlwcjygYETA6hnKZldiITrE7hxf+wseSk+9AgSGMPycydkI6bWV5VLU4kP3Jv26ZPoh1Jq5+SU+9K0NCTcqWFpegVRFx6chBCsBG/h38riX4p8pPI/1kvtc0UzhZsd17nbVZYPx66h7TvOOmm+OHzGJiHri89sneYejAYtrq6YbgAZRWlKndi21GCtBuMS9lhvgIuXxPUm4fGZhsLORwlh6bxoTpk5JMB4GCisGAQQBg4wbAgEEEBMOdXNlci1qb2luaW5nLTIwPQYJKwYBAgEPAwEBBDATLlFtUUdHc1BrOHYxc3kzb0F3QTJlY2diNkpXazFYVnpCOFU3dnNGQjFkRGZXM2IwSQYDVR0RBEIwQII+ZTU3NmtyZ3YzeDdoeGVqd3lmYjR2Zml5eHdsbWdmNnUycTY0YW5nZ2J3c25ucnBlYzN1YmZvaWQub25pb24wCgYIKoZIzj0EAwIDSAAwRQIgOkh8TUQ8dlXeVbGgFRtl7U100uYkgz2NXCaCQnX73I4CIQD+ndbwQa5FtY1xWmway7x8yoBn5YHvAqubcxgddk6ZUQ=='
    }
[2m[22m
[2m      [2mat Socket.<anonymous> ([22m[2msrc/utils.ts[2m:159:15)[22m[2m[22m
  [2mconsole.log[22m
    [e2e_r4pg81niwrk]: 2024-03-22T21:03:12.963Z backend:CertificatesStore Valid certificates: 3
    2024-03-22T21:03:12.964Z backend:ConnectionsManagerService Storage - certificatesStored
    2024-03-22T21:03:12.964Z backend:StorageService csrs count: 4
[2m[22m
[2m      [2mat Socket.<anonymous> ([22m[2msrc/utils.ts[2m:159:15)[22m[2m[22m
  [2mconsole.log[22m
    stdout:
    updatePeersList, peers count: 4
[2m[22m
[2m      [2mat Socket.<anonymous> ([22m[2msrc/utils.ts[2m:149:15)[22m[2m[22m
  [2mconsole.log[22m
    [e2e_r4pg81niwrk]: 2024-03-22T21:03:12.967Z backend:LocalDbService Local peer /dns4/2otwjrsx3pcf6dvjheol6v2xcui6n6qn4rfkipe2oh3vyibizir46did.onion/tcp/80/ws/p2p/QmTpNmixsfUSHBm3vWvvuTkgt2HdXc1sYiBRw4pMRn88GR
[2m[22m
[2m      [2mat Socket.<anonymous> ([22m[2msrc/utils.ts[2m:159:15)[22m[2m[22m
  [2mconsole.log[22m
    [e2e_4cc1hr73df40]: 2024-03-22T21:03:13.740Z backend:CertificatesStore REPLICATED: Certificates
[2m[22m
[2m      [2mat Socket.<anonymous> ([22m[2msrc/utils.ts[2m:159:15)[22m[2m[22m
  [2mconsole.log[22m
    [e2e_4cc1hr73df40]: 2024-03-22T21:03:13.742Z backend:CertificatesStore Loaded certificates to memory
[2m[22m
[2m      [2mat Socket.<anonymous> ([22m[2msrc/utils.ts[2m:159:15)[22m[2m[22m
  [2mconsole.log[22m
    [e2e_4cc1hr73df40]: 2024-03-22T21:03:13.742Z backend:CertificatesStore All certificates: 3
[2m[22m
[2m      [2mat Socket.<anonymous> ([22m[2msrc/utils.ts[2m:159:15)[22m[2m[22m
  [2mconsole.log[22m
    [e2e_4cc1hr73df40]: 2024-03-22T21:03:13.745Z backend:CertificatesStore DuplicatedCertBug {
      validation: true,
      certificate: 'MIIDhzCCAy2gAwIBAgIGAY5n+ZI2MAoGCCqGSM49BAMCMBgxFjAUBgNVBAMTDXRlc3Rjb21tdW5pdHkwHhcNMjQwMzIyMjEwMzEyWhcNMzAwMjAxMDUwMDAwWjBJMUcwRQYDVQQDEz5lNTc2a3JndjN4N2h4ZWp3eWZiNHZmaXl4d2xtZ2Y2dTJxNjRhbmdnYndzbm5ycGVjM3ViZm9pZC5vbmlvbjBZMBMGByqGSM49AgEGCCqGSM49AwEHA0IABOciGh4W/gdx6h47MLrH+f0TbM2BTXxBCmiG2JAhiz2pm12mBCM44eH3w1vRzqLHhN/5jnIGmEqqEFkdPH9zrT6jggIwMIICLDAJBgNVHRMEAjAAMAsGA1UdDwQEAwIAgDAdBgNVHSUEFjAUBggrBgEFBQcDAgYIKwYBBQUHAwEwggFHBgkqhkiG9w0BCQwEggE4BIIBNA/YcUtatnSDl81oyQGgd0OGHkj/IT7fYcfAQBCHkYjTpdL2wnFwRYmw5pNgabvrxndAAZekggknsPwpQvJ7lN6PmnunHnzQtfbYQxkb90XcZLzjJmZ3VwrjC+YMJglxiL8Bv5XNFvFb9NxQgwtr21khqPp45rRGhEE7GcKwpf00UHlhxogdrAl5B/w17nlwcjygYETA6hnKZldiITrE7hxf+wseSk+9AgSGMPycydkI6bWV5VLU4kP3Jv26ZPoh1Jq5+SU+9K0NCTcqWFpegVRFx6chBCsBG/h38riX4p8pPI/1kvtc0UzhZsd17nbVZYPx66h7TvOOmm+OHzGJiHri89sneYejAYtrq6YbgAZRWlKndi21GCtBuMS9lhvgIuXxPUm4fGZhsLORwlh6bxoTpk5JMB4GCisGAQQBg4wbAgEEEBMOdXNlci1qb2luaW5nLTIwPQYJKwYBAgEPAwEBBDATLlFtUUdHc1BrOHYxc3kzb0F3QTJlY2diNkpXazFYVnpCOFU3dnNGQjFkRGZXM2IwSQYDVR0RBEIwQII+ZTU3NmtyZ3YzeDdoeGVqd3lmYjR2Zml5eHdsbWdmNnUycTY0YW5nZ2J3c25ucnBlYzN1YmZvaWQub25pb24wCgYIKoZIzj0EAwIDSAAwRQIgOkh8TUQ8dlXeVbGgFRtl7U100uYkgz2NXCaCQnX73I4CIQD+ndbwQa5FtY1xWmway7x8yoBn5YHvAqubcxgddk6ZUQ=='
    }
[2m[22m
[2m      [2mat Socket.<anonymous> ([22m[2msrc/utils.ts[2m:159:15)[22m[2m[22m
  [2mconsole.log[22m
    [e2e_4cc1hr73df40]: 2024-03-22T21:03:13.746Z backend:CertificatesStore Valid certificates: 3
[2m[22m
[2m      [2mat Socket.<anonymous> ([22m[2msrc/utils.ts[2m:159:15)[22m[2m[22m
  [2mconsole.log[22m
    [e2e_4cc1hr73df40]: 2024-03-22T21:03:13.746Z backend:ConnectionsManagerService Storage - certificatesStored
    2024-03-22T21:03:13.746Z backend:StorageService csrs count: 4
[2m[22m
[2m      [2mat Socket.<anonymous> ([22m[2msrc/utils.ts[2m:159:15)[22m[2m[22m
  [2mconsole.log[22m
    stdout:
    updatePeersList, peers count: 4
[2m[22m
[2m      [2mat Socket.<anonymous> ([22m[2msrc/utils.ts[2m:149:15)[22m[2m[22m
  [2mconsole.log[22m
    [e2e_4cc1hr73df40]: 2024-03-22T21:03:13.750Z backend:LocalDbService Local peer /dns4/ilym2eypty5gmasrpwv5tn25ihl6zwbu7t3yis7i3ao3pjdemtw5p2ad.onion/tcp/80/ws/p2p/QmZLW6y5m8broYutG4og2ymXRZUDcxVhdgHhiKYKhquUNp
[2m[22m
[2m      [2mat Socket.<anonymous> ([22m[2msrc/utils.ts[2m:159:15)[22m[2m[22m
  [2mconsole.log[22m
    [e2e_6q0pv39bdzw0]: 2024-03-22T21:03:14.352Z backend:CertificatesStore REPLICATED: Certificates
[2m[22m
[2m      [2mat Socket.<anonymous> ([22m[2msrc/utils.ts[2m:159:15)[22m[2m[22m
  [2mconsole.log[22m
    [e2e_6q0pv39bdzw0]: 2024-03-22T21:03:14.354Z backend:CertificatesStore Loaded certificates to memory
[2m[22m
[2m      [2mat Socket.<anonymous> ([22m[2msrc/utils.ts[2m:159:15)[22m[2m[22m
  [2mconsole.log[22m
    [e2e_6q0pv39bdzw0]: 2024-03-22T21:03:14.354Z backend:CertificatesStore All certificates: 3
[2m[22m
[2m      [2mat Socket.<anonymous> ([22m[2msrc/utils.ts[2m:159:15)[22m[2m[22m
  [2mconsole.log[22m
    [e2e_6q0pv39bdzw0]: 2024-03-22T21:03:14.357Z backend:CertificatesStore DuplicatedCertBug {
      validation: true,
      certificate: 'MIIDhzCCAy2gAwIBAgIGAY5n+ZI2MAoGCCqGSM49BAMCMBgxFjAUBgNVBAMTDXRlc3Rjb21tdW5pdHkwHhcNMjQwMzIyMjEwMzEyWhcNMzAwMjAxMDUwMDAwWjBJMUcwRQYDVQQDEz5lNTc2a3JndjN4N2h4ZWp3eWZiNHZmaXl4d2xtZ2Y2dTJxNjRhbmdnYndzbm5ycGVjM3ViZm9pZC5vbmlvbjBZMBMGByqGSM49AgEGCCqGSM49AwEHA0IABOciGh4W/gdx6h47MLrH+f0TbM2BTXxBCmiG2JAhiz2pm12mBCM44eH3w1vRzqLHhN/5jnIGmEqqEFkdPH9zrT6jggIwMIICLDAJBgNVHRMEAjAAMAsGA1UdDwQEAwIAgDAdBgNVHSUEFjAUBggrBgEFBQcDAgYIKwYBBQUHAwEwggFHBgkqhkiG9w0BCQwEggE4BIIBNA/YcUtatnSDl81oyQGgd0OGHkj/IT7fYcfAQBCHkYjTpdL2wnFwRYmw5pNgabvrxndAAZekggknsPwpQvJ7lN6PmnunHnzQtfbYQxkb90XcZLzjJmZ3VwrjC+YMJglxiL8Bv5XNFvFb9NxQgwtr21khqPp45rRGhEE7GcKwpf00UHlhxogdrAl5B/w17nlwcjygYETA6hnKZldiITrE7hxf+wseSk+9AgSGMPycydkI6bWV5VLU4kP3Jv26ZPoh1Jq5+SU+9K0NCTcqWFpegVRFx6chBCsBG/h38riX4p8pPI/1kvtc0UzhZsd17nbVZYPx66h7TvOOmm+OHzGJiHri89sneYejAYtrq6YbgAZRWlKndi21GCtBuMS9lhvgIuXxPUm4fGZhsLORwlh6bxoTpk5JMB4GCisGAQQBg4wbAgEEEBMOdXNlci1qb2luaW5nLTIwPQYJKwYBAgEPAwEBBDATLlFtUUdHc1BrOHYxc3kzb0F3QTJlY2diNkpXazFYVnpCOFU3dnNGQjFkRGZXM2IwSQYDVR0RBEIwQII+ZTU3NmtyZ3YzeDdoeGVqd3lmYjR2Zml5eHdsbWdmNnUycTY0YW5nZ2J3c25ucnBlYzN1YmZvaWQub25pb24wCgYIKoZIzj0EAwIDSAAwRQIgOkh8TUQ8dlXeVbGgFRtl7U100uYkgz2NXCaCQnX73I4CIQD+ndbwQa5FtY1xWmway7x8yoBn5YHvAqubcxgddk6ZUQ=='
    }
[2m[22m
[2m      [2mat Socket.<anonymous> ([22m[2msrc/utils.ts[2m:159:15)[22m[2m[22m
  [2mconsole.log[22m
    [e2e_6q0pv39bdzw0]: 2024-03-22T21:03:14.358Z backend:CertificatesStore Valid certificates: 3
[2m[22m
[2m      [2mat Socket.<anonymous> ([22m[2msrc/utils.ts[2m:159:15)[22m[2m[22m
  [2mconsole.log[22m
    [e2e_6q0pv39bdzw0]: 2024-03-22T21:03:14.358Z backend:ConnectionsManagerService Storage - certificatesStored
    2024-03-22T21:03:14.358Z backend:StorageService csrs count: 4
[2m[22m
[2m      [2mat Socket.<anonymous> ([22m[2msrc/utils.ts[2m:159:15)[22m[2m[22m
  [2mconsole.log[22m
    stdout:
    updatePeersList, peers count: 4
[2m[22m
[2m      [2mat Socket.<anonymous> ([22m[2msrc/utils.ts[2m:149:15)[22m[2m[22m
  [2mconsole.log[22m
    [e2e_6q0pv39bdzw0]: 2024-03-22T21:03:14.361Z backend:LocalDbService Local peer /dns4/e576krgv3x7hxejwyfb4vfiyxwlmgf6u2q64anggbwsnnrpec3ubfoid.onion/tcp/80/ws/p2p/QmQGGsPk8v1sy3oAwA2ecgb6JWk1XVzB8U7vsFB1dDfW3b
[2m[22m
[2m      [2mat Socket.<anonymous> ([22m[2msrc/utils.ts[2m:159:15)[22m[2m[22m
  [2mconsole.log[22m
    [e2e_r4pg81niwrk]: 2024-03-22T21:03:14.371Z backend:libp2p:websockets server connecting with /dns4/ilym2eypty5gmasrpwv5tn25ihl6zwbu7t3yis7i3ao3pjdemtw5p2ad.onion/tcp/80/ws/p2p/QmZLW6y5m8broYutG4og2ymXRZUDcxVhdgHhiKYKhquUNp
[2m[22m
[2m      [2mat Socket.<anonymous> ([22m[2msrc/utils.ts[2m:159:15)[22m[2m[22m
  [2mconsole.log[22m
    [e2e_r4pg81niwrk]: 2024-03-22T21:03:14.372Z backend:libp2p:websockets new inbound connection /dns4/ilym2eypty5gmasrpwv5tn25ihl6zwbu7t3yis7i3ao3pjdemtw5p2ad.onion/tcp/80/ws/p2p/QmZLW6y5m8broYutG4og2ymXRZUDcxVhdgHhiKYKhquUNp
[2m[22m
[2m      [2mat Socket.<anonymous> ([22m[2msrc/utils.ts[2m:159:15)[22m[2m[22m
  [2mconsole.log[22m
    [e2e_4cc1hr73df40]: 2024-03-22T21:03:14.845Z backend:libp2p:websockets /dns4/ilym2eypty5gmasrpwv5tn25ihl6zwbu7t3yis7i3ao3pjdemtw5p2ad.onion/tcp/80/ws/p2p/QmZLW6y5m8broYutG4og2ymXRZUDcxVhdgHhiKYKhquUNp connected /dns4/2otwjrsx3pcf6dvjheol6v2xcui6n6qn4rfkipe2oh3vyibizir46did.onion/tcp/80/ws/p2p/QmTpNmixsfUSHBm3vWvvuTkgt2HdXc1sYiBRw4pMRn88GR
[2m[22m
[2m      [2mat Socket.<anonymous> ([22m[2msrc/utils.ts[2m:159:15)[22m[2m[22m
  [2mconsole.log[22m
    [e2e_4cc1hr73df40]: 2024-03-22T21:03:14.846Z backend:libp2p:websockets new outbound connection /dns4/2otwjrsx3pcf6dvjheol6v2xcui6n6qn4rfkipe2oh3vyibizir46did.onion/tcp/80/ws/p2p/QmTpNmixsfUSHBm3vWvvuTkgt2HdXc1sYiBRw4pMRn88GR
[2m[22m
[2m      [2mat Socket.<anonymous> ([22m[2msrc/utils.ts[2m:159:15)[22m[2m[22m
  [2mconsole.log[22m
    [e2e_r4pg81niwrk]: 2024-03-22T21:03:18.300Z backend:libp2p:websockets inbound connection /dns4/ilym2eypty5gmasrpwv5tn25ihl6zwbu7t3yis7i3ao3pjdemtw5p2ad.onion/tcp/80/ws/p2p/QmZLW6y5m8broYutG4og2ymXRZUDcxVhdgHhiKYKhquUNp upgraded
[2m[22m
[2m      [2mat Socket.<anonymous> ([22m[2msrc/utils.ts[2m:159:15)[22m[2m[22m
  [2mconsole.log[22m
    [e2e_r4pg81niwrk]: 2024-03-22T21:03:18.300Z backend:Libp2pService Connecting peer: {"isTrusted":false,"detail":{"id":"a6cwa91711141398299","remoteAddr":"/dns4/ilym2eypty5gmasrpwv5tn25ihl6zwbu7t3yis7i3ao3pjdemtw5p2ad.onion/tcp/80/ws/p2p/QmZLW6y5m8broYutG4og2ymXRZUDcxVhdgHhiKYKhquUNp","remotePeer":"QmZLW6y5m8broYutG4og2ymXRZUDcxVhdgHhiKYKhquUNp","stat":{"status":"OPEN","direction":"inbound","timeline":{"open":1711141394372,"upgraded":1711141398299},"multiplexer":"/mplex/6.7.0","encryption":"/noise"},"tags":[],"_closing":false}}
    2024-03-22T21:03:18.300Z backend:Libp2pService QmTpNmixsfUSHBm3vWvvuTkgt2HdXc1sYiBRw4pMRn88GR connected to QmZLW6y5m8broYutG4og2ymXRZUDcxVhdgHhiKYKhquUNp
    2024-03-22T21:03:18.300Z backend:Libp2pService QmTpNmixsfUSHBm3vWvvuTkgt2HdXc1sYiBRw4pMRn88GR is now connected to 1 peers
    2024-03-22T21:03:18.300Z backend:Libp2pService QmTpNmixsfUSHBm3vWvvuTkgt2HdXc1sYiBRw4pMRn88GR has 2 open connections
    2024-03-22T21:03:18.300Z backend:Libp2pService Emitting peerConnected event with payload {"peers":[{"peer":"QmZLW6y5m8broYutG4og2ymXRZUDcxVhdgHhiKYKhquUNp","lastSeen":1711141398.3,"connectionDuration":0}]}
[2m[22m
[2m      [2mat Socket.<anonymous> ([22m[2msrc/utils.ts[2m:159:15)[22m[2m[22m
  [2mconsole.log[22m
    [e2e_4cc1hr73df40]: 2024-03-22T21:03:18.789Z backend:Libp2pService Connecting peer: {"isTrusted":false,"detail":{"id":"ao8h5w1711141398789","remoteAddr":"/dns4/2otwjrsx3pcf6dvjheol6v2xcui6n6qn4rfkipe2oh3vyibizir46did.onion/tcp/80/ws/p2p/QmTpNmixsfUSHBm3vWvvuTkgt2HdXc1sYiBRw4pMRn88GR","remotePeer":"QmTpNmixsfUSHBm3vWvvuTkgt2HdXc1sYiBRw4pMRn88GR","stat":{"status":"OPEN","direction":"outbound","timeline":{"open":1711141394846,"upgraded":1711141398788},"multiplexer":"/mplex/6.7.0","encryption":"/noise"},"tags":[],"_closing":false}}
    2024-03-22T21:03:18.789Z backend:Libp2pService QmZLW6y5m8broYutG4og2ymXRZUDcxVhdgHhiKYKhquUNp connected to QmTpNmixsfUSHBm3vWvvuTkgt2HdXc1sYiBRw4pMRn88GR
[2m[22m
[2m      [2mat Socket.<anonymous> ([22m[2msrc/utils.ts[2m:159:15)[22m[2m[22m
  [2mconsole.log[22m
    [e2e_4cc1hr73df40]: 2024-03-22T21:03:18.789Z backend:Libp2pService QmZLW6y5m8broYutG4og2ymXRZUDcxVhdgHhiKYKhquUNp is now connected to 2 peers
    2024-03-22T21:03:18.789Z backend:Libp2pService QmZLW6y5m8broYutG4og2ymXRZUDcxVhdgHhiKYKhquUNp has 3 open connections
    2024-03-22T21:03:18.789Z backend:Libp2pService Emitting peerConnected event with payload {"peers":[{"peer":"QmTpNmixsfUSHBm3vWvvuTkgt2HdXc1sYiBRw4pMRn88GR","lastSeen":1711141398.789,"connectionDuration":0}]}
    2024-03-22T21:03:18.789Z backend:libp2p:websockets outbound connection /dns4/2otwjrsx3pcf6dvjheol6v2xcui6n6qn4rfkipe2oh3vyibizir46did.onion/tcp/80/ws/p2p/QmTpNmixsfUSHBm3vWvvuTkgt2HdXc1sYiBRw4pMRn88GR upgraded
[2m[22m
[2m      [2mat Socket.<anonymous> ([22m[2msrc/utils.ts[2m:159:15)[22m[2m[22m
  [2mconsole.log[22m
    [e2e_6q0pv39bdzw0]: 2024-03-22T21:03:21.174Z backend:libp2p:websockets server connecting with /dns4/2otwjrsx3pcf6dvjheol6v2xcui6n6qn4rfkipe2oh3vyibizir46did.onion/tcp/80/ws/p2p/QmTpNmixsfUSHBm3vWvvuTkgt2HdXc1sYiBRw4pMRn88GR
[2m[22m
[2m      [2mat Socket.<anonymous> ([22m[2msrc/utils.ts[2m:159:15)[22m[2m[22m
  [2mconsole.log[22m
    [e2e_6q0pv39bdzw0]: 2024-03-22T21:03:21.175Z backend:libp2p:websockets new inbound connection /dns4/2otwjrsx3pcf6dvjheol6v2xcui6n6qn4rfkipe2oh3vyibizir46did.onion/tcp/80/ws/p2p/QmTpNmixsfUSHBm3vWvvuTkgt2HdXc1sYiBRw4pMRn88GR
[2m[22m
[2m      [2mat Socket.<anonymous> ([22m[2msrc/utils.ts[2m:159:15)[22m[2m[22m
  [2mconsole.log[22m
    [e2e_r4pg81niwrk]: 2024-03-22T21:03:21.554Z backend:libp2p:websockets /dns4/2otwjrsx3pcf6dvjheol6v2xcui6n6qn4rfkipe2oh3vyibizir46did.onion/tcp/80/ws/p2p/QmTpNmixsfUSHBm3vWvvuTkgt2HdXc1sYiBRw4pMRn88GR connected /dns4/e576krgv3x7hxejwyfb4vfiyxwlmgf6u2q64anggbwsnnrpec3ubfoid.onion/tcp/80/ws/p2p/QmQGGsPk8v1sy3oAwA2ecgb6JWk1XVzB8U7vsFB1dDfW3b
[2m[22m
[2m      [2mat Socket.<anonymous> ([22m[2msrc/utils.ts[2m:159:15)[22m[2m[22m
  [2mconsole.log[22m
    [e2e_r4pg81niwrk]: 2024-03-22T21:03:21.555Z backend:libp2p:websockets new outbound connection /dns4/e576krgv3x7hxejwyfb4vfiyxwlmgf6u2q64anggbwsnnrpec3ubfoid.onion/tcp/80/ws/p2p/QmQGGsPk8v1sy3oAwA2ecgb6JWk1XVzB8U7vsFB1dDfW3b
[2m[22m
[2m      [2mat Socket.<anonymous> ([22m[2msrc/utils.ts[2m:159:15)[22m[2m[22m
  [2mconsole.log[22m
    Waiting for user's "user-joining-2" label to not be present
[2m[22m
[2m      [2mat Channel.waitForLabelsNotPresent ([22m[2msrc/selectors.ts[2m:584:13)[22m[2m[22m
  [2mconsole.log[22m
    [e2e_6q0pv39bdzw0]: 2024-03-22T21:03:25.259Z backend:libp2p:websockets inbound connection /dns4/2otwjrsx3pcf6dvjheol6v2xcui6n6qn4rfkipe2oh3vyibizir46did.onion/tcp/80/ws/p2p/QmTpNmixsfUSHBm3vWvvuTkgt2HdXc1sYiBRw4pMRn88GR upgraded
[2m[22m
[2m      [2mat Socket.<anonymous> ([22m[2msrc/utils.ts[2m:159:15)[22m[2m[22m
  [2mconsole.log[22m
    [e2e_6q0pv39bdzw0]: 2024-03-22T21:03:25.260Z backend:Libp2pService Connecting peer: {"isTrusted":false,"detail":{"id":"9q33vo1711141405259","remoteAddr":"/dns4/2otwjrsx3pcf6dvjheol6v2xcui6n6qn4rfkipe2oh3vyibizir46did.onion/tcp/80/ws/p2p/QmTpNmixsfUSHBm3vWvvuTkgt2HdXc1sYiBRw4pMRn88GR","remotePeer":"QmTpNmixsfUSHBm3vWvvuTkgt2HdXc1sYiBRw4pMRn88GR","stat":{"status":"OPEN","direction":"inbound","timeline":{"open":1711141401175,"upgraded":1711141405259},"multiplexer":"/mplex/6.7.0","encryption":"/noise"},"tags":[],"_closing":false}}
    2024-03-22T21:03:25.260Z backend:Libp2pService QmQGGsPk8v1sy3oAwA2ecgb6JWk1XVzB8U7vsFB1dDfW3b connected to QmTpNmixsfUSHBm3vWvvuTkgt2HdXc1sYiBRw4pMRn88GR
    2024-03-22T21:03:25.260Z backend:Libp2pService QmQGGsPk8v1sy3oAwA2ecgb6JWk1XVzB8U7vsFB1dDfW3b is now connected to 2 peers
    2024-03-22T21:03:25.260Z backend:Libp2pService QmQGGsPk8v1sy3oAwA2ecgb6JWk1XVzB8U7vsFB1dDfW3b has 2 open connections
    2024-03-22T21:03:25.260Z backend:Libp2pService Emitting peerConnected event with payload {"peers":[{"peer":"QmTpNmixsfUSHBm3vWvvuTkgt2HdXc1sYiBRw4pMRn88GR","lastSeen":1711141405.26,"connectionDuration":0}]}
[2m[22m
[2m      [2mat Socket.<anonymous> ([22m[2msrc/utils.ts[2m:159:15)[22m[2m[22m
  [2mconsole.log[22m
    [e2e_r4pg81niwrk]: 2024-03-22T21:03:25.537Z backend:Libp2pService Connecting peer: {"isTrusted":false,"detail":{"id":"82qsb21711141405536","remoteAddr":"/dns4/e576krgv3x7hxejwyfb4vfiyxwlmgf6u2q64anggbwsnnrpec3ubfoid.onion/tcp/80/ws/p2p/QmQGGsPk8v1sy3oAwA2ecgb6JWk1XVzB8U7vsFB1dDfW3b","remotePeer":"QmQGGsPk8v1sy3oAwA2ecgb6JWk1XVzB8U7vsFB1dDfW3b","stat":{"status":"OPEN","direction":"outbound","timeline":{"open":1711141401555,"upgraded":1711141405536},"multiplexer":"/mplex/6.7.0","encryption":"/noise"},"tags":[],"_closing":false}}
    2024-03-22T21:03:25.537Z backend:Libp2pService QmTpNmixsfUSHBm3vWvvuTkgt2HdXc1sYiBRw4pMRn88GR connected to QmQGGsPk8v1sy3oAwA2ecgb6JWk1XVzB8U7vsFB1dDfW3b
[2m[22m
[2m      [2mat Socket.<anonymous> ([22m[2msrc/utils.ts[2m:159:15)[22m[2m[22m
  [2mconsole.log[22m
    [e2e_r4pg81niwrk]: 2024-03-22T21:03:25.537Z backend:Libp2pService QmTpNmixsfUSHBm3vWvvuTkgt2HdXc1sYiBRw4pMRn88GR is now connected to 2 peers
    2024-03-22T21:03:25.537Z backend:Libp2pService QmTpNmixsfUSHBm3vWvvuTkgt2HdXc1sYiBRw4pMRn88GR has 3 open connections
    2024-03-22T21:03:25.537Z backend:Libp2pService Emitting peerConnected event with payload {"peers":[{"peer":"QmQGGsPk8v1sy3oAwA2ecgb6JWk1XVzB8U7vsFB1dDfW3b","lastSeen":1711141405.537,"connectionDuration":0}]}
    2024-03-22T21:03:25.537Z backend:libp2p:websockets outbound connection /dns4/e576krgv3x7hxejwyfb4vfiyxwlmgf6u2q64anggbwsnnrpec3ubfoid.onion/tcp/80/ws/p2p/QmQGGsPk8v1sy3oAwA2ecgb6JWk1XVzB8U7vsFB1dDfW3b upgraded
[2m[22m
[2m      [2mat Socket.<anonymous> ([22m[2msrc/utils.ts[2m:159:15)[22m[2m[22m
  [2mconsole.log[22m
    [e2e_r4pg81niwrk]: 2024-03-22T21:03:26.444Z backend:SocketService Awaiting readyness before emitting:  createChannel
[2m[22m
[2m      [2mat Socket.<anonymous> ([22m[2msrc/utils.ts[2m:159:15)[22m[2m[22m
  [2mconsole.log[22m
    [e2e_r4pg81niwrk]: 2024-03-22T21:03:26.445Z backend:StorageService Creating channel mid-night-club_1be8b4b04a86818b4dbc268de1db0969
[2m[22m
[2m      [2mat Socket.<anonymous> ([22m[2msrc/utils.ts[2m:159:15)[22m[2m[22m
  [2mconsole.log[22m
    [e2e_r4pg81niwrk]: 2024-03-22T21:03:26.454Z backend:StorageService Found existing channel: undefined
[2m[22m
[2m      [2mat Socket.<anonymous> ([22m[2msrc/utils.ts[2m:159:15)[22m[2m[22m
  [2mconsole.log[22m
    [e2e_r4pg81niwrk]: 2024-03-22T21:03:26.461Z backend:StorageService WRITE: Channels
[2m[22m
[2m      [2mat Socket.<anonymous> ([22m[2msrc/utils.ts[2m:159:15)[22m[2m[22m
  [2mconsole.log[22m
    [e2e_r4pg81niwrk]: 2024-03-22T21:03:26.462Z backend:StorageService Set mid-night-club_1be8b4b04a86818b4dbc268de1db0969 to local channels
[2m[22m
[2m      [2mat Socket.<anonymous> ([22m[2msrc/utils.ts[2m:159:15)[22m[2m[22m
  [2mconsole.log[22m
    [e2e_r4pg81niwrk]: 2024-03-22T21:03:26.462Z backend:StorageService Created channel mid-night-club_1be8b4b04a86818b4dbc268de1db0969
[2m[22m
[2m      [2mat Socket.<anonymous> ([22m[2msrc/utils.ts[2m:159:15)[22m[2m[22m
  [2mconsole.log[22m
    [e2e_r4pg81niwrk]: 2024-03-22T21:03:26.462Z backend:StorageService Pubsub - subscribe to /orbitdb/zdpuAqwyjjUDM1KNL9npD9XKs9YSPyrG1CDEf2zf1VASAcY88/channels.mid-night-club_1be8b4b04a86818b4dbc268de1db0969
    2024-03-22T21:03:26.462Z backend:StorageService Subscribing to channel  mid-night-club_1be8b4b04a86818b4dbc268de1db0969
[2m[22m
[2m      [2mat Socket.<anonymous> ([22m[2msrc/utils.ts[2m:159:15)[22m[2m[22m
  [2mconsole.log[22m
    [e2e_r4pg81niwrk]: 2024-03-22T21:03:26.462Z backend:StorageService Subscribed to channel mid-night-club_1be8b4b04a86818b4dbc268de1db0969
[2m[22m
[2m      [2mat Socket.<anonymous> ([22m[2msrc/utils.ts[2m:159:15)[22m[2m[22m
  [2mconsole.log[22m
    [e2e_r4pg81niwrk]: 2024-03-22T21:03:26.485Z backend:SocketService Awaiting readyness before emitting:  sendMessage
[2m[22m
[2m      [2mat Socket.<anonymous> ([22m[2msrc/utils.ts[2m:159:15)[22m[2m[22m
  [2mconsole.log[22m
    [e2e_r4pg81niwrk]: 2024-03-22T21:03:26.492Z backend:StorageService Writing to public channel db mid-night-club_1be8b4b04a86818b4dbc268de1db0969
[2m[22m
[2m      [2mat Socket.<anonymous> ([22m[2msrc/utils.ts[2m:159:15)[22m[2m[22m
  [2mconsole.log[22m
    [e2e_4cc1hr73df40]: 2024-03-22T21:03:27.274Z backend:StorageService REPLICATED: Channels
[2m[22m
[2m      [2mat Socket.<anonymous> ([22m[2msrc/utils.ts[2m:159:15)[22m[2m[22m
  [2mconsole.log[22m
    [e2e_4cc1hr73df40]: 2024-03-22T21:03:27.277Z backend:StorageService Subscribed to channel general_a7c50e5f6bb71a5bfe45107c2f1c0f08
[2m[22m
[2m      [2mat Socket.<anonymous> ([22m[2msrc/utils.ts[2m:159:15)[22m[2m[22m
  [2mconsole.log[22m
    [e2e_4cc1hr73df40]: 2024-03-22T21:03:27.277Z backend:StorageService Creating channel mid-night-club_1be8b4b04a86818b4dbc268de1db0969
[2m[22m
[2m      [2mat Socket.<anonymous> ([22m[2msrc/utils.ts[2m:159:15)[22m[2m[22m
  [2mconsole.log[22m
    [e2e_4cc1hr73df40]: 2024-03-22T21:03:27.292Z backend:StorageService Found existing channel: {
      id: 'mid-night-club_1be8b4b04a86818b4dbc268de1db0969',
      name: 'mid-night-club',
      owner: 'owner',
      timestamp: 1711141406441,
      description: 'Welcome to #mid-night-club'
    }
[2m[22m
[2m      [2mat Socket.<anonymous> ([22m[2msrc/utils.ts[2m:159:15)[22m[2m[22m
  [2mconsole.log[22m
    [e2e_4cc1hr73df40]: 2024-03-22T21:03:27.294Z backend:StorageService Subscribed to channel mid-night-club_1be8b4b04a86818b4dbc268de1db0969
[2m[22m
[2m      [2mat Socket.<anonymous> ([22m[2msrc/utils.ts[2m:159:15)[22m[2m[22m
  [2mconsole.log[22m
    [e2e_6q0pv39bdzw0]: 2024-03-22T21:03:27.581Z backend:StorageService REPLICATED: Channels
[2m[22m
[2m      [2mat Socket.<anonymous> ([22m[2msrc/utils.ts[2m:159:15)[22m[2m[22m
  [2mconsole.log[22m
    [e2e_6q0pv39bdzw0]: 2024-03-22T21:03:27.583Z backend:StorageService Subscribed to channel general_a7c50e5f6bb71a5bfe45107c2f1c0f08
[2m[22m
[2m      [2mat Socket.<anonymous> ([22m[2msrc/utils.ts[2m:159:15)[22m[2m[22m
  [2mconsole.log[22m
    [e2e_6q0pv39bdzw0]: 2024-03-22T21:03:27.583Z backend:StorageService Creating channel mid-night-club_1be8b4b04a86818b4dbc268de1db0969
[2m[22m
[2m      [2mat Socket.<anonymous> ([22m[2msrc/utils.ts[2m:159:15)[22m[2m[22m
  [2mconsole.log[22m
    [e2e_6q0pv39bdzw0]: 2024-03-22T21:03:27.593Z backend:StorageService Found existing channel: {
      id: 'mid-night-club_1be8b4b04a86818b4dbc268de1db0969',
      name: 'mid-night-club',
      owner: 'owner',
      timestamp: 1711141406441,
      description: 'Welcome to #mid-night-club'
    }
[2m[22m
[2m      [2mat Socket.<anonymous> ([22m[2msrc/utils.ts[2m:159:15)[22m[2m[22m
  [2mconsole.log[22m
    [e2e_6q0pv39bdzw0]: 2024-03-22T21:03:27.593Z backend:StorageService Set mid-night-club_1be8b4b04a86818b4dbc268de1db0969 to local channels
    2024-03-22T21:03:27.594Z backend:StorageService Created channel mid-night-club_1be8b4b04a86818b4dbc268de1db0969
    2024-03-22T21:03:27.594Z backend:StorageService Pubsub - subscribe to /orbitdb/zdpuAqwyjjUDM1KNL9npD9XKs9YSPyrG1CDEf2zf1VASAcY88/channels.mid-night-club_1be8b4b04a86818b4dbc268de1db0969
    2024-03-22T21:03:27.594Z backend:StorageService Subscribing to channel  mid-night-club_1be8b4b04a86818b4dbc268de1db0969
    2024-03-22T21:03:27.594Z backend:StorageService Subscribed to channel mid-night-club_1be8b4b04a86818b4dbc268de1db0969
[2m[22m
[2m      [2mat Socket.<anonymous> ([22m[2msrc/utils.ts[2m:159:15)[22m[2m[22m
  [2mconsole.log[22m
    [e2e_4cc1hr73df40]: 2024-03-22T21:03:29.232Z backend:StorageService progress 1/1. Address: /orbitdb/zdpuAqwyjjUDM1KNL9npD9XKs9YSPyrG1CDEf2zf1VASAcY88/channels.mid-night-club_1be8b4b04a86818b4dbc268de1db0969
[2m[22m
[2m      [2mat Socket.<anonymous> ([22m[2msrc/utils.ts[2m:159:15)[22m[2m[22m
  [2mconsole.log[22m
    [e2e_4cc1hr73df40]: 2024-03-22T21:03:29.237Z backend:StorageService Replicated. /orbitdb/zdpuAqwyjjUDM1KNL9npD9XKs9YSPyrG1CDEf2zf1VASAcY88/channels.mid-night-club_1be8b4b04a86818b4dbc268de1db0969
[2m[22m
[2m      [2mat Socket.<anonymous> ([22m[2msrc/utils.ts[2m:159:15)[22m[2m[22m
  [2mconsole.log[22m
    [e2e_6q0pv39bdzw0]: 2024-03-22T21:03:29.805Z backend:StorageService progress 1/1. Address: /orbitdb/zdpuAqwyjjUDM1KNL9npD9XKs9YSPyrG1CDEf2zf1VASAcY88/channels.mid-night-club_1be8b4b04a86818b4dbc268de1db0969
[2m[22m
[2m      [2mat Socket.<anonymous> ([22m[2msrc/utils.ts[2m:159:15)[22m[2m[22m
  [2mconsole.log[22m
    [e2e_6q0pv39bdzw0]: 2024-03-22T21:03:29.807Z backend:StorageService Replicated. /orbitdb/zdpuAqwyjjUDM1KNL9npD9XKs9YSPyrG1CDEf2zf1VASAcY88/channels.mid-night-club_1be8b4b04a86818b4dbc268de1db0969
[2m[22m
[2m      [2mat Socket.<anonymous> ([22m[2msrc/utils.ts[2m:159:15)[22m[2m[22m
  [2mconsole.log[22m
    [e2e_r4pg81niwrk]: 2024-03-22T21:03:32.174Z backend:libp2p:websockets:err inbound connection failed to upgrade AbortError: The operation was aborted
        at nextAbortHandler (webpack://@quiet/backend/./node_modules/libp2p/node_modules/abortable-iterator/dist/src/index.js?:34:32)
        at EventTarget.abortHandler (webpack://@quiet/backend/./node_modules/libp2p/node_modules/abortable-iterator/dist/src/index.js?:21:17)
        at [nodejs.internal.kHybridDispatch] (node:internal/event_target:731:20)
        at EventTarget.dispatchEvent (node:internal/event_target:673:26)
        at abortSignal (node:internal/abort_controller:308:10)
        at TimeoutController.abort (node:internal/abort_controller:338:5)
        at TimeoutController.abort (webpack://@quiet/backend/./node_modules/timeout-abort-controller/index.js?:26:18)
        at eval (webpack://@quiet/backend/./node_modules/timeout-abort-controller/index.js?:16:38)
        at Retimer._timerWrapper (webpack://@quiet/backend/./node_modules/retimer/retimer.js?:21:18)
        at listOnTimeout (node:internal/timers:564:17) {
      type: 'aborted',
      code: 'ERR_ENCRYPTION_FAILED'
    }
[2m[22m
[2m      [2mat Socket.<anonymous> ([22m[2msrc/utils.ts[2m:159:15)[22m[2m[22m
  [2mconsole.log[22m
    [e2e_6q0pv39bdzw0]: 2024-03-22T21:03:32.481Z backend:libp2p:websockets:err error upgrading outbound connection /dns4/2otwjrsx3pcf6dvjheol6v2xcui6n6qn4rfkipe2oh3vyibizir46did.onion/tcp/80/ws/p2p/QmTpNmixsfUSHBm3vWvvuTkgt2HdXc1sYiBRw4pMRn88GR. Details: stream ended before 24 bytes became available
[2m[22m
[2m      [2mat Socket.<anonymous> ([22m[2msrc/utils.ts[2m:159:15)[22m[2m[22m
  [2mconsole.log[22m
    [e2e_r4pg81niwrk]: 2024-03-22T21:03:32.795Z backend:SocketService Awaiting readyness before emitting:  sendMessage
[2m[22m
[2m      [2mat Socket.<anonymous> ([22m[2msrc/utils.ts[2m:159:15)[22m[2m[22m
  [2mconsole.log[22m
    [e2e_r4pg81niwrk]: 2024-03-22T21:03:32.809Z backend:StorageService Writing to public channel db mid-night-club_1be8b4b04a86818b4dbc268de1db0969
[2m[22m
[2m      [2mat Socket.<anonymous> ([22m[2msrc/utils.ts[2m:159:15)[22m[2m[22m
  [2mconsole.log[22m
    [e2e_4cc1hr73df40]: 2024-03-22T21:03:33.825Z backend:StorageService progress 2/2. Address: /orbitdb/zdpuAqwyjjUDM1KNL9npD9XKs9YSPyrG1CDEf2zf1VASAcY88/channels.mid-night-club_1be8b4b04a86818b4dbc268de1db0969
[2m[22m
[2m      [2mat Socket.<anonymous> ([22m[2msrc/utils.ts[2m:159:15)[22m[2m[22m
  [2mconsole.log[22m
    [e2e_4cc1hr73df40]: 2024-03-22T21:03:33.828Z backend:StorageService Replicated. /orbitdb/zdpuAqwyjjUDM1KNL9npD9XKs9YSPyrG1CDEf2zf1VASAcY88/channels.mid-night-club_1be8b4b04a86818b4dbc268de1db0969
[2m[22m
[2m      [2mat Socket.<anonymous> ([22m[2msrc/utils.ts[2m:159:15)[22m[2m[22m
  [2mconsole.log[22m
    [e2e_6q0pv39bdzw0]: 2024-03-22T21:03:34.399Z backend:StorageService progress 2/2. Address: /orbitdb/zdpuAqwyjjUDM1KNL9npD9XKs9YSPyrG1CDEf2zf1VASAcY88/channels.mid-night-club_1be8b4b04a86818b4dbc268de1db0969
[2m[22m
[2m      [2mat Socket.<anonymous> ([22m[2msrc/utils.ts[2m:159:15)[22m[2m[22m
  [2mconsole.log[22m
    [e2e_6q0pv39bdzw0]: 2024-03-22T21:03:34.404Z backend:StorageService Replicated. /orbitdb/zdpuAqwyjjUDM1KNL9npD9XKs9YSPyrG1CDEf2zf1VASAcY88/channels.mid-night-club_1be8b4b04a86818b4dbc268de1db0969
[2m[22m
[2m      [2mat Socket.<anonymous> ([22m[2msrc/utils.ts[2m:159:15)[22m[2m[22m
  [2mconsole.log[22m
    Waiting for user "owner" message "Hello"
[2m[22m
[2m      [2mat Channel.waitForUserMessage ([22m[2msrc/selectors.ts[2m:342:13)[22m[2m[22m
  [2mconsole.log[22m
    Potential message with text: Created #mid-night-club
[2m[22m
[2m      [2mat [22m[2msrc/selectors.ts[2m:347:17[22m[2m[22m
  [2mconsole.log[22m
    Potential message with text: Hello
[2m[22m
[2m      [2mat [22m[2msrc/selectors.ts[2m:347:17[22m[2m[22m
  [2mconsole.log[22m
    Found message with matching text Hello
[2m[22m
[2m      [2mat [22m[2msrc/selectors.ts[2m:349:19[22m[2m[22m
  [2mconsole.log[22m
    Data Test ID for message content: userMessages-owner-q5yl0fkzgds
[2m[22m
[2m      [2mat Channel.getMessageIdsByText ([22m[2msrc/selectors.ts[2m:384:13)[22m[2m[22m
  [2mconsole.log[22m
    Waiting for content for message with text Hello
[2m[22m
[2m      [2mat Channel.waitForMessageContentByText ([22m[2msrc/selectors.ts[2m:510:13)[22m[2m[22m
  [2mconsole.log[22m
    Testing content: Hello
[2m[22m
[2m      [2mat Channel.waitForMessageContentByText ([22m[2msrc/selectors.ts[2m:516:15)[22m[2m[22m
  [2mconsole.log[22m
    Testing content: Hello
[2m[22m
[2m      [2mat Channel.waitForMessageContentByText ([22m[2msrc/selectors.ts[2m:516:15)[22m[2m[22m
  [2mconsole.log[22m
    Found content element for message with text Hello
[2m[22m
[2m      [2mat Channel.waitForMessageContentByText ([22m[2msrc/selectors.ts[2m:518:17)[22m[2m[22m
  [2mconsole.log[22m
    Data Test ID for message content: messagesGroupContent-q5yl0fkzgds
[2m[22m
[2m      [2mat Channel.getMessageIdsByText ([22m[2msrc/selectors.ts[2m:394:13)[22m[2m[22m
  [2mconsole.log[22m
    Waiting for 'sending...' element for message with data-testid unsent-sending-owner-q5yl0fkzgds
[2m[22m
[2m      [2mat Channel.waitForSending ([22m[2msrc/selectors.ts[2m:528:13)[22m[2m[22m
  [2mconsole.log[22m
    Waiting for user's avatar with username owner for message with ID q5yl0fkzgds
[2m[22m
[2m      [2mat Channel.waitForAvatar ([22m[2msrc/selectors.ts[2m:471:13)[22m[2m[22m
  [2mconsole.log[22m
    Found user's avatar with username owner for message with ID q5yl0fkzgds
[2m[22m
[2m      [2mat Channel.waitForAvatar ([22m[2msrc/selectors.ts[2m:476:15)[22m[2m[22m
  [2mconsole.log[22m
    Waiting for date for message with ID q5yl0fkzgds
[2m[22m
[2m      [2mat Channel.waitForDateLabel ([22m[2msrc/selectors.ts[2m:484:13)[22m[2m[22m
  [2mconsole.log[22m
    Found date label for message with ID q5yl0fkzgds
[2m[22m
[2m      [2mat Channel.waitForDateLabel ([22m[2msrc/selectors.ts[2m:489:15)[22m[2m[22m
  [2mconsole.log[22m
    Waiting for content for message with ID q5yl0fkzgds
[2m[22m
[2m      [2mat Channel.waitForMessageContentById ([22m[2msrc/selectors.ts[2m:497:13)[22m[2m[22m
  [2mconsole.log[22m
    Found content for message with ID q5yl0fkzgds
[2m[22m
[2m      [2mat Channel.waitForMessageContentById ([22m[2msrc/selectors.ts[2m:502:15)[22m[2m[22m
  [2mconsole.log[22m
    Waiting for connection status element for channel with name mid-night-club with expected presence = false
[2m[22m
[2m      [2mat Channel.waitForConnectionStatus ([22m[2msrc/selectors.ts[2m:550:13)[22m[2m[22m
  [2mconsole.log[22m
    Waiting for user "owner" message "Hello"
[2m[22m
[2m      [2mat Channel.waitForUserMessage ([22m[2msrc/selectors.ts[2m:342:13)[22m[2m[22m
  [2mconsole.log[22m
    Potential message with text: Created #mid-night-club
[2m[22m
[2m      [2mat [22m[2msrc/selectors.ts[2m:347:17[22m[2m[22m
  [2mconsole.log[22m
    Potential message with text: Hello
[2m[22m
[2m      [2mat [22m[2msrc/selectors.ts[2m:347:17[22m[2m[22m
  [2mconsole.log[22m
    Found message with matching text Hello
[2m[22m
[2m      [2mat [22m[2msrc/selectors.ts[2m:349:19[22m[2m[22m
  [2mconsole.log[22m
    Data Test ID for message content: userMessages-owner-q5yl0fkzgds
[2m[22m
[2m      [2mat Channel.getMessageIdsByText ([22m[2msrc/selectors.ts[2m:384:13)[22m[2m[22m
  [2mconsole.log[22m
    Waiting for content for message with text Hello
[2m[22m
[2m      [2mat Channel.waitForMessageContentByText ([22m[2msrc/selectors.ts[2m:510:13)[22m[2m[22m
  [2mconsole.log[22m
    Testing content: Hello
[2m[22m
[2m      [2mat Channel.waitForMessageContentByText ([22m[2msrc/selectors.ts[2m:516:15)[22m[2m[22m
  [2mconsole.log[22m
    Testing content: Hello
[2m[22m
[2m      [2mat Channel.waitForMessageContentByText ([22m[2msrc/selectors.ts[2m:516:15)[22m[2m[22m
  [2mconsole.log[22m
    Found content element for message with text Hello
[2m[22m
[2m      [2mat Channel.waitForMessageContentByText ([22m[2msrc/selectors.ts[2m:518:17)[22m[2m[22m
  [2mconsole.log[22m
    Data Test ID for message content: messagesGroupContent-q5yl0fkzgds
[2m[22m
[2m      [2mat Channel.getMessageIdsByText ([22m[2msrc/selectors.ts[2m:394:13)[22m[2m[22m
  [2mconsole.log[22m
    Waiting for 'sending...' element for message with data-testid unsent-sending-owner-q5yl0fkzgds
[2m[22m
[2m      [2mat Channel.waitForSending ([22m[2msrc/selectors.ts[2m:528:13)[22m[2m[22m
  [2mconsole.log[22m
    Waiting for user's avatar with username owner for message with ID q5yl0fkzgds
[2m[22m
[2m      [2mat Channel.waitForAvatar ([22m[2msrc/selectors.ts[2m:471:13)[22m[2m[22m
  [2mconsole.log[22m
    Found user's avatar with username owner for message with ID q5yl0fkzgds
[2m[22m
[2m      [2mat Channel.waitForAvatar ([22m[2msrc/selectors.ts[2m:476:15)[22m[2m[22m
  [2mconsole.log[22m
    Waiting for date for message with ID q5yl0fkzgds
[2m[22m
[2m      [2mat Channel.waitForDateLabel ([22m[2msrc/selectors.ts[2m:484:13)[22m[2m[22m
  [2mconsole.log[22m
    Found date label for message with ID q5yl0fkzgds
[2m[22m
[2m      [2mat Channel.waitForDateLabel ([22m[2msrc/selectors.ts[2m:489:15)[22m[2m[22m
  [2mconsole.log[22m
    Waiting for content for message with ID q5yl0fkzgds
[2m[22m
[2m      [2mat Channel.waitForMessageContentById ([22m[2msrc/selectors.ts[2m:497:13)[22m[2m[22m
  [2mconsole.log[22m
    Found content for message with ID q5yl0fkzgds
[2m[22m
[2m      [2mat Channel.waitForMessageContentById ([22m[2msrc/selectors.ts[2m:502:15)[22m[2m[22m
  [2mconsole.log[22m
    Waiting for connection status element for channel with name mid-night-club with expected presence = false
[2m[22m
[2m      [2mat Channel.waitForConnectionStatus ([22m[2msrc/selectors.ts[2m:550:13)[22m[2m[22m
  [2mconsole.log[22m
    [e2e_r4pg81niwrk]: 2024-03-22T21:03:50.388Z backend:SocketService Awaiting readyness before emitting:  deleteChannel
[2m[22m
[2m      [2mat Socket.<anonymous> ([22m[2msrc/utils.ts[2m:159:15)[22m[2m[22m
  [2mconsole.log[22m
    stdout:
    deleting channel storage {
      channelId: 'mid-night-club_1be8b4b04a86818b4dbc268de1db0969',
      ownerPeerId: 'QmTpNmixsfUSHBm3vWvvuTkgt2HdXc1sYiBRw4pMRn88GR'
    }
[2m[22m
[2m      [2mat Socket.<anonymous> ([22m[2msrc/utils.ts[2m:149:15)[22m[2m[22m
  [2mconsole.log[22m
    [e2e_r4pg81niwrk]: 2024-03-22T21:03:50.398Z backend:StorageService WRITE: Channels
[2m[22m
[2m      [2mat Socket.<anonymous> ([22m[2msrc/utils.ts[2m:159:15)[22m[2m[22m
  [2mconsole.log[22m
    [e2e_r4pg81niwrk]: 2024-03-22T21:03:50.403Z backend:SocketService Awaiting readyness before emitting:  deleteFilesFromChannel
[2m[22m
[2m      [2mat Socket.<anonymous> ([22m[2msrc/utils.ts[2m:159:15)[22m[2m[22m
  [2mconsole.log[22m
    [e2e_r4pg81niwrk]: 2024-03-22T21:03:50.403Z backend:ConnectionsManagerService socketService - deleteFilesFromChannel {
      messages: {
        ecnzsrhp4vb: {
          id: 'ecnzsrhp4vb',
          type: 3,
          message: 'Created #mid-night-club',
          createdAt: 1711141406.483,
          channelId: 'mid-night-club_1be8b4b04a86818b4dbc268de1db0969',
          signature: "u\x93N\x92æ5öá^i\x8Ay[\x93¬Rµjnø,\x83§CÖ0Êæµ\x19Ó¸g'\x84\x1C\x10AÖAU\x999ú\x99ðÏE´(Áo\x04\x97¢WwA¸Ü'\x953\b",
          pubKey: 'BIDLP9EC/rURDt9LLdZud0ilpf3OL6vYE82wXt6HZPLOU1Qipn5kYGsM84/h5r6VjAAZhzShtImDCIVFq1pFqsg='
        },
        q5yl0fkzgds: {
          id: 'q5yl0fkzgds',
          type: 1,
          message: 'Hello',
          createdAt: 1711141412.792,
          channelId: 'mid-night-club_1be8b4b04a86818b4dbc268de1db0969',
          signature: '\x95\x8Bæm\x7FÖ`\x07\x98h+³LR\x8F5©;Æ?_\x04\x14YÏzH?\x10±QXa\x03¢«#o(\x04â1ÂÊ. ­ËcÃö=~\x02øÑZxÚ×gØ)[',
          pubKey: 'BIDLP9EC/rURDt9LLdZud0ilpf3OL6vYE82wXt6HZPLOU1Qipn5kYGsM84/h5r6VjAAZhzShtImDCIVFq1pFqsg='
        }
      }
    }
[2m[22m
[2m      [2mat Socket.<anonymous> ([22m[2msrc/utils.ts[2m:159:15)[22m[2m[22m
  [2mconsole.log[22m
    [e2e_r4pg81niwrk]: 2024-03-22T21:03:50.459Z backend:SocketService Awaiting readyness before emitting:  sendMessage
[2m[22m
[2m      [2mat Socket.<anonymous> ([22m[2msrc/utils.ts[2m:159:15)[22m[2m[22m
  [2mconsole.log[22m
    [e2e_r4pg81niwrk]: 2024-03-22T21:03:50.465Z backend:StorageService Writing to public channel db general_a7c50e5f6bb71a5bfe45107c2f1c0f08
[2m[22m
[2m      [2mat Socket.<anonymous> ([22m[2msrc/utils.ts[2m:159:15)[22m[2m[22m
  [2mconsole.log[22m
    [e2e_6q0pv39bdzw0]: 2024-03-22T21:03:51.067Z backend:StorageService REPLICATED: Channels
[2m[22m
[2m      [2mat Socket.<anonymous> ([22m[2msrc/utils.ts[2m:159:15)[22m[2m[22m
  [2mconsole.log[22m
    [e2e_6q0pv39bdzw0]: 2024-03-22T21:03:51.069Z backend:StorageService Subscribed to channel general_a7c50e5f6bb71a5bfe45107c2f1c0f08
[2m[22m
[2m      [2mat Socket.<anonymous> ([22m[2msrc/utils.ts[2m:159:15)[22m[2m[22m
  [2mconsole.log[22m
    [e2e_6q0pv39bdzw0]: 2024-03-22T21:03:51.073Z backend:SocketService Awaiting readyness before emitting:  deleteChannel
[2m[22m
[2m      [2mat Socket.<anonymous> ([22m[2msrc/utils.ts[2m:159:15)[22m[2m[22m
  [2mconsole.log[22m
    stdout:
    deleting channel storage {
      channelId: 'mid-night-club_1be8b4b04a86818b4dbc268de1db0969',
      ownerPeerId: 'QmTpNmixsfUSHBm3vWvvuTkgt2HdXc1sYiBRw4pMRn88GR'
    }
[2m[22m
[2m      [2mat Socket.<anonymous> ([22m[2msrc/utils.ts[2m:149:15)[22m[2m[22m
  [2mconsole.log[22m
    [e2e_6q0pv39bdzw0]: 2024-03-22T21:03:51.080Z backend:SocketService Awaiting readyness before emitting:  deleteFilesFromChannel
[2m[22m
[2m      [2mat Socket.<anonymous> ([22m[2msrc/utils.ts[2m:159:15)[22m[2m[22m
  [2mconsole.log[22m
    [e2e_6q0pv39bdzw0]: 2024-03-22T21:03:51.080Z backend:ConnectionsManagerService socketService - deleteFilesFromChannel {
      messages: {
        ecnzsrhp4vb: {
          id: 'ecnzsrhp4vb',
          type: 3,
          pubKey: 'BIDLP9EC/rURDt9LLdZud0ilpf3OL6vYE82wXt6HZPLOU1Qipn5kYGsM84/h5r6VjAAZhzShtImDCIVFq1pFqsg=',
          message: 'Created #mid-night-club',
          channelId: 'mid-night-club_1be8b4b04a86818b4dbc268de1db0969',
          createdAt: 1711141406.483,
          signature: "u\x93N\x92æ5öá^i\x8Ay[\x93¬Rµjnø,\x83§CÖ0Êæµ\x19Ó¸g'\x84\x1C\x10AÖAU\x999ú\x99ðÏE´(Áo\x04\x97¢WwA¸Ü'\x953\b"
        },
        q5yl0fkzgds: {
          id: 'q5yl0fkzgds',
          type: 1,
          pubKey: 'BIDLP9EC/rURDt9LLdZud0ilpf3OL6vYE82wXt6HZPLOU1Qipn5kYGsM84/h5r6VjAAZhzShtImDCIVFq1pFqsg=',
          message: 'Hello',
          channelId: 'mid-night-club_1be8b4b04a86818b4dbc268de1db0969',
          createdAt: 1711141412.792,
          signature: '\x95\x8Bæm\x7FÖ`\x07\x98h+³LR\x8F5©;Æ?_\x04\x14YÏzH?\x10±QXa\x03¢«#o(\x04â1ÂÊ. ­ËcÃö=~\x02øÑZxÚ×gØ)['
        }
      }
    }
[2m[22m
[2m      [2mat Socket.<anonymous> ([22m[2msrc/utils.ts[2m:159:15)[22m[2m[22m
  [2mconsole.log[22m
    [e2e_4cc1hr73df40]: 2024-03-22T21:03:51.191Z backend:StorageService REPLICATED: Channels
[2m[22m
[2m      [2mat Socket.<anonymous> ([22m[2msrc/utils.ts[2m:159:15)[22m[2m[22m
  [2mconsole.log[22m
    [e2e_4cc1hr73df40]: 2024-03-22T21:03:51.193Z backend:StorageService Subscribed to channel general_a7c50e5f6bb71a5bfe45107c2f1c0f08
[2m[22m
[2m      [2mat Socket.<anonymous> ([22m[2msrc/utils.ts[2m:159:15)[22m[2m[22m
  [2mconsole.log[22m
    [e2e_4cc1hr73df40]: 2024-03-22T21:03:51.197Z backend:SocketService Awaiting readyness before emitting:  deleteChannel
[2m[22m
[2m      [2mat Socket.<anonymous> ([22m[2msrc/utils.ts[2m:159:15)[22m[2m[22m
  [2mconsole.log[22m
    stdout:
    deleting channel storage {
      channelId: 'mid-night-club_1be8b4b04a86818b4dbc268de1db0969',
      ownerPeerId: 'QmTpNmixsfUSHBm3vWvvuTkgt2HdXc1sYiBRw4pMRn88GR'
    }
[2m[22m
[2m      [2mat Socket.<anonymous> ([22m[2msrc/utils.ts[2m:149:15)[22m[2m[22m
  [2mconsole.log[22m
    [e2e_4cc1hr73df40]: 2024-03-22T21:03:51.204Z backend:SocketService Awaiting readyness before emitting:  deleteFilesFromChannel
[2m[22m
[2m      [2mat Socket.<anonymous> ([22m[2msrc/utils.ts[2m:159:15)[22m[2m[22m
  [2mconsole.log[22m
    [e2e_4cc1hr73df40]: 2024-03-22T21:03:51.204Z backend:ConnectionsManagerService socketService - deleteFilesFromChannel {
      messages: {
        ecnzsrhp4vb: {
          id: 'ecnzsrhp4vb',
          type: 3,
          pubKey: 'BIDLP9EC/rURDt9LLdZud0ilpf3OL6vYE82wXt6HZPLOU1Qipn5kYGsM84/h5r6VjAAZhzShtImDCIVFq1pFqsg=',
          message: 'Created #mid-night-club',
          channelId: 'mid-night-club_1be8b4b04a86818b4dbc268de1db0969',
          createdAt: 1711141406.483,
          signature: "u\x93N\x92æ5öá^i\x8Ay[\x93¬Rµjnø,\x83§CÖ0Êæµ\x19Ó¸g'\x84\x1C\x10AÖAU\x999ú\x99ðÏE´(Áo\x04\x97¢WwA¸Ü'\x953\b"
        },
        q5yl0fkzgds: {
          id: 'q5yl0fkzgds',
          type: 1,
          pubKey: 'BIDLP9EC/rURDt9LLdZud0ilpf3OL6vYE82wXt6HZPLOU1Qipn5kYGsM84/h5r6VjAAZhzShtImDCIVFq1pFqsg=',
          message: 'Hello',
          channelId: 'mid-night-club_1be8b4b04a86818b4dbc268de1db0969',
          createdAt: 1711141412.792,
          signature: '\x95\x8Bæm\x7FÖ`\x07\x98h+³LR\x8F5©;Æ?_\x04\x14YÏzH?\x10±QXa\x03¢«#o(\x04â1ÂÊ. ­ËcÃö=~\x02øÑZxÚ×gØ)['
        }
      }
    }
[2m[22m
[2m      [2mat Socket.<anonymous> ([22m[2msrc/utils.ts[2m:159:15)[22m[2m[22m
  [2mconsole.log[22m
    [e2e_6q0pv39bdzw0]: 2024-03-22T21:03:51.324Z backend:StorageService progress 7/7. Address: /orbitdb/zdpuAxX9VYs2cAEDR3cCBsM6wyvpYeQPwU6ugmGoy5AGm6DwT/channels.general_a7c50e5f6bb71a5bfe45107c2f1c0f08
[2m[22m
[2m      [2mat Socket.<anonymous> ([22m[2msrc/utils.ts[2m:159:15)[22m[2m[22m
  [2mconsole.log[22m
    [e2e_6q0pv39bdzw0]: 2024-03-22T21:03:51.328Z backend:StorageService Replicated. /orbitdb/zdpuAxX9VYs2cAEDR3cCBsM6wyvpYeQPwU6ugmGoy5AGm6DwT/channels.general_a7c50e5f6bb71a5bfe45107c2f1c0f08
[2m[22m
[2m      [2mat Socket.<anonymous> ([22m[2msrc/utils.ts[2m:159:15)[22m[2m[22m
  [2mconsole.log[22m
    [e2e_4cc1hr73df40]: 2024-03-22T21:03:51.329Z backend:StorageService progress 7/7. Address: /orbitdb/zdpuAxX9VYs2cAEDR3cCBsM6wyvpYeQPwU6ugmGoy5AGm6DwT/channels.general_a7c50e5f6bb71a5bfe45107c2f1c0f08
[2m[22m
[2m      [2mat Socket.<anonymous> ([22m[2msrc/utils.ts[2m:159:15)[22m[2m[22m
  [2mconsole.log[22m
    [e2e_4cc1hr73df40]: 2024-03-22T21:03:51.330Z backend:StorageService Replicated. /orbitdb/zdpuAxX9VYs2cAEDR3cCBsM6wyvpYeQPwU6ugmGoy5AGm6DwT/channels.general_a7c50e5f6bb71a5bfe45107c2f1c0f08
[2m[22m
[2m      [2mat Socket.<anonymous> ([22m[2msrc/utils.ts[2m:159:15)[22m[2m[22m
  [2mconsole.log[22m
    Waiting for user "owner" message "@owner deleted #mid-night-club"
[2m[22m
[2m      [2mat Channel.waitForUserMessage ([22m[2msrc/selectors.ts[2m:342:13)[22m[2m[22m
  [2mconsole.log[22m
    Potential message with text: Created #general
[2m[22m
[2m      [2mat [22m[2msrc/selectors.ts[2m:347:17[22m[2m[22m
  [2mconsole.log[22m
    Potential message with text: Hi
[2m[22m
[2m      [2mat [22m[2msrc/selectors.ts[2m:347:17[22m[2m[22m
  [2mconsole.log[22m
    Potential message with text: @owner deleted #mid-night-club
[2m[22m
[2m      [2mat [22m[2msrc/selectors.ts[2m:347:17[22m[2m[22m
  [2mconsole.log[22m
    Found message with matching text @owner deleted #mid-night-club
[2m[22m
[2m      [2mat [22m[2msrc/selectors.ts[2m:349:19[22m[2m[22m
  [2mconsole.log[22m
    Data Test ID for message content: userMessages-owner-ao22w4qq7j
[2m[22m
[2m      [2mat Channel.getMessageIdsByText ([22m[2msrc/selectors.ts[2m:384:13)[22m[2m[22m
  [2mconsole.log[22m
    Waiting for content for message with text @owner deleted #mid-night-club
[2m[22m
[2m      [2mat Channel.waitForMessageContentByText ([22m[2msrc/selectors.ts[2m:510:13)[22m[2m[22m
  [2mconsole.log[22m
    Testing content: @owner deleted #mid-night-club
[2m[22m
[2m      [2mat Channel.waitForMessageContentByText ([22m[2msrc/selectors.ts[2m:516:15)[22m[2m[22m
  [2mconsole.log[22m
    Testing content: @owner deleted #mid-night-club
[2m[22m
[2m      [2mat Channel.waitForMessageContentByText ([22m[2msrc/selectors.ts[2m:516:15)[22m[2m[22m
  [2mconsole.log[22m
    Testing content: @owner deleted #mid-night-club
[2m[22m
[2m      [2mat Channel.waitForMessageContentByText ([22m[2msrc/selectors.ts[2m:516:15)[22m[2m[22m
  [2mconsole.log[22m
    Testing content: @owner deleted #mid-night-club
[2m[22m
[2m      [2mat Channel.waitForMessageContentByText ([22m[2msrc/selectors.ts[2m:516:15)[22m[2m[22m
  [2mconsole.log[22m
    Testing content: @owner deleted #mid-night-club
[2m[22m
[2m      [2mat Channel.waitForMessageContentByText ([22m[2msrc/selectors.ts[2m:516:15)[22m[2m[22m
  [2mconsole.log[22m
    Testing content: @owner deleted #mid-night-club
[2m[22m
[2m      [2mat Channel.waitForMessageContentByText ([22m[2msrc/selectors.ts[2m:516:15)[22m[2m[22m
  [2mconsole.log[22m
    Testing content: @owner deleted #mid-night-club
[2m[22m
[2m      [2mat Channel.waitForMessageContentByText ([22m[2msrc/selectors.ts[2m:516:15)[22m[2m[22m
  [2mconsole.log[22m
    Testing content: @owner deleted #mid-night-club
[2m[22m
[2m      [2mat Channel.waitForMessageContentByText ([22m[2msrc/selectors.ts[2m:516:15)[22m[2m[22m
  [2mconsole.log[22m
    Found content element for message with text @owner deleted #mid-night-club
[2m[22m
[2m      [2mat Channel.waitForMessageContentByText ([22m[2msrc/selectors.ts[2m:518:17)[22m[2m[22m
  [2mconsole.log[22m
    Data Test ID for message content: messagesGroupContent-ao22w4qq7j
[2m[22m
[2m      [2mat Channel.getMessageIdsByText ([22m[2msrc/selectors.ts[2m:394:13)[22m[2m[22m
  [2mconsole.log[22m
    Waiting for 'sending...' element for message with data-testid unsent-sending-owner-ao22w4qq7j
[2m[22m
[2m      [2mat Channel.waitForSending ([22m[2msrc/selectors.ts[2m:528:13)[22m[2m[22m
  [2mconsole.log[22m
    Waiting for user's avatar with username owner for message with ID ao22w4qq7j
[2m[22m
[2m      [2mat Channel.waitForAvatar ([22m[2msrc/selectors.ts[2m:471:13)[22m[2m[22m
  [2mconsole.log[22m
    Found user's avatar with username owner for message with ID ao22w4qq7j
[2m[22m
[2m      [2mat Channel.waitForAvatar ([22m[2msrc/selectors.ts[2m:476:15)[22m[2m[22m
  [2mconsole.log[22m
    Waiting for date for message with ID ao22w4qq7j
[2m[22m
[2m      [2mat Channel.waitForDateLabel ([22m[2msrc/selectors.ts[2m:484:13)[22m[2m[22m
  [2mconsole.log[22m
    Found date label for message with ID ao22w4qq7j
[2m[22m
[2m      [2mat Channel.waitForDateLabel ([22m[2msrc/selectors.ts[2m:489:15)[22m[2m[22m
  [2mconsole.log[22m
    Waiting for content for message with ID ao22w4qq7j
[2m[22m
[2m      [2mat Channel.waitForMessageContentById ([22m[2msrc/selectors.ts[2m:497:13)[22m[2m[22m
  [2mconsole.log[22m
    Found content for message with ID ao22w4qq7j
[2m[22m
[2m      [2mat Channel.waitForMessageContentById ([22m[2msrc/selectors.ts[2m:502:15)[22m[2m[22m
  [2mconsole.log[22m
    [e2e_4cc1hr73df40]: 2024-03-22T21:04:05.727Z backend:SocketService Awaiting readyness before emitting:  createChannel
[2m[22m
[2m      [2mat Socket.<anonymous> ([22m[2msrc/utils.ts[2m:159:15)[22m[2m[22m
  [2mconsole.log[22m
    [e2e_4cc1hr73df40]: 2024-03-22T21:04:05.737Z backend:StorageService Found existing channel: undefined
[2m[22m
[2m      [2mat Socket.<anonymous> ([22m[2msrc/utils.ts[2m:159:15)[22m[2m[22m
  [2mconsole.log[22m
    [e2e_4cc1hr73df40]: 2024-03-22T21:04:05.745Z backend:StorageService WRITE: Channels
[2m[22m
[2m      [2mat Socket.<anonymous> ([22m[2msrc/utils.ts[2m:159:15)[22m[2m[22m
  [2mconsole.log[22m
    [e2e_4cc1hr73df40]: 2024-03-22T21:04:05.746Z backend:StorageService Set mid-night-club_d88344f05a5fce146b0d7cb89807a538 to local channels
[2m[22m
[2m      [2mat Socket.<anonymous> ([22m[2msrc/utils.ts[2m:159:15)[22m[2m[22m
  [2mconsole.log[22m
    [e2e_4cc1hr73df40]: 2024-03-22T21:04:05.746Z backend:StorageService Created channel mid-night-club_d88344f05a5fce146b0d7cb89807a538
[2m[22m
[2m      [2mat Socket.<anonymous> ([22m[2msrc/utils.ts[2m:159:15)[22m[2m[22m
  [2mconsole.log[22m
    [e2e_4cc1hr73df40]: 2024-03-22T21:04:05.746Z backend:StorageService Pubsub - subscribe to /orbitdb/zdpuAwb6VYYuRHZoaPQ96LhoBXZpV9xMdPECr6SEaa1fehxr3/channels.mid-night-club_d88344f05a5fce146b0d7cb89807a538
    2024-03-22T21:04:05.746Z backend:StorageService Subscribing to channel  mid-night-club_d88344f05a5fce146b0d7cb89807a538
[2m[22m
[2m      [2mat Socket.<anonymous> ([22m[2msrc/utils.ts[2m:159:15)[22m[2m[22m
  [2mconsole.log[22m
    [e2e_4cc1hr73df40]: 2024-03-22T21:04:05.747Z backend:StorageService Subscribed to channel mid-night-club_d88344f05a5fce146b0d7cb89807a538
[2m[22m
[2m      [2mat Socket.<anonymous> ([22m[2msrc/utils.ts[2m:159:15)[22m[2m[22m
  [2mconsole.log[22m
    [e2e_4cc1hr73df40]: 2024-03-22T21:04:05.768Z backend:SocketService Awaiting readyness before emitting:  sendMessage
[2m[22m
[2m      [2mat Socket.<anonymous> ([22m[2msrc/utils.ts[2m:159:15)[22m[2m[22m
  [2mconsole.log[22m
    [e2e_4cc1hr73df40]: 2024-03-22T21:04:05.776Z backend:StorageService Writing to public channel db mid-night-club_d88344f05a5fce146b0d7cb89807a538
[2m[22m
[2m      [2mat Socket.<anonymous> ([22m[2msrc/utils.ts[2m:159:15)[22m[2m[22m
  [2mconsole.log[22m
    [e2e_6q0pv39bdzw0]: 2024-03-22T21:04:06.275Z backend:StorageService REPLICATED: Channels
[2m[22m
[2m      [2mat Socket.<anonymous> ([22m[2msrc/utils.ts[2m:159:15)[22m[2m[22m
  [2mconsole.log[22m
    [e2e_6q0pv39bdzw0]: 2024-03-22T21:04:06.276Z backend:StorageService Subscribed to channel general_a7c50e5f6bb71a5bfe45107c2f1c0f08
[2m[22m
[2m      [2mat Socket.<anonymous> ([22m[2msrc/utils.ts[2m:159:15)[22m[2m[22m
  [2mconsole.log[22m
    [e2e_6q0pv39bdzw0]: 2024-03-22T21:04:06.276Z backend:StorageService Creating channel mid-night-club_d88344f05a5fce146b0d7cb89807a538
[2m[22m
[2m      [2mat Socket.<anonymous> ([22m[2msrc/utils.ts[2m:159:15)[22m[2m[22m
  [2mconsole.log[22m
    [e2e_6q0pv39bdzw0]: 2024-03-22T21:04:06.283Z backend:StorageService Found existing channel: {
      id: 'mid-night-club_d88344f05a5fce146b0d7cb89807a538',
      name: 'mid-night-club',
      owner: 'user-joining-1',
      timestamp: 1711141445724,
      description: 'Welcome to #mid-night-club'
    }
[2m[22m
[2m      [2mat Socket.<anonymous> ([22m[2msrc/utils.ts[2m:159:15)[22m[2m[22m
  [2mconsole.log[22m
    [e2e_6q0pv39bdzw0]: 2024-03-22T21:04:06.283Z backend:StorageService Set mid-night-club_d88344f05a5fce146b0d7cb89807a538 to local channels
    2024-03-22T21:04:06.283Z backend:StorageService Created channel mid-night-club_d88344f05a5fce146b0d7cb89807a538
    2024-03-22T21:04:06.283Z backend:StorageService Pubsub - subscribe to /orbitdb/zdpuAwb6VYYuRHZoaPQ96LhoBXZpV9xMdPECr6SEaa1fehxr3/channels.mid-night-club_d88344f05a5fce146b0d7cb89807a538
    2024-03-22T21:04:06.283Z backend:StorageService Subscribing to channel  mid-night-club_d88344f05a5fce146b0d7cb89807a538
[2m[22m
[2m      [2mat Socket.<anonymous> ([22m[2msrc/utils.ts[2m:159:15)[22m[2m[22m
  [2mconsole.log[22m
    [e2e_6q0pv39bdzw0]: 2024-03-22T21:04:06.285Z backend:StorageService Subscribed to channel mid-night-club_d88344f05a5fce146b0d7cb89807a538
[2m[22m
[2m      [2mat Socket.<anonymous> ([22m[2msrc/utils.ts[2m:159:15)[22m[2m[22m
  [2mconsole.log[22m
    [e2e_6q0pv39bdzw0]: 2024-03-22T21:04:08.916Z backend:StorageService progress 1/1. Address: /orbitdb/zdpuAwb6VYYuRHZoaPQ96LhoBXZpV9xMdPECr6SEaa1fehxr3/channels.mid-night-club_d88344f05a5fce146b0d7cb89807a538
[2m[22m
[2m      [2mat Socket.<anonymous> ([22m[2msrc/utils.ts[2m:159:15)[22m[2m[22m
  [2mconsole.log[22m
    [e2e_6q0pv39bdzw0]: 2024-03-22T21:04:08.919Z backend:StorageService Replicated. /orbitdb/zdpuAwb6VYYuRHZoaPQ96LhoBXZpV9xMdPECr6SEaa1fehxr3/channels.mid-night-club_d88344f05a5fce146b0d7cb89807a538
[2m[22m
[2m      [2mat Socket.<anonymous> ([22m[2msrc/utils.ts[2m:159:15)[22m[2m[22m
  [2mconsole.log[22m
    TEST 2
[2m[22m
[2m      [2mat Object.<anonymous> ([22m[2m[0m[36msrc/tests/multipleClients.test.ts[39m[0m[2m:446:19)[22m[2m[22m
  [2mconsole.log[22m
    [e2e_4cc1hr73df40]: 2024-03-22T21:04:09.104Z backend:ConnectionsManagerService Stopping orbitdb
[2m[22m
[2m      [2mat Socket.<anonymous> ([22m[2msrc/utils.ts[2m:159:15)[22m[2m[22m
  [2mconsole.log[22m
    [e2e_4cc1hr73df40]: 2024-03-22T21:04:09.104Z backend:CertificatesRequestsStore Closing...
    2024-03-22T21:04:09.104Z backend:CertificatesRequestsStore Closed
    2024-03-22T21:04:09.105Z backend:OrbitDb Stopping OrbitDB
[2m[22m
[2m      [2mat Socket.<anonymous> ([22m[2msrc/utils.ts[2m:159:15)[22m[2m[22m
  [2mconsole.log[22m
    [e2e_4cc1hr73df40]: 2024-03-22T21:04:09.106Z backend:StorageService Stopping IPFS files manager
    2024-03-22T21:04:09.106Z backend:StorageService Stopping IPFS
[2m[22m
[2m      [2mat Socket.<anonymous> ([22m[2msrc/utils.ts[2m:159:15)[22m[2m[22m
  [2mconsole.log[22m
    [e2e_r4pg81niwrk]: 2024-03-22T21:04:09.374Z backend:StorageService REPLICATED: Channels
[2m[22m
[2m      [2mat Socket.<anonymous> ([22m[2msrc/utils.ts[2m:159:15)[22m[2m[22m
  [2mconsole.log[22m
    [e2e_r4pg81niwrk]: 2024-03-22T21:04:09.377Z backend:StorageService Subscribed to channel general_a7c50e5f6bb71a5bfe45107c2f1c0f08
[2m[22m
[2m      [2mat Socket.<anonymous> ([22m[2msrc/utils.ts[2m:159:15)[22m[2m[22m
  [2mconsole.log[22m
    [e2e_r4pg81niwrk]: 2024-03-22T21:04:09.377Z backend:StorageService Creating channel mid-night-club_d88344f05a5fce146b0d7cb89807a538
[2m[22m
[2m      [2mat Socket.<anonymous> ([22m[2msrc/utils.ts[2m:159:15)[22m[2m[22m
  [2mconsole.log[22m
    [e2e_r4pg81niwrk]: 2024-03-22T21:04:09.388Z backend:StorageService Found existing channel: {
      id: 'mid-night-club_d88344f05a5fce146b0d7cb89807a538',
      name: 'mid-night-club',
      owner: 'user-joining-1',
      timestamp: 1711141445724,
      description: 'Welcome to #mid-night-club'
    }
    2024-03-22T21:04:09.388Z backend:StorageService Set mid-night-club_d88344f05a5fce146b0d7cb89807a538 to local channels
[2m[22m
[2m      [2mat Socket.<anonymous> ([22m[2msrc/utils.ts[2m:159:15)[22m[2m[22m
  [2mconsole.log[22m
    [e2e_r4pg81niwrk]: 2024-03-22T21:04:09.389Z backend:StorageService Created channel mid-night-club_d88344f05a5fce146b0d7cb89807a538
    2024-03-22T21:04:09.389Z backend:StorageService Pubsub - subscribe to /orbitdb/zdpuAwb6VYYuRHZoaPQ96LhoBXZpV9xMdPECr6SEaa1fehxr3/channels.mid-night-club_d88344f05a5fce146b0d7cb89807a538
    2024-03-22T21:04:09.389Z backend:StorageService Subscribing to channel  mid-night-club_d88344f05a5fce146b0d7cb89807a538
[2m[22m
[2m      [2mat Socket.<anonymous> ([22m[2msrc/utils.ts[2m:159:15)[22m[2m[22m
  [2mconsole.log[22m
    [e2e_r4pg81niwrk]: 2024-03-22T21:04:09.390Z backend:StorageService Subscribed to channel mid-night-club_d88344f05a5fce146b0d7cb89807a538
[2m[22m
[2m      [2mat Socket.<anonymous> ([22m[2msrc/utils.ts[2m:159:15)[22m[2m[22m
  [2mconsole.log[22m
    [e2e_6q0pv39bdzw0]: 2024-03-22T21:04:09.660Z backend:Libp2pService Disconnecting peer: {"isTrusted":false,"detail":{"id":"4jh59l1711141285671","remoteAddr":"/dns4/ilym2eypty5gmasrpwv5tn25ihl6zwbu7t3yis7i3ao3pjdemtw5p2ad.onion/tcp/80/ws/p2p/QmZLW6y5m8broYutG4og2ymXRZUDcxVhdgHhiKYKhquUNp","remotePeer":"QmZLW6y5m8broYutG4og2ymXRZUDcxVhdgHhiKYKhquUNp","stat":{"status":"CLOSED","direction":"outbound","timeline":{"open":1711141282624,"upgraded":1711141285671,"close":1711141449660},"multiplexer":"/mplex/6.7.0","encryption":"/noise"},"tags":[],"_closing":false}}
    2024-03-22T21:04:09.660Z backend:Libp2pService QmQGGsPk8v1sy3oAwA2ecgb6JWk1XVzB8U7vsFB1dDfW3b disconnected from QmZLW6y5m8broYutG4og2ymXRZUDcxVhdgHhiKYKhquUNp
[2m[22m
[2m      [2mat Socket.<anonymous> ([22m[2msrc/utils.ts[2m:159:15)[22m[2m[22m
  [2mconsole.log[22m
    [e2e_6q0pv39bdzw0]: 2024-03-22T21:04:09.660Z backend:Libp2pService QmQGGsPk8v1sy3oAwA2ecgb6JWk1XVzB8U7vsFB1dDfW3b has 1 open connections
    2024-03-22T21:04:09.660Z backend:Libp2pService QmQGGsPk8v1sy3oAwA2ecgb6JWk1XVzB8U7vsFB1dDfW3b is now connected to 1 peers
    2024-03-22T21:04:09.660Z backend:Libp2pService Emitting peerDisconnected event with payload {"peer":"QmZLW6y5m8broYutG4og2ymXRZUDcxVhdgHhiKYKhquUNp","connectionDuration":163988,"lastSeen":1711141449660}
[2m[22m
[2m      [2mat Socket.<anonymous> ([22m[2msrc/utils.ts[2m:159:15)[22m[2m[22m
  [2mconsole.log[22m
    TEST 3
[2m[22m
[2m      [2mat Object.<anonymous> ([22m[2m[0m[36msrc/tests/multipleClients.test.ts[39m[0m[2m:456:19)[22m[2m[22m
  [2mconsole.log[22m
    [e2e_4cc1hr73df40]: 2024-03-22T21:04:10.601Z backend:SocketService socket connection
[2m[22m
[2m      [2mat Socket.<anonymous> ([22m[2msrc/utils.ts[2m:159:15)[22m[2m[22m
  [2mconsole.log[22m
    stdout:
    Hunting for heisenbug: Backend initialized community and sent event to state manager
    this.libp2pService.connectedPeers Map(2) {
      'QmQGGsPk8v1sy3oAwA2ecgb6JWk1XVzB8U7vsFB1dDfW3b' => 1711141285241,
      'QmTpNmixsfUSHBm3vWvvuTkgt2HdXc1sYiBRw4pMRn88GR' => 1711141398789
    }
    this.libp2pservice Libp2pService {
      _events: [Object: null prototype] {
        dialPeers: [AsyncFunction (anonymous)],
        peerConnected: [AsyncFunction (anonymous)],
        peerDisconnected: [AsyncFunction (anonymous)]
      },
      _eventsCount: 3,
      _maxListeners: undefined,
      serverIoProvider: {
        server: Server {
          maxHeaderSize: undefined,
          insecureHTTPParser: undefined,
          requestTimeout: 300000,
          headersTimeout: 60000,
          keepAliveTimeout: 5000,
          connectionsCheckingInterval: 30000,
          _events: [Object: null prototype],
          _eventsCount: 5,
          _maxListeners: undefined,
          _connections: 2,
          _handle: null,
          _usingWorkers: false,
          _workers: [],
          _unref: false,
          allowHalfOpen: true,
          pauseOnConnect: false,
          noDelay: true,
          keepAlive: false,
          keepAliveInitialDelay: 0,
          httpAllowHalfOpen: false,
          timeout: 0,
          maxHeadersCount: null,
          maxRequestsPerSocket: 0,
          _connectionKey: '4:127.0.0.1:62737',
          [Symbol(IncomingMessage)]: [Function: IncomingMessage],
          [Symbol(ServerResponse)]: [Function: ServerResponse],
          [Symbol(kCapture)]: false,
          [Symbol(async_id_symbol)]: 61,
          [Symbol(http.server.connections)]: ConnectionsList {},
          [Symbol(http.server.connectionsCheckingInterval)]: Timeout {
            _idleTimeout: -1,
            _idlePrev: null,
            _idleNext: null,
            _idleStart: 330637,
            _onTimeout: null,
            _timerArgs: undefined,
            _repeat: 30000,
            _destroyed: true,
            [Symbol(refed)]: false,
            [Symbol(kHasPrimitive)]: false,
            [Symbol(asyncId)]: 48,
            [Symbol(triggerId)]: 0
          },
          [Symbol(kUniqueHeaders)]: null
        },
        io: Server {
          _events: [Object: null prototype] {},
          _eventsCount: 0,
          _maxListeners: undefined,
          _nsps: [Map],
          parentNsps: Map(0) {},
          _path: '/socket.io',
          clientPathRegex: /^\/socket\.io\/socket\.io(\.msgpack|\.esm)?(\.min)?\.js(\.map)?(?:\?|$)/,
          _connectTimeout: 45000,
          _serveClient: true,
          _parser: [Object],
          encoder: [Encoder],
          opts: [Object],
          _adapter: [class Adapter extends EventEmitter],
          sockets: [Namespace],
          eio: [Server],
          httpServer: [Server],
          engine: [Server],
          [Symbol(kCapture)]: false
        }
      },
      socksProxyAgent: HttpsProxyAgent {
        _events: [Object: null prototype] {},
        _eventsCount: 0,
        _maxListeners: undefined,
        timeout: null,
        maxFreeSockets: 1,
        maxSockets: 1,
        maxTotalSockets: Infinity,
        sockets: {},
        freeSockets: {},
        requests: {},
        options: {},
        secureProxy: false,
        proxy: { port: 62741, host: '127.0.0.1' },
        promisifiedCallback: [Function: callback],
        [Symbol(kCapture)]: false
      },
      processInChunksService: ProcessInChunksService {
        _events: [Object: null prototype] {},
        _eventsCount: 0,
        _maxListeners: undefined,
        logger: [Function: debug] {
          namespace: 'backend:ProcessInChunksService',
          useColors: false,
          color: 203,
          extend: [Function: extend],
          destroy: [Function: deprecated],
          enabled: [Getter/Setter],
          inspectOpts: {},
          error: [Function],
          diff: 0,
          prev: 1711141293347,
          curr: 1711141293347
        },
        data: [],
        processItem: [AsyncFunction (anonymous)],
        chunkSize: 10,
        [Symbol(kCapture)]: false
      },
      connectedPeers: Map(2) {
        'QmQGGsPk8v1sy3oAwA2ecgb6JWk1XVzB8U7vsFB1dDfW3b' => 1711141285241,
        'QmTpNmixsfUSHBm3vWvvuTkgt2HdXc1sYiBRw4pMRn88GR' => 1711141398789
      },
      dialedPeers: Set(3) {
        '/dns4/2otwjrsx3pcf6dvjheol6v2xcui6n6qn4rfkipe2oh3vyibizir46did.onion/tcp/80/ws/p2p/QmTpNmixsfUSHBm3vWvvuTkgt2HdXc1sYiBRw4pMRn88GR',
        '/dns4/ilym2eypty5gmasrpwv5tn25ihl6zwbu7t3yis7i3ao3pjdemtw5p2ad.onion/tcp/80/ws/p2p/QmZLW6y5m8broYutG4og2ymXRZUDcxVhdgHhiKYKhquUNp',
        '/dns4/e576krgv3x7hxejwyfb4vfiyxwlmgf6u2q64anggbwsnnrpec3ubfoid.onion/tcp/80/ws/p2p/QmQGGsPk8v1sy3oAwA2ecgb6JWk1XVzB8U7vsFB1dDfW3b'
      },
      logger: [Function: debug] {
        namespace: 'backend:Libp2pService',
        useColors: false,
        color: 38,
        extend: [Function: extend],
        destroy: [Function: deprecated],
        enabled: [Getter/Setter],
        inspectOpts: {},
        error: [Function: debug] {
          namespace: 'backend:Libp2pService:err',
          useColors: false,
          color: 179,
          extend: [Function: extend],
          destroy: [Function: deprecated],
          enabled: [Getter/Setter],
          inspectOpts: {}
        },
        diff: 0,
        prev: 1711141398789,
        curr: 1711141398789
      },
      dialPeer: [AsyncFunction (anonymous)],
      createLibp2pAddress: [Function (anonymous)],
      createLibp2pListenAddress: [Function (anonymous)],
      libp2pInstance: Libp2pNode {},
      [Symbol(kCapture)]: false
    }
[2m[22m
[2m      [2mat Socket.<anonymous> ([22m[2msrc/utils.ts[2m:149:15)[22m[2m[22m
  [2mconsole.log[22m
    [e2e_4cc1hr73df40]: 2024-03-22T21:04:10.610Z backend:CertificatesStore All certificates: 3
    2024-03-22T21:04:10.610Z backend:CertificatesStore Valid certificates: 3
[2m[22m
[2m      [2mat Socket.<anonymous> ([22m[2msrc/utils.ts[2m:159:15)[22m[2m[22m
  [2mconsole.log[22m
    [e2e_4cc1hr73df40]: 2024-03-22T21:04:10.610Z backend:StorageService Getting all channels
[2m[22m
[2m      [2mat Socket.<anonymous> ([22m[2msrc/utils.ts[2m:159:15)[22m[2m[22m
  [2mconsole.log[22m
    [e2e_r4pg81niwrk]: 2024-03-22T21:04:10.692Z backend:Libp2pService Disconnecting peer: {"isTrusted":false,"detail":{"id":"4lo4pt1711141379726","remoteAddr":"/dns4/ilym2eypty5gmasrpwv5tn25ihl6zwbu7t3yis7i3ao3pjdemtw5p2ad.onion/tcp/80/ws/p2p/QmZLW6y5m8broYutG4og2ymXRZUDcxVhdgHhiKYKhquUNp","remotePeer":"QmZLW6y5m8broYutG4og2ymXRZUDcxVhdgHhiKYKhquUNp","stat":{"status":"CLOSED","direction":"outbound","timeline":{"open":1711141376512,"upgraded":1711141379726,"close":1711141450692},"multiplexer":"/mplex/6.7.0","encryption":"/noise"},"tags":[],"_closing":false}}
    2024-03-22T21:04:10.692Z backend:Libp2pService QmTpNmixsfUSHBm3vWvvuTkgt2HdXc1sYiBRw4pMRn88GR disconnected from QmZLW6y5m8broYutG4og2ymXRZUDcxVhdgHhiKYKhquUNp
[2m[22m
[2m      [2mat Socket.<anonymous> ([22m[2msrc/utils.ts[2m:159:15)[22m[2m[22m
  [2mconsole.log[22m
    [e2e_r4pg81niwrk]: 2024-03-22T21:04:10.692Z backend:Libp2pService QmTpNmixsfUSHBm3vWvvuTkgt2HdXc1sYiBRw4pMRn88GR has 1 open connections
    2024-03-22T21:04:10.692Z backend:Libp2pService QmTpNmixsfUSHBm3vWvvuTkgt2HdXc1sYiBRw4pMRn88GR is now connected to 1 peers
    2024-03-22T21:04:10.692Z backend:Libp2pService Emitting peerDisconnected event with payload {"peer":"QmZLW6y5m8broYutG4og2ymXRZUDcxVhdgHhiKYKhquUNp","connectionDuration":52392,"lastSeen":1711141450692}
[2m[22m
[2m      [2mat Socket.<anonymous> ([22m[2msrc/utils.ts[2m:159:15)[22m[2m[22m
  [2mconsole.log[22m
    [e2e_4cc1hr73df40]: 2024-03-22T21:04:11.109Z backend:libp2p:websockets:socket timeout closing stream to 2otwjrsx3pcf6dvjheol6v2xcui6n6qn4rfkipe2oh3vyibizir46did.onion:80 after 2001ms, destroying it manually
[2m[22m
[2m      [2mat Socket.<anonymous> ([22m[2msrc/utils.ts[2m:159:15)[22m[2m[22m
  [2mconsole.log[22m
    [e2e_4cc1hr73df40]: 2024-03-22T21:04:11.110Z backend:libp2p:websockets:socket timeout closing stream to 2otwjrsx3pcf6dvjheol6v2xcui6n6qn4rfkipe2oh3vyibizir46did.onion:80 after 2003ms, destroying it manually
[2m[22m
[2m      [2mat Socket.<anonymous> ([22m[2msrc/utils.ts[2m:159:15)[22m[2m[22m
  [2mconsole.log[22m
    [e2e_4cc1hr73df40]: 2024-03-22T21:04:11.113Z backend:ConnectionsManagerService Closing socket server
[2m[22m
[2m      [2mat Socket.<anonymous> ([22m[2msrc/utils.ts[2m:159:15)[22m[2m[22m
  [2mconsole.log[22m
    [e2e_4cc1hr73df40]: 2024-03-22T21:04:11.113Z backend:ConnectionsManagerService Closing local storage
    2024-03-22T21:04:11.113Z backend:LocalDbService Closing leveldb
    2024-03-22T21:04:11.114Z backend:ConnectionsManagerService Stopping libp2p
    2024-03-22T21:04:11.114Z backend:Libp2pService Closing libp2p service
[2m[22m
[2m      [2mat Socket.<anonymous> ([22m[2msrc/utils.ts[2m:159:15)[22m[2m[22m
  [2mconsole.log[22m
    [e2e_4cc1hr73df40]: 2024-03-22T21:04:11.114Z backend:ConnectionsManagerService Purging community data
    2024-03-22T21:04:11.116Z backend:test Removing /Users/isla/Library/Application Support/e2e_4cc1hr73df40/Quiet/Ipfs
[2m[22m
[2m      [2mat Socket.<anonymous> ([22m[2msrc/utils.ts[2m:159:15)[22m[2m[22m
  [2mconsole.log[22m
    [e2e_4cc1hr73df40]: 2024-03-22T21:04:11.131Z backend:test Removing /Users/isla/Library/Application Support/e2e_4cc1hr73df40/Quiet/Local Storage
[2m[22m
[2m      [2mat Socket.<anonymous> ([22m[2msrc/utils.ts[2m:159:15)[22m[2m[22m
  [2mconsole.log[22m
    [e2e_4cc1hr73df40]: 2024-03-22T21:04:11.132Z backend:test Removing /Users/isla/Library/Application Support/e2e_4cc1hr73df40/Quiet/OrbitDB
[2m[22m
[2m      [2mat Socket.<anonymous> ([22m[2msrc/utils.ts[2m:159:15)[22m[2m[22m
  [2mconsole.log[22m
    [e2e_4cc1hr73df40]: 2024-03-22T21:04:11.133Z backend:test Removing /Users/isla/Library/Application Support/e2e_4cc1hr73df40/Quiet/backendDB
[2m[22m
[2m      [2mat Socket.<anonymous> ([22m[2msrc/utils.ts[2m:159:15)[22m[2m[22m
  [2mconsole.log[22m
    [e2e_4cc1hr73df40]: (node:18336) [DEP0147] DeprecationWarning: In future versions of Node.js, fs.rmdir(path, { recursive: true }) will be removed. Use fs.rm(path, { recursive: true }) instead
[2m[22m
[2m      [2mat Socket.<anonymous> ([22m[2msrc/utils.ts[2m:159:15)[22m[2m[22m
  [2mconsole.log[22m
    [e2e_4cc1hr73df40]: 2024-03-22T21:04:11.136Z backend:LocalDbService Opening leveldb
[2m[22m
[2m      [2mat Socket.<anonymous> ([22m[2msrc/utils.ts[2m:159:15)[22m[2m[22m
  [2mconsole.log[22m
    [e2e_4cc1hr73df40]: 2024-03-22T21:04:11.137Z backend:SocketService Data server running on port 62737
[2m[22m
[2m      [2mat Socket.<anonymous> ([22m[2msrc/utils.ts[2m:159:15)[22m[2m[22m
  [2mconsole.log[22m
    [e2e_4cc1hr73df40]: 2024-03-22T21:04:11.921Z backend:SocketService socket connection
    2024-03-22T21:04:11.921Z backend:SocketService init: connection
    2024-03-22T21:04:11.921Z backend:SocketService init: connection
[2m[22m
[2m      [2mat Socket.<anonymous> ([22m[2msrc/utils.ts[2m:159:15)[22m[2m[22m
  [2mconsole.log[22m
    [e2e_4cc1hr73df40]: No authorization header
[2m[22m
[2m      [2mat Socket.<anonymous> ([22m[2msrc/utils.ts[2m:159:15)[22m[2m[22m
  [2mconsole.log[22m
    [e2e_r4pg81niwrk]: 2024-03-22T21:04:12.212Z backend:StorageService progress 1/1. Address: /orbitdb/zdpuAwb6VYYuRHZoaPQ96LhoBXZpV9xMdPECr6SEaa1fehxr3/channels.mid-night-club_d88344f05a5fce146b0d7cb89807a538
[2m[22m
[2m      [2mat Socket.<anonymous> ([22m[2msrc/utils.ts[2m:159:15)[22m[2m[22m
  [2mconsole.log[22m
    [e2e_r4pg81niwrk]: 2024-03-22T21:04:12.216Z backend:StorageService Replicated. /orbitdb/zdpuAwb6VYYuRHZoaPQ96LhoBXZpV9xMdPECr6SEaa1fehxr3/channels.mid-night-club_d88344f05a5fce146b0d7cb89807a538
[2m[22m
[2m      [2mat Socket.<anonymous> ([22m[2msrc/utils.ts[2m:159:15)[22m[2m[22m
  [2mconsole.log[22m
    [e2e_6q0pv39bdzw0]: 2024-03-22T21:04:12.489Z backend:libp2p:websockets connect ilym2eypty5gmasrpwv5tn25ihl6zwbu7t3yis7i3ao3pjdemtw5p2ad.onion:80
[2m[22m
[2m      [2mat Socket.<anonymous> ([22m[2msrc/utils.ts[2m:159:15)[22m[2m[22m
  [2mconsole.log[22m
    [e2e_6q0pv39bdzw0]: 2024-03-22T21:04:13.666Z backend:libp2p:websockets:err connection error: Unexpected server response: 500
[2m[22m
[2m      [2mat Socket.<anonymous> ([22m[2msrc/utils.ts[2m:159:15)[22m[2m[22m
  [2mconsole.log[22m
    [e2e_6q0pv39bdzw0]: 2024-03-22T21:04:13.666Z backend:libp2p:websockets:err error connecting to /dns4/ilym2eypty5gmasrpwv5tn25ihl6zwbu7t3yis7i3ao3pjdemtw5p2ad.onion/tcp/80/ws/p2p/QmZLW6y5m8broYutG4og2ymXRZUDcxVhdgHhiKYKhquUNp. Details: Unexpected server response: 500
[2m[22m
[2m      [2mat Socket.<anonymous> ([22m[2msrc/utils.ts[2m:159:15)[22m[2m[22m
  [2mconsole.log[22m
    [e2e_r4pg81niwrk]: 2024-03-22T21:04:15.543Z backend:libp2p:websockets connect ilym2eypty5gmasrpwv5tn25ihl6zwbu7t3yis7i3ao3pjdemtw5p2ad.onion:80
[2m[22m
[2m      [2mat Socket.<anonymous> ([22m[2msrc/utils.ts[2m:159:15)[22m[2m[22m
  [2mconsole.log[22m
    [e2e_r4pg81niwrk]: 2024-03-22T21:04:16.333Z backend:libp2p:websockets:err connection error: Unexpected server response: 500
[2m[22m
[2m      [2mat Socket.<anonymous> ([22m[2msrc/utils.ts[2m:159:15)[22m[2m[22m
  [2mconsole.log[22m
    [e2e_r4pg81niwrk]: 2024-03-22T21:04:16.333Z backend:libp2p:websockets:err error connecting to /dns4/ilym2eypty5gmasrpwv5tn25ihl6zwbu7t3yis7i3ao3pjdemtw5p2ad.onion/tcp/80/ws/p2p/QmZLW6y5m8broYutG4og2ymXRZUDcxVhdgHhiKYKhquUNp. Details: Unexpected server response: 500
[2m[22m
[2m      [2mat Socket.<anonymous> ([22m[2msrc/utils.ts[2m:159:15)[22m[2m[22m
  [2mconsole.log[22m
    [e2e_r4pg81niwrk]: 2024-03-22T21:04:20.234Z backend:SocketService Awaiting readyness before emitting:  deleteChannel
[2m[22m
[2m      [2mat Socket.<anonymous> ([22m[2msrc/utils.ts[2m:159:15)[22m[2m[22m
  [2mconsole.log[22m
    stdout:
    deleting channel storage {
      channelId: 'general_a7c50e5f6bb71a5bfe45107c2f1c0f08',
      ownerPeerId: 'QmTpNmixsfUSHBm3vWvvuTkgt2HdXc1sYiBRw4pMRn88GR'
    }
[2m[22m
[2m      [2mat Socket.<anonymous> ([22m[2msrc/utils.ts[2m:149:15)[22m[2m[22m
  [2mconsole.log[22m
    [e2e_r4pg81niwrk]: 2024-03-22T21:04:20.243Z backend:StorageService WRITE: Channels
[2m[22m
[2m      [2mat Socket.<anonymous> ([22m[2msrc/utils.ts[2m:159:15)[22m[2m[22m
  [2mconsole.log[22m
    [e2e_r4pg81niwrk]: 2024-03-22T21:04:20.250Z backend:SocketService Awaiting readyness before emitting:  deleteFilesFromChannel
[2m[22m
[2m      [2mat Socket.<anonymous> ([22m[2msrc/utils.ts[2m:159:15)[22m[2m[22m
  [2mconsole.log[22m
    [e2e_r4pg81niwrk]: 2024-03-22T21:04:20.260Z backend:SocketService Awaiting readyness before emitting:  createChannel
[2m[22m
[2m      [2mat Socket.<anonymous> ([22m[2msrc/utils.ts[2m:159:15)[22m[2m[22m
  [2mconsole.log[22m
    [e2e_r4pg81niwrk]: 2024-03-22T21:04:20.260Z backend:StorageService Creating channel general_03eeb30c6ed119cffff68b3656894df0
[2m[22m
[2m      [2mat Socket.<anonymous> ([22m[2msrc/utils.ts[2m:159:15)[22m[2m[22m
  [2mconsole.log[22m
    [e2e_r4pg81niwrk]: 2024-03-22T21:04:20.268Z backend:StorageService Found existing channel: undefined
[2m[22m
[2m      [2mat Socket.<anonymous> ([22m[2msrc/utils.ts[2m:159:15)[22m[2m[22m
  [2mconsole.log[22m
    [e2e_r4pg81niwrk]: 2024-03-22T21:04:20.274Z backend:StorageService WRITE: Channels
[2m[22m
[2m      [2mat Socket.<anonymous> ([22m[2msrc/utils.ts[2m:159:15)[22m[2m[22m
  [2mconsole.log[22m
    [e2e_r4pg81niwrk]: 2024-03-22T21:04:20.274Z backend:StorageService Set general_03eeb30c6ed119cffff68b3656894df0 to local channels
[2m[22m
[2m      [2mat Socket.<anonymous> ([22m[2msrc/utils.ts[2m:159:15)[22m[2m[22m
  [2mconsole.log[22m
    [e2e_r4pg81niwrk]: 2024-03-22T21:04:20.275Z backend:StorageService Created channel general_03eeb30c6ed119cffff68b3656894df0
[2m[22m
[2m      [2mat Socket.<anonymous> ([22m[2msrc/utils.ts[2m:159:15)[22m[2m[22m
  [2mconsole.log[22m
    [e2e_r4pg81niwrk]: 2024-03-22T21:04:20.275Z backend:StorageService Pubsub - subscribe to /orbitdb/zdpuAwDRFnjKZXiPbDHznfkAHctoCerqiUFbVkg2PxjGfSSnu/channels.general_03eeb30c6ed119cffff68b3656894df0
    2024-03-22T21:04:20.275Z backend:StorageService Subscribing to channel  general_03eeb30c6ed119cffff68b3656894df0
    2024-03-22T21:04:20.275Z backend:StorageService Subscribed to channel general_03eeb30c6ed119cffff68b3656894df0
[2m[22m
[2m      [2mat Socket.<anonymous> ([22m[2msrc/utils.ts[2m:159:15)[22m[2m[22m
  [2mconsole.log[22m
    [e2e_r4pg81niwrk]: 2024-03-22T21:04:20.288Z backend:SocketService Awaiting readyness before emitting:  sendMessage
[2m[22m
[2m      [2mat Socket.<anonymous> ([22m[2msrc/utils.ts[2m:159:15)[22m[2m[22m
  [2mconsole.log[22m
    [e2e_r4pg81niwrk]: 2024-03-22T21:04:20.296Z backend:StorageService Writing to public channel db general_03eeb30c6ed119cffff68b3656894df0
[2m[22m
[2m      [2mat Socket.<anonymous> ([22m[2msrc/utils.ts[2m:159:15)[22m[2m[22m
  [2mconsole.log[22m
    [e2e_6q0pv39bdzw0]: 2024-03-22T21:04:20.619Z backend:StorageService REPLICATED: Channels
[2m[22m
[2m      [2mat Socket.<anonymous> ([22m[2msrc/utils.ts[2m:159:15)[22m[2m[22m
  [2mconsole.log[22m
    [e2e_6q0pv39bdzw0]: 2024-03-22T21:04:20.622Z backend:StorageService Subscribed to channel mid-night-club_d88344f05a5fce146b0d7cb89807a538
[2m[22m
[2m      [2mat Socket.<anonymous> ([22m[2msrc/utils.ts[2m:159:15)[22m[2m[22m
  [2mconsole.log[22m
    [e2e_6q0pv39bdzw0]: 2024-03-22T21:04:20.628Z backend:SocketService Awaiting readyness before emitting:  deleteChannel
[2m[22m
[2m      [2mat Socket.<anonymous> ([22m[2msrc/utils.ts[2m:159:15)[22m[2m[22m
  [2mconsole.log[22m
    stdout:
    deleting channel storage {
      channelId: 'general_a7c50e5f6bb71a5bfe45107c2f1c0f08',
      ownerPeerId: 'QmTpNmixsfUSHBm3vWvvuTkgt2HdXc1sYiBRw4pMRn88GR'
    }
[2m[22m
[2m      [2mat Socket.<anonymous> ([22m[2msrc/utils.ts[2m:149:15)[22m[2m[22m
  [2mconsole.log[22m
    [e2e_6q0pv39bdzw0]: 2024-03-22T21:04:20.640Z backend:SocketService Awaiting readyness before emitting:  deleteFilesFromChannel
[2m[22m
[2m      [2mat Socket.<anonymous> ([22m[2msrc/utils.ts[2m:159:15)[22m[2m[22m
  [2mconsole.log[22m
    [e2e_6q0pv39bdzw0]: 2024-03-22T21:04:20.763Z backend:StorageService REPLICATED: Channels
[2m[22m
[2m      [2mat Socket.<anonymous> ([22m[2msrc/utils.ts[2m:159:15)[22m[2m[22m
  [2mconsole.log[22m
    [e2e_6q0pv39bdzw0]: 2024-03-22T21:04:20.765Z backend:StorageService Subscribed to channel mid-night-club_d88344f05a5fce146b0d7cb89807a538
[2m[22m
[2m      [2mat Socket.<anonymous> ([22m[2msrc/utils.ts[2m:159:15)[22m[2m[22m
  [2mconsole.log[22m
    [e2e_6q0pv39bdzw0]: 2024-03-22T21:04:20.766Z backend:StorageService Creating channel general_03eeb30c6ed119cffff68b3656894df0
[2m[22m
[2m      [2mat Socket.<anonymous> ([22m[2msrc/utils.ts[2m:159:15)[22m[2m[22m
  [2mconsole.log[22m
    [e2e_6q0pv39bdzw0]: 2024-03-22T21:04:20.776Z backend:StorageService Found existing channel: {
      id: 'general_03eeb30c6ed119cffff68b3656894df0',
      name: 'general',
      owner: 'owner',
      timestamp: 1711141460251,
      description: 'Welcome to #general'
    }
    2024-03-22T21:04:20.776Z backend:StorageService Set general_03eeb30c6ed119cffff68b3656894df0 to local channels
[2m[22m
[2m      [2mat Socket.<anonymous> ([22m[2msrc/utils.ts[2m:159:15)[22m[2m[22m
  [2mconsole.log[22m
    [e2e_6q0pv39bdzw0]: 2024-03-22T21:04:20.777Z backend:StorageService Created channel general_03eeb30c6ed119cffff68b3656894df0
    2024-03-22T21:04:20.777Z backend:StorageService Pubsub - subscribe to /orbitdb/zdpuAwDRFnjKZXiPbDHznfkAHctoCerqiUFbVkg2PxjGfSSnu/channels.general_03eeb30c6ed119cffff68b3656894df0
    2024-03-22T21:04:20.777Z backend:StorageService Subscribing to channel  general_03eeb30c6ed119cffff68b3656894df0
[2m[22m
[2m      [2mat Socket.<anonymous> ([22m[2msrc/utils.ts[2m:159:15)[22m[2m[22m
  [2mconsole.log[22m
    [e2e_6q0pv39bdzw0]: 2024-03-22T21:04:20.778Z backend:StorageService Subscribed to channel general_03eeb30c6ed119cffff68b3656894df0
[2m[22m
[2m      [2mat Socket.<anonymous> ([22m[2msrc/utils.ts[2m:159:15)[22m[2m[22m
  [2mconsole.log[22m
    [e2e_6q0pv39bdzw0]: 2024-03-22T21:04:21.761Z backend:StorageService progress 1/1. Address: /orbitdb/zdpuAwDRFnjKZXiPbDHznfkAHctoCerqiUFbVkg2PxjGfSSnu/channels.general_03eeb30c6ed119cffff68b3656894df0
[2m[22m
[2m      [2mat Socket.<anonymous> ([22m[2msrc/utils.ts[2m:159:15)[22m[2m[22m
  [2mconsole.log[22m
    [e2e_6q0pv39bdzw0]: 2024-03-22T21:04:21.766Z backend:StorageService Replicated. /orbitdb/zdpuAwDRFnjKZXiPbDHznfkAHctoCerqiUFbVkg2PxjGfSSnu/channels.general_03eeb30c6ed119cffff68b3656894df0
[2m[22m
[2m      [2mat Socket.<anonymous> ([22m[2msrc/utils.ts[2m:159:15)[22m[2m[22m
  [2mconsole.log[22m
    [e2e_4cc1hr73df40]: 2024-03-22T21:04:21.799Z desktop:main:main Event: app.activate
[2m[22m
[2m      [2mat Socket.<anonymous> ([22m[2msrc/utils.ts[2m:159:15)[22m[2m[22m
  [2mconsole.log[22m
    [e2e_6q0pv39bdzw0]: 2024-03-22T21:04:22.927Z desktop:main:main Event: app.activate
[2m[22m
[2m      [2mat Socket.<anonymous> ([22m[2msrc/utils.ts[2m:159:15)[22m[2m[22m
  [2mconsole.log[22m
    [e2e_6q0pv39bdzw0]: [18634:0322/170422.963736:ERROR:latency_info.cc(93)] CompositorFrameSinkSupport::MaybeSubmitCompositorFrame, LatencyInfo vector size 405 is too big.
[2m[22m
[2m      [2mat Socket.<anonymous> ([22m[2msrc/utils.ts[2m:159:15)[22m[2m[22m
  [2mconsole.log[22m
    [e2e_r4pg81niwrk]: 2024-03-22T21:04:23.608Z desktop:main:main Event: app.activate
[2m[22m
[2m      [2mat Socket.<anonymous> ([22m[2msrc/utils.ts[2m:159:15)[22m[2m[22m
  [2mconsole.log[22m
    [e2e_6q0pv39bdzw0]: 2024-03-22T21:04:23.668Z backend:libp2p:websockets connect ilym2eypty5gmasrpwv5tn25ihl6zwbu7t3yis7i3ao3pjdemtw5p2ad.onion:80
[2m[22m
[2m      [2mat Socket.<anonymous> ([22m[2msrc/utils.ts[2m:159:15)[22m[2m[22m
  [2mconsole.log[22m
    [e2e_4cc1hr73df40]: 2024-03-22T21:04:24.454Z desktop:main:main Event: app.activate
[2m[22m
[2m      [2mat Socket.<anonymous> ([22m[2msrc/utils.ts[2m:159:15)[22m[2m[22m
  [2mconsole.log[22m
    [e2e_6q0pv39bdzw0]: 2024-03-22T21:04:25.294Z backend:libp2p:websockets:err connection error: Unexpected server response: 500
[2m[22m
[2m      [2mat Socket.<anonymous> ([22m[2msrc/utils.ts[2m:159:15)[22m[2m[22m
  [2mconsole.log[22m
    [e2e_6q0pv39bdzw0]: 2024-03-22T21:04:25.294Z backend:libp2p:websockets:err error connecting to /dns4/ilym2eypty5gmasrpwv5tn25ihl6zwbu7t3yis7i3ao3pjdemtw5p2ad.onion/tcp/80/ws/p2p/QmZLW6y5m8broYutG4og2ymXRZUDcxVhdgHhiKYKhquUNp. Details: Unexpected server response: 500
[2m[22m
[2m      [2mat Socket.<anonymous> ([22m[2msrc/utils.ts[2m:159:15)[22m[2m[22m
  [2mconsole.log[22m
    TEST 4
[2m[22m
[2m      [2mat Object.<anonymous> ([22m[2m[0m[36msrc/tests/multipleClients.test.ts[39m[0m[2m:471:17)[22m[2m[22m
  [2mconsole.log[22m
    Debug modal
[2m[22m
[2m      [2mat new DebugModeModal ([22m[2msrc/selectors.ts[2m:726:13)[22m[2m[22m
  [2mconsole.log[22m
    Closing debug modal
[2m[22m
[2m      [2mat DebugModeModal.close ([22m[2msrc/selectors.ts[2m:741:15)[22m[2m[22m
  [2mconsole.log[22m
    Debug modal title is displayed
[2m[22m
[2m      [2mat DebugModeModal.close ([22m[2msrc/selectors.ts[2m:743:15)[22m[2m[22m
  [2mconsole.log[22m
    Debug modal button is displayed
[2m[22m
[2m      [2mat DebugModeModal.close ([22m[2msrc/selectors.ts[2m:745:15)[22m[2m[22m
  [2mconsole.log[22m
    Button is displayed
[2m[22m
[2m      [2mat DebugModeModal.close ([22m[2msrc/selectors.ts[2m:752:13)[22m[2m[22m
  [2mconsole.log[22m
    Button click
[2m[22m
[2m      [2mat DebugModeModal.close ([22m[2msrc/selectors.ts[2m:754:13)[22m[2m[22m
  [2mconsole.log[22m
    Probably clicked hidden close button on debug modal
[2m[22m
[2m      [2mat DebugModeModal.close ([22m[2msrc/selectors.ts[2m:759:15)[22m[2m[22m
  [2mconsole.log[22m
    [e2e_r4pg81niwrk]: 2024-03-22T21:04:26.333Z backend:libp2p:websockets connect ilym2eypty5gmasrpwv5tn25ihl6zwbu7t3yis7i3ao3pjdemtw5p2ad.onion:80
[2m[22m
[2m      [2mat Socket.<anonymous> ([22m[2msrc/utils.ts[2m:159:15)[22m[2m[22m
  [2mconsole.log[22m
    [e2e_r4pg81niwrk]: 2024-03-22T21:04:27.160Z backend:libp2p:websockets:err connection error: Unexpected server response: 500
[2m[22m
[2m      [2mat Socket.<anonymous> ([22m[2msrc/utils.ts[2m:159:15)[22m[2m[22m
  [2mconsole.log[22m
    [e2e_r4pg81niwrk]: 2024-03-22T21:04:27.161Z backend:libp2p:websockets:err error connecting to /dns4/ilym2eypty5gmasrpwv5tn25ihl6zwbu7t3yis7i3ao3pjdemtw5p2ad.onion/tcp/80/ws/p2p/QmZLW6y5m8broYutG4og2ymXRZUDcxVhdgHhiKYKhquUNp. Details: Unexpected server response: 500
[2m[22m
[2m      [2mat Socket.<anonymous> ([22m[2msrc/utils.ts[2m:159:15)[22m[2m[22m
  [2mconsole.log[22m
    [e2e_4cc1hr73df40]: 2024-03-22T21:04:28.649Z backend:SocketService Creating network for community kej5kfg0h88qq7hm
[2m[22m
[2m      [2mat Socket.<anonymous> ([22m[2msrc/utils.ts[2m:159:15)[22m[2m[22m
  [2mconsole.log[22m
    [e2e_4cc1hr73df40]: 2024-03-22T21:04:28.649Z backend:ConnectionsManagerService socketService - createNetwork
    2024-03-22T21:04:28.649Z backend:TorControl Connecting to Tor, host: localhost port: 62740
[2m[22m
[2m      [2mat Socket.<anonymous> ([22m[2msrc/utils.ts[2m:159:15)[22m[2m[22m
  [2mconsole.log[22m
    [e2e_4cc1hr73df40]: 2024-03-22T21:04:28.650Z backend:Tor Mar 22 17:04:28.000 [notice] New control connection opened from 127.0.0.1.
[2m[22m
[2m      [2mat Socket.<anonymous> ([22m[2msrc/utils.ts[2m:159:15)[22m[2m[22m
  [2mconsole.log[22m
    [e2e_4cc1hr73df40]: 2024-03-22T21:04:28.650Z backend:TorControl Tor connected
[2m[22m
[2m      [2mat Socket.<anonymous> ([22m[2msrc/utils.ts[2m:159:15)[22m[2m[22m
  [2mconsole.log[22m
    [e2e_4cc1hr73df40]: 2024-03-22T21:04:28.650Z backend:TorControl Connecting to Tor, host: localhost port: 62740
[2m[22m
[2m      [2mat Socket.<anonymous> ([22m[2msrc/utils.ts[2m:159:15)[22m[2m[22m
  [2mconsole.log[22m
    [e2e_4cc1hr73df40]: 2024-03-22T21:04:28.651Z backend:Tor Mar 22 17:04:28.000 [notice] New control connection opened from 127.0.0.1.
[2m[22m
[2m      [2mat Socket.<anonymous> ([22m[2msrc/utils.ts[2m:159:15)[22m[2m[22m
  [2mconsole.log[22m
    [e2e_4cc1hr73df40]: 2024-03-22T21:04:28.651Z backend:TorControl Tor connected
[2m[22m
[2m      [2mat Socket.<anonymous> ([22m[2msrc/utils.ts[2m:159:15)[22m[2m[22m
  [2mconsole.log[22m
    [e2e_4cc1hr73df40]: 2024-03-22T21:04:28.728Z backend:ConnectionsManagerService Created network for peer bafzbeighgsqyjfa7evajzjqgrwlivw6cpa3hvrv5uvxxuo6zxs4btue5ya. Address: 74liumztsi4w4zbxwgapn3ok2vfcasxluj7djfgg6jzvufohfufnycad.onion
[2m[22m
[2m      [2mat Socket.<anonymous> ([22m[2msrc/utils.ts[2m:159:15)[22m[2m[22m
  [2mconsole.log[22m
    [e2e_4cc1hr73df40]: 2024-03-22T21:04:28.825Z desktop:main:main Event: app.activate
[2m[22m
[2m      [2mat Socket.<anonymous> ([22m[2msrc/utils.ts[2m:159:15)[22m[2m[22m
  [2mconsole.log[22m
    [e2e_4cc1hr73df40]: [18325:0322/170428.849047:ERROR:latency_info.cc(93)] CompositorFrameSinkSupport::MaybeSubmitCompositorFrame, LatencyInfo vector size 358 is too big.
[2m[22m
[2m      [2mat Socket.<anonymous> ([22m[2msrc/utils.ts[2m:159:15)[22m[2m[22m
  [2mconsole.log[22m
    TEST 5
[2m[22m
[2m      [2mat Object.<anonymous> ([22m[2m[0m[36msrc/tests/multipleClients.test.ts[39m[0m[2m:482:17)[22m[2m[22m
  [2mconsole.log[22m
    [e2e_4cc1hr73df40]: 2024-03-22T21:04:29.755Z backend:SocketService Launching community kej5kfg0h88qq7hm for QmbkGPV1UgPS7b8588HAomTijmojuKXjNYbMgZ6PgQtgsh
    2024-03-22T21:04:29.755Z backend:ConnectionsManagerService socketService - launchCommunity
[2m[22m
[2m      [2mat Socket.<anonymous> ([22m[2msrc/utils.ts[2m:159:15)[22m[2m[22m
  [2mconsole.log[22m
    [e2e_4cc1hr73df40]: 2024-03-22T21:04:29.755Z backend:ConnectionsManagerService Launching community: peers: [
      '/dns4/ilym2eypty5gmasrpwv5tn25ihl6zwbu7t3yis7i3ao3pjdemtw5p2ad.onion/tcp/80/ws/p2p/QmZLW6y5m8broYutG4og2ymXRZUDcxVhdgHhiKYKhquUNp',
      '/dns4/2otwjrsx3pcf6dvjheol6v2xcui6n6qn4rfkipe2oh3vyibizir46did.onion/tcp/80/ws/p2p/QmTpNmixsfUSHBm3vWvvuTkgt2HdXc1sYiBRw4pMRn88GR'
    ]
    2024-03-22T21:04:29.756Z backend:LocalDbService Getting 'community' [Error: NotFound: ] {
      code: 'LEVEL_NOT_FOUND',
      notFound: true,
      status: 404
    }
    2024-03-22T21:04:29.756Z backend:ConnectionsManagerService Launching community: received Libp2p PSK
[2m[22m
[2m      [2mat Socket.<anonymous> ([22m[2msrc/utils.ts[2m:159:15)[22m[2m[22m
  [2mconsole.log[22m
    [e2e_4cc1hr73df40]: 2024-03-22T21:04:29.756Z backend:ConnectionsManagerService Creating network: received owner's OrbitDB identity
    2024-03-22T21:04:29.756Z backend:ConnectionsManagerService Launching community kej5kfg0h88qq7hm: peer: QmbkGPV1UgPS7b8588HAomTijmojuKXjNYbMgZ6PgQtgsh
    2024-03-22T21:04:29.756Z backend:ConnectionsManagerService Spawning hidden service for community kej5kfg0h88qq7hm, peer: QmbkGPV1UgPS7b8588HAomTijmojuKXjNYbMgZ6PgQtgsh
    2024-03-22T21:04:29.756Z backend:TorControl Connecting to Tor, host: localhost port: 62740
[2m[22m
[2m      [2mat Socket.<anonymous> ([22m[2msrc/utils.ts[2m:159:15)[22m[2m[22m
  [2mconsole.log[22m
    [e2e_4cc1hr73df40]: 2024-03-22T21:04:29.757Z backend:Tor Mar 22 17:04:29.000 [notice] New control connection opened from 127.0.0.1.
[2m[22m
[2m      [2mat Socket.<anonymous> ([22m[2msrc/utils.ts[2m:159:15)[22m[2m[22m
  [2mconsole.log[22m
    [e2e_4cc1hr73df40]: 2024-03-22T21:04:29.757Z backend:TorControl Tor connected
[2m[22m
[2m      [2mat Socket.<anonymous> ([22m[2msrc/utils.ts[2m:159:15)[22m[2m[22m
  [2mconsole.log[22m
    stdout:
    [32m[Nest] 18336  - [39m1711141469758 [32m    LOG[39m [38;5;3m[LazyModuleLoader] [39m[32mSocketModule dependencies initialized[39m
    [32m[Nest] 18336  - [39m1711141469758 [32m    LOG[39m [38;5;3m[LazyModuleLoader] [39m[32mLibp2pModule dependencies initialized[39m
[2m[22m
[2m      [2mat Socket.<anonymous> ([22m[2msrc/utils.ts[2m:149:15)[22m[2m[22m
  [2mconsole.log[22m
    [e2e_4cc1hr73df40]: 2024-03-22T21:04:29.761Z backend:ConnectionsManagerService Launching community kej5kfg0h88qq7hm: payload peers: /dns4/ilym2eypty5gmasrpwv5tn25ihl6zwbu7t3yis7i3ao3pjdemtw5p2ad.onion/tcp/80/ws/p2p/QmZLW6y5m8broYutG4og2ymXRZUDcxVhdgHhiKYKhquUNp,/dns4/2otwjrsx3pcf6dvjheol6v2xcui6n6qn4rfkipe2oh3vyibizir46did.onion/tcp/80/ws/p2p/QmTpNmixsfUSHBm3vWvvuTkgt2HdXc1sYiBRw4pMRn88GR
[2m[22m
[2m      [2mat Socket.<anonymous> ([22m[2msrc/utils.ts[2m:159:15)[22m[2m[22m
  [2mconsole.log[22m
    [e2e_4cc1hr73df40]: 2024-03-22T21:04:29.761Z backend:ConnectionsManagerService Launching community kej5kfg0h88qq7hm: retrieved Libp2p PSK
[2m[22m
[2m      [2mat Socket.<anonymous> ([22m[2msrc/utils.ts[2m:159:15)[22m[2m[22m
  [2mconsole.log[22m
    [e2e_4cc1hr73df40]: 2024-03-22T21:04:29.765Z backend:Libp2pService Local peerId: QmbkGPV1UgPS7b8588HAomTijmojuKXjNYbMgZ6PgQtgsh
[2m[22m
[2m      [2mat Socket.<anonymous> ([22m[2msrc/utils.ts[2m:159:15)[22m[2m[22m
  [2mconsole.log[22m
    [e2e_4cc1hr73df40]: 2024-03-22T21:04:29.765Z backend:Libp2pService Initializing libp2p for QmbkGPV1UgPS7b8588HAomTijmojuKXjNYbMgZ6PgQtgsh, bootstrapping with 2 peers
    2024-03-22T21:04:29.765Z backend:ProcessInChunksService Processing 2 items
    2024-03-22T21:04:29.765Z backend:Libp2pService Initialized libp2p for peer QmbkGPV1UgPS7b8588HAomTijmojuKXjNYbMgZ6PgQtgsh
    2024-03-22T21:04:29.765Z backend:StorageService Initializing storage
[2m[22m
[2m      [2mat Socket.<anonymous> ([22m[2msrc/utils.ts[2m:159:15)[22m[2m[22m
  [2mconsole.log[22m
    [e2e_4cc1hr73df40]: 2024-03-22T21:04:29.765Z backend:StorageService Initialized storage
[2m[22m
[2m      [2mat Socket.<anonymous> ([22m[2msrc/utils.ts[2m:159:15)[22m[2m[22m
  [2mconsole.log[22m
    stdout:
    creating paths in fn - utils
[2m[22m
[2m      [2mat Socket.<anonymous> ([22m[2msrc/utils.ts[2m:149:15)[22m[2m[22m
  [2mconsole.log[22m
    stdout:
    [32m[Nest] 18336  - [39m1711141469766 [32m    LOG[39m [38;5;3m[LazyModuleLoader] [39m[32mIpfsModule dependencies initialized[39m
[2m[22m
[2m      [2mat Socket.<anonymous> ([22m[2msrc/utils.ts[2m:149:15)[22m[2m[22m
  [2mconsole.log[22m
    [e2e_4cc1hr73df40]: 2024-03-22T21:04:29.766Z backend:libp2p:websockets connect ilym2eypty5gmasrpwv5tn25ihl6zwbu7t3yis7i3ao3pjdemtw5p2ad.onion:80
[2m[22m
[2m      [2mat Socket.<anonymous> ([22m[2msrc/utils.ts[2m:159:15)[22m[2m[22m
  [2mconsole.log[22m
    stdout:
    counter ipfs 2
[2m[22m
[2m      [2mat Socket.<anonymous> ([22m[2msrc/utils.ts[2m:149:15)[22m[2m[22m
  [2mconsole.log[22m
    [e2e_4cc1hr73df40]: 2024-03-22T21:04:29.768Z backend:libp2p:websockets connect 2otwjrsx3pcf6dvjheol6v2xcui6n6qn4rfkipe2oh3vyibizir46did.onion:80
[2m[22m
[2m      [2mat Socket.<anonymous> ([22m[2msrc/utils.ts[2m:159:15)[22m[2m[22m
  [2mconsole.log[22m
    stdout:
    [32m[Nest] 18336  - [39m1711141469768 [32m    LOG[39m [38;5;3m[LazyModuleLoader] [39m[32mSocketModule dependencies initialized[39m
    [32m[Nest] 18336  - [39m1711141469768 [32m    LOG[39m [38;5;3m[LazyModuleLoader] [39m[32mLibp2pModule dependencies initialized[39m
[2m[22m
[2m      [2mat Socket.<anonymous> ([22m[2msrc/utils.ts[2m:149:15)[22m[2m[22m
  [2mconsole.log[22m
    stdout:
    to get started, enter:
[2m[22m
[2m      [2mat Socket.<anonymous> ([22m[2msrc/utils.ts[2m:149:15)[22m[2m[22m
  [2mconsole.log[22m
    stdout:
    	jsipfs cat /ipfs/QmRaaUwTNfwgFZpeUy8qrZwrp2dY4kCKmmB5xEqvH3vtD1/readme
[2m[22m
[2m      [2mat Socket.<anonymous> ([22m[2msrc/utils.ts[2m:149:15)[22m[2m[22m
  [2mconsole.log[22m
    [e2e_4cc1hr73df40]: 2024-03-22T21:04:30.383Z backend:OrbitDb [create]:started
[2m[22m
[2m      [2mat Socket.<anonymous> ([22m[2msrc/utils.ts[2m:159:15)[22m[2m[22m
  [2mconsole.log[22m
    stdout:
    [32m[Nest] 18336  - [39m1711141470392 [32m    LOG[39m [38;5;3m[LazyModuleLoader] [39m[32mIpfsFileManagerModule dependencies initialized[39m
[2m[22m
[2m      [2mat Socket.<anonymous> ([22m[2msrc/utils.ts[2m:149:15)[22m[2m[22m
  [2mconsole.log[22m
    stdout:
    [32m[Nest] 18336  - [39m1711141470392 [32m    LOG[39m [38;5;3m[LazyModuleLoader] [39m[32mIpfsModule dependencies initialized[39m
[2m[22m
[2m      [2mat Socket.<anonymous> ([22m[2msrc/utils.ts[2m:149:15)[22m[2m[22m
  [2mconsole.log[22m
    [e2e_4cc1hr73df40]: 2024-03-22T21:04:30.392Z backend:StorageService 1/3
    2024-03-22T21:04:30.392Z backend:StorageService 2/3
    2024-03-22T21:04:30.392Z backend:CommunityMetadataStore Initializing community metadata key/value store
[2m[22m
[2m      [2mat Socket.<anonymous> ([22m[2msrc/utils.ts[2m:159:15)[22m[2m[22m
  [2mconsole.log[22m
    [e2e_4cc1hr73df40]: 2024-03-22T21:04:30.409Z backend:CommunityMetadataStore Loaded community metadata to memory
[2m[22m
[2m      [2mat Socket.<anonymous> ([22m[2msrc/utils.ts[2m:159:15)[22m[2m[22m
  [2mconsole.log[22m
    [e2e_4cc1hr73df40]: 2024-03-22T21:04:30.409Z backend:CertificatesStore Initializing certificates log store
[2m[22m
[2m      [2mat Socket.<anonymous> ([22m[2msrc/utils.ts[2m:159:15)[22m[2m[22m
  [2mconsole.log[22m
    [e2e_4cc1hr73df40]: 2024-03-22T21:04:30.427Z backend:CertificatesStore Loaded certificates to memory
[2m[22m
[2m      [2mat Socket.<anonymous> ([22m[2msrc/utils.ts[2m:159:15)[22m[2m[22m
  [2mconsole.log[22m
    [e2e_4cc1hr73df40]: 2024-03-22T21:04:30.427Z backend:CertificatesStore Initialized
    2024-03-22T21:04:30.427Z backend:CertificatesRequestsStore Initializing certificates requests store
[2m[22m
[2m      [2mat Socket.<anonymous> ([22m[2msrc/utils.ts[2m:159:15)[22m[2m[22m
  [2mconsole.log[22m
    [e2e_4cc1hr73df40]: 2024-03-22T21:04:30.446Z backend:CertificatesRequestsStore Initialized
[2m[22m
[2m      [2mat Socket.<anonymous> ([22m[2msrc/utils.ts[2m:159:15)[22m[2m[22m
  [2mconsole.log[22m
    [e2e_4cc1hr73df40]: 2024-03-22T21:04:30.446Z backend:UserProfileStore Initializing user profiles key/value store
[2m[22m
[2m      [2mat Socket.<anonymous> ([22m[2msrc/utils.ts[2m:159:15)[22m[2m[22m
  [2mconsole.log[22m
    [e2e_4cc1hr73df40]: 2024-03-22T21:04:30.467Z backend:UserProfileStore Loaded user profiles to memory
[2m[22m
[2m      [2mat Socket.<anonymous> ([22m[2msrc/utils.ts[2m:159:15)[22m[2m[22m
  [2mconsole.log[22m
    [e2e_4cc1hr73df40]: 2024-03-22T21:04:30.467Z backend:StorageService 3/3
    2024-03-22T21:04:30.467Z backend:StorageService createDbForChannels init
[2m[22m
[2m      [2mat Socket.<anonymous> ([22m[2msrc/utils.ts[2m:159:15)[22m[2m[22m
  [2mconsole.log[22m
    [e2e_4cc1hr73df40]: 2024-03-22T21:04:30.485Z backend:StorageService Channels count: 0
[2m[22m
[2m      [2mat Socket.<anonymous> ([22m[2msrc/utils.ts[2m:159:15)[22m[2m[22m
  [2mconsole.log[22m
    [e2e_4cc1hr73df40]: 2024-03-22T21:04:30.485Z backend:StorageService Channels names: []
    2024-03-22T21:04:30.485Z backend:StorageService STORAGE: Finished createDbForChannels
    2024-03-22T21:04:30.485Z backend:StorageService Initialized DBs
    2024-03-22T21:04:30.485Z backend:StorageService Starting IPFS
    2024-03-22T21:04:30.485Z backend:ConnectionsManagerService storage initialized
    2024-03-22T21:04:30.485Z backend:ConnectionsManagerService Launched community kej5kfg0h88qq7hm
[2m[22m
[2m      [2mat Socket.<anonymous> ([22m[2msrc/utils.ts[2m:159:15)[22m[2m[22m
  [2mconsole.log[22m
    stdout:
    Storage.initDatabases: 93.072ms
    Hunting for heisenbug: Backend initialized community and sent event to state manager
[2m[22m
[2m      [2mat Socket.<anonymous> ([22m[2msrc/utils.ts[2m:149:15)[22m[2m[22m
  [2mconsole.log[22m
    stdout:
    preparing listener
[2m[22m
[2m      [2mat Socket.<anonymous> ([22m[2msrc/utils.ts[2m:149:15)[22m[2m[22m
  [2mconsole.log[22m
    [e2e_4cc1hr73df40]: 2024-03-22T21:04:30.487Z backend:libp2p:websockets prepareListener
[2m[22m
[2m      [2mat Socket.<anonymous> ([22m[2msrc/utils.ts[2m:159:15)[22m[2m[22m
  [2mconsole.log[22m
    TEST 6
[2m[22m
[2m      [2mat Object.<anonymous> ([22m[2m[0m[36msrc/tests/multipleClients.test.ts[39m[0m[2m:493:17)[22m[2m[22m
  [2mconsole.time[22m
    [e2e_4cc1hr73df40] 'user-joining-1-1' joining community time: 1012 ms
[2m[22m
[2m      [2mat Object.<anonymous> ([22m[2m[0m[36msrc/tests/multipleClients.test.ts[39m[0m[2m:496:17)[22m[2m[22m
  [2mconsole.log[22m
    [e2e_4cc1hr73df40]: 2024-03-22T21:04:30.979Z backend:StorageService IPFS started
[2m[22m
[2m      [2mat Socket.<anonymous> ([22m[2msrc/utils.ts[2m:159:15)[22m[2m[22m
  [2mconsole.log[22m
    [e2e_4cc1hr73df40]: 2024-03-22T21:04:30.979Z backend:StorageService Pubsub - subscribe to /orbitdb/zdpuAubkQfjh7bUVJFvuCuNpkXc9LYF4NuPX7VS12e4ciy851/public-channels
    2024-03-22T21:04:30.979Z backend:StorageService Pubsub - subscribe to /orbitdb/zdpuAtjfjLokx2PW6UGrDQoB8VmEyq2i2endX4KuuD8efo7Vj/certificates
    2024-03-22T21:04:30.979Z backend:StorageService Pubsub - subscribe to /orbitdb/zdpuAq8czmPVqfV7B5fchXdFY11jVPNNymTnCJtvPDR1dCV3h/csrs
    2024-03-22T21:04:30.980Z backend:StorageService Pubsub - subscribe to /orbitdb/zdpuAtLG6WrE13SaXWmg52e1odsV3c97BPDQRudzzXFNqDoQD/community-metadata
    2024-03-22T21:04:30.980Z backend:StorageService Pubsub - subscribe to /orbitdb/zdpuAyScVHonV7KUdb3rdNmC9ZurssGdfgveYm3ds7KNJ6CpU/user-profiles
[2m[22m
[2m      [2mat Socket.<anonymous> ([22m[2msrc/utils.ts[2m:159:15)[22m[2m[22m
  [2mconsole.log[22m
    [e2e_r4pg81niwrk]: 2024-03-22T21:04:31.568Z backend:libp2p:websockets server connecting with /dns4/74liumztsi4w4zbxwgapn3ok2vfcasxluj7djfgg6jzvufohfufnycad.onion/tcp/80/ws/p2p/QmbkGPV1UgPS7b8588HAomTijmojuKXjNYbMgZ6PgQtgsh
[2m[22m
[2m      [2mat Socket.<anonymous> ([22m[2msrc/utils.ts[2m:159:15)[22m[2m[22m
  [2mconsole.log[22m
    [e2e_r4pg81niwrk]: 2024-03-22T21:04:31.568Z backend:libp2p:websockets new inbound connection /dns4/74liumztsi4w4zbxwgapn3ok2vfcasxluj7djfgg6jzvufohfufnycad.onion/tcp/80/ws/p2p/QmbkGPV1UgPS7b8588HAomTijmojuKXjNYbMgZ6PgQtgsh
[2m[22m
[2m      [2mat Socket.<anonymous> ([22m[2msrc/utils.ts[2m:159:15)[22m[2m[22m
  [2mconsole.log[22m
    [e2e_4cc1hr73df40]: 2024-03-22T21:04:32.022Z backend:libp2p:websockets /dns4/74liumztsi4w4zbxwgapn3ok2vfcasxluj7djfgg6jzvufohfufnycad.onion/tcp/80/ws/p2p/QmbkGPV1UgPS7b8588HAomTijmojuKXjNYbMgZ6PgQtgsh connected /dns4/2otwjrsx3pcf6dvjheol6v2xcui6n6qn4rfkipe2oh3vyibizir46did.onion/tcp/80/ws/p2p/QmTpNmixsfUSHBm3vWvvuTkgt2HdXc1sYiBRw4pMRn88GR
[2m[22m
[2m      [2mat Socket.<anonymous> ([22m[2msrc/utils.ts[2m:159:15)[22m[2m[22m
  [2mconsole.log[22m
    [e2e_4cc1hr73df40]: 2024-03-22T21:04:32.022Z backend:libp2p:websockets new outbound connection /dns4/2otwjrsx3pcf6dvjheol6v2xcui6n6qn4rfkipe2oh3vyibizir46did.onion/tcp/80/ws/p2p/QmTpNmixsfUSHBm3vWvvuTkgt2HdXc1sYiBRw4pMRn88GR
[2m[22m
[2m      [2mat Socket.<anonymous> ([22m[2msrc/utils.ts[2m:159:15)[22m[2m[22m
  [2mconsole.log[22m
    [e2e_4cc1hr73df40]: 2024-03-22T21:04:33.400Z backend:libp2p:websockets:err connection error: Unexpected server response: 500
[2m[22m
[2m      [2mat Socket.<anonymous> ([22m[2msrc/utils.ts[2m:159:15)[22m[2m[22m
  [2mconsole.log[22m
    [e2e_4cc1hr73df40]: 2024-03-22T21:04:33.400Z backend:libp2p:websockets:err error connecting to /dns4/ilym2eypty5gmasrpwv5tn25ihl6zwbu7t3yis7i3ao3pjdemtw5p2ad.onion/tcp/80/ws/p2p/QmZLW6y5m8broYutG4og2ymXRZUDcxVhdgHhiKYKhquUNp. Details: Unexpected server response: 500
    2024-03-22T21:04:33.400Z backend:ProcessInChunksService Processing /dns4/ilym2eypty5gmasrpwv5tn25ihl6zwbu7t3yis7i3ao3pjdemtw5p2ad.onion/tcp/80/ws/p2p/QmZLW6y5m8broYutG4og2ymXRZUDcxVhdgHhiKYKhquUNp failed, message: All promises were rejected
[2m[22m
[2m      [2mat Socket.<anonymous> ([22m[2msrc/utils.ts[2m:159:15)[22m[2m[22m
  [2mconsole.log[22m
    [e2e_6q0pv39bdzw0]: 2024-03-22T21:04:35.296Z backend:libp2p:websockets connect ilym2eypty5gmasrpwv5tn25ihl6zwbu7t3yis7i3ao3pjdemtw5p2ad.onion:80
[2m[22m
[2m      [2mat Socket.<anonymous> ([22m[2msrc/utils.ts[2m:159:15)[22m[2m[22m
  [2mconsole.log[22m
    [e2e_r4pg81niwrk]: 2024-03-22T21:04:36.767Z backend:libp2p:websockets inbound connection /dns4/74liumztsi4w4zbxwgapn3ok2vfcasxluj7djfgg6jzvufohfufnycad.onion/tcp/80/ws/p2p/QmbkGPV1UgPS7b8588HAomTijmojuKXjNYbMgZ6PgQtgsh upgraded
[2m[22m
[2m      [2mat Socket.<anonymous> ([22m[2msrc/utils.ts[2m:159:15)[22m[2m[22m
  [2mconsole.log[22m
    [e2e_r4pg81niwrk]: 2024-03-22T21:04:36.768Z backend:Libp2pService Connecting peer: {"isTrusted":false,"detail":{"id":"eh7v5j1711141476767","remoteAddr":"/dns4/74liumztsi4w4zbxwgapn3ok2vfcasxluj7djfgg6jzvufohfufnycad.onion/tcp/80/ws/p2p/QmbkGPV1UgPS7b8588HAomTijmojuKXjNYbMgZ6PgQtgsh","remotePeer":"QmbkGPV1UgPS7b8588HAomTijmojuKXjNYbMgZ6PgQtgsh","stat":{"status":"OPEN","direction":"inbound","timeline":{"open":1711141471568,"upgraded":1711141476767},"multiplexer":"/mplex/6.7.0","encryption":"/noise"},"tags":[],"_closing":false}}
    2024-03-22T21:04:36.768Z backend:Libp2pService QmTpNmixsfUSHBm3vWvvuTkgt2HdXc1sYiBRw4pMRn88GR connected to QmbkGPV1UgPS7b8588HAomTijmojuKXjNYbMgZ6PgQtgsh
    2024-03-22T21:04:36.768Z backend:Libp2pService QmTpNmixsfUSHBm3vWvvuTkgt2HdXc1sYiBRw4pMRn88GR is now connected to 2 peers
    2024-03-22T21:04:36.768Z backend:Libp2pService QmTpNmixsfUSHBm3vWvvuTkgt2HdXc1sYiBRw4pMRn88GR has 2 open connections
    2024-03-22T21:04:36.768Z backend:Libp2pService Emitting peerConnected event with payload {"peers":[{"peer":"QmbkGPV1UgPS7b8588HAomTijmojuKXjNYbMgZ6PgQtgsh","lastSeen":1711141476.768,"connectionDuration":0}]}
[2m[22m
[2m      [2mat Socket.<anonymous> ([22m[2msrc/utils.ts[2m:159:15)[22m[2m[22m
  [2mconsole.log[22m
    [e2e_6q0pv39bdzw0]: 2024-03-22T21:04:36.806Z backend:libp2p:websockets:err connection error: Unexpected server response: 500
[2m[22m
[2m      [2mat Socket.<anonymous> ([22m[2msrc/utils.ts[2m:159:15)[22m[2m[22m
  [2mconsole.log[22m
    [e2e_6q0pv39bdzw0]: 2024-03-22T21:04:36.806Z backend:libp2p:websockets:err error connecting to /dns4/ilym2eypty5gmasrpwv5tn25ihl6zwbu7t3yis7i3ao3pjdemtw5p2ad.onion/tcp/80/ws/p2p/QmZLW6y5m8broYutG4og2ymXRZUDcxVhdgHhiKYKhquUNp. Details: Unexpected server response: 500
[2m[22m
[2m      [2mat Socket.<anonymous> ([22m[2msrc/utils.ts[2m:159:15)[22m[2m[22m
  [2mconsole.log[22m
    [e2e_r4pg81niwrk]: 2024-03-22T21:04:37.162Z backend:libp2p:websockets connect ilym2eypty5gmasrpwv5tn25ihl6zwbu7t3yis7i3ao3pjdemtw5p2ad.onion:80
[2m[22m
[2m      [2mat Socket.<anonymous> ([22m[2msrc/utils.ts[2m:159:15)[22m[2m[22m
  [2mconsole.log[22m
    [e2e_4cc1hr73df40]: 2024-03-22T21:04:37.317Z backend:Libp2pService Connecting peer: {"isTrusted":false,"detail":{"id":"11dztk1711141477317","remoteAddr":"/dns4/2otwjrsx3pcf6dvjheol6v2xcui6n6qn4rfkipe2oh3vyibizir46did.onion/tcp/80/ws/p2p/QmTpNmixsfUSHBm3vWvvuTkgt2HdXc1sYiBRw4pMRn88GR","remotePeer":"QmTpNmixsfUSHBm3vWvvuTkgt2HdXc1sYiBRw4pMRn88GR","stat":{"status":"OPEN","direction":"outbound","timeline":{"open":1711141472022,"upgraded":1711141477317},"multiplexer":"/mplex/6.7.0","encryption":"/noise"},"tags":[],"_closing":false}}
    2024-03-22T21:04:37.318Z backend:Libp2pService QmbkGPV1UgPS7b8588HAomTijmojuKXjNYbMgZ6PgQtgsh connected to QmTpNmixsfUSHBm3vWvvuTkgt2HdXc1sYiBRw4pMRn88GR
[2m[22m
[2m      [2mat Socket.<anonymous> ([22m[2msrc/utils.ts[2m:159:15)[22m[2m[22m
  [2mconsole.log[22m
    [e2e_4cc1hr73df40]: 2024-03-22T21:04:37.318Z backend:Libp2pService QmbkGPV1UgPS7b8588HAomTijmojuKXjNYbMgZ6PgQtgsh is now connected to 1 peers
    2024-03-22T21:04:37.318Z backend:Libp2pService QmbkGPV1UgPS7b8588HAomTijmojuKXjNYbMgZ6PgQtgsh has 1 open connections
    2024-03-22T21:04:37.318Z backend:Libp2pService Emitting peerConnected event with payload {"peers":[{"peer":"QmTpNmixsfUSHBm3vWvvuTkgt2HdXc1sYiBRw4pMRn88GR","lastSeen":1711141477.318,"connectionDuration":0}]}
    2024-03-22T21:04:37.318Z backend:libp2p:websockets outbound connection /dns4/2otwjrsx3pcf6dvjheol6v2xcui6n6qn4rfkipe2oh3vyibizir46did.onion/tcp/80/ws/p2p/QmTpNmixsfUSHBm3vWvvuTkgt2HdXc1sYiBRw4pMRn88GR upgraded
[2m[22m
[2m      [2mat Socket.<anonymous> ([22m[2msrc/utils.ts[2m:159:15)[22m[2m[22m
  [2mconsole.log[22m
    [e2e_4cc1hr73df40]: 2024-03-22T21:04:37.320Z backend:LocalDbService Getting 'peers' [Error: NotFound: ] {
      code: 'LEVEL_NOT_FOUND',
      notFound: true,
      status: 404
    }
[2m[22m
[2m      [2mat Socket.<anonymous> ([22m[2msrc/utils.ts[2m:159:15)[22m[2m[22m
  [2mconsole.log[22m
    [e2e_4cc1hr73df40]: 2024-03-22T21:04:37.320Z backend:LocalDbService Getting 'peers' [Error: NotFound: ] {
      code: 'LEVEL_NOT_FOUND',
      notFound: true,
      status: 404
    }
[2m[22m
[2m      [2mat Socket.<anonymous> ([22m[2msrc/utils.ts[2m:159:15)[22m[2m[22m
  [2mconsole.log[22m
    [e2e_r4pg81niwrk]: 2024-03-22T21:04:40.494Z backend:libp2p:websockets:err connection error: Unexpected server response: 500
[2m[22m
[2m      [2mat Socket.<anonymous> ([22m[2msrc/utils.ts[2m:159:15)[22m[2m[22m
  [2mconsole.log[22m
    [e2e_r4pg81niwrk]: 2024-03-22T21:04:40.495Z backend:libp2p:websockets:err error connecting to /dns4/ilym2eypty5gmasrpwv5tn25ihl6zwbu7t3yis7i3ao3pjdemtw5p2ad.onion/tcp/80/ws/p2p/QmZLW6y5m8broYutG4og2ymXRZUDcxVhdgHhiKYKhquUNp. Details: Unexpected server response: 500
[2m[22m
[2m      [2mat Socket.<anonymous> ([22m[2msrc/utils.ts[2m:159:15)[22m[2m[22m
  [2mconsole.log[22m
    Waiting for user "owner" message "@owner deleted all messages in #general"
[2m[22m
[2m      [2mat Channel.waitForUserMessage ([22m[2msrc/selectors.ts[2m:342:13)[22m[2m[22m
  [2mconsole.log[22m
    [e2e_4cc1hr73df40]: 2024-03-22T21:04:42.509Z backend:CommunityMetadataStore Replicated community metadata
[2m[22m
[2m      [2mat Socket.<anonymous> ([22m[2msrc/utils.ts[2m:159:15)[22m[2m[22m
  [2mconsole.log[22m
    [e2e_4cc1hr73df40]: 2024-03-22T21:04:42.511Z backend:ConnectionsManagerService Storage - communityMetadataStored: [object Object]
[2m[22m
[2m      [2mat Socket.<anonymous> ([22m[2msrc/utils.ts[2m:159:15)[22m[2m[22m
  [2mconsole.log[22m
    [e2e_4cc1hr73df40]: 2024-03-22T21:04:42.512Z backend:ConnectionsManagerService Storage - communityMetadataStored: [object Object]
    2024-03-22T21:04:42.512Z backend:CertificatesStore Loaded certificates to memory
    2024-03-22T21:04:42.512Z backend:CertificatesStore All certificates: 0
    2024-03-22T21:04:42.512Z backend:CertificatesStore Valid certificates: 0
    2024-03-22T21:04:42.512Z backend:ConnectionsManagerService Storage - certificatesStored
    2024-03-22T21:04:42.512Z backend:StorageService csrs count: 0
[2m[22m
[2m      [2mat Socket.<anonymous> ([22m[2msrc/utils.ts[2m:159:15)[22m[2m[22m
  [2mconsole.log[22m
    [e2e_4cc1hr73df40]: 2024-03-22T21:04:42.512Z backend:ConnectionsManagerService Storage - certificatesStored
    2024-03-22T21:04:42.512Z backend:StorageService csrs count: 0
    2024-03-22T21:04:42.512Z backend:CertificatesStore Loaded certificates to memory
    2024-03-22T21:04:42.512Z backend:CertificatesStore All certificates: 0
    2024-03-22T21:04:42.512Z backend:CertificatesStore Valid certificates: 0
    2024-03-22T21:04:42.512Z backend:ConnectionsManagerService Storage - certificatesStored
    2024-03-22T21:04:42.512Z backend:StorageService csrs count: 0
    2024-03-22T21:04:42.512Z backend:ConnectionsManagerService Storage - certificatesStored
    2024-03-22T21:04:42.512Z backend:StorageService csrs count: 0
[2m[22m
[2m      [2mat Socket.<anonymous> ([22m[2msrc/utils.ts[2m:159:15)[22m[2m[22m
  [2mconsole.log[22m
    stdout:
    updatePeersList, peers count: 0
    updatePeersList, peers count: 0
    updatePeersList, peers count: 0
    updatePeersList, peers count: 0
[2m[22m
[2m      [2mat Socket.<anonymous> ([22m[2msrc/utils.ts[2m:149:15)[22m[2m[22m
  [2mconsole.log[22m
    [e2e_4cc1hr73df40]: 2024-03-22T21:04:42.512Z backend:LocalDbService Local peer /dns4/74liumztsi4w4zbxwgapn3ok2vfcasxluj7djfgg6jzvufohfufnycad.onion/tcp/80/ws/p2p/QmbkGPV1UgPS7b8588HAomTijmojuKXjNYbMgZ6PgQtgsh
    2024-03-22T21:04:42.512Z backend:LocalDbService Local peer /dns4/74liumztsi4w4zbxwgapn3ok2vfcasxluj7djfgg6jzvufohfufnycad.onion/tcp/80/ws/p2p/QmbkGPV1UgPS7b8588HAomTijmojuKXjNYbMgZ6PgQtgsh
    2024-03-22T21:04:42.512Z backend:LocalDbService Local peer /dns4/74liumztsi4w4zbxwgapn3ok2vfcasxluj7djfgg6jzvufohfufnycad.onion/tcp/80/ws/p2p/QmbkGPV1UgPS7b8588HAomTijmojuKXjNYbMgZ6PgQtgsh
    2024-03-22T21:04:42.512Z backend:LocalDbService Local peer /dns4/74liumztsi4w4zbxwgapn3ok2vfcasxluj7djfgg6jzvufohfufnycad.onion/tcp/80/ws/p2p/QmbkGPV1UgPS7b8588HAomTijmojuKXjNYbMgZ6PgQtgsh
[2m[22m
[2m      [2mat Socket.<anonymous> ([22m[2msrc/utils.ts[2m:159:15)[22m[2m[22m
  [2mconsole.log[22m
    [e2e_4cc1hr73df40]: 2024-03-22T21:04:45.834Z backend:StorageService REPLICATED: Channels
[2m[22m
[2m      [2mat Socket.<anonymous> ([22m[2msrc/utils.ts[2m:159:15)[22m[2m[22m
  [2mconsole.log[22m
    [e2e_4cc1hr73df40]: 2024-03-22T21:04:45.838Z backend:StorageService Creating channel general_03eeb30c6ed119cffff68b3656894df0
[2m[22m
[2m      [2mat Socket.<anonymous> ([22m[2msrc/utils.ts[2m:159:15)[22m[2m[22m
  [2mconsole.log[22m
    [e2e_4cc1hr73df40]: 2024-03-22T21:04:45.838Z backend:StorageService Creating channel mid-night-club_d88344f05a5fce146b0d7cb89807a538
[2m[22m
[2m      [2mat Socket.<anonymous> ([22m[2msrc/utils.ts[2m:159:15)[22m[2m[22m
  [2mconsole.log[22m
    [e2e_4cc1hr73df40]: 2024-03-22T21:04:45.843Z backend:SocketService Awaiting readyness before emitting:  deleteChannel
[2m[22m
[2m      [2mat Socket.<anonymous> ([22m[2msrc/utils.ts[2m:159:15)[22m[2m[22m
  [2mconsole.log[22m
    stdout:
    deleting channel storage {
      channelId: 'general_a7c50e5f6bb71a5bfe45107c2f1c0f08',
      ownerPeerId: 'QmTpNmixsfUSHBm3vWvvuTkgt2HdXc1sYiBRw4pMRn88GR'
    }
[2m[22m
[2m      [2mat Socket.<anonymous> ([22m[2msrc/utils.ts[2m:149:15)[22m[2m[22m
  [2mconsole.log[22m
    [e2e_4cc1hr73df40]: 2024-03-22T21:04:45.866Z backend:StorageService Found existing channel: {
      id: 'mid-night-club_d88344f05a5fce146b0d7cb89807a538',
      name: 'mid-night-club',
      owner: 'user-joining-1',
      timestamp: 1711141445724,
      description: 'Welcome to #mid-night-club'
    }
[2m[22m
[2m      [2mat Socket.<anonymous> ([22m[2msrc/utils.ts[2m:159:15)[22m[2m[22m
  [2mconsole.log[22m
    [e2e_4cc1hr73df40]: 2024-03-22T21:04:45.866Z backend:StorageService Set mid-night-club_d88344f05a5fce146b0d7cb89807a538 to local channels
    2024-03-22T21:04:45.867Z backend:StorageService Created channel mid-night-club_d88344f05a5fce146b0d7cb89807a538
    2024-03-22T21:04:45.867Z backend:StorageService Pubsub - subscribe to /orbitdb/zdpuAwb6VYYuRHZoaPQ96LhoBXZpV9xMdPECr6SEaa1fehxr3/channels.mid-night-club_d88344f05a5fce146b0d7cb89807a538
    2024-03-22T21:04:45.867Z backend:StorageService Subscribing to channel  mid-night-club_d88344f05a5fce146b0d7cb89807a538
[2m[22m
[2m      [2mat Socket.<anonymous> ([22m[2msrc/utils.ts[2m:159:15)[22m[2m[22m
  [2mconsole.log[22m
    [e2e_4cc1hr73df40]: 2024-03-22T21:04:45.868Z backend:StorageService Subscribed to channel mid-night-club_d88344f05a5fce146b0d7cb89807a538
[2m[22m
[2m      [2mat Socket.<anonymous> ([22m[2msrc/utils.ts[2m:159:15)[22m[2m[22m
  [2mconsole.log[22m
    [e2e_4cc1hr73df40]: 2024-03-22T21:04:45.869Z backend:StorageService Found existing channel: {
      id: 'general_03eeb30c6ed119cffff68b3656894df0',
      name: 'general',
      owner: 'owner',
      timestamp: 1711141460251,
      description: 'Welcome to #general'
    }
    2024-03-22T21:04:45.869Z backend:StorageService Set general_03eeb30c6ed119cffff68b3656894df0 to local channels
[2m[22m
[2m      [2mat Socket.<anonymous> ([22m[2msrc/utils.ts[2m:159:15)[22m[2m[22m
  [2mconsole.log[22m
    [e2e_4cc1hr73df40]: 2024-03-22T21:04:45.870Z backend:SocketService Awaiting readyness before emitting:  deleteFilesFromChannel
[2m[22m
[2m      [2mat Socket.<anonymous> ([22m[2msrc/utils.ts[2m:159:15)[22m[2m[22m
  [2mconsole.log[22m
    [e2e_4cc1hr73df40]: 2024-03-22T21:04:45.872Z backend:StorageService Subscribed to channel general_03eeb30c6ed119cffff68b3656894df0
[2m[22m
[2m      [2mat Socket.<anonymous> ([22m[2msrc/utils.ts[2m:159:15)[22m[2m[22m
  [2mconsole.log[22m
    [e2e_4cc1hr73df40]: 2024-03-22T21:04:46.223Z backend:CertificatesRequestsStore Replicated CSRs
[2m[22m
[2m      [2mat Socket.<anonymous> ([22m[2msrc/utils.ts[2m:159:15)[22m[2m[22m
  [2mconsole.log[22m
    [e2e_4cc1hr73df40]: 2024-03-22T21:04:46.223Z backend:CertificatesStore REPLICATED: Certificates
[2m[22m
[2m      [2mat Socket.<anonymous> ([22m[2msrc/utils.ts[2m:159:15)[22m[2m[22m
  [2mconsole.log[22m
    [e2e_4cc1hr73df40]: 2024-03-22T21:04:46.225Z backend:CertificatesRequestsStore DuplicatedCertBug {
      allEntries: [
        'MIIDIjCCAscCAQAwSTFHMEUGA1UEAxM+Mm90d2pyc3gzcGNmNmR2amhlb2w2djJ4Y3VpNm42cW40cmZraXBlMm9oM3Z5aWJpemlyNDZkaWQub25pb24wWTATBgcqhkjOPQIBBggqhkjOPQMBBwNCAASAyz/RAv61EQ7fSy3WbndIpaX9zi+r2BPNsF7eh2TyzlNUIqZ+ZGBrDPOP4ea+lYwAGYc0obSJgwiFRataRarIoIICGjAuBgkqhkiG9w0BCQ4xITAfMB0GA1UdDgQWBBRAQ+c+nMaAWHjxud5tJL3peqMp1zCCAUcGCSqGSIb3DQEJDDGCATgEggE0FVgLbFaN+gKO4Aqfjs/gNPtz+V9vgnwmOEuIipHYSyEyiZL7PmRutx07890ws44SwLYEKDBavLKfF1aSa1MOLps/bMWW2DDOngTVGyaWufh8OaBzxGIL3815BZLJF9VTgEuyJbOq3+XLZMj2fdEjXHTRvYURKZtc/O7FHYG5mOc7QTwkXd9jQ8tMYZ85wWJdR3ZLGWYfnrrplQTdkAq9H7DEH4OTypJSYjvhMBrDAZeFOe1nHVkJU14sO2x1rc9X1GQMYmLC4WxLcwdcyUh1aXOEev3VprQRQjaFznk0UHK33rn1q16YE5zc+3hhF03FOGSos8DMyQy3o10/p1fOI9oVSkFpKlx5OyZXz1uG6Utmt8htptEr4rE4jm9y6+r5DXm5nIjSZIbNgXh9boxyX7KvOkkwFQYKKwYBBAGDjBsCATEHEwVvd25lcjA9BgkrBgECAQ8DAQExMBMuUW1UcE5taXhzZlVTSEJtM3ZXdnZ1VGtndDJIZFhjMXNZaUJSdzRwTVJuODhHUjBHBgNVHRExQBM+Mm90d2pyc3gzcGNmNmR2amhlb2w2djJ4Y3VpNm42cW40cmZraXBlMm9oM3Z5aWJpemlyNDZkaWQub25pb24wCgYIKoZIzj0EAwIDSQAwRgIhAOK6Uac+lomfbGsOpT+M1/mZLNGmQ6uPXE4blwkpyla2AiEApkT1IJjfMgcYl613arLQ4nUrieyCoz8W8U+EWt1HhGM=',
        'MIIDKjCCAtACAQAwSTFHMEUGA1UEAxM+aWx5bTJleXB0eTVnbWFzcnB3djV0bjI1aWhsNnp3YnU3dDN5aXM3aTNhbzNwamRlbXR3NXAyYWQub25pb24wWTATBgcqhkjOPQIBBggqhkjOPQMBBwNCAASAc6Q7kSitT6fyLxEFZGkuuzNa9jtKyJR7X+dlJEEmw5Lt9tZZh33x2EjtrubvNXQ6o2Ok0bbirf38mNxlDpvYoIICIzAuBgkqhkiG9w0BCQ4xITAfMB0GA1UdDgQWBBSq+CkgQPuUKSTjGI+UdK61eLe3xzCCAUcGCSqGSIb3DQEJDDGCATgEggE0LxHEGHtvKSiDcFtzFUkCL4n71xN5ZfTPdAbFO34bUN1lRH9B8vVRIllPt7t78Us1jAQc0SbkZj/lmZdb/FlgjytUXwQCyU/4P+/XWsScrvD5iOkhipLZ9OBC6Z+Kxr8gHijlP8E/2VEDWp2TEI4y4PalusR0aiEkMK9G+aFPenTi6/7oUDZa5ePoBlSn4dtDiMkb9WT9fTv4W033G1PhszK8SEV7gM0ZlHyrt9vsThXW46jW1UhJfUZfQ4IzUAHZyfKlhux2mG3PIshCDI3fVIIu72b1YKV7ixkY39G8cq3B8pjCk7wLpVop7Bz8Ke9lf0qRL/cTsBcRYv5pH1B8L16tCHA/ZnYupxd++5vygxoK/F96rU5YuNpG2Xc4YhfW7/7u/CRECz1pIinU7Eanm0OPKUIwHgYKKwYBBAGDjBsCATEQEw51c2VyLWpvaW5pbmctMTA9BgkrBgECAQ8DAQExMBMuUW1aTFc2eTVtOGJyb1l1dEc0b2cyeW1YUlpVRGN4VmhkZ0hoaUtZS2hxdVVOcDBHBgNVHRExQBM+aWx5bTJleXB0eTVnbWFzcnB3djV0bjI1aWhsNnp3YnU3dDN5aXM3aTNhbzNwamRlbXR3NXAyYWQub25pb24wCgYIKoZIzj0EAwIDSAAwRQIhAJclKaxQLhPy8NHDIbipEmjrVtOqp7aXhzB9Wu8r3T/LAiB7+RGRT1sFjUy5Wk+IZTZ7I3xf1gi+PN9FCRngURsyyA==',
        'MIIDKjCCAtACAQAwSTFHMEUGA1UEAxM+ZTU3NmtyZ3YzeDdoeGVqd3lmYjR2Zml5eHdsbWdmNnUycTY0YW5nZ2J3c25ucnBlYzN1YmZvaWQub25pb24wWTATBgcqhkjOPQIBBggqhkjOPQMBBwNCAATnIhoeFv4HceoeOzC6x/n9E2zNgU18QQpohtiQIYs9qZtdpgQjOOHh98Nb0c6ix4Tf+Y5yBphKqhBZHTx/c60+oIICIzAuBgkqhkiG9w0BCQ4xITAfMB0GA1UdDgQWBBRPXKXKd+B8grn50ArRUFGbIm6h4jCCAUcGCSqGSIb3DQEJDDGCATgEggE0D9hxS1q2dIOXzWjJAaB3Q4YeSP8hPt9hx8BAEIeRiNOl0vbCcXBFibDmk2Bpu+vGd0ABl6SCCSew/ClC8nuU3o+ae6cefNC19thDGRv3RdxkvOMmZndXCuML5gwmCXGIvwG/lc0W8Vv03FCDC2vbWSGo+njmtEaEQTsZwrCl/TRQeWHGiB2sCXkH/DXueXByPKBgRMDqGcpmV2IhOsTuHF/7Cx5KT70CBIYw/JzJ2QjptZXlUtTiQ/cm/bpk+iHUmrn5JT70rQ0JNypYWl6BVEXHpyEEKwEb+HfyuJfinyk8j/WS+1zRTOFmx3XudtVlg/HrqHtO846ab44fMYmIeuLz2yd5h6MBi2urphuABlFaUqd2LbUYK0G4xL2WG+Ai5fE9Sbh8ZmGws5HCWHpvGhOmTkkwHgYKKwYBBAGDjBsCATEQEw51c2VyLWpvaW5pbmctMTA9BgkrBgECAQ8DAQExMBMuUW1RR0dzUGs4djFzeTNvQXdBMmVjZ2I2SldrMVhWekI4VTd2c0ZCMWREZlczYjBHBgNVHRExQBM+ZTU3NmtyZ3YzeDdoeGVqd3lmYjR2Zml5eHdsbWdmNnUycTY0YW5nZ2J3c25ucnBlYzN1YmZvaWQub25pb24wCgYIKoZIzj0EAwIDSAAwRQIgag3Elvsz6Cfm3OGkt5j5BjTvItNqKyKd4FRzlDovpyYCIQCLRWqVmjQrYkMO4om3ktje5V8LLKfuCUzcT/eO+7T+ew==',
        'MIIDKTCCAtACAQAwSTFHMEUGA1UEAxM+ZTU3NmtyZ3YzeDdoeGVqd3lmYjR2Zml5eHdsbWdmNnUycTY0YW5nZ2J3c25ucnBlYzN1YmZvaWQub25pb24wWTATBgcqhkjOPQIBBggqhkjOPQMBBwNCAATnIhoeFv4HceoeOzC6x/n9E2zNgU18QQpohtiQIYs9qZtdpgQjOOHh98Nb0c6ix4Tf+Y5yBphKqhBZHTx/c60+oIICIzAuBgkqhkiG9w0BCQ4xITAfMB0GA1UdDgQWBBRPXKXKd+B8grn50ArRUFGbIm6h4jCCAUcGCSqGSIb3DQEJDDGCATgEggE0D9hxS1q2dIOXzWjJAaB3Q4YeSP8hPt9hx8BAEIeRiNOl0vbCcXBFibDmk2Bpu+vGd0ABl6SCCSew/ClC8nuU3o+ae6cefNC19thDGRv3RdxkvOMmZndXCuML5gwmCXGIvwG/lc0W8Vv03FCDC2vbWSGo+njmtEaEQTsZwrCl/TRQeWHGiB2sCXkH/DXueXByPKBgRMDqGcpmV2IhOsTuHF/7Cx5KT70CBIYw/JzJ2QjptZXlUtTiQ/cm/bpk+iHUmrn5JT70rQ0JNypYWl6BVEXHpyEEKwEb+HfyuJfinyk8j/WS+1zRTOFmx3XudtVlg/HrqHtO846ab44fMYmIeuLz2yd5h6MBi2urphuABlFaUqd2LbUYK0G4xL2WG+Ai5fE9Sbh8ZmGws5HCWHpvGhOmTkkwHgYKKwYBBAGDjBsCATEQEw51c2VyLWpvaW5pbmctMjA9BgkrBgECAQ8DAQExMBMuUW1RR0dzUGs4djFzeTNvQXdBMmVjZ2I2SldrMVhWekI4VTd2c0ZCMWREZlczYjBHBgNVHRExQBM+ZTU3NmtyZ3YzeDdoeGVqd3lmYjR2Zml5eHdsbWdmNnUycTY0YW5nZ2J3c25ucnBlYzN1YmZvaWQub25pb24wCgYIKoZIzj0EAwIDRwAwRAIgXQIcKPTyXTWAGWH4UiykpIBw/cO1T5rn5s08fTpXkYgCICCjjLNI3W4uZyyF0qHf0dmHG3turzM5SH19Qt/pAXwG'
      ]
    }
[2m[22m
[2m      [2mat Socket.<anonymous> ([22m[2msrc/utils.ts[2m:159:15)[22m[2m[22m
  [2mconsole.log[22m
    [e2e_4cc1hr73df40]: 2024-03-22T21:04:46.225Z backend:CertificatesRequestsStore DuplicatedCertBug {
      allCsrsUnique: [
        'MIIDIjCCAscCAQAwSTFHMEUGA1UEAxM+Mm90d2pyc3gzcGNmNmR2amhlb2w2djJ4Y3VpNm42cW40cmZraXBlMm9oM3Z5aWJpemlyNDZkaWQub25pb24wWTATBgcqhkjOPQIBBggqhkjOPQMBBwNCAASAyz/RAv61EQ7fSy3WbndIpaX9zi+r2BPNsF7eh2TyzlNUIqZ+ZGBrDPOP4ea+lYwAGYc0obSJgwiFRataRarIoIICGjAuBgkqhkiG9w0BCQ4xITAfMB0GA1UdDgQWBBRAQ+c+nMaAWHjxud5tJL3peqMp1zCCAUcGCSqGSIb3DQEJDDGCATgEggE0FVgLbFaN+gKO4Aqfjs/gNPtz+V9vgnwmOEuIipHYSyEyiZL7PmRutx07890ws44SwLYEKDBavLKfF1aSa1MOLps/bMWW2DDOngTVGyaWufh8OaBzxGIL3815BZLJF9VTgEuyJbOq3+XLZMj2fdEjXHTRvYURKZtc/O7FHYG5mOc7QTwkXd9jQ8tMYZ85wWJdR3ZLGWYfnrrplQTdkAq9H7DEH4OTypJSYjvhMBrDAZeFOe1nHVkJU14sO2x1rc9X1GQMYmLC4WxLcwdcyUh1aXOEev3VprQRQjaFznk0UHK33rn1q16YE5zc+3hhF03FOGSos8DMyQy3o10/p1fOI9oVSkFpKlx5OyZXz1uG6Utmt8htptEr4rE4jm9y6+r5DXm5nIjSZIbNgXh9boxyX7KvOkkwFQYKKwYBBAGDjBsCATEHEwVvd25lcjA9BgkrBgECAQ8DAQExMBMuUW1UcE5taXhzZlVTSEJtM3ZXdnZ1VGtndDJIZFhjMXNZaUJSdzRwTVJuODhHUjBHBgNVHRExQBM+Mm90d2pyc3gzcGNmNmR2amhlb2w2djJ4Y3VpNm42cW40cmZraXBlMm9oM3Z5aWJpemlyNDZkaWQub25pb24wCgYIKoZIzj0EAwIDSQAwRgIhAOK6Uac+lomfbGsOpT+M1/mZLNGmQ6uPXE4blwkpyla2AiEApkT1IJjfMgcYl613arLQ4nUrieyCoz8W8U+EWt1HhGM=',
        'MIIDKjCCAtACAQAwSTFHMEUGA1UEAxM+aWx5bTJleXB0eTVnbWFzcnB3djV0bjI1aWhsNnp3YnU3dDN5aXM3aTNhbzNwamRlbXR3NXAyYWQub25pb24wWTATBgcqhkjOPQIBBggqhkjOPQMBBwNCAASAc6Q7kSitT6fyLxEFZGkuuzNa9jtKyJR7X+dlJEEmw5Lt9tZZh33x2EjtrubvNXQ6o2Ok0bbirf38mNxlDpvYoIICIzAuBgkqhkiG9w0BCQ4xITAfMB0GA1UdDgQWBBSq+CkgQPuUKSTjGI+UdK61eLe3xzCCAUcGCSqGSIb3DQEJDDGCATgEggE0LxHEGHtvKSiDcFtzFUkCL4n71xN5ZfTPdAbFO34bUN1lRH9B8vVRIllPt7t78Us1jAQc0SbkZj/lmZdb/FlgjytUXwQCyU/4P+/XWsScrvD5iOkhipLZ9OBC6Z+Kxr8gHijlP8E/2VEDWp2TEI4y4PalusR0aiEkMK9G+aFPenTi6/7oUDZa5ePoBlSn4dtDiMkb9WT9fTv4W033G1PhszK8SEV7gM0ZlHyrt9vsThXW46jW1UhJfUZfQ4IzUAHZyfKlhux2mG3PIshCDI3fVIIu72b1YKV7ixkY39G8cq3B8pjCk7wLpVop7Bz8Ke9lf0qRL/cTsBcRYv5pH1B8L16tCHA/ZnYupxd++5vygxoK/F96rU5YuNpG2Xc4YhfW7/7u/CRECz1pIinU7Eanm0OPKUIwHgYKKwYBBAGDjBsCATEQEw51c2VyLWpvaW5pbmctMTA9BgkrBgECAQ8DAQExMBMuUW1aTFc2eTVtOGJyb1l1dEc0b2cyeW1YUlpVRGN4VmhkZ0hoaUtZS2hxdVVOcDBHBgNVHRExQBM+aWx5bTJleXB0eTVnbWFzcnB3djV0bjI1aWhsNnp3YnU3dDN5aXM3aTNhbzNwamRlbXR3NXAyYWQub25pb24wCgYIKoZIzj0EAwIDSAAwRQIhAJclKaxQLhPy8NHDIbipEmjrVtOqp7aXhzB9Wu8r3T/LAiB7+RGRT1sFjUy5Wk+IZTZ7I3xf1gi+PN9FCRngURsyyA==',
        'MIIDKjCCAtACAQAwSTFHMEUGA1UEAxM+ZTU3NmtyZ3YzeDdoeGVqd3lmYjR2Zml5eHdsbWdmNnUycTY0YW5nZ2J3c25ucnBlYzN1YmZvaWQub25pb24wWTATBgcqhkjOPQIBBggqhkjOPQMBBwNCAATnIhoeFv4HceoeOzC6x/n9E2zNgU18QQpohtiQIYs9qZtdpgQjOOHh98Nb0c6ix4Tf+Y5yBphKqhBZHTx/c60+oIICIzAuBgkqhkiG9w0BCQ4xITAfMB0GA1UdDgQWBBRPXKXKd+B8grn50ArRUFGbIm6h4jCCAUcGCSqGSIb3DQEJDDGCATgEggE0D9hxS1q2dIOXzWjJAaB3Q4YeSP8hPt9hx8BAEIeRiNOl0vbCcXBFibDmk2Bpu+vGd0ABl6SCCSew/ClC8nuU3o+ae6cefNC19thDGRv3RdxkvOMmZndXCuML5gwmCXGIvwG/lc0W8Vv03FCDC2vbWSGo+njmtEaEQTsZwrCl/TRQeWHGiB2sCXkH/DXueXByPKBgRMDqGcpmV2IhOsTuHF/7Cx5KT70CBIYw/JzJ2QjptZXlUtTiQ/cm/bpk+iHUmrn5JT70rQ0JNypYWl6BVEXHpyEEKwEb+HfyuJfinyk8j/WS+1zRTOFmx3XudtVlg/HrqHtO846ab44fMYmIeuLz2yd5h6MBi2urphuABlFaUqd2LbUYK0G4xL2WG+Ai5fE9Sbh8ZmGws5HCWHpvGhOmTkkwHgYKKwYBBAGDjBsCATEQEw51c2VyLWpvaW5pbmctMTA9BgkrBgECAQ8DAQExMBMuUW1RR0dzUGs4djFzeTNvQXdBMmVjZ2I2SldrMVhWekI4VTd2c0ZCMWREZlczYjBHBgNVHRExQBM+ZTU3NmtyZ3YzeDdoeGVqd3lmYjR2Zml5eHdsbWdmNnUycTY0YW5nZ2J3c25ucnBlYzN1YmZvaWQub25pb24wCgYIKoZIzj0EAwIDSAAwRQIgag3Elvsz6Cfm3OGkt5j5BjTvItNqKyKd4FRzlDovpyYCIQCLRWqVmjQrYkMO4om3ktje5V8LLKfuCUzcT/eO+7T+ew==',
        'MIIDKTCCAtACAQAwSTFHMEUGA1UEAxM+ZTU3NmtyZ3YzeDdoeGVqd3lmYjR2Zml5eHdsbWdmNnUycTY0YW5nZ2J3c25ucnBlYzN1YmZvaWQub25pb24wWTATBgcqhkjOPQIBBggqhkjOPQMBBwNCAATnIhoeFv4HceoeOzC6x/n9E2zNgU18QQpohtiQIYs9qZtdpgQjOOHh98Nb0c6ix4Tf+Y5yBphKqhBZHTx/c60+oIICIzAuBgkqhkiG9w0BCQ4xITAfMB0GA1UdDgQWBBRPXKXKd+B8grn50ArRUFGbIm6h4jCCAUcGCSqGSIb3DQEJDDGCATgEggE0D9hxS1q2dIOXzWjJAaB3Q4YeSP8hPt9hx8BAEIeRiNOl0vbCcXBFibDmk2Bpu+vGd0ABl6SCCSew/ClC8nuU3o+ae6cefNC19thDGRv3RdxkvOMmZndXCuML5gwmCXGIvwG/lc0W8Vv03FCDC2vbWSGo+njmtEaEQTsZwrCl/TRQeWHGiB2sCXkH/DXueXByPKBgRMDqGcpmV2IhOsTuHF/7Cx5KT70CBIYw/JzJ2QjptZXlUtTiQ/cm/bpk+iHUmrn5JT70rQ0JNypYWl6BVEXHpyEEKwEb+HfyuJfinyk8j/WS+1zRTOFmx3XudtVlg/HrqHtO846ab44fMYmIeuLz2yd5h6MBi2urphuABlFaUqd2LbUYK0G4xL2WG+Ai5fE9Sbh8ZmGws5HCWHpvGhOmTkkwHgYKKwYBBAGDjBsCATEQEw51c2VyLWpvaW5pbmctMjA9BgkrBgECAQ8DAQExMBMuUW1RR0dzUGs4djFzeTNvQXdBMmVjZ2I2SldrMVhWekI4VTd2c0ZCMWREZlczYjBHBgNVHRExQBM+ZTU3NmtyZ3YzeDdoeGVqd3lmYjR2Zml5eHdsbWdmNnUycTY0YW5nZ2J3c25ucnBlYzN1YmZvaWQub25pb24wCgYIKoZIzj0EAwIDRwAwRAIgXQIcKPTyXTWAGWH4UiykpIBw/cO1T5rn5s08fTpXkYgCICCjjLNI3W4uZyyF0qHf0dmHG3turzM5SH19Qt/pAXwG'
      ]
    }
[2m[22m
[2m      [2mat Socket.<anonymous> ([22m[2msrc/utils.ts[2m:159:15)[22m[2m[22m
  [2mconsole.log[22m
    [e2e_4cc1hr73df40]: 2024-03-22T21:04:46.233Z backend:CertificatesRequestsStore DuplicatedCertBug [...filteredCsrsMap.values()] [
      'MIIDIjCCAscCAQAwSTFHMEUGA1UEAxM+Mm90d2pyc3gzcGNmNmR2amhlb2w2djJ4Y3VpNm42cW40cmZraXBlMm9oM3Z5aWJpemlyNDZkaWQub25pb24wWTATBgcqhkjOPQIBBggqhkjOPQMBBwNCAASAyz/RAv61EQ7fSy3WbndIpaX9zi+r2BPNsF7eh2TyzlNUIqZ+ZGBrDPOP4ea+lYwAGYc0obSJgwiFRataRarIoIICGjAuBgkqhkiG9w0BCQ4xITAfMB0GA1UdDgQWBBRAQ+c+nMaAWHjxud5tJL3peqMp1zCCAUcGCSqGSIb3DQEJDDGCATgEggE0FVgLbFaN+gKO4Aqfjs/gNPtz+V9vgnwmOEuIipHYSyEyiZL7PmRutx07890ws44SwLYEKDBavLKfF1aSa1MOLps/bMWW2DDOngTVGyaWufh8OaBzxGIL3815BZLJF9VTgEuyJbOq3+XLZMj2fdEjXHTRvYURKZtc/O7FHYG5mOc7QTwkXd9jQ8tMYZ85wWJdR3ZLGWYfnrrplQTdkAq9H7DEH4OTypJSYjvhMBrDAZeFOe1nHVkJU14sO2x1rc9X1GQMYmLC4WxLcwdcyUh1aXOEev3VprQRQjaFznk0UHK33rn1q16YE5zc+3hhF03FOGSos8DMyQy3o10/p1fOI9oVSkFpKlx5OyZXz1uG6Utmt8htptEr4rE4jm9y6+r5DXm5nIjSZIbNgXh9boxyX7KvOkkwFQYKKwYBBAGDjBsCATEHEwVvd25lcjA9BgkrBgECAQ8DAQExMBMuUW1UcE5taXhzZlVTSEJtM3ZXdnZ1VGtndDJIZFhjMXNZaUJSdzRwTVJuODhHUjBHBgNVHRExQBM+Mm90d2pyc3gzcGNmNmR2amhlb2w2djJ4Y3VpNm42cW40cmZraXBlMm9oM3Z5aWJpemlyNDZkaWQub25pb24wCgYIKoZIzj0EAwIDSQAwRgIhAOK6Uac+lomfbGsOpT+M1/mZLNGmQ6uPXE4blwkpyla2AiEApkT1IJjfMgcYl613arLQ4nUrieyCoz8W8U+EWt1HhGM=',
      'MIIDKjCCAtACAQAwSTFHMEUGA1UEAxM+aWx5bTJleXB0eTVnbWFzcnB3djV0bjI1aWhsNnp3YnU3dDN5aXM3aTNhbzNwamRlbXR3NXAyYWQub25pb24wWTATBgcqhkjOPQIBBggqhkjOPQMBBwNCAASAc6Q7kSitT6fyLxEFZGkuuzNa9jtKyJR7X+dlJEEmw5Lt9tZZh33x2EjtrubvNXQ6o2Ok0bbirf38mNxlDpvYoIICIzAuBgkqhkiG9w0BCQ4xITAfMB0GA1UdDgQWBBSq+CkgQPuUKSTjGI+UdK61eLe3xzCCAUcGCSqGSIb3DQEJDDGCATgEggE0LxHEGHtvKSiDcFtzFUkCL4n71xN5ZfTPdAbFO34bUN1lRH9B8vVRIllPt7t78Us1jAQc0SbkZj/lmZdb/FlgjytUXwQCyU/4P+/XWsScrvD5iOkhipLZ9OBC6Z+Kxr8gHijlP8E/2VEDWp2TEI4y4PalusR0aiEkMK9G+aFPenTi6/7oUDZa5ePoBlSn4dtDiMkb9WT9fTv4W033G1PhszK8SEV7gM0ZlHyrt9vsThXW46jW1UhJfUZfQ4IzUAHZyfKlhux2mG3PIshCDI3fVIIu72b1YKV7ixkY39G8cq3B8pjCk7wLpVop7Bz8Ke9lf0qRL/cTsBcRYv5pH1B8L16tCHA/ZnYupxd++5vygxoK/F96rU5YuNpG2Xc4YhfW7/7u/CRECz1pIinU7Eanm0OPKUIwHgYKKwYBBAGDjBsCATEQEw51c2VyLWpvaW5pbmctMTA9BgkrBgECAQ8DAQExMBMuUW1aTFc2eTVtOGJyb1l1dEc0b2cyeW1YUlpVRGN4VmhkZ0hoaUtZS2hxdVVOcDBHBgNVHRExQBM+aWx5bTJleXB0eTVnbWFzcnB3djV0bjI1aWhsNnp3YnU3dDN5aXM3aTNhbzNwamRlbXR3NXAyYWQub25pb24wCgYIKoZIzj0EAwIDSAAwRQIhAJclKaxQLhPy8NHDIbipEmjrVtOqp7aXhzB9Wu8r3T/LAiB7+RGRT1sFjUy5Wk+IZTZ7I3xf1gi+PN9FCRngURsyyA==',
      'MIIDKTCCAtACAQAwSTFHMEUGA1UEAxM+ZTU3NmtyZ3YzeDdoeGVqd3lmYjR2Zml5eHdsbWdmNnUycTY0YW5nZ2J3c25ucnBlYzN1YmZvaWQub25pb24wWTATBgcqhkjOPQIBBggqhkjOPQMBBwNCAATnIhoeFv4HceoeOzC6x/n9E2zNgU18QQpohtiQIYs9qZtdpgQjOOHh98Nb0c6ix4Tf+Y5yBphKqhBZHTx/c60+oIICIzAuBgkqhkiG9w0BCQ4xITAfMB0GA1UdDgQWBBRPXKXKd+B8grn50ArRUFGbIm6h4jCCAUcGCSqGSIb3DQEJDDGCATgEggE0D9hxS1q2dIOXzWjJAaB3Q4YeSP8hPt9hx8BAEIeRiNOl0vbCcXBFibDmk2Bpu+vGd0ABl6SCCSew/ClC8nuU3o+ae6cefNC19thDGRv3RdxkvOMmZndXCuML5gwmCXGIvwG/lc0W8Vv03FCDC2vbWSGo+njmtEaEQTsZwrCl/TRQeWHGiB2sCXkH/DXueXByPKBgRMDqGcpmV2IhOsTuHF/7Cx5KT70CBIYw/JzJ2QjptZXlUtTiQ/cm/bpk+iHUmrn5JT70rQ0JNypYWl6BVEXHpyEEKwEb+HfyuJfinyk8j/WS+1zRTOFmx3XudtVlg/HrqHtO846ab44fMYmIeuLz2yd5h6MBi2urphuABlFaUqd2LbUYK0G4xL2WG+Ai5fE9Sbh8ZmGws5HCWHpvGhOmTkkwHgYKKwYBBAGDjBsCATEQEw51c2VyLWpvaW5pbmctMjA9BgkrBgECAQ8DAQExMBMuUW1RR0dzUGs4djFzeTNvQXdBMmVjZ2I2SldrMVhWekI4VTd2c0ZCMWREZlczYjBHBgNVHRExQBM+ZTU3NmtyZ3YzeDdoeGVqd3lmYjR2Zml5eHdsbWdmNnUycTY0YW5nZ2J3c25ucnBlYzN1YmZvaWQub25pb24wCgYIKoZIzj0EAwIDRwAwRAIgXQIcKPTyXTWAGWH4UiykpIBw/cO1T5rn5s08fTpXkYgCICCjjLNI3W4uZyyF0qHf0dmHG3turzM5SH19Qt/pAXwG'
    ]
[2m[22m
[2m      [2mat Socket.<anonymous> ([22m[2msrc/utils.ts[2m:159:15)[22m[2m[22m
  [2mconsole.log[22m
    [e2e_4cc1hr73df40]: 2024-03-22T21:04:46.233Z backend:ConnectionsManagerService Storage - csrsStored
[2m[22m
[2m      [2mat Socket.<anonymous> ([22m[2msrc/utils.ts[2m:159:15)[22m[2m[22m
  [2mconsole.log[22m
    [e2e_4cc1hr73df40]: 2024-03-22T21:04:46.235Z backend:StorageService csrs count: 4
[2m[22m
[2m      [2mat Socket.<anonymous> ([22m[2msrc/utils.ts[2m:159:15)[22m[2m[22m
  [2mconsole.log[22m
    stdout:
    updatePeersList, peers count: 4
[2m[22m
[2m      [2mat Socket.<anonymous> ([22m[2msrc/utils.ts[2m:149:15)[22m[2m[22m
  [2mconsole.log[22m
    [e2e_4cc1hr73df40]: 2024-03-22T21:04:46.237Z backend:ConnectionsManagerService Storage - csrsStored
[2m[22m
[2m      [2mat Socket.<anonymous> ([22m[2msrc/utils.ts[2m:159:15)[22m[2m[22m
  [2mconsole.log[22m
    [e2e_4cc1hr73df40]: 2024-03-22T21:04:46.239Z backend:StorageService csrs count: 4
[2m[22m
[2m      [2mat Socket.<anonymous> ([22m[2msrc/utils.ts[2m:159:15)[22m[2m[22m
  [2mconsole.log[22m
    stdout:
    updatePeersList, peers count: 4
[2m[22m
[2m      [2mat Socket.<anonymous> ([22m[2msrc/utils.ts[2m:149:15)[22m[2m[22m
  [2mconsole.log[22m
    [e2e_4cc1hr73df40]: 2024-03-22T21:04:46.241Z backend:Libp2pService Dialing 1 addresses
    2024-03-22T21:04:46.241Z backend:ProcessInChunksService Updating data with 1 items
    2024-03-22T21:04:46.241Z backend:ProcessInChunksService Processing 1 items
    2024-03-22T21:04:46.242Z backend:Libp2pService Dialing 0 addresses
    2024-03-22T21:04:46.242Z backend:ProcessInChunksService Updating data with 0 items
    2024-03-22T21:04:46.242Z backend:ProcessInChunksService Processing 0 items
[2m[22m
[2m      [2mat Socket.<anonymous> ([22m[2msrc/utils.ts[2m:159:15)[22m[2m[22m
  [2mconsole.log[22m
    [e2e_4cc1hr73df40]: 2024-03-22T21:04:46.242Z backend:RegistrationService Trying to issue certificates false [
      {
        csrs: [
          'MIIDIjCCAscCAQAwSTFHMEUGA1UEAxM+Mm90d2pyc3gzcGNmNmR2amhlb2w2djJ4Y3VpNm42cW40cmZraXBlMm9oM3Z5aWJpemlyNDZkaWQub25pb24wWTATBgcqhkjOPQIBBggqhkjOPQMBBwNCAASAyz/RAv61EQ7fSy3WbndIpaX9zi+r2BPNsF7eh2TyzlNUIqZ+ZGBrDPOP4ea+lYwAGYc0obSJgwiFRataRarIoIICGjAuBgkqhkiG9w0BCQ4xITAfMB0GA1UdDgQWBBRAQ+c+nMaAWHjxud5tJL3peqMp1zCCAUcGCSqGSIb3DQEJDDGCATgEggE0FVgLbFaN+gKO4Aqfjs/gNPtz+V9vgnwmOEuIipHYSyEyiZL7PmRutx07890ws44SwLYEKDBavLKfF1aSa1MOLps/bMWW2DDOngTVGyaWufh8OaBzxGIL3815BZLJF9VTgEuyJbOq3+XLZMj2fdEjXHTRvYURKZtc/O7FHYG5mOc7QTwkXd9jQ8tMYZ85wWJdR3ZLGWYfnrrplQTdkAq9H7DEH4OTypJSYjvhMBrDAZeFOe1nHVkJU14sO2x1rc9X1GQMYmLC4WxLcwdcyUh1aXOEev3VprQRQjaFznk0UHK33rn1q16YE5zc+3hhF03FOGSos8DMyQy3o10/p1fOI9oVSkFpKlx5OyZXz1uG6Utmt8htptEr4rE4jm9y6+r5DXm5nIjSZIbNgXh9boxyX7KvOkkwFQYKKwYBBAGDjBsCATEHEwVvd25lcjA9BgkrBgECAQ8DAQExMBMuUW1UcE5taXhzZlVTSEJtM3ZXdnZ1VGtndDJIZFhjMXNZaUJSdzRwTVJuODhHUjBHBgNVHRExQBM+Mm90d2pyc3gzcGNmNmR2amhlb2w2djJ4Y3VpNm42cW40cmZraXBlMm9oM3Z5aWJpemlyNDZkaWQub25pb24wCgYIKoZIzj0EAwIDSQAwRgIhAOK6Uac+lomfbGsOpT+M1/mZLNGmQ6uPXE4blwkpyla2AiEApkT1IJjfMgcYl613arLQ4nUrieyCoz8W8U+EWt1HhGM=',
          'MIIDKjCCAtACAQAwSTFHMEUGA1UEAxM+aWx5bTJleXB0eTVnbWFzcnB3djV0bjI1aWhsNnp3YnU3dDN5aXM3aTNhbzNwamRlbXR3NXAyYWQub25pb24wWTATBgcqhkjOPQIBBggqhkjOPQMBBwNCAASAc6Q7kSitT6fyLxEFZGkuuzNa9jtKyJR7X+dlJEEmw5Lt9tZZh33x2EjtrubvNXQ6o2Ok0bbirf38mNxlDpvYoIICIzAuBgkqhkiG9w0BCQ4xITAfMB0GA1UdDgQWBBSq+CkgQPuUKSTjGI+UdK61eLe3xzCCAUcGCSqGSIb3DQEJDDGCATgEggE0LxHEGHtvKSiDcFtzFUkCL4n71xN5ZfTPdAbFO34bUN1lRH9B8vVRIllPt7t78Us1jAQc0SbkZj/lmZdb/FlgjytUXwQCyU/4P+/XWsScrvD5iOkhipLZ9OBC6Z+Kxr8gHijlP8E/2VEDWp2TEI4y4PalusR0aiEkMK9G+aFPenTi6/7oUDZa5ePoBlSn4dtDiMkb9WT9fTv4W033G1PhszK8SEV7gM0ZlHyrt9vsThXW46jW1UhJfUZfQ4IzUAHZyfKlhux2mG3PIshCDI3fVIIu72b1YKV7ixkY39G8cq3B8pjCk7wLpVop7Bz8Ke9lf0qRL/cTsBcRYv5pH1B8L16tCHA/ZnYupxd++5vygxoK/F96rU5YuNpG2Xc4YhfW7/7u/CRECz1pIinU7Eanm0OPKUIwHgYKKwYBBAGDjBsCATEQEw51c2VyLWpvaW5pbmctMTA9BgkrBgECAQ8DAQExMBMuUW1aTFc2eTVtOGJyb1l1dEc0b2cyeW1YUlpVRGN4VmhkZ0hoaUtZS2hxdVVOcDBHBgNVHRExQBM+aWx5bTJleXB0eTVnbWFzcnB3djV0bjI1aWhsNnp3YnU3dDN5aXM3aTNhbzNwamRlbXR3NXAyYWQub25pb24wCgYIKoZIzj0EAwIDSAAwRQIhAJclKaxQLhPy8NHDIbipEmjrVtOqp7aXhzB9Wu8r3T/LAiB7+RGRT1sFjUy5Wk+IZTZ7I3xf1gi+PN9FCRngURsyyA==',
          'MIIDKTCCAtACAQAwSTFHMEUGA1UEAxM+ZTU3NmtyZ3YzeDdoeGVqd3lmYjR2Zml5eHdsbWdmNnUycTY0YW5nZ2J3c25ucnBlYzN1YmZvaWQub25pb24wWTATBgcqhkjOPQIBBggqhkjOPQMBBwNCAATnIhoeFv4HceoeOzC6x/n9E2zNgU18QQpohtiQIYs9qZtdpgQjOOHh98Nb0c6ix4Tf+Y5yBphKqhBZHTx/c60+oIICIzAuBgkqhkiG9w0BCQ4xITAfMB0GA1UdDgQWBBRPXKXKd+B8grn50ArRUFGbIm6h4jCCAUcGCSqGSIb3DQEJDDGCATgEggE0D9hxS1q2dIOXzWjJAaB3Q4YeSP8hPt9hx8BAEIeRiNOl0vbCcXBFibDmk2Bpu+vGd0ABl6SCCSew/ClC8nuU3o+ae6cefNC19thDGRv3RdxkvOMmZndXCuML5gwmCXGIvwG/lc0W8Vv03FCDC2vbWSGo+njmtEaEQTsZwrCl/TRQeWHGiB2sCXkH/DXueXByPKBgRMDqGcpmV2IhOsTuHF/7Cx5KT70CBIYw/JzJ2QjptZXlUtTiQ/cm/bpk+iHUmrn5JT70rQ0JNypYWl6BVEXHpyEEKwEb+HfyuJfinyk8j/WS+1zRTOFmx3XudtVlg/HrqHtO846ab44fMYmIeuLz2yd5h6MBi2urphuABlFaUqd2LbUYK0G4xL2WG+Ai5fE9Sbh8ZmGws5HCWHpvGhOmTkkwHgYKKwYBBAGDjBsCATEQEw51c2VyLWpvaW5pbmctMjA9BgkrBgECAQ8DAQExMBMuUW1RR0dzUGs4djFzeTNvQXdBMmVjZ2I2SldrMVhWekI4VTd2c0ZCMWREZlczYjBHBgNVHRExQBM+ZTU3NmtyZ3YzeDdoeGVqd3lmYjR2Zml5eHdsbWdmNnUycTY0YW5nZ2J3c25ucnBlYzN1YmZvaWQub25pb24wCgYIKoZIzj0EAwIDRwAwRAIgXQIcKPTyXTWAGWH4UiykpIBw/cO1T5rn5s08fTpXkYgCICCjjLNI3W4uZyyF0qHf0dmHG3turzM5SH19Qt/pAXwG'
        ]
      }
    ]
[2m[22m
[2m      [2mat Socket.<anonymous> ([22m[2msrc/utils.ts[2m:159:15)[22m[2m[22m
  [2mconsole.log[22m
    [e2e_4cc1hr73df40]: 2024-03-22T21:04:46.242Z backend:RegistrationService Issuing certificates {
      csrs: [
        'MIIDIjCCAscCAQAwSTFHMEUGA1UEAxM+Mm90d2pyc3gzcGNmNmR2amhlb2w2djJ4Y3VpNm42cW40cmZraXBlMm9oM3Z5aWJpemlyNDZkaWQub25pb24wWTATBgcqhkjOPQIBBggqhkjOPQMBBwNCAASAyz/RAv61EQ7fSy3WbndIpaX9zi+r2BPNsF7eh2TyzlNUIqZ+ZGBrDPOP4ea+lYwAGYc0obSJgwiFRataRarIoIICGjAuBgkqhkiG9w0BCQ4xITAfMB0GA1UdDgQWBBRAQ+c+nMaAWHjxud5tJL3peqMp1zCCAUcGCSqGSIb3DQEJDDGCATgEggE0FVgLbFaN+gKO4Aqfjs/gNPtz+V9vgnwmOEuIipHYSyEyiZL7PmRutx07890ws44SwLYEKDBavLKfF1aSa1MOLps/bMWW2DDOngTVGyaWufh8OaBzxGIL3815BZLJF9VTgEuyJbOq3+XLZMj2fdEjXHTRvYURKZtc/O7FHYG5mOc7QTwkXd9jQ8tMYZ85wWJdR3ZLGWYfnrrplQTdkAq9H7DEH4OTypJSYjvhMBrDAZeFOe1nHVkJU14sO2x1rc9X1GQMYmLC4WxLcwdcyUh1aXOEev3VprQRQjaFznk0UHK33rn1q16YE5zc+3hhF03FOGSos8DMyQy3o10/p1fOI9oVSkFpKlx5OyZXz1uG6Utmt8htptEr4rE4jm9y6+r5DXm5nIjSZIbNgXh9boxyX7KvOkkwFQYKKwYBBAGDjBsCATEHEwVvd25lcjA9BgkrBgECAQ8DAQExMBMuUW1UcE5taXhzZlVTSEJtM3ZXdnZ1VGtndDJIZFhjMXNZaUJSdzRwTVJuODhHUjBHBgNVHRExQBM+Mm90d2pyc3gzcGNmNmR2amhlb2w2djJ4Y3VpNm42cW40cmZraXBlMm9oM3Z5aWJpemlyNDZkaWQub25pb24wCgYIKoZIzj0EAwIDSQAwRgIhAOK6Uac+lomfbGsOpT+M1/mZLNGmQ6uPXE4blwkpyla2AiEApkT1IJjfMgcYl613arLQ4nUrieyCoz8W8U+EWt1HhGM=',
        'MIIDKjCCAtACAQAwSTFHMEUGA1UEAxM+aWx5bTJleXB0eTVnbWFzcnB3djV0bjI1aWhsNnp3YnU3dDN5aXM3aTNhbzNwamRlbXR3NXAyYWQub25pb24wWTATBgcqhkjOPQIBBggqhkjOPQMBBwNCAASAc6Q7kSitT6fyLxEFZGkuuzNa9jtKyJR7X+dlJEEmw5Lt9tZZh33x2EjtrubvNXQ6o2Ok0bbirf38mNxlDpvYoIICIzAuBgkqhkiG9w0BCQ4xITAfMB0GA1UdDgQWBBSq+CkgQPuUKSTjGI+UdK61eLe3xzCCAUcGCSqGSIb3DQEJDDGCATgEggE0LxHEGHtvKSiDcFtzFUkCL4n71xN5ZfTPdAbFO34bUN1lRH9B8vVRIllPt7t78Us1jAQc0SbkZj/lmZdb/FlgjytUXwQCyU/4P+/XWsScrvD5iOkhipLZ9OBC6Z+Kxr8gHijlP8E/2VEDWp2TEI4y4PalusR0aiEkMK9G+aFPenTi6/7oUDZa5ePoBlSn4dtDiMkb9WT9fTv4W033G1PhszK8SEV7gM0ZlHyrt9vsThXW46jW1UhJfUZfQ4IzUAHZyfKlhux2mG3PIshCDI3fVIIu72b1YKV7ixkY39G8cq3B8pjCk7wLpVop7Bz8Ke9lf0qRL/cTsBcRYv5pH1B8L16tCHA/ZnYupxd++5vygxoK/F96rU5YuNpG2Xc4YhfW7/7u/CRECz1pIinU7Eanm0OPKUIwHgYKKwYBBAGDjBsCATEQEw51c2VyLWpvaW5pbmctMTA9BgkrBgECAQ8DAQExMBMuUW1aTFc2eTVtOGJyb1l1dEc0b2cyeW1YUlpVRGN4VmhkZ0hoaUtZS2hxdVVOcDBHBgNVHRExQBM+aWx5bTJleXB0eTVnbWFzcnB3djV0bjI1aWhsNnp3YnU3dDN5aXM3aTNhbzNwamRlbXR3NXAyYWQub25pb24wCgYIKoZIzj0EAwIDSAAwRQIhAJclKaxQLhPy8NHDIbipEmjrVtOqp7aXhzB9Wu8r3T/LAiB7+RGRT1sFjUy5Wk+IZTZ7I3xf1gi+PN9FCRngURsyyA==',
        'MIIDKTCCAtACAQAwSTFHMEUGA1UEAxM+ZTU3NmtyZ3YzeDdoeGVqd3lmYjR2Zml5eHdsbWdmNnUycTY0YW5nZ2J3c25ucnBlYzN1YmZvaWQub25pb24wWTATBgcqhkjOPQIBBggqhkjOPQMBBwNCAATnIhoeFv4HceoeOzC6x/n9E2zNgU18QQpohtiQIYs9qZtdpgQjOOHh98Nb0c6ix4Tf+Y5yBphKqhBZHTx/c60+oIICIzAuBgkqhkiG9w0BCQ4xITAfMB0GA1UdDgQWBBRPXKXKd+B8grn50ArRUFGbIm6h4jCCAUcGCSqGSIb3DQEJDDGCATgEggE0D9hxS1q2dIOXzWjJAaB3Q4YeSP8hPt9hx8BAEIeRiNOl0vbCcXBFibDmk2Bpu+vGd0ABl6SCCSew/ClC8nuU3o+ae6cefNC19thDGRv3RdxkvOMmZndXCuML5gwmCXGIvwG/lc0W8Vv03FCDC2vbWSGo+njmtEaEQTsZwrCl/TRQeWHGiB2sCXkH/DXueXByPKBgRMDqGcpmV2IhOsTuHF/7Cx5KT70CBIYw/JzJ2QjptZXlUtTiQ/cm/bpk+iHUmrn5JT70rQ0JNypYWl6BVEXHpyEEKwEb+HfyuJfinyk8j/WS+1zRTOFmx3XudtVlg/HrqHtO846ab44fMYmIeuLz2yd5h6MBi2urphuABlFaUqd2LbUYK0G4xL2WG+Ai5fE9Sbh8ZmGws5HCWHpvGhOmTkkwHgYKKwYBBAGDjBsCATEQEw51c2VyLWpvaW5pbmctMjA9BgkrBgECAQ8DAQExMBMuUW1RR0dzUGs4djFzeTNvQXdBMmVjZ2I2SldrMVhWekI4VTd2c0ZCMWREZlczYjBHBgNVHRExQBM+ZTU3NmtyZ3YzeDdoeGVqd3lmYjR2Zml5eHdsbWdmNnUycTY0YW5nZ2J3c25ucnBlYzN1YmZvaWQub25pb24wCgYIKoZIzj0EAwIDRwAwRAIgXQIcKPTyXTWAGWH4UiykpIBw/cO1T5rn5s08fTpXkYgCICCjjLNI3W4uZyyF0qHf0dmHG3turzM5SH19Qt/pAXwG'
      ]
    }
    2024-03-22T21:04:46.242Z backend:StorageService Loading all certificates
    2024-03-22T21:04:46.242Z backend:Libp2pService Dialing 0 addresses
    2024-03-22T21:04:46.242Z backend:ProcessInChunksService Updating data with 0 items
    2024-03-22T21:04:46.242Z backend:ProcessInChunksService Processing 0 items
    2024-03-22T21:04:46.242Z backend:Libp2pService Dialing 0 addresses
    2024-03-22T21:04:46.242Z backend:ProcessInChunksService Updating data with 0 items
    2024-03-22T21:04:46.242Z backend:ProcessInChunksService Processing 0 items
    2024-03-22T21:04:46.242Z backend:RegistrationService Trying to issue certificates true [
      {
        csrs: [
          'MIIDIjCCAscCAQAwSTFHMEUGA1UEAxM+Mm90d2pyc3gzcGNmNmR2amhlb2w2djJ4Y3VpNm42cW40cmZraXBlMm9oM3Z5aWJpemlyNDZkaWQub25pb24wWTATBgcqhkjOPQIBBggqhkjOPQMBBwNCAASAyz/RAv61EQ7fSy3WbndIpaX9zi+r2BPNsF7eh2TyzlNUIqZ+ZGBrDPOP4ea+lYwAGYc0obSJgwiFRataRarIoIICGjAuBgkqhkiG9w0BCQ4xITAfMB0GA1UdDgQWBBRAQ+c+nMaAWHjxud5tJL3peqMp1zCCAUcGCSqGSIb3DQEJDDGCATgEggE0FVgLbFaN+gKO4Aqfjs/gNPtz+V9vgnwmOEuIipHYSyEyiZL7PmRutx07890ws44SwLYEKDBavLKfF1aSa1MOLps/bMWW2DDOngTVGyaWufh8OaBzxGIL3815BZLJF9VTgEuyJbOq3+XLZMj2fdEjXHTRvYURKZtc/O7FHYG5mOc7QTwkXd9jQ8tMYZ85wWJdR3ZLGWYfnrrplQTdkAq9H7DEH4OTypJSYjvhMBrDAZeFOe1nHVkJU14sO2x1rc9X1GQMYmLC4WxLcwdcyUh1aXOEev3VprQRQjaFznk0UHK33rn1q16YE5zc+3hhF03FOGSos8DMyQy3o10/p1fOI9oVSkFpKlx5OyZXz1uG6Utmt8htptEr4rE4jm9y6+r5DXm5nIjSZIbNgXh9boxyX7KvOkkwFQYKKwYBBAGDjBsCATEHEwVvd25lcjA9BgkrBgECAQ8DAQExMBMuUW1UcE5taXhzZlVTSEJtM3ZXdnZ1VGtndDJIZFhjMXNZaUJSdzRwTVJuODhHUjBHBgNVHRExQBM+Mm90d2pyc3gzcGNmNmR2amhlb2w2djJ4Y3VpNm42cW40cmZraXBlMm9oM3Z5aWJpemlyNDZkaWQub25pb24wCgYIKoZIzj0EAwIDSQAwRgIhAOK6Uac+lomfbGsOpT+M1/mZLNGmQ6uPXE4blwkpyla2AiEApkT1IJjfMgcYl613arLQ4nUrieyCoz8W8U+EWt1HhGM=',
          'MIIDKjCCAtACAQAwSTFHMEUGA1UEAxM+aWx5bTJleXB0eTVnbWFzcnB3djV0bjI1aWhsNnp3YnU3dDN5aXM3aTNhbzNwamRlbXR3NXAyYWQub25pb24wWTATBgcqhkjOPQIBBggqhkjOPQMBBwNCAASAc6Q7kSitT6fyLxEFZGkuuzNa9jtKyJR7X+dlJEEmw5Lt9tZZh33x2EjtrubvNXQ6o2Ok0bbirf38mNxlDpvYoIICIzAuBgkqhkiG9w0BCQ4xITAfMB0GA1UdDgQWBBSq+CkgQPuUKSTjGI+UdK61eLe3xzCCAUcGCSqGSIb3DQEJDDGCATgEggE0LxHEGHtvKSiDcFtzFUkCL4n71xN5ZfTPdAbFO34bUN1lRH9B8vVRIllPt7t78Us1jAQc0SbkZj/lmZdb/FlgjytUXwQCyU/4P+/XWsScrvD5iOkhipLZ9OBC6Z+Kxr8gHijlP8E/2VEDWp2TEI4y4PalusR0aiEkMK9G+aFPenTi6/7oUDZa5ePoBlSn4dtDiMkb9WT9fTv4W033G1PhszK8SEV7gM0ZlHyrt9vsThXW46jW1UhJfUZfQ4IzUAHZyfKlhux2mG3PIshCDI3fVIIu72b1YKV7ixkY39G8cq3B8pjCk7wLpVop7Bz8Ke9lf0qRL/cTsBcRYv5pH1B8L16tCHA/ZnYupxd++5vygxoK/F96rU5YuNpG2Xc4YhfW7/7u/CRECz1pIinU7Eanm0OPKUIwHgYKKwYBBAGDjBsCATEQEw51c2VyLWpvaW5pbmctMTA9BgkrBgECAQ8DAQExMBMuUW1aTFc2eTVtOGJyb1l1dEc0b2cyeW1YUlpVRGN4VmhkZ0hoaUtZS2hxdVVOcDBHBgNVHRExQBM+aWx5bTJleXB0eTVnbWFzcnB3djV0bjI1aWhsNnp3YnU3dDN5aXM3aTNhbzNwamRlbXR3NXAyYWQub25pb24wCgYIKoZIzj0EAwIDSAAwRQIhAJclKaxQLhPy8NHDIbipEmjrVtOqp7aXhzB9Wu8r3T/LAiB7+RGRT1sFjUy5Wk+IZTZ7I3xf1gi+PN9FCRngURsyyA==',
          'MIIDKTCCAtACAQAwSTFHMEUGA1UEAxM+ZTU3NmtyZ3YzeDdoeGVqd3lmYjR2Zml5eHdsbWdmNnUycTY0YW5nZ2J3c25ucnBlYzN1YmZvaWQub25pb24wWTATBgcqhkjOPQIBBggqhkjOPQMBBwNCAATnIhoeFv4HceoeOzC6x/n9E2zNgU18QQpohtiQIYs9qZtdpgQjOOHh98Nb0c6ix4Tf+Y5yBphKqhBZHTx/c60+oIICIzAuBgkqhkiG9w0BCQ4xITAfMB0GA1UdDgQWBBRPXKXKd+B8grn50ArRUFGbIm6h4jCCAUcGCSqGSIb3DQEJDDGCATgEggE0D9hxS1q2dIOXzWjJAaB3Q4YeSP8hPt9hx8BAEIeRiNOl0vbCcXBFibDmk2Bpu+vGd0ABl6SCCSew/ClC8nuU3o+ae6cefNC19thDGRv3RdxkvOMmZndXCuML5gwmCXGIvwG/lc0W8Vv03FCDC2vbWSGo+njmtEaEQTsZwrCl/TRQeWHGiB2sCXkH/DXueXByPKBgRMDqGcpmV2IhOsTuHF/7Cx5KT70CBIYw/JzJ2QjptZXlUtTiQ/cm/bpk+iHUmrn5JT70rQ0JNypYWl6BVEXHpyEEKwEb+HfyuJfinyk8j/WS+1zRTOFmx3XudtVlg/HrqHtO846ab44fMYmIeuLz2yd5h6MBi2urphuABlFaUqd2LbUYK0G4xL2WG+Ai5fE9Sbh8ZmGws5HCWHpvGhOmTkkwHgYKKwYBBAGDjBsCATEQEw51c2VyLWpvaW5pbmctMjA9BgkrBgECAQ8DAQExMBMuUW1RR0dzUGs4djFzeTNvQXdBMmVjZ2I2SldrMVhWekI4VTd2c0ZCMWREZlczYjBHBgNVHRExQBM+ZTU3NmtyZ3YzeDdoeGVqd3lmYjR2Zml5eHdsbWdmNnUycTY0YW5nZ2J3c25ucnBlYzN1YmZvaWQub25pb24wCgYIKoZIzj0EAwIDRwAwRAIgXQIcKPTyXTWAGWH4UiykpIBw/cO1T5rn5s08fTpXkYgCICCjjLNI3W4uZyyF0qHf0dmHG3turzM5SH19Qt/pAXwG'
        ]
      }
    ]
[2m[22m
[2m      [2mat Socket.<anonymous> ([22m[2msrc/utils.ts[2m:159:15)[22m[2m[22m
  [2mconsole.log[22m
    [e2e_4cc1hr73df40]: 2024-03-22T21:04:46.248Z backend:CertificatesRequestsStore DuplicatedCertBug {
      validation: true,
      csr: 'MIIDIjCCAscCAQAwSTFHMEUGA1UEAxM+Mm90d2pyc3gzcGNmNmR2amhlb2w2djJ4Y3VpNm42cW40cmZraXBlMm9oM3Z5aWJpemlyNDZkaWQub25pb24wWTATBgcqhkjOPQIBBggqhkjOPQMBBwNCAASAyz/RAv61EQ7fSy3WbndIpaX9zi+r2BPNsF7eh2TyzlNUIqZ+ZGBrDPOP4ea+lYwAGYc0obSJgwiFRataRarIoIICGjAuBgkqhkiG9w0BCQ4xITAfMB0GA1UdDgQWBBRAQ+c+nMaAWHjxud5tJL3peqMp1zCCAUcGCSqGSIb3DQEJDDGCATgEggE0FVgLbFaN+gKO4Aqfjs/gNPtz+V9vgnwmOEuIipHYSyEyiZL7PmRutx07890ws44SwLYEKDBavLKfF1aSa1MOLps/bMWW2DDOngTVGyaWufh8OaBzxGIL3815BZLJF9VTgEuyJbOq3+XLZMj2fdEjXHTRvYURKZtc/O7FHYG5mOc7QTwkXd9jQ8tMYZ85wWJdR3ZLGWYfnrrplQTdkAq9H7DEH4OTypJSYjvhMBrDAZeFOe1nHVkJU14sO2x1rc9X1GQMYmLC4WxLcwdcyUh1aXOEev3VprQRQjaFznk0UHK33rn1q16YE5zc+3hhF03FOGSos8DMyQy3o10/p1fOI9oVSkFpKlx5OyZXz1uG6Utmt8htptEr4rE4jm9y6+r5DXm5nIjSZIbNgXh9boxyX7KvOkkwFQYKKwYBBAGDjBsCATEHEwVvd25lcjA9BgkrBgECAQ8DAQExMBMuUW1UcE5taXhzZlVTSEJtM3ZXdnZ1VGtndDJIZFhjMXNZaUJSdzRwTVJuODhHUjBHBgNVHRExQBM+Mm90d2pyc3gzcGNmNmR2amhlb2w2djJ4Y3VpNm42cW40cmZraXBlMm9oM3Z5aWJpemlyNDZkaWQub25pb24wCgYIKoZIzj0EAwIDSQAwRgIhAOK6Uac+lomfbGsOpT+M1/mZLNGmQ6uPXE4blwkpyla2AiEApkT1IJjfMgcYl613arLQ4nUrieyCoz8W8U+EWt1HhGM='
    }
[2m[22m
[2m      [2mat Socket.<anonymous> ([22m[2msrc/utils.ts[2m:159:15)[22m[2m[22m
  [2mconsole.log[22m
    [e2e_4cc1hr73df40]: 2024-03-22T21:04:46.248Z backend:CertificatesRequestsStore DuplicatedCertBug {
      validation: true,
      csr: 'MIIDKjCCAtACAQAwSTFHMEUGA1UEAxM+aWx5bTJleXB0eTVnbWFzcnB3djV0bjI1aWhsNnp3YnU3dDN5aXM3aTNhbzNwamRlbXR3NXAyYWQub25pb24wWTATBgcqhkjOPQIBBggqhkjOPQMBBwNCAASAc6Q7kSitT6fyLxEFZGkuuzNa9jtKyJR7X+dlJEEmw5Lt9tZZh33x2EjtrubvNXQ6o2Ok0bbirf38mNxlDpvYoIICIzAuBgkqhkiG9w0BCQ4xITAfMB0GA1UdDgQWBBSq+CkgQPuUKSTjGI+UdK61eLe3xzCCAUcGCSqGSIb3DQEJDDGCATgEggE0LxHEGHtvKSiDcFtzFUkCL4n71xN5ZfTPdAbFO34bUN1lRH9B8vVRIllPt7t78Us1jAQc0SbkZj/lmZdb/FlgjytUXwQCyU/4P+/XWsScrvD5iOkhipLZ9OBC6Z+Kxr8gHijlP8E/2VEDWp2TEI4y4PalusR0aiEkMK9G+aFPenTi6/7oUDZa5ePoBlSn4dtDiMkb9WT9fTv4W033G1PhszK8SEV7gM0ZlHyrt9vsThXW46jW1UhJfUZfQ4IzUAHZyfKlhux2mG3PIshCDI3fVIIu72b1YKV7ixkY39G8cq3B8pjCk7wLpVop7Bz8Ke9lf0qRL/cTsBcRYv5pH1B8L16tCHA/ZnYupxd++5vygxoK/F96rU5YuNpG2Xc4YhfW7/7u/CRECz1pIinU7Eanm0OPKUIwHgYKKwYBBAGDjBsCATEQEw51c2VyLWpvaW5pbmctMTA9BgkrBgECAQ8DAQExMBMuUW1aTFc2eTVtOGJyb1l1dEc0b2cyeW1YUlpVRGN4VmhkZ0hoaUtZS2hxdVVOcDBHBgNVHRExQBM+aWx5bTJleXB0eTVnbWFzcnB3djV0bjI1aWhsNnp3YnU3dDN5aXM3aTNhbzNwamRlbXR3NXAyYWQub25pb24wCgYIKoZIzj0EAwIDSAAwRQIhAJclKaxQLhPy8NHDIbipEmjrVtOqp7aXhzB9Wu8r3T/LAiB7+RGRT1sFjUy5Wk+IZTZ7I3xf1gi+PN9FCRngURsyyA=='
    }
    2024-03-22T21:04:46.248Z backend:CertificatesRequestsStore DuplicatedCertBug {
      validation: true,
      csr: 'MIIDKjCCAtACAQAwSTFHMEUGA1UEAxM+ZTU3NmtyZ3YzeDdoeGVqd3lmYjR2Zml5eHdsbWdmNnUycTY0YW5nZ2J3c25ucnBlYzN1YmZvaWQub25pb24wWTATBgcqhkjOPQIBBggqhkjOPQMBBwNCAATnIhoeFv4HceoeOzC6x/n9E2zNgU18QQpohtiQIYs9qZtdpgQjOOHh98Nb0c6ix4Tf+Y5yBphKqhBZHTx/c60+oIICIzAuBgkqhkiG9w0BCQ4xITAfMB0GA1UdDgQWBBRPXKXKd+B8grn50ArRUFGbIm6h4jCCAUcGCSqGSIb3DQEJDDGCATgEggE0D9hxS1q2dIOXzWjJAaB3Q4YeSP8hPt9hx8BAEIeRiNOl0vbCcXBFibDmk2Bpu+vGd0ABl6SCCSew/ClC8nuU3o+ae6cefNC19thDGRv3RdxkvOMmZndXCuML5gwmCXGIvwG/lc0W8Vv03FCDC2vbWSGo+njmtEaEQTsZwrCl/TRQeWHGiB2sCXkH/DXueXByPKBgRMDqGcpmV2IhOsTuHF/7Cx5KT70CBIYw/JzJ2QjptZXlUtTiQ/cm/bpk+iHUmrn5JT70rQ0JNypYWl6BVEXHpyEEKwEb+HfyuJfinyk8j/WS+1zRTOFmx3XudtVlg/HrqHtO846ab44fMYmIeuLz2yd5h6MBi2urphuABlFaUqd2LbUYK0G4xL2WG+Ai5fE9Sbh8ZmGws5HCWHpvGhOmTkkwHgYKKwYBBAGDjBsCATEQEw51c2VyLWpvaW5pbmctMTA9BgkrBgECAQ8DAQExMBMuUW1RR0dzUGs4djFzeTNvQXdBMmVjZ2I2SldrMVhWekI4VTd2c0ZCMWREZlczYjBHBgNVHRExQBM+ZTU3NmtyZ3YzeDdoeGVqd3lmYjR2Zml5eHdsbWdmNnUycTY0YW5nZ2J3c25ucnBlYzN1YmZvaWQub25pb24wCgYIKoZIzj0EAwIDSAAwRQIgag3Elvsz6Cfm3OGkt5j5BjTvItNqKyKd4FRzlDovpyYCIQCLRWqVmjQrYkMO4om3ktje5V8LLKfuCUzcT/eO+7T+ew=='
    }
    2024-03-22T21:04:46.248Z backend:CertificatesRequestsStore DuplicatedCertBug {
      validation: true,
      csr: 'MIIDKTCCAtACAQAwSTFHMEUGA1UEAxM+ZTU3NmtyZ3YzeDdoeGVqd3lmYjR2Zml5eHdsbWdmNnUycTY0YW5nZ2J3c25ucnBlYzN1YmZvaWQub25pb24wWTATBgcqhkjOPQIBBggqhkjOPQMBBwNCAATnIhoeFv4HceoeOzC6x/n9E2zNgU18QQpohtiQIYs9qZtdpgQjOOHh98Nb0c6ix4Tf+Y5yBphKqhBZHTx/c60+oIICIzAuBgkqhkiG9w0BCQ4xITAfMB0GA1UdDgQWBBRPXKXKd+B8grn50ArRUFGbIm6h4jCCAUcGCSqGSIb3DQEJDDGCATgEggE0D9hxS1q2dIOXzWjJAaB3Q4YeSP8hPt9hx8BAEIeRiNOl0vbCcXBFibDmk2Bpu+vGd0ABl6SCCSew/ClC8nuU3o+ae6cefNC19thDGRv3RdxkvOMmZndXCuML5gwmCXGIvwG/lc0W8Vv03FCDC2vbWSGo+njmtEaEQTsZwrCl/TRQeWHGiB2sCXkH/DXueXByPKBgRMDqGcpmV2IhOsTuHF/7Cx5KT70CBIYw/JzJ2QjptZXlUtTiQ/cm/bpk+iHUmrn5JT70rQ0JNypYWl6BVEXHpyEEKwEb+HfyuJfinyk8j/WS+1zRTOFmx3XudtVlg/HrqHtO846ab44fMYmIeuLz2yd5h6MBi2urphuABlFaUqd2LbUYK0G4xL2WG+Ai5fE9Sbh8ZmGws5HCWHpvGhOmTkkwHgYKKwYBBAGDjBsCATEQEw51c2VyLWpvaW5pbmctMjA9BgkrBgECAQ8DAQExMBMuUW1RR0dzUGs4djFzeTNvQXdBMmVjZ2I2SldrMVhWekI4VTd2c0ZCMWREZlczYjBHBgNVHRExQBM+ZTU3NmtyZ3YzeDdoeGVqd3lmYjR2Zml5eHdsbWdmNnUycTY0YW5nZ2J3c25ucnBlYzN1YmZvaWQub25pb24wCgYIKoZIzj0EAwIDRwAwRAIgXQIcKPTyXTWAGWH4UiykpIBw/cO1T5rn5s08fTpXkYgCICCjjLNI3W4uZyyF0qHf0dmHG3turzM5SH19Qt/pAXwG'
    }
    2024-03-22T21:04:46.249Z backend:libp2p:websockets connect e576krgv3x7hxejwyfb4vfiyxwlmgf6u2q64anggbwsnnrpec3ubfoid.onion:80
[2m[22m
[2m      [2mat Socket.<anonymous> ([22m[2msrc/utils.ts[2m:159:15)[22m[2m[22m
  [2mconsole.log[22m
    [e2e_4cc1hr73df40]: 2024-03-22T21:04:46.250Z backend:CertificatesStore Loaded certificates to memory
[2m[22m
[2m      [2mat Socket.<anonymous> ([22m[2msrc/utils.ts[2m:159:15)[22m[2m[22m
  [2mconsole.log[22m
    [e2e_4cc1hr73df40]: 2024-03-22T21:04:46.250Z backend:CertificatesStore All certificates: 3
[2m[22m
[2m      [2mat Socket.<anonymous> ([22m[2msrc/utils.ts[2m:159:15)[22m[2m[22m
  [2mconsole.log[22m
    [e2e_4cc1hr73df40]: 2024-03-22T21:04:46.256Z backend:CertificatesStore DuplicatedCertBug {
      validation: true,
      certificate: 'MIIDfjCCAySgAwIBAgIGAY5n9NT0MAoGCCqGSM49BAMCMBgxFjAUBgNVBAMTDXRlc3Rjb21tdW5pdHkwHhcNMjQwMzIyMjA1ODAyWhcNMzAwMjAxMDUwMDAwWjBJMUcwRQYDVQQDEz4yb3R3anJzeDNwY2Y2ZHZqaGVvbDZ2MnhjdWk2bjZxbjRyZmtpcGUyb2gzdnlpYml6aXI0NmRpZC5vbmlvbjBZMBMGByqGSM49AgEGCCqGSM49AwEHA0IABIDLP9EC/rURDt9LLdZud0ilpf3OL6vYE82wXt6HZPLOU1Qipn5kYGsM84/h5r6VjAAZhzShtImDCIVFq1pFqsijggInMIICIzAJBgNVHRMEAjAAMAsGA1UdDwQEAwIAgDAdBgNVHSUEFjAUBggrBgEFBQcDAgYIKwYBBQUHAwEwggFHBgkqhkiG9w0BCQwEggE4BIIBNBVYC2xWjfoCjuAKn47P4DT7c/lfb4J8JjhLiIqR2EshMomS+z5kbrcdO/PdMLOOEsC2BCgwWryynxdWkmtTDi6bP2zFltgwzp4E1Rsmlrn4fDmgc8RiC9/NeQWSyRfVU4BLsiWzqt/ly2TI9n3RI1x00b2FESmbXPzuxR2BuZjnO0E8JF3fY0PLTGGfOcFiXUd2SxlmH5666ZUE3ZAKvR+wxB+Dk8qSUmI74TAawwGXhTntZx1ZCVNeLDtsda3PV9RkDGJiwuFsS3MHXMlIdWlzhHr91aa0EUI2hc55NFByt9659atemBOc3Pt4YRdNxThkqLPAzMkMt6NdP6dXziPaFUpBaSpceTsmV89bhulLZrfIbabRK+KxOI5vcuvq+Q15uZyI0mSGzYF4fW6Mcl+yrzpJMBUGCisGAQQBg4wbAgEEBxMFb3duZXIwPQYJKwYBAgEPAwEBBDATLlFtVHBObWl4c2ZVU0hCbTN2V3Z2dVRrZ3QySGRYYzFzWWlCUnc0cE1Sbjg4R1IwSQYDVR0RBEIwQII+Mm90d2pyc3gzcGNmNmR2amhlb2w2djJ4Y3VpNm42cW40cmZraXBlMm9oM3Z5aWJpemlyNDZkaWQub25pb24wCgYIKoZIzj0EAwIDSAAwRQIgWqJ9o/N5ex2cAS7rD6kKFybaQ14UuGzKexMIi7W2qm0CIQC0Ldt0YfPCRQ3ZpRhZ5h+Hb7/orQR4DpFjpDZZcrRZEw=='
    }
[2m[22m
[2m      [2mat Socket.<anonymous> ([22m[2msrc/utils.ts[2m:159:15)[22m[2m[22m
  [2mconsole.log[22m
    [e2e_4cc1hr73df40]: 2024-03-22T21:04:46.257Z backend:CertificatesStore DuplicatedCertBug {
      validation: true,
      certificate: 'MIIDiDCCAy2gAwIBAgIGAY5n9ZigMAoGCCqGSM49BAMCMBgxFjAUBgNVBAMTDXRlc3Rjb21tdW5pdHkwHhcNMjQwMzIyMjA1ODUyWhcNMzAwMjAxMDUwMDAwWjBJMUcwRQYDVQQDEz5pbHltMmV5cHR5NWdtYXNycHd2NXRuMjVpaGw2endidTd0M3lpczdpM2FvM3BqZGVtdHc1cDJhZC5vbmlvbjBZMBMGByqGSM49AgEGCCqGSM49AwEHA0IABIBzpDuRKK1Pp/IvEQVkaS67M1r2O0rIlHtf52UkQSbDku321lmHffHYSO2u5u81dDqjY6TRtuKt/fyY3GUOm9ijggIwMIICLDAJBgNVHRMEAjAAMAsGA1UdDwQEAwIAgDAdBgNVHSUEFjAUBggrBgEFBQcDAgYIKwYBBQUHAwEwggFHBgkqhkiG9w0BCQwEggE4BIIBNC8RxBh7bykog3BbcxVJAi+J+9cTeWX0z3QGxTt+G1DdZUR/QfL1USJZT7e7e/FLNYwEHNEm5GY/5ZmXW/xZYI8rVF8EAslP+D/v11rEnK7w+YjpIYqS2fTgQumfisa/IB4o5T/BP9lRA1qdkxCOMuD2pbrEdGohJDCvRvmhT3p04uv+6FA2WuXj6AZUp+HbQ4jJG/Vk/X07+FtN9xtT4bMyvEhFe4DNGZR8q7fb7E4V1uOo1tVISX1GX0OCM1AB2cnypYbsdphtzyLIQgyN31SCLu9m9WCle4sZGN/RvHKtwfKYwpO8C6VaKewc/CnvZX9KkS/3E7AXEWL+aR9QfC9erQhwP2Z2LqcXfvub8oMaCvxfeq1OWLjaRtl3OGIX1u/+7vwkRAs9aSIp1OxGp5tDjylCMB4GCisGAQQBg4wbAgEEEBMOdXNlci1qb2luaW5nLTEwPQYJKwYBAgEPAwEBBDATLlFtWkxXNnk1bThicm9ZdXRHNG9nMnltWFJaVURjeFZoZGdIaGlLWUtocXVVTnAwSQYDVR0RBEIwQII+aWx5bTJleXB0eTVnbWFzcnB3djV0bjI1aWhsNnp3YnU3dDN5aXM3aTNhbzNwamRlbXR3NXAyYWQub25pb24wCgYIKoZIzj0EAwIDSQAwRgIhAKgI+kPK/VsfUVRJSZLkHoU286jZDj382xzPRcX0c2OJAiEAsUrGmACN7mxzeQJNzedIJTQJ2KnXiOO1SeGrOMUhAW8='
    }
[2m[22m
[2m      [2mat Socket.<anonymous> ([22m[2msrc/utils.ts[2m:159:15)[22m[2m[22m
  [2mconsole.log[22m
    [e2e_4cc1hr73df40]: 2024-03-22T21:04:46.258Z backend:CertificatesStore DuplicatedCertBug {
      validation: true,
      certificate: 'MIIDhzCCAy2gAwIBAgIGAY5n+ZI2MAoGCCqGSM49BAMCMBgxFjAUBgNVBAMTDXRlc3Rjb21tdW5pdHkwHhcNMjQwMzIyMjEwMzEyWhcNMzAwMjAxMDUwMDAwWjBJMUcwRQYDVQQDEz5lNTc2a3JndjN4N2h4ZWp3eWZiNHZmaXl4d2xtZ2Y2dTJxNjRhbmdnYndzbm5ycGVjM3ViZm9pZC5vbmlvbjBZMBMGByqGSM49AgEGCCqGSM49AwEHA0IABOciGh4W/gdx6h47MLrH+f0TbM2BTXxBCmiG2JAhiz2pm12mBCM44eH3w1vRzqLHhN/5jnIGmEqqEFkdPH9zrT6jggIwMIICLDAJBgNVHRMEAjAAMAsGA1UdDwQEAwIAgDAdBgNVHSUEFjAUBggrBgEFBQcDAgYIKwYBBQUHAwEwggFHBgkqhkiG9w0BCQwEggE4BIIBNA/YcUtatnSDl81oyQGgd0OGHkj/IT7fYcfAQBCHkYjTpdL2wnFwRYmw5pNgabvrxndAAZekggknsPwpQvJ7lN6PmnunHnzQtfbYQxkb90XcZLzjJmZ3VwrjC+YMJglxiL8Bv5XNFvFb9NxQgwtr21khqPp45rRGhEE7GcKwpf00UHlhxogdrAl5B/w17nlwcjygYETA6hnKZldiITrE7hxf+wseSk+9AgSGMPycydkI6bWV5VLU4kP3Jv26ZPoh1Jq5+SU+9K0NCTcqWFpegVRFx6chBCsBG/h38riX4p8pPI/1kvtc0UzhZsd17nbVZYPx66h7TvOOmm+OHzGJiHri89sneYejAYtrq6YbgAZRWlKndi21GCtBuMS9lhvgIuXxPUm4fGZhsLORwlh6bxoTpk5JMB4GCisGAQQBg4wbAgEEEBMOdXNlci1qb2luaW5nLTIwPQYJKwYBAgEPAwEBBDATLlFtUUdHc1BrOHYxc3kzb0F3QTJlY2diNkpXazFYVnpCOFU3dnNGQjFkRGZXM2IwSQYDVR0RBEIwQII+ZTU3NmtyZ3YzeDdoeGVqd3lmYjR2Zml5eHdsbWdmNnUycTY0YW5nZ2J3c25ucnBlYzN1YmZvaWQub25pb24wCgYIKoZIzj0EAwIDSAAwRQIgOkh8TUQ8dlXeVbGgFRtl7U100uYkgz2NXCaCQnX73I4CIQD+ndbwQa5FtY1xWmway7x8yoBn5YHvAqubcxgddk6ZUQ=='
    }
[2m[22m
[2m      [2mat Socket.<anonymous> ([22m[2msrc/utils.ts[2m:159:15)[22m[2m[22m
  [2mconsole.log[22m
    [e2e_4cc1hr73df40]: 2024-03-22T21:04:46.259Z backend:CertificatesStore Valid certificates: 3
[2m[22m
[2m      [2mat Socket.<anonymous> ([22m[2msrc/utils.ts[2m:159:15)[22m[2m[22m
  [2mconsole.log[22m
    [e2e_4cc1hr73df40]: 2024-03-22T21:04:46.259Z backend:ConnectionsManagerService Storage - certificatesStored
    2024-03-22T21:04:46.259Z backend:StorageService csrs count: 4
[2m[22m
[2m      [2mat Socket.<anonymous> ([22m[2msrc/utils.ts[2m:159:15)[22m[2m[22m
  [2mconsole.log[22m
    stdout:
    updatePeersList, peers count: 4
[2m[22m
[2m      [2mat Socket.<anonymous> ([22m[2msrc/utils.ts[2m:149:15)[22m[2m[22m
  [2mconsole.log[22m
    [e2e_4cc1hr73df40]: 2024-03-22T21:04:46.260Z backend:ConnectionsManagerService Storage - certificatesStored
    2024-03-22T21:04:46.260Z backend:StorageService csrs count: 4
[2m[22m
[2m      [2mat Socket.<anonymous> ([22m[2msrc/utils.ts[2m:159:15)[22m[2m[22m
  [2mconsole.log[22m
    stdout:
    updatePeersList, peers count: 4
[2m[22m
[2m      [2mat Socket.<anonymous> ([22m[2msrc/utils.ts[2m:149:15)[22m[2m[22m
  [2mconsole.log[22m
    [e2e_4cc1hr73df40]: 2024-03-22T21:04:46.263Z backend:LocalDbService Local peer /dns4/74liumztsi4w4zbxwgapn3ok2vfcasxluj7djfgg6jzvufohfufnycad.onion/tcp/80/ws/p2p/QmbkGPV1UgPS7b8588HAomTijmojuKXjNYbMgZ6PgQtgsh
[2m[22m
[2m      [2mat Socket.<anonymous> ([22m[2msrc/utils.ts[2m:159:15)[22m[2m[22m
  [2mconsole.log[22m
    [e2e_4cc1hr73df40]: 2024-03-22T21:04:46.263Z backend:LocalDbService Local peer /dns4/74liumztsi4w4zbxwgapn3ok2vfcasxluj7djfgg6jzvufohfufnycad.onion/tcp/80/ws/p2p/QmbkGPV1UgPS7b8588HAomTijmojuKXjNYbMgZ6PgQtgsh
    2024-03-22T21:04:46.263Z backend:LocalDbService Local peer /dns4/74liumztsi4w4zbxwgapn3ok2vfcasxluj7djfgg6jzvufohfufnycad.onion/tcp/80/ws/p2p/QmbkGPV1UgPS7b8588HAomTijmojuKXjNYbMgZ6PgQtgsh
    2024-03-22T21:04:46.263Z backend:LocalDbService Local peer /dns4/74liumztsi4w4zbxwgapn3ok2vfcasxluj7djfgg6jzvufohfufnycad.onion/tcp/80/ws/p2p/QmbkGPV1UgPS7b8588HAomTijmojuKXjNYbMgZ6PgQtgsh
[2m[22m
[2m      [2mat Socket.<anonymous> ([22m[2msrc/utils.ts[2m:159:15)[22m[2m[22m
  [2mconsole.log[22m
    [e2e_4cc1hr73df40]: 2024-03-22T21:04:46.264Z backend:CertificatesStore Loaded certificates to memory
[2m[22m
[2m      [2mat Socket.<anonymous> ([22m[2msrc/utils.ts[2m:159:15)[22m[2m[22m
  [2mconsole.log[22m
    [e2e_4cc1hr73df40]: 2024-03-22T21:04:46.264Z backend:CertificatesStore All certificates: 3
    2024-03-22T21:04:46.264Z backend:CertificatesStore Valid certificates: 3
    2024-03-22T21:04:46.264Z backend:RegistrationService Not issuing certificates due to missing perms data
    2024-03-22T21:04:46.264Z backend:RegistrationService Finished issuing certificates
[2m[22m
[2m      [2mat Socket.<anonymous> ([22m[2msrc/utils.ts[2m:159:15)[22m[2m[22m
  [2mconsole.log[22m
    [e2e_4cc1hr73df40]: 2024-03-22T21:04:46.265Z backend:RegistrationService Trying to issue certificates false [
      {
        csrs: [
          'MIIDIjCCAscCAQAwSTFHMEUGA1UEAxM+Mm90d2pyc3gzcGNmNmR2amhlb2w2djJ4Y3VpNm42cW40cmZraXBlMm9oM3Z5aWJpemlyNDZkaWQub25pb24wWTATBgcqhkjOPQIBBggqhkjOPQMBBwNCAASAyz/RAv61EQ7fSy3WbndIpaX9zi+r2BPNsF7eh2TyzlNUIqZ+ZGBrDPOP4ea+lYwAGYc0obSJgwiFRataRarIoIICGjAuBgkqhkiG9w0BCQ4xITAfMB0GA1UdDgQWBBRAQ+c+nMaAWHjxud5tJL3peqMp1zCCAUcGCSqGSIb3DQEJDDGCATgEggE0FVgLbFaN+gKO4Aqfjs/gNPtz+V9vgnwmOEuIipHYSyEyiZL7PmRutx07890ws44SwLYEKDBavLKfF1aSa1MOLps/bMWW2DDOngTVGyaWufh8OaBzxGIL3815BZLJF9VTgEuyJbOq3+XLZMj2fdEjXHTRvYURKZtc/O7FHYG5mOc7QTwkXd9jQ8tMYZ85wWJdR3ZLGWYfnrrplQTdkAq9H7DEH4OTypJSYjvhMBrDAZeFOe1nHVkJU14sO2x1rc9X1GQMYmLC4WxLcwdcyUh1aXOEev3VprQRQjaFznk0UHK33rn1q16YE5zc+3hhF03FOGSos8DMyQy3o10/p1fOI9oVSkFpKlx5OyZXz1uG6Utmt8htptEr4rE4jm9y6+r5DXm5nIjSZIbNgXh9boxyX7KvOkkwFQYKKwYBBAGDjBsCATEHEwVvd25lcjA9BgkrBgECAQ8DAQExMBMuUW1UcE5taXhzZlVTSEJtM3ZXdnZ1VGtndDJIZFhjMXNZaUJSdzRwTVJuODhHUjBHBgNVHRExQBM+Mm90d2pyc3gzcGNmNmR2amhlb2w2djJ4Y3VpNm42cW40cmZraXBlMm9oM3Z5aWJpemlyNDZkaWQub25pb24wCgYIKoZIzj0EAwIDSQAwRgIhAOK6Uac+lomfbGsOpT+M1/mZLNGmQ6uPXE4blwkpyla2AiEApkT1IJjfMgcYl613arLQ4nUrieyCoz8W8U+EWt1HhGM=',
          'MIIDKjCCAtACAQAwSTFHMEUGA1UEAxM+aWx5bTJleXB0eTVnbWFzcnB3djV0bjI1aWhsNnp3YnU3dDN5aXM3aTNhbzNwamRlbXR3NXAyYWQub25pb24wWTATBgcqhkjOPQIBBggqhkjOPQMBBwNCAASAc6Q7kSitT6fyLxEFZGkuuzNa9jtKyJR7X+dlJEEmw5Lt9tZZh33x2EjtrubvNXQ6o2Ok0bbirf38mNxlDpvYoIICIzAuBgkqhkiG9w0BCQ4xITAfMB0GA1UdDgQWBBSq+CkgQPuUKSTjGI+UdK61eLe3xzCCAUcGCSqGSIb3DQEJDDGCATgEggE0LxHEGHtvKSiDcFtzFUkCL4n71xN5ZfTPdAbFO34bUN1lRH9B8vVRIllPt7t78Us1jAQc0SbkZj/lmZdb/FlgjytUXwQCyU/4P+/XWsScrvD5iOkhipLZ9OBC6Z+Kxr8gHijlP8E/2VEDWp2TEI4y4PalusR0aiEkMK9G+aFPenTi6/7oUDZa5ePoBlSn4dtDiMkb9WT9fTv4W033G1PhszK8SEV7gM0ZlHyrt9vsThXW46jW1UhJfUZfQ4IzUAHZyfKlhux2mG3PIshCDI3fVIIu72b1YKV7ixkY39G8cq3B8pjCk7wLpVop7Bz8Ke9lf0qRL/cTsBcRYv5pH1B8L16tCHA/ZnYupxd++5vygxoK/F96rU5YuNpG2Xc4YhfW7/7u/CRECz1pIinU7Eanm0OPKUIwHgYKKwYBBAGDjBsCATEQEw51c2VyLWpvaW5pbmctMTA9BgkrBgECAQ8DAQExMBMuUW1aTFc2eTVtOGJyb1l1dEc0b2cyeW1YUlpVRGN4VmhkZ0hoaUtZS2hxdVVOcDBHBgNVHRExQBM+aWx5bTJleXB0eTVnbWFzcnB3djV0bjI1aWhsNnp3YnU3dDN5aXM3aTNhbzNwamRlbXR3NXAyYWQub25pb24wCgYIKoZIzj0EAwIDSAAwRQIhAJclKaxQLhPy8NHDIbipEmjrVtOqp7aXhzB9Wu8r3T/LAiB7+RGRT1sFjUy5Wk+IZTZ7I3xf1gi+PN9FCRngURsyyA==',
          'MIIDKTCCAtACAQAwSTFHMEUGA1UEAxM+ZTU3NmtyZ3YzeDdoeGVqd3lmYjR2Zml5eHdsbWdmNnUycTY0YW5nZ2J3c25ucnBlYzN1YmZvaWQub25pb24wWTATBgcqhkjOPQIBBggqhkjOPQMBBwNCAATnIhoeFv4HceoeOzC6x/n9E2zNgU18QQpohtiQIYs9qZtdpgQjOOHh98Nb0c6ix4Tf+Y5yBphKqhBZHTx/c60+oIICIzAuBgkqhkiG9w0BCQ4xITAfMB0GA1UdDgQWBBRPXKXKd+B8grn50ArRUFGbIm6h4jCCAUcGCSqGSIb3DQEJDDGCATgEggE0D9hxS1q2dIOXzWjJAaB3Q4YeSP8hPt9hx8BAEIeRiNOl0vbCcXBFibDmk2Bpu+vGd0ABl6SCCSew/ClC8nuU3o+ae6cefNC19thDGRv3RdxkvOMmZndXCuML5gwmCXGIvwG/lc0W8Vv03FCDC2vbWSGo+njmtEaEQTsZwrCl/TRQeWHGiB2sCXkH/DXueXByPKBgRMDqGcpmV2IhOsTuHF/7Cx5KT70CBIYw/JzJ2QjptZXlUtTiQ/cm/bpk+iHUmrn5JT70rQ0JNypYWl6BVEXHpyEEKwEb+HfyuJfinyk8j/WS+1zRTOFmx3XudtVlg/HrqHtO846ab44fMYmIeuLz2yd5h6MBi2urphuABlFaUqd2LbUYK0G4xL2WG+Ai5fE9Sbh8ZmGws5HCWHpvGhOmTkkwHgYKKwYBBAGDjBsCATEQEw51c2VyLWpvaW5pbmctMjA9BgkrBgECAQ8DAQExMBMuUW1RR0dzUGs4djFzeTNvQXdBMmVjZ2I2SldrMVhWekI4VTd2c0ZCMWREZlczYjBHBgNVHRExQBM+ZTU3NmtyZ3YzeDdoeGVqd3lmYjR2Zml5eHdsbWdmNnUycTY0YW5nZ2J3c25ucnBlYzN1YmZvaWQub25pb24wCgYIKoZIzj0EAwIDRwAwRAIgXQIcKPTyXTWAGWH4UiykpIBw/cO1T5rn5s08fTpXkYgCICCjjLNI3W4uZyyF0qHf0dmHG3turzM5SH19Qt/pAXwG'
        ]
      }
    ]
[2m[22m
[2m      [2mat Socket.<anonymous> ([22m[2msrc/utils.ts[2m:159:15)[22m[2m[22m
  [2mconsole.log[22m
    [e2e_4cc1hr73df40]: 2024-03-22T21:04:46.267Z backend:CertificatesStore Loaded certificates to memory
[2m[22m
[2m      [2mat Socket.<anonymous> ([22m[2msrc/utils.ts[2m:159:15)[22m[2m[22m
  [2mconsole.log[22m
    [e2e_4cc1hr73df40]: 2024-03-22T21:04:46.267Z backend:CertificatesStore All certificates: 3
    2024-03-22T21:04:46.267Z backend:CertificatesStore Valid certificates: 3
    2024-03-22T21:04:46.267Z backend:RegistrationService Not issuing certificates due to missing perms data
    2024-03-22T21:04:46.267Z backend:RegistrationService Finished issuing certificates
[2m[22m
[2m      [2mat Socket.<anonymous> ([22m[2msrc/utils.ts[2m:159:15)[22m[2m[22m
  [2mconsole.log[22m
    [e2e_4cc1hr73df40]: 2024-03-22T21:04:46.267Z backend:SocketService On addCsr
    2024-03-22T21:04:46.267Z backend:ConnectionsManagerService socketService - addCsr
[2m[22m
[2m      [2mat Socket.<anonymous> ([22m[2msrc/utils.ts[2m:159:15)[22m[2m[22m
  [2mconsole.log[22m
    [e2e_4cc1hr73df40]: 2024-03-22T21:04:46.278Z backend:CertificatesRequestsStore Added CSR to database
[2m[22m
[2m      [2mat Socket.<anonymous> ([22m[2msrc/utils.ts[2m:159:15)[22m[2m[22m
  [2mconsole.log[22m
    [e2e_4cc1hr73df40]: 2024-03-22T21:04:46.281Z backend:CertificatesRequestsStore DuplicatedCertBug {
      allEntries: [
        'MIIDIjCCAscCAQAwSTFHMEUGA1UEAxM+Mm90d2pyc3gzcGNmNmR2amhlb2w2djJ4Y3VpNm42cW40cmZraXBlMm9oM3Z5aWJpemlyNDZkaWQub25pb24wWTATBgcqhkjOPQIBBggqhkjOPQMBBwNCAASAyz/RAv61EQ7fSy3WbndIpaX9zi+r2BPNsF7eh2TyzlNUIqZ+ZGBrDPOP4ea+lYwAGYc0obSJgwiFRataRarIoIICGjAuBgkqhkiG9w0BCQ4xITAfMB0GA1UdDgQWBBRAQ+c+nMaAWHjxud5tJL3peqMp1zCCAUcGCSqGSIb3DQEJDDGCATgEggE0FVgLbFaN+gKO4Aqfjs/gNPtz+V9vgnwmOEuIipHYSyEyiZL7PmRutx07890ws44SwLYEKDBavLKfF1aSa1MOLps/bMWW2DDOngTVGyaWufh8OaBzxGIL3815BZLJF9VTgEuyJbOq3+XLZMj2fdEjXHTRvYURKZtc/O7FHYG5mOc7QTwkXd9jQ8tMYZ85wWJdR3ZLGWYfnrrplQTdkAq9H7DEH4OTypJSYjvhMBrDAZeFOe1nHVkJU14sO2x1rc9X1GQMYmLC4WxLcwdcyUh1aXOEev3VprQRQjaFznk0UHK33rn1q16YE5zc+3hhF03FOGSos8DMyQy3o10/p1fOI9oVSkFpKlx5OyZXz1uG6Utmt8htptEr4rE4jm9y6+r5DXm5nIjSZIbNgXh9boxyX7KvOkkwFQYKKwYBBAGDjBsCATEHEwVvd25lcjA9BgkrBgECAQ8DAQExMBMuUW1UcE5taXhzZlVTSEJtM3ZXdnZ1VGtndDJIZFhjMXNZaUJSdzRwTVJuODhHUjBHBgNVHRExQBM+Mm90d2pyc3gzcGNmNmR2amhlb2w2djJ4Y3VpNm42cW40cmZraXBlMm9oM3Z5aWJpemlyNDZkaWQub25pb24wCgYIKoZIzj0EAwIDSQAwRgIhAOK6Uac+lomfbGsOpT+M1/mZLNGmQ6uPXE4blwkpyla2AiEApkT1IJjfMgcYl613arLQ4nUrieyCoz8W8U+EWt1HhGM=',
        'MIIDKjCCAtACAQAwSTFHMEUGA1UEAxM+aWx5bTJleXB0eTVnbWFzcnB3djV0bjI1aWhsNnp3YnU3dDN5aXM3aTNhbzNwamRlbXR3NXAyYWQub25pb24wWTATBgcqhkjOPQIBBggqhkjOPQMBBwNCAASAc6Q7kSitT6fyLxEFZGkuuzNa9jtKyJR7X+dlJEEmw5Lt9tZZh33x2EjtrubvNXQ6o2Ok0bbirf38mNxlDpvYoIICIzAuBgkqhkiG9w0BCQ4xITAfMB0GA1UdDgQWBBSq+CkgQPuUKSTjGI+UdK61eLe3xzCCAUcGCSqGSIb3DQEJDDGCATgEggE0LxHEGHtvKSiDcFtzFUkCL4n71xN5ZfTPdAbFO34bUN1lRH9B8vVRIllPt7t78Us1jAQc0SbkZj/lmZdb/FlgjytUXwQCyU/4P+/XWsScrvD5iOkhipLZ9OBC6Z+Kxr8gHijlP8E/2VEDWp2TEI4y4PalusR0aiEkMK9G+aFPenTi6/7oUDZa5ePoBlSn4dtDiMkb9WT9fTv4W033G1PhszK8SEV7gM0ZlHyrt9vsThXW46jW1UhJfUZfQ4IzUAHZyfKlhux2mG3PIshCDI3fVIIu72b1YKV7ixkY39G8cq3B8pjCk7wLpVop7Bz8Ke9lf0qRL/cTsBcRYv5pH1B8L16tCHA/ZnYupxd++5vygxoK/F96rU5YuNpG2Xc4YhfW7/7u/CRECz1pIinU7Eanm0OPKUIwHgYKKwYBBAGDjBsCATEQEw51c2VyLWpvaW5pbmctMTA9BgkrBgECAQ8DAQExMBMuUW1aTFc2eTVtOGJyb1l1dEc0b2cyeW1YUlpVRGN4VmhkZ0hoaUtZS2hxdVVOcDBHBgNVHRExQBM+aWx5bTJleXB0eTVnbWFzcnB3djV0bjI1aWhsNnp3YnU3dDN5aXM3aTNhbzNwamRlbXR3NXAyYWQub25pb24wCgYIKoZIzj0EAwIDSAAwRQIhAJclKaxQLhPy8NHDIbipEmjrVtOqp7aXhzB9Wu8r3T/LAiB7+RGRT1sFjUy5Wk+IZTZ7I3xf1gi+PN9FCRngURsyyA==',
        'MIIDKjCCAtACAQAwSTFHMEUGA1UEAxM+ZTU3NmtyZ3YzeDdoeGVqd3lmYjR2Zml5eHdsbWdmNnUycTY0YW5nZ2J3c25ucnBlYzN1YmZvaWQub25pb24wWTATBgcqhkjOPQIBBggqhkjOPQMBBwNCAATnIhoeFv4HceoeOzC6x/n9E2zNgU18QQpohtiQIYs9qZtdpgQjOOHh98Nb0c6ix4Tf+Y5yBphKqhBZHTx/c60+oIICIzAuBgkqhkiG9w0BCQ4xITAfMB0GA1UdDgQWBBRPXKXKd+B8grn50ArRUFGbIm6h4jCCAUcGCSqGSIb3DQEJDDGCATgEggE0D9hxS1q2dIOXzWjJAaB3Q4YeSP8hPt9hx8BAEIeRiNOl0vbCcXBFibDmk2Bpu+vGd0ABl6SCCSew/ClC8nuU3o+ae6cefNC19thDGRv3RdxkvOMmZndXCuML5gwmCXGIvwG/lc0W8Vv03FCDC2vbWSGo+njmtEaEQTsZwrCl/TRQeWHGiB2sCXkH/DXueXByPKBgRMDqGcpmV2IhOsTuHF/7Cx5KT70CBIYw/JzJ2QjptZXlUtTiQ/cm/bpk+iHUmrn5JT70rQ0JNypYWl6BVEXHpyEEKwEb+HfyuJfinyk8j/WS+1zRTOFmx3XudtVlg/HrqHtO846ab44fMYmIeuLz2yd5h6MBi2urphuABlFaUqd2LbUYK0G4xL2WG+Ai5fE9Sbh8ZmGws5HCWHpvGhOmTkkwHgYKKwYBBAGDjBsCATEQEw51c2VyLWpvaW5pbmctMTA9BgkrBgECAQ8DAQExMBMuUW1RR0dzUGs4djFzeTNvQXdBMmVjZ2I2SldrMVhWekI4VTd2c0ZCMWREZlczYjBHBgNVHRExQBM+ZTU3NmtyZ3YzeDdoeGVqd3lmYjR2Zml5eHdsbWdmNnUycTY0YW5nZ2J3c25ucnBlYzN1YmZvaWQub25pb24wCgYIKoZIzj0EAwIDSAAwRQIgag3Elvsz6Cfm3OGkt5j5BjTvItNqKyKd4FRzlDovpyYCIQCLRWqVmjQrYkMO4om3ktje5V8LLKfuCUzcT/eO+7T+ew==',
        'MIIDKTCCAtACAQAwSTFHMEUGA1UEAxM+ZTU3NmtyZ3YzeDdoeGVqd3lmYjR2Zml5eHdsbWdmNnUycTY0YW5nZ2J3c25ucnBlYzN1YmZvaWQub25pb24wWTATBgcqhkjOPQIBBggqhkjOPQMBBwNCAATnIhoeFv4HceoeOzC6x/n9E2zNgU18QQpohtiQIYs9qZtdpgQjOOHh98Nb0c6ix4Tf+Y5yBphKqhBZHTx/c60+oIICIzAuBgkqhkiG9w0BCQ4xITAfMB0GA1UdDgQWBBRPXKXKd+B8grn50ArRUFGbIm6h4jCCAUcGCSqGSIb3DQEJDDGCATgEggE0D9hxS1q2dIOXzWjJAaB3Q4YeSP8hPt9hx8BAEIeRiNOl0vbCcXBFibDmk2Bpu+vGd0ABl6SCCSew/ClC8nuU3o+ae6cefNC19thDGRv3RdxkvOMmZndXCuML5gwmCXGIvwG/lc0W8Vv03FCDC2vbWSGo+njmtEaEQTsZwrCl/TRQeWHGiB2sCXkH/DXueXByPKBgRMDqGcpmV2IhOsTuHF/7Cx5KT70CBIYw/JzJ2QjptZXlUtTiQ/cm/bpk+iHUmrn5JT70rQ0JNypYWl6BVEXHpyEEKwEb+HfyuJfinyk8j/WS+1zRTOFmx3XudtVlg/HrqHtO846ab44fMYmIeuLz2yd5h6MBi2urphuABlFaUqd2LbUYK0G4xL2WG+Ai5fE9Sbh8ZmGws5HCWHpvGhOmTkkwHgYKKwYBBAGDjBsCATEQEw51c2VyLWpvaW5pbmctMjA9BgkrBgECAQ8DAQExMBMuUW1RR0dzUGs4djFzeTNvQXdBMmVjZ2I2SldrMVhWekI4VTd2c0ZCMWREZlczYjBHBgNVHRExQBM+ZTU3NmtyZ3YzeDdoeGVqd3lmYjR2Zml5eHdsbWdmNnUycTY0YW5nZ2J3c25ucnBlYzN1YmZvaWQub25pb24wCgYIKoZIzj0EAwIDRwAwRAIgXQIcKPTyXTWAGWH4UiykpIBw/cO1T5rn5s08fTpXkYgCICCjjLNI3W4uZyyF0qHf0dmHG3turzM5SH19Qt/pAXwG',
        'MIIDKzCCAtICAQAwSTFHMEUGA1UEAxM+NzRsaXVtenRzaTR3NHpieHdnYXBuM29rMnZmY2FzeGx1ajdkamZnZzZqenZ1Zm9oZnVmbnljYWQub25pb24wWTATBgcqhkjOPQIBBggqhkjOPQMBBwNCAARkis+vRRj55wPofAsnqogdQJ9cswjXY+mghUo4MrLNneX92bxSMOp0C6mlH8RAzlOsdFs53yDXVn4W8PrIC9AdoIICJTAuBgkqhkiG9w0BCQ4xITAfMB0GA1UdDgQWBBSzaZiL7t1QdBpWxislFO3Gh61hjDCCAUcGCSqGSIb3DQEJDDGCATgEggE0InyPnWtRIGwri45rJnHiUKRXC44BCaSBY1a05jxw2zC8hvQaqFqPen37UORsSYAJh4S4RC7ZgM2QjR7h5zadwt3tjbDsdEFho1z6idXD9iyvwqCbB29cx0nWeWk9U8BS8zAptGzIPj5fuOEZN+pJt0FSJl9BmQGV052jP1Ji+vB2rjQrIf3FHsymL5ttO5znTs7UisJhRoxC18a61y+WOgsNXUAwT2TD0kzAiPjUkgIzpDM1zuD7wrlT3obU/DaqoNFgr0vSoe9QS7gapuVnZ0SvJtxJzweEWTUigEcldUeE4Y1qy6GJ4ctYzEeavpJgZDdDwMqPrd5KiNqYAdI+hpEkKLn7ufK1mmBVq1437F81OK4OPdNrqSTYZeF577zInpB/GxXcNyKfhZThCkZBFvN7V9UwIAYKKwYBBAGDjBsCATESExB1c2VyLWpvaW5pbmctMS0xMD0GCSsGAQIBDwMBATEwEy5RbWJrR1BWMVVnUFM3Yjg1ODhIQW9tVGlqbW9qdUtYak5ZYk1nWjZQZ1F0Z3NoMEcGA1UdETFAEz43NGxpdW16dHNpNHc0emJ4d2dhcG4zb2sydmZjYXN4bHVqN2RqZmdnNmp6dnVmb2hmdWZueWNhZC5vbmlvbjAKBggqhkjOPQQDAgNHADBEAiA0v1FpJiZO7V7lO/xfAPHkL2o8SQOzhyj/npttxvbm3wIgV7tNC9FrP2wHhfFSbyFkI9ETI7vSJB+Fqn6y2byZW/Q='
      ]
    }
[2m[22m
[2m      [2mat Socket.<anonymous> ([22m[2msrc/utils.ts[2m:159:15)[22m[2m[22m
  [2mconsole.log[22m
    [e2e_4cc1hr73df40]: 2024-03-22T21:04:46.287Z backend:CertificatesRequestsStore DuplicatedCertBug [...filteredCsrsMap.values()] [
      'MIIDIjCCAscCAQAwSTFHMEUGA1UEAxM+Mm90d2pyc3gzcGNmNmR2amhlb2w2djJ4Y3VpNm42cW40cmZraXBlMm9oM3Z5aWJpemlyNDZkaWQub25pb24wWTATBgcqhkjOPQIBBggqhkjOPQMBBwNCAASAyz/RAv61EQ7fSy3WbndIpaX9zi+r2BPNsF7eh2TyzlNUIqZ+ZGBrDPOP4ea+lYwAGYc0obSJgwiFRataRarIoIICGjAuBgkqhkiG9w0BCQ4xITAfMB0GA1UdDgQWBBRAQ+c+nMaAWHjxud5tJL3peqMp1zCCAUcGCSqGSIb3DQEJDDGCATgEggE0FVgLbFaN+gKO4Aqfjs/gNPtz+V9vgnwmOEuIipHYSyEyiZL7PmRutx07890ws44SwLYEKDBavLKfF1aSa1MOLps/bMWW2DDOngTVGyaWufh8OaBzxGIL3815BZLJF9VTgEuyJbOq3+XLZMj2fdEjXHTRvYURKZtc/O7FHYG5mOc7QTwkXd9jQ8tMYZ85wWJdR3ZLGWYfnrrplQTdkAq9H7DEH4OTypJSYjvhMBrDAZeFOe1nHVkJU14sO2x1rc9X1GQMYmLC4WxLcwdcyUh1aXOEev3VprQRQjaFznk0UHK33rn1q16YE5zc+3hhF03FOGSos8DMyQy3o10/p1fOI9oVSkFpKlx5OyZXz1uG6Utmt8htptEr4rE4jm9y6+r5DXm5nIjSZIbNgXh9boxyX7KvOkkwFQYKKwYBBAGDjBsCATEHEwVvd25lcjA9BgkrBgECAQ8DAQExMBMuUW1UcE5taXhzZlVTSEJtM3ZXdnZ1VGtndDJIZFhjMXNZaUJSdzRwTVJuODhHUjBHBgNVHRExQBM+Mm90d2pyc3gzcGNmNmR2amhlb2w2djJ4Y3VpNm42cW40cmZraXBlMm9oM3Z5aWJpemlyNDZkaWQub25pb24wCgYIKoZIzj0EAwIDSQAwRgIhAOK6Uac+lomfbGsOpT+M1/mZLNGmQ6uPXE4blwkpyla2AiEApkT1IJjfMgcYl613arLQ4nUrieyCoz8W8U+EWt1HhGM=',
      'MIIDKjCCAtACAQAwSTFHMEUGA1UEAxM+aWx5bTJleXB0eTVnbWFzcnB3djV0bjI1aWhsNnp3YnU3dDN5aXM3aTNhbzNwamRlbXR3NXAyYWQub25pb24wWTATBgcqhkjOPQIBBggqhkjOPQMBBwNCAASAc6Q7kSitT6fyLxEFZGkuuzNa9jtKyJR7X+dlJEEmw5Lt9tZZh33x2EjtrubvNXQ6o2Ok0bbirf38mNxlDpvYoIICIzAuBgkqhkiG9w0BCQ4xITAfMB0GA1UdDgQWBBSq+CkgQPuUKSTjGI+UdK61eLe3xzCCAUcGCSqGSIb3DQEJDDGCATgEggE0LxHEGHtvKSiDcFtzFUkCL4n71xN5ZfTPdAbFO34bUN1lRH9B8vVRIllPt7t78Us1jAQc0SbkZj/lmZdb/FlgjytUXwQCyU/4P+/XWsScrvD5iOkhipLZ9OBC6Z+Kxr8gHijlP8E/2VEDWp2TEI4y4PalusR0aiEkMK9G+aFPenTi6/7oUDZa5ePoBlSn4dtDiMkb9WT9fTv4W033G1PhszK8SEV7gM0ZlHyrt9vsThXW46jW1UhJfUZfQ4IzUAHZyfKlhux2mG3PIshCDI3fVIIu72b1YKV7ixkY39G8cq3B8pjCk7wLpVop7Bz8Ke9lf0qRL/cTsBcRYv5pH1B8L16tCHA/ZnYupxd++5vygxoK/F96rU5YuNpG2Xc4YhfW7/7u/CRECz1pIinU7Eanm0OPKUIwHgYKKwYBBAGDjBsCATEQEw51c2VyLWpvaW5pbmctMTA9BgkrBgECAQ8DAQExMBMuUW1aTFc2eTVtOGJyb1l1dEc0b2cyeW1YUlpVRGN4VmhkZ0hoaUtZS2hxdVVOcDBHBgNVHRExQBM+aWx5bTJleXB0eTVnbWFzcnB3djV0bjI1aWhsNnp3YnU3dDN5aXM3aTNhbzNwamRlbXR3NXAyYWQub25pb24wCgYIKoZIzj0EAwIDSAAwRQIhAJclKaxQLhPy8NHDIbipEmjrVtOqp7aXhzB9Wu8r3T/LAiB7+RGRT1sFjUy5Wk+IZTZ7I3xf1gi+PN9FCRngURsyyA==',
      'MIIDKTCCAtACAQAwSTFHMEUGA1UEAxM+ZTU3NmtyZ3YzeDdoeGVqd3lmYjR2Zml5eHdsbWdmNnUycTY0YW5nZ2J3c25ucnBlYzN1YmZvaWQub25pb24wWTATBgcqhkjOPQIBBggqhkjOPQMBBwNCAATnIhoeFv4HceoeOzC6x/n9E2zNgU18QQpohtiQIYs9qZtdpgQjOOHh98Nb0c6ix4Tf+Y5yBphKqhBZHTx/c60+oIICIzAuBgkqhkiG9w0BCQ4xITAfMB0GA1UdDgQWBBRPXKXKd+B8grn50ArRUFGbIm6h4jCCAUcGCSqGSIb3DQEJDDGCATgEggE0D9hxS1q2dIOXzWjJAaB3Q4YeSP8hPt9hx8BAEIeRiNOl0vbCcXBFibDmk2Bpu+vGd0ABl6SCCSew/ClC8nuU3o+ae6cefNC19thDGRv3RdxkvOMmZndXCuML5gwmCXGIvwG/lc0W8Vv03FCDC2vbWSGo+njmtEaEQTsZwrCl/TRQeWHGiB2sCXkH/DXueXByPKBgRMDqGcpmV2IhOsTuHF/7Cx5KT70CBIYw/JzJ2QjptZXlUtTiQ/cm/bpk+iHUmrn5JT70rQ0JNypYWl6BVEXHpyEEKwEb+HfyuJfinyk8j/WS+1zRTOFmx3XudtVlg/HrqHtO846ab44fMYmIeuLz2yd5h6MBi2urphuABlFaUqd2LbUYK0G4xL2WG+Ai5fE9Sbh8ZmGws5HCWHpvGhOmTkkwHgYKKwYBBAGDjBsCATEQEw51c2VyLWpvaW5pbmctMjA9BgkrBgECAQ8DAQExMBMuUW1RR0dzUGs4djFzeTNvQXdBMmVjZ2I2SldrMVhWekI4VTd2c0ZCMWREZlczYjBHBgNVHRExQBM+ZTU3NmtyZ3YzeDdoeGVqd3lmYjR2Zml5eHdsbWdmNnUycTY0YW5nZ2J3c25ucnBlYzN1YmZvaWQub25pb24wCgYIKoZIzj0EAwIDRwAwRAIgXQIcKPTyXTWAGWH4UiykpIBw/cO1T5rn5s08fTpXkYgCICCjjLNI3W4uZyyF0qHf0dmHG3turzM5SH19Qt/pAXwG',
      'MIIDKzCCAtICAQAwSTFHMEUGA1UEAxM+NzRsaXVtenRzaTR3NHpieHdnYXBuM29rMnZmY2FzeGx1ajdkamZnZzZqenZ1Zm9oZnVmbnljYWQub25pb24wWTATBgcqhkjOPQIBBggqhkjOPQMBBwNCAARkis+vRRj55wPofAsnqogdQJ9cswjXY+mghUo4MrLNneX92bxSMOp0C6mlH8RAzlOsdFs53yDXVn4W8PrIC9AdoIICJTAuBgkqhkiG9w0BCQ4xITAfMB0GA1UdDgQWBBSzaZiL7t1QdBpWxislFO3Gh61hjDCCAUcGCSqGSIb3DQEJDDGCATgEggE0InyPnWtRIGwri45rJnHiUKRXC44BCaSBY1a05jxw2zC8hvQaqFqPen37UORsSYAJh4S4RC7ZgM2QjR7h5zadwt3tjbDsdEFho1z6idXD9iyvwqCbB29cx0nWeWk9U8BS8zAptGzIPj5fuOEZN+pJt0FSJl9BmQGV052jP1Ji+vB2rjQrIf3FHsymL5ttO5znTs7UisJhRoxC18a61y+WOgsNXUAwT2TD0kzAiPjUkgIzpDM1zuD7wrlT3obU/DaqoNFgr0vSoe9QS7gapuVnZ0SvJtxJzweEWTUigEcldUeE4Y1qy6GJ4ctYzEeavpJgZDdDwMqPrd5KiNqYAdI+hpEkKLn7ufK1mmBVq1437F81OK4OPdNrqSTYZeF577zInpB/GxXcNyKfhZThCkZBFvN7V9UwIAYKKwYBBAGDjBsCATESExB1c2VyLWpvaW5pbmctMS0xMD0GCSsGAQIBDwMBATEwEy5RbWJrR1BWMVVnUFM3Yjg1ODhIQW9tVGlqbW9qdUtYak5ZYk1nWjZQZ1F0Z3NoMEcGA1UdETFAEz43NGxpdW16dHNpNHc0emJ4d2dhcG4zb2sydmZjYXN4bHVqN2RqZmdnNmp6dnVmb2hmdWZueWNhZC5vbmlvbjAKBggqhkjOPQQDAgNHADBEAiA0v1FpJiZO7V7lO/xfAPHkL2o8SQOzhyj/npttxvbm3wIgV7tNC9FrP2wHhfFSbyFkI9ETI7vSJB+Fqn6y2byZW/Q='
    ]
[2m[22m
[2m      [2mat Socket.<anonymous> ([22m[2msrc/utils.ts[2m:159:15)[22m[2m[22m
  [2mconsole.log[22m
    [e2e_4cc1hr73df40]: 2024-03-22T21:04:46.287Z backend:ConnectionsManagerService Storage - csrsStored
[2m[22m
[2m      [2mat Socket.<anonymous> ([22m[2msrc/utils.ts[2m:159:15)[22m[2m[22m
  [2mconsole.log[22m
    [e2e_4cc1hr73df40]: 2024-03-22T21:04:46.289Z backend:StorageService csrs count: 5
[2m[22m
[2m      [2mat Socket.<anonymous> ([22m[2msrc/utils.ts[2m:159:15)[22m[2m[22m
  [2mconsole.log[22m
    stdout:
    updatePeersList, peers count: 5
[2m[22m
[2m      [2mat Socket.<anonymous> ([22m[2msrc/utils.ts[2m:149:15)[22m[2m[22m
  [2mconsole.log[22m
    [e2e_4cc1hr73df40]: 2024-03-22T21:04:46.292Z backend:StorageService csrs count: 5
[2m[22m
[2m      [2mat Socket.<anonymous> ([22m[2msrc/utils.ts[2m:159:15)[22m[2m[22m
  [2mconsole.log[22m
    stdout:
    updatePeersList, peers count: 5
[2m[22m
[2m      [2mat Socket.<anonymous> ([22m[2msrc/utils.ts[2m:149:15)[22m[2m[22m
  [2mconsole.log[22m
    [e2e_4cc1hr73df40]: 2024-03-22T21:04:46.294Z backend:Libp2pService Dialing 1 addresses
    2024-03-22T21:04:46.294Z backend:ProcessInChunksService Updating data with 1 items
    2024-03-22T21:04:46.294Z backend:ProcessInChunksService Processing 1 items
    2024-03-22T21:04:46.294Z backend:Libp2pService Dialing 0 addresses
    2024-03-22T21:04:46.294Z backend:ProcessInChunksService Updating data with 0 items
    2024-03-22T21:04:46.294Z backend:ProcessInChunksService Processing 0 items
[2m[22m
[2m      [2mat Socket.<anonymous> ([22m[2msrc/utils.ts[2m:159:15)[22m[2m[22m
  [2mconsole.log[22m
    [e2e_4cc1hr73df40]: 2024-03-22T21:04:46.294Z backend:RegistrationService Trying to issue certificates false [
      {
        csrs: [
          'MIIDIjCCAscCAQAwSTFHMEUGA1UEAxM+Mm90d2pyc3gzcGNmNmR2amhlb2w2djJ4Y3VpNm42cW40cmZraXBlMm9oM3Z5aWJpemlyNDZkaWQub25pb24wWTATBgcqhkjOPQIBBggqhkjOPQMBBwNCAASAyz/RAv61EQ7fSy3WbndIpaX9zi+r2BPNsF7eh2TyzlNUIqZ+ZGBrDPOP4ea+lYwAGYc0obSJgwiFRataRarIoIICGjAuBgkqhkiG9w0BCQ4xITAfMB0GA1UdDgQWBBRAQ+c+nMaAWHjxud5tJL3peqMp1zCCAUcGCSqGSIb3DQEJDDGCATgEggE0FVgLbFaN+gKO4Aqfjs/gNPtz+V9vgnwmOEuIipHYSyEyiZL7PmRutx07890ws44SwLYEKDBavLKfF1aSa1MOLps/bMWW2DDOngTVGyaWufh8OaBzxGIL3815BZLJF9VTgEuyJbOq3+XLZMj2fdEjXHTRvYURKZtc/O7FHYG5mOc7QTwkXd9jQ8tMYZ85wWJdR3ZLGWYfnrrplQTdkAq9H7DEH4OTypJSYjvhMBrDAZeFOe1nHVkJU14sO2x1rc9X1GQMYmLC4WxLcwdcyUh1aXOEev3VprQRQjaFznk0UHK33rn1q16YE5zc+3hhF03FOGSos8DMyQy3o10/p1fOI9oVSkFpKlx5OyZXz1uG6Utmt8htptEr4rE4jm9y6+r5DXm5nIjSZIbNgXh9boxyX7KvOkkwFQYKKwYBBAGDjBsCATEHEwVvd25lcjA9BgkrBgECAQ8DAQExMBMuUW1UcE5taXhzZlVTSEJtM3ZXdnZ1VGtndDJIZFhjMXNZaUJSdzRwTVJuODhHUjBHBgNVHRExQBM+Mm90d2pyc3gzcGNmNmR2amhlb2w2djJ4Y3VpNm42cW40cmZraXBlMm9oM3Z5aWJpemlyNDZkaWQub25pb24wCgYIKoZIzj0EAwIDSQAwRgIhAOK6Uac+lomfbGsOpT+M1/mZLNGmQ6uPXE4blwkpyla2AiEApkT1IJjfMgcYl613arLQ4nUrieyCoz8W8U+EWt1HhGM=',
          'MIIDKjCCAtACAQAwSTFHMEUGA1UEAxM+aWx5bTJleXB0eTVnbWFzcnB3djV0bjI1aWhsNnp3YnU3dDN5aXM3aTNhbzNwamRlbXR3NXAyYWQub25pb24wWTATBgcqhkjOPQIBBggqhkjOPQMBBwNCAASAc6Q7kSitT6fyLxEFZGkuuzNa9jtKyJR7X+dlJEEmw5Lt9tZZh33x2EjtrubvNXQ6o2Ok0bbirf38mNxlDpvYoIICIzAuBgkqhkiG9w0BCQ4xITAfMB0GA1UdDgQWBBSq+CkgQPuUKSTjGI+UdK61eLe3xzCCAUcGCSqGSIb3DQEJDDGCATgEggE0LxHEGHtvKSiDcFtzFUkCL4n71xN5ZfTPdAbFO34bUN1lRH9B8vVRIllPt7t78Us1jAQc0SbkZj/lmZdb/FlgjytUXwQCyU/4P+/XWsScrvD5iOkhipLZ9OBC6Z+Kxr8gHijlP8E/2VEDWp2TEI4y4PalusR0aiEkMK9G+aFPenTi6/7oUDZa5ePoBlSn4dtDiMkb9WT9fTv4W033G1PhszK8SEV7gM0ZlHyrt9vsThXW46jW1UhJfUZfQ4IzUAHZyfKlhux2mG3PIshCDI3fVIIu72b1YKV7ixkY39G8cq3B8pjCk7wLpVop7Bz8Ke9lf0qRL/cTsBcRYv5pH1B8L16tCHA/ZnYupxd++5vygxoK/F96rU5YuNpG2Xc4YhfW7/7u/CRECz1pIinU7Eanm0OPKUIwHgYKKwYBBAGDjBsCATEQEw51c2VyLWpvaW5pbmctMTA9BgkrBgECAQ8DAQExMBMuUW1aTFc2eTVtOGJyb1l1dEc0b2cyeW1YUlpVRGN4VmhkZ0hoaUtZS2hxdVVOcDBHBgNVHRExQBM+aWx5bTJleXB0eTVnbWFzcnB3djV0bjI1aWhsNnp3YnU3dDN5aXM3aTNhbzNwamRlbXR3NXAyYWQub25pb24wCgYIKoZIzj0EAwIDSAAwRQIhAJclKaxQLhPy8NHDIbipEmjrVtOqp7aXhzB9Wu8r3T/LAiB7+RGRT1sFjUy5Wk+IZTZ7I3xf1gi+PN9FCRngURsyyA==',
          'MIIDKTCCAtACAQAwSTFHMEUGA1UEAxM+ZTU3NmtyZ3YzeDdoeGVqd3lmYjR2Zml5eHdsbWdmNnUycTY0YW5nZ2J3c25ucnBlYzN1YmZvaWQub25pb24wWTATBgcqhkjOPQIBBggqhkjOPQMBBwNCAATnIhoeFv4HceoeOzC6x/n9E2zNgU18QQpohtiQIYs9qZtdpgQjOOHh98Nb0c6ix4Tf+Y5yBphKqhBZHTx/c60+oIICIzAuBgkqhkiG9w0BCQ4xITAfMB0GA1UdDgQWBBRPXKXKd+B8grn50ArRUFGbIm6h4jCCAUcGCSqGSIb3DQEJDDGCATgEggE0D9hxS1q2dIOXzWjJAaB3Q4YeSP8hPt9hx8BAEIeRiNOl0vbCcXBFibDmk2Bpu+vGd0ABl6SCCSew/ClC8nuU3o+ae6cefNC19thDGRv3RdxkvOMmZndXCuML5gwmCXGIvwG/lc0W8Vv03FCDC2vbWSGo+njmtEaEQTsZwrCl/TRQeWHGiB2sCXkH/DXueXByPKBgRMDqGcpmV2IhOsTuHF/7Cx5KT70CBIYw/JzJ2QjptZXlUtTiQ/cm/bpk+iHUmrn5JT70rQ0JNypYWl6BVEXHpyEEKwEb+HfyuJfinyk8j/WS+1zRTOFmx3XudtVlg/HrqHtO846ab44fMYmIeuLz2yd5h6MBi2urphuABlFaUqd2LbUYK0G4xL2WG+Ai5fE9Sbh8ZmGws5HCWHpvGhOmTkkwHgYKKwYBBAGDjBsCATEQEw51c2VyLWpvaW5pbmctMjA9BgkrBgECAQ8DAQExMBMuUW1RR0dzUGs4djFzeTNvQXdBMmVjZ2I2SldrMVhWekI4VTd2c0ZCMWREZlczYjBHBgNVHRExQBM+ZTU3NmtyZ3YzeDdoeGVqd3lmYjR2Zml5eHdsbWdmNnUycTY0YW5nZ2J3c25ucnBlYzN1YmZvaWQub25pb24wCgYIKoZIzj0EAwIDRwAwRAIgXQIcKPTyXTWAGWH4UiykpIBw/cO1T5rn5s08fTpXkYgCICCjjLNI3W4uZyyF0qHf0dmHG3turzM5SH19Qt/pAXwG',
          'MIIDKzCCAtICAQAwSTFHMEUGA1UEAxM+NzRsaXVtenRzaTR3NHpieHdnYXBuM29rMnZmY2FzeGx1ajdkamZnZzZqenZ1Zm9oZnVmbnljYWQub25pb24wWTATBgcqhkjOPQIBBggqhkjOPQMBBwNCAARkis+vRRj55wPofAsnqogdQJ9cswjXY+mghUo4MrLNneX92bxSMOp0C6mlH8RAzlOsdFs53yDXVn4W8PrIC9AdoIICJTAuBgkqhkiG9w0BCQ4xITAfMB0GA1UdDgQWBBSzaZiL7t1QdBpWxislFO3Gh61hjDCCAUcGCSqGSIb3DQEJDDGCATgEggE0InyPnWtRIGwri45rJnHiUKRXC44BCaSBY1a05jxw2zC8hvQaqFqPen37UORsSYAJh4S4RC7ZgM2QjR7h5zadwt3tjbDsdEFho1z6idXD9iyvwqCbB29cx0nWeWk9U8BS8zAptGzIPj5fuOEZN+pJt0FSJl9BmQGV052jP1Ji+vB2rjQrIf3FHsymL5ttO5znTs7UisJhRoxC18a61y+WOgsNXUAwT2TD0kzAiPjUkgIzpDM1zuD7wrlT3obU/DaqoNFgr0vSoe9QS7gapuVnZ0SvJtxJzweEWTUigEcldUeE4Y1qy6GJ4ctYzEeavpJgZDdDwMqPrd5KiNqYAdI+hpEkKLn7ufK1mmBVq1437F81OK4OPdNrqSTYZeF577zInpB/GxXcNyKfhZThCkZBFvN7V9UwIAYKKwYBBAGDjBsCATESExB1c2VyLWpvaW5pbmctMS0xMD0GCSsGAQIBDwMBATEwEy5RbWJrR1BWMVVnUFM3Yjg1ODhIQW9tVGlqbW9qdUtYak5ZYk1nWjZQZ1F0Z3NoMEcGA1UdETFAEz43NGxpdW16dHNpNHc0emJ4d2dhcG4zb2sydmZjYXN4bHVqN2RqZmdnNmp6dnVmb2hmdWZueWNhZC5vbmlvbjAKBggqhkjOPQQDAgNHADBEAiA0v1FpJiZO7V7lO/xfAPHkL2o8SQOzhyj/npttxvbm3wIgV7tNC9FrP2wHhfFSbyFkI9ETI7vSJB+Fqn6y2byZW/Q='
        ]
      }
    ]
    2024-03-22T21:04:46.294Z backend:RegistrationService Issuing certificates {
      csrs: [
        'MIIDIjCCAscCAQAwSTFHMEUGA1UEAxM+Mm90d2pyc3gzcGNmNmR2amhlb2w2djJ4Y3VpNm42cW40cmZraXBlMm9oM3Z5aWJpemlyNDZkaWQub25pb24wWTATBgcqhkjOPQIBBggqhkjOPQMBBwNCAASAyz/RAv61EQ7fSy3WbndIpaX9zi+r2BPNsF7eh2TyzlNUIqZ+ZGBrDPOP4ea+lYwAGYc0obSJgwiFRataRarIoIICGjAuBgkqhkiG9w0BCQ4xITAfMB0GA1UdDgQWBBRAQ+c+nMaAWHjxud5tJL3peqMp1zCCAUcGCSqGSIb3DQEJDDGCATgEggE0FVgLbFaN+gKO4Aqfjs/gNPtz+V9vgnwmOEuIipHYSyEyiZL7PmRutx07890ws44SwLYEKDBavLKfF1aSa1MOLps/bMWW2DDOngTVGyaWufh8OaBzxGIL3815BZLJF9VTgEuyJbOq3+XLZMj2fdEjXHTRvYURKZtc/O7FHYG5mOc7QTwkXd9jQ8tMYZ85wWJdR3ZLGWYfnrrplQTdkAq9H7DEH4OTypJSYjvhMBrDAZeFOe1nHVkJU14sO2x1rc9X1GQMYmLC4WxLcwdcyUh1aXOEev3VprQRQjaFznk0UHK33rn1q16YE5zc+3hhF03FOGSos8DMyQy3o10/p1fOI9oVSkFpKlx5OyZXz1uG6Utmt8htptEr4rE4jm9y6+r5DXm5nIjSZIbNgXh9boxyX7KvOkkwFQYKKwYBBAGDjBsCATEHEwVvd25lcjA9BgkrBgECAQ8DAQExMBMuUW1UcE5taXhzZlVTSEJtM3ZXdnZ1VGtndDJIZFhjMXNZaUJSdzRwTVJuODhHUjBHBgNVHRExQBM+Mm90d2pyc3gzcGNmNmR2amhlb2w2djJ4Y3VpNm42cW40cmZraXBlMm9oM3Z5aWJpemlyNDZkaWQub25pb24wCgYIKoZIzj0EAwIDSQAwRgIhAOK6Uac+lomfbGsOpT+M1/mZLNGmQ6uPXE4blwkpyla2AiEApkT1IJjfMgcYl613arLQ4nUrieyCoz8W8U+EWt1HhGM=',
        'MIIDKjCCAtACAQAwSTFHMEUGA1UEAxM+aWx5bTJleXB0eTVnbWFzcnB3djV0bjI1aWhsNnp3YnU3dDN5aXM3aTNhbzNwamRlbXR3NXAyYWQub25pb24wWTATBgcqhkjOPQIBBggqhkjOPQMBBwNCAASAc6Q7kSitT6fyLxEFZGkuuzNa9jtKyJR7X+dlJEEmw5Lt9tZZh33x2EjtrubvNXQ6o2Ok0bbirf38mNxlDpvYoIICIzAuBgkqhkiG9w0BCQ4xITAfMB0GA1UdDgQWBBSq+CkgQPuUKSTjGI+UdK61eLe3xzCCAUcGCSqGSIb3DQEJDDGCATgEggE0LxHEGHtvKSiDcFtzFUkCL4n71xN5ZfTPdAbFO34bUN1lRH9B8vVRIllPt7t78Us1jAQc0SbkZj/lmZdb/FlgjytUXwQCyU/4P+/XWsScrvD5iOkhipLZ9OBC6Z+Kxr8gHijlP8E/2VEDWp2TEI4y4PalusR0aiEkMK9G+aFPenTi6/7oUDZa5ePoBlSn4dtDiMkb9WT9fTv4W033G1PhszK8SEV7gM0ZlHyrt9vsThXW46jW1UhJfUZfQ4IzUAHZyfKlhux2mG3PIshCDI3fVIIu72b1YKV7ixkY39G8cq3B8pjCk7wLpVop7Bz8Ke9lf0qRL/cTsBcRYv5pH1B8L16tCHA/ZnYupxd++5vygxoK/F96rU5YuNpG2Xc4YhfW7/7u/CRECz1pIinU7Eanm0OPKUIwHgYKKwYBBAGDjBsCATEQEw51c2VyLWpvaW5pbmctMTA9BgkrBgECAQ8DAQExMBMuUW1aTFc2eTVtOGJyb1l1dEc0b2cyeW1YUlpVRGN4VmhkZ0hoaUtZS2hxdVVOcDBHBgNVHRExQBM+aWx5bTJleXB0eTVnbWFzcnB3djV0bjI1aWhsNnp3YnU3dDN5aXM3aTNhbzNwamRlbXR3NXAyYWQub25pb24wCgYIKoZIzj0EAwIDSAAwRQIhAJclKaxQLhPy8NHDIbipEmjrVtOqp7aXhzB9Wu8r3T/LAiB7+RGRT1sFjUy5Wk+IZTZ7I3xf1gi+PN9FCRngURsyyA==',
        'MIIDKTCCAtACAQAwSTFHMEUGA1UEAxM+ZTU3NmtyZ3YzeDdoeGVqd3lmYjR2Zml5eHdsbWdmNnUycTY0YW5nZ2J3c25ucnBlYzN1YmZvaWQub25pb24wWTATBgcqhkjOPQIBBggqhkjOPQMBBwNCAATnIhoeFv4HceoeOzC6x/n9E2zNgU18QQpohtiQIYs9qZtdpgQjOOHh98Nb0c6ix4Tf+Y5yBphKqhBZHTx/c60+oIICIzAuBgkqhkiG9w0BCQ4xITAfMB0GA1UdDgQWBBRPXKXKd+B8grn50ArRUFGbIm6h4jCCAUcGCSqGSIb3DQEJDDGCATgEggE0D9hxS1q2dIOXzWjJAaB3Q4YeSP8hPt9hx8BAEIeRiNOl0vbCcXBFibDmk2Bpu+vGd0ABl6SCCSew/ClC8nuU3o+ae6cefNC19thDGRv3RdxkvOMmZndXCuML5gwmCXGIvwG/lc0W8Vv03FCDC2vbWSGo+njmtEaEQTsZwrCl/TRQeWHGiB2sCXkH/DXueXByPKBgRMDqGcpmV2IhOsTuHF/7Cx5KT70CBIYw/JzJ2QjptZXlUtTiQ/cm/bpk+iHUmrn5JT70rQ0JNypYWl6BVEXHpyEEKwEb+HfyuJfinyk8j/WS+1zRTOFmx3XudtVlg/HrqHtO846ab44fMYmIeuLz2yd5h6MBi2urphuABlFaUqd2LbUYK0G4xL2WG+Ai5fE9Sbh8ZmGws5HCWHpvGhOmTkkwHgYKKwYBBAGDjBsCATEQEw51c2VyLWpvaW5pbmctMjA9BgkrBgECAQ8DAQExMBMuUW1RR0dzUGs4djFzeTNvQXdBMmVjZ2I2SldrMVhWekI4VTd2c0ZCMWREZlczYjBHBgNVHRExQBM+ZTU3NmtyZ3YzeDdoeGVqd3lmYjR2Zml5eHdsbWdmNnUycTY0YW5nZ2J3c25ucnBlYzN1YmZvaWQub25pb24wCgYIKoZIzj0EAwIDRwAwRAIgXQIcKPTyXTWAGWH4UiykpIBw/cO1T5rn5s08fTpXkYgCICCjjLNI3W4uZyyF0qHf0dmHG3turzM5SH19Qt/pAXwG',
        'MIIDKzCCAtICAQAwSTFHMEUGA1UEAxM+NzRsaXVtenRzaTR3NHpieHdnYXBuM29rMnZmY2FzeGx1ajdkamZnZzZqenZ1Zm9oZnVmbnljYWQub25pb24wWTATBgcqhkjOPQIBBggqhkjOPQMBBwNCAARkis+vRRj55wPofAsnqogdQJ9cswjXY+mghUo4MrLNneX92bxSMOp0C6mlH8RAzlOsdFs53yDXVn4W8PrIC9AdoIICJTAuBgkqhkiG9w0BCQ4xITAfMB0GA1UdDgQWBBSzaZiL7t1QdBpWxislFO3Gh61hjDCCAUcGCSqGSIb3DQEJDDGCATgEggE0
[2m[22m
[2m      [2mat Socket.<anonymous> ([22m[2msrc/utils.ts[2m:159:15)[22m[2m[22m
  [2mconsole.log[22m
    [e2e_4cc1hr73df40]: InyPnWtRIGwri45rJnHiUKRXC44BCaSBY1a05jxw2zC8hvQaqFqPen37UORsSYAJh4S4RC7ZgM2QjR7h5zadwt3tjbDsdEFho1z6idXD9iyvwqCbB29cx0nWeWk9U8BS8zAptGzIPj5fuOEZN+pJt0FSJl9BmQGV052jP1Ji+vB2rjQrIf3FHsymL5ttO5znTs7UisJhRoxC18a61y+WOgsNXUAwT2TD0kzAiPjUkgIzpDM1zuD7wrlT3obU/DaqoNFgr0vSoe9QS7gapuVnZ0SvJtxJzweEWTUigEcldUeE4Y1qy6GJ4ctYzEeavpJgZDdDwMqPrd5KiNqYAdI+hpEkKLn7ufK1mmBVq1437F81OK4OPdNrqSTYZeF577zInpB/GxXcNyKfhZThCkZBFvN7V9UwIAYKKwYBBAGDjBsCATESExB1c2VyLWpvaW5pbmctMS0xMD0GCSsGAQIBDwMBATEwEy5RbWJrR1BWMVVnUFM3Yjg1ODhIQW9tVGlqbW9qdUtYak5ZYk1nWjZQZ1F0Z3NoMEcGA1UdETFAEz43NGxpdW16dHNpNHc0emJ4d2dhcG4zb2sydmZjYXN4bHVqN2RqZmdnNmp6dnVmb2hmdWZueWNhZC5vbmlvbjAKBggqhkjOPQQDAgNHADBEAiA0v1FpJiZO7V7lO/xfAPHkL2o8SQOzhyj/npttxvbm3wIgV7tNC9FrP2wHhfFSbyFkI9ETI7vSJB+Fqn6y2byZW/Q='
      ]
    }
[2m[22m
[2m      [2mat Socket.<anonymous> ([22m[2msrc/utils.ts[2m:159:15)[22m[2m[22m
  [2mconsole.log[22m
    [e2e_4cc1hr73df40]: 1Ji+vB2rjQrIf3FHsymL5ttO5znTs7UisJhRoxC18a61y+WOgsNXUAwT2TD0kzAiPjUkgIzpDM1zuD7wrlT3obU/DaqoNFgr0vSoe9QS7gapuVnZ0SvJtxJzweEWTUigEcldUeE4Y1qy6GJ4ctYzEeavpJgZDdDwMqPrd5KiNqYAdI+hpEkKLn7ufK1mmBVq1437F81OK4OPdNrqSTYZeF577zInpB/GxXcNyKfhZThCkZBFvN7V9UwIAYKKwYBBAGDjBsCATESExB1c2VyLWpvaW5pbmctMS0xMD0GCSsGAQIBDwMBATEwEy5RbWJrR1BWMVVnUFM3Yjg1ODhIQW9tVGlqbW9qdUtYak5ZYk1nWjZQZ1F0Z3NoMEcGA1UdETFAEz43NGxpdW16dHNpNHc0emJ4d2dhcG4zb2sydmZjYXN4bHVqN2RqZmdnNmp6dnVmb2hmdWZueWNhZC5vbmlvbjAKBggqhkjOPQQDAgNHADBEAiA0v1FpJiZO7V7lO/xfAPHkL2o8SQOzhyj/npttxvbm3wIgV7tNC9FrP2wHhfFSbyFkI9ETI7vSJB+Fqn6y2byZW/Q='
        ]
      }
    ]
    2024-03-22T21:04:46.295Z backend:ProcessInChunksService Processing /dns4/74liumztsi4w4zbxwgapn3ok2vfcasxluj7djfgg6jzvufohfufnycad.onion/tcp/80/ws/p2p/QmbkGPV1UgPS7b8588HAomTijmojuKXjNYbMgZ6PgQtgsh failed, message: Tried to dial self
    2024-03-22T21:04:46.299Z backend:CertificatesRequestsStore DuplicatedCertBug {
      validation: true,
      csr: 'MIIDIjCCAscCAQAwSTFHMEUGA1UEAxM+Mm90d2pyc3gzcGNmNmR2amhlb2w2djJ4Y3VpNm42cW40cmZraXBlMm9oM3Z5aWJpemlyNDZkaWQub25pb24wWTATBgcqhkjOPQIBBggqhkjOPQMBBwNCAASAyz/RAv61EQ7fSy3WbndIpaX9zi+r2BPNsF7eh2TyzlNUIqZ+ZGBrDPOP4ea+lYwAGYc0obSJgwiFRataRarIoIICGjAuBgkqhkiG9w0BCQ4xITAfMB0GA1UdDgQWBBRAQ+c+nMaAWHjxud5tJL3peqMp1zCCAUcGCSqGSIb3DQEJDDGCATgEggE0FVgLbFaN+gKO4Aqfjs/gNPtz+V9vgnwmOEuIipHYSyEyiZL7PmRutx07890ws44SwLYEKDBavLKfF1aSa1MOLps/bMWW2DDOngTVGyaWufh8OaBzxGIL3815BZLJF9VTgEuyJbOq3+XLZMj2fdEjXHTRvYURKZtc/O7FHYG5mOc7QTwkXd9jQ8tMYZ85wWJdR3ZLGWYfnrrplQTdkAq9H7DEH4OTypJSYjvhMBrDAZeFOe1nHVkJU14sO2x1rc9X1GQMYmLC4WxLcwdcyUh1aXOEev3VprQRQjaFznk0UHK33rn1q16YE5zc+3hhF03FOGSos8DMyQy3o10/p1fOI9oVSkFpKlx5OyZXz1uG6Utmt8htptEr4rE4jm9y6+r5DXm5nIjSZIbNgXh9boxyX7KvOkkwFQYKKwYBBAGDjBsCATEHEwVvd25lcjA9BgkrBgECAQ8DAQExMBMuUW1UcE5taXhzZlVTSEJtM3ZXdnZ1VGtndDJIZFhjMXNZaUJSdzRwTVJuODhHUjBHBgNVHRExQBM+Mm90d2pyc3gzcGNmNmR2amhlb2w2djJ4Y3VpNm42cW40cmZraXBlMm9oM3Z5aWJpemlyNDZkaWQub25pb24wCgYIKoZIzj0EAwIDSQAwRgIhAOK6Uac+lomfbGsOpT+M1/mZLNGmQ6uPXE4blwkpyla2AiEApkT1IJjfMgcYl613arLQ4nUrieyCoz8W8U+EWt1HhGM='
    }
    2024-03-22T21:04:46.299Z backend:CertificatesRequestsStore DuplicatedCertBug {
      validation: true,
      csr: 'MIIDKjCCAtACAQAwSTFHMEUGA1UEAxM+aWx5bTJleXB0eTVnbWFzcnB3djV0bjI1aWhsNnp3YnU3dDN5aXM3aTNhbzNwamRlbXR3NXAyYWQub25pb24wWTATBgcqhkjOPQIBBggqhkjOPQMBBwNCAASAc6Q7kSitT6fyLxEFZGkuuzNa9jtKyJR7X+dlJEEmw5Lt9tZZh33x2EjtrubvNXQ6o2Ok0bbirf38mNxlDpvYoIICIzAuBgkqhkiG9w0BCQ4xITAfMB0GA1UdDgQWBBSq+CkgQPuUKSTjGI+UdK61eLe3xzCCAUcGCSqGSIb3DQEJDDGCATgEggE0LxHEGHtvKSiDcFtzFUkCL4n71xN5ZfTPdAbFO34bUN1lRH9B8vVRIllPt7t78Us1jAQc0SbkZj/lmZdb/FlgjytUXwQCyU/4P+/XWsScrvD5iOkhipLZ9OBC6Z+Kxr8gHijlP8E/2VEDWp2TEI4y4PalusR0aiEkMK9G+aFPenTi6/7oUDZa5ePoBlSn4dtDiMkb9WT9fTv4W033G1PhszK8SEV7gM0ZlHyrt9vsThXW46jW1UhJfUZfQ4IzUAHZyfKlhux2mG3PIshCDI3fVIIu72b1YKV7ixkY39G8cq3B8pjCk7wLpVop7Bz8Ke9lf0qRL/cTsBcRYv5pH1B8L16tCHA/ZnYupxd++5vygxoK/F96rU5YuNpG2Xc4YhfW7/7u/CRECz1pIinU7Eanm0OPKUIwHgYKKwYBBAGDjBsCATEQEw51c2VyLWpvaW5pbmctMTA9BgkrBgECAQ8DAQExMBMuUW1aTFc2eTVtOGJyb1l1dEc0b2cyeW1YUlpVRGN4VmhkZ0hoaUtZS2hxdVVOcDBHBgNVHRExQBM+aWx5bTJleXB0eTVnbWFzcnB3djV0bjI1aWhsNnp3YnU3dDN5aXM3aTNhbzNwamRlbXR3NXAyYWQub25pb24wCgYIKoZIzj0EAwIDSAAwRQIhAJclKaxQLhPy8NHDIbipEmjrVtOqp7aXhzB9Wu8r3T/LAiB7+RGRT1sFjUy5Wk+IZTZ7I3xf1gi+PN9FCRngURsyyA=='
    }
    2024-03-22T21:04:46.299Z backend:CertificatesRequestsStore DuplicatedCertBug {
      validation: true,
      csr: 'MIIDKjCCAtACAQAwSTFHMEUGA1UEAxM+ZTU3NmtyZ3YzeDdoeGVqd3lmYjR2Zml5eHdsbWdmNnUycTY0YW5nZ2J3c25ucnBlYzN1YmZvaWQub25pb24wWTATBgcqhkjOPQIBBggqhkjOPQMBBwNCAATnIhoeFv4HceoeOzC6x/n9E2zNgU18QQpohtiQIYs9qZtdpgQjOOHh98Nb0c6ix4Tf+Y5yBphKqhBZHTx/c60+oIICIzAuBgkqhkiG9w0BCQ4xITAfMB0GA1UdDgQWBBRPXKXKd+B8grn50ArRUFGbIm6h4jCCAUcGCSqGSIb3DQEJDDGCATgEggE0D9hxS1q2dIOXzWjJAaB3Q4YeSP8hPt9hx8BAEIeRiNOl0vbCcXBFibDmk2Bpu+vGd0ABl6SCCSew/ClC8nuU3o+ae6cefNC19thDGRv3RdxkvOMmZndXCuML5gwmCXGIvwG/lc0W8Vv03FCDC2vbWSGo+njmtEaEQTsZwrCl/TRQeWHGiB2sCXkH/DXueXByPKBgRMDqGcpmV2IhOsTuHF/7Cx5KT70CBIYw/JzJ2QjptZXlUtTiQ/cm/bpk+iHUmrn5JT70rQ0JNypYWl6BVEXHpyEEKwEb+HfyuJfinyk8j/WS+1zRTOFmx3XudtVlg/HrqHtO846ab44fMYmIeuLz2yd5h6MBi2urphuABlFaUqd2LbUYK0G4xL2WG+Ai5fE9Sbh8ZmGws5HCWHpvGhOmTkkwHgYKKwYBBAGDjBsCATEQEw51c2VyLWpvaW5pbmctMTA9BgkrBgECAQ8DAQExMBMuUW1RR0dzUGs4djFzeTNvQXdBMmVjZ2I2SldrMVhWekI4VTd2c0ZCMWREZlczYjBHBgNVHRExQBM+ZTU3NmtyZ3YzeDdoeGVqd3lmYjR2Zml5eHdsbWdmNnUycTY0YW5nZ2J3c25ucnBlYzN1YmZvaWQub25pb24wCgYIKoZIzj0EAwIDSAAwRQIgag3Elvsz6Cfm3OGkt5j5BjTvItNqKyKd4FRzlDovpyYCIQCLRWqVmjQrYkMO4om3ktje5V8LLKfuCUzcT/eO+7T+ew=='
    }
    2024-03-22T21:04:46.299Z backend:CertificatesRequestsStore DuplicatedCertBug {
      validation: true,
      csr: 'MIIDKTCCAtACAQAwSTFHMEUGA1UEAxM+ZTU3NmtyZ3YzeDdoeGVqd3lmYjR2Zml5eHdsbWdmNnUycTY0YW5nZ2J3c25ucnBlYzN1YmZvaWQub25pb24wWTATBgcqhkjOPQIBBggqhkjOPQMBBwNCAATnIhoeFv4HceoeOzC6x/n9E2zNgU18QQpohtiQIYs9qZtdpgQjOOHh98Nb0c6ix4Tf+Y5yBphKqhBZHTx/c60+oIICIzAuBgkqhkiG9w0BCQ4xITAfMB0GA1UdDgQWBBRPXKXKd+B8grn50ArRUFGbIm6h4jCCAUcGCSqGSIb3DQEJDDGCATgEggE0D9hxS1q2dIOXzWjJAaB3Q4YeSP8hPt9hx8BAEIeRiNOl0vbCcXBFibDmk2Bpu+vGd0ABl6SCCSew/ClC8nuU3o+ae6cefNC19thDGRv3RdxkvOMmZndXCuML5gwmCXGIvwG/lc0W8Vv03FCDC2vbWSGo+njmtEaEQTsZwrCl/TRQeWHGiB2sCXkH/DXueXByPKBgRMDqGcpmV2IhOsTuHF/7Cx5KT70CBIYw/JzJ2QjptZXlUtTiQ/cm/bpk+iHUmrn5JT70rQ0JNypYWl6BVEXHpyEEKwEb+HfyuJfinyk8j/WS+1zRTOFmx3XudtVlg/HrqHtO846ab44fMYmIeuLz2yd5h6MBi2urphuABlFaUqd2LbUYK0G4xL2WG+Ai5fE9Sbh8ZmGws5HCWHpvGhOmTkkwHgYKKwYBBAGDjBsCATEQEw51c2VyLWpvaW5pbmctMjA9BgkrBgECAQ8DAQExMBMuUW1RR0dzUGs4djFzeTNvQXdBMmVjZ2I2SldrMVhWekI4VTd2c0ZCMWREZlczYjBHBgNVHRExQBM+ZTU3NmtyZ3YzeDdoeGVqd3lmYjR2Zml5eHdsbWdmNnUycTY0YW5nZ2J3c25ucnBlYzN1YmZvaWQub25pb24wCgYIKoZIzj0EAwIDRwAwRAIgXQIcKPTyXTWAGWH4UiykpIBw/cO1T5rn5s08fTpXkYgCICCjjLNI3W4uZyyF0qHf0dmHG3turzM5SH19Qt/pAXwG'
    }
    2024-03-22T21:04:46.299Z backend:CertificatesRequestsStore DuplicatedCertBug {
      validation: true,
      csr: 'MIIDKzCCAtICAQAwSTFHMEUGA1UEAxM+NzRsaXVtenRzaTR3NHpieHdnYXBuM29rMnZmY2FzeGx1ajdkamZnZzZqenZ1Zm9oZnVmbnljYWQub25pb24wWTATBgcqhkjOPQIBBggqhkjOPQMBBwNCAARkis+vRRj55wPofAsnqogdQJ9cswjXY+mghUo4MrLNneX92bxSMOp0C6mlH8RAzlOsdFs53yDXVn4W8PrIC9AdoIICJTAuBgkqhkiG9w0BCQ4xITAfMB0GA1UdDgQWBBSzaZiL7t1QdBpWxislFO3Gh61hjDCCAUcGCSqGSIb3DQEJDDGCATgEggE0InyPnWtRIGwri45rJnHiUKRXC44BCaSBY1a05jxw2zC8hvQaqFqPen37UORsSYAJh4S4RC7ZgM2QjR7h5zadwt3tjbDsdEFho1z6idXD9iyvwqCbB29cx0nWeWk9U8BS8zAptGzIPj5fuOEZN+pJt0FSJl9BmQGV052jP1Ji+vB2rjQrIf3FHsymL5ttO5znTs7UisJhRoxC18a61y+WOgsNXUAwT2TD0kzAiPjUkgIzpDM1zuD7wrlT3obU/DaqoNFgr0vSoe9QS7gapuVnZ0SvJtxJzweEWTUigEcldUeE4Y1qy6GJ4ctYzEeavpJgZDdDwMqPrd5KiNqYAdI+hpEkKLn7ufK1mmBVq1437F81OK4OPdNrqSTYZeF577zInpB/GxXcNyKfhZThCkZBFvN7V9UwIAYKKwYBBAGDjBsCATESExB1c2VyLWpvaW5pbmctMS0xMD0GCSsGAQIBDwMBATEwEy5RbWJrR1BWMVVnUFM3Yjg1ODhIQW9tVGlqbW9qdUtYak5ZYk1nWjZQZ1F0Z3NoMEcGA1UdETFAEz43NGxpdW16dHNpNHc0emJ4d2dhcG4zb2sydmZjYXN4bHVqN2RqZmdnNmp6dnVmb2hmdWZueWNhZC5vbmlvbjAKBggqhkjOPQQDAgNHADBEAiA0v1FpJiZO7V7lO/xfAPHkL2o8SQOzhyj/npttxvbm3wIgV7tNC9FrP2wHhfFSbyFkI9ETI7vSJB+Fqn6y2byZW/Q='
    }
    2024-03-22T21:04:46.300Z backend:LocalDbService Local peer /dns4/74liumztsi4w4zbxwgapn3ok2vfcasxluj7djfgg6jzvufohfufnycad.onion/tcp/80/ws/p2p/QmbkGPV1UgPS7b8588HAomTijmojuKXjNYbMgZ6PgQtgsh
    2024-03-22T21:04:46.300Z backend:LocalDbService Local peer /dns4/74liumztsi4w4zbxwgapn3ok2vfcasxluj7djfgg6jzvufohfufnycad.onion/tcp/80/ws/p2p/QmbkGPV1UgPS7b8588HAomTijmojuKXjNYbMgZ6PgQtgsh
[2m[22m
[2m      [2mat Socket.<anonymous> ([22m[2msrc/utils.ts[2m:159:15)[22m[2m[22m
  [2mconsole.log[22m
    [e2e_4cc1hr73df40]: 2024-03-22T21:04:46.302Z backend:CertificatesStore Loaded certificates to memory
[2m[22m
[2m      [2mat Socket.<anonymous> ([22m[2msrc/utils.ts[2m:159:15)[22m[2m[22m
  [2mconsole.log[22m
    [e2e_4cc1hr73df40]: 2024-03-22T21:04:46.302Z backend:CertificatesStore All certificates: 3
    2024-03-22T21:04:46.302Z backend:CertificatesStore Valid certificates: 3
    2024-03-22T21:04:46.302Z backend:RegistrationService Not issuing certificates due to missing perms data
    2024-03-22T21:04:46.302Z backend:RegistrationService Finished issuing certificates
[2m[22m
[2m      [2mat Socket.<anonymous> ([22m[2msrc/utils.ts[2m:159:15)[22m[2m[22m
  [2mconsole.log[22m
    [e2e_4cc1hr73df40]: 2024-03-22T21:04:46.304Z backend:RegistrationService Trying to issue certificates false [
      {
        csrs: [
          'MIIDIjCCAscCAQAwSTFHMEUGA1UEAxM+Mm90d2pyc3gzcGNmNmR2amhlb2w2djJ4Y3VpNm42cW40cmZraXBlMm9oM3Z5aWJpemlyNDZkaWQub25pb24wWTATBgcqhkjOPQIBBggqhkjOPQMBBwNCAASAyz/RAv61EQ7fSy3WbndIpaX9zi+r2BPNsF7eh2TyzlNUIqZ+ZGBrDPOP4ea+lYwAGYc0obSJgwiFRataRarIoIICGjAuBgkqhkiG9w0BCQ4xITAfMB0GA1UdDgQWBBRAQ+c+nMaAWHjxud5tJL3peqMp1zCCAUcGCSqGSIb3DQEJDDGCATgEggE0FVgLbFaN+gKO4Aqfjs/gNPtz+V9vgnwmOEuIipHYSyEyiZL7PmRutx07890ws44SwLYEKDBavLKfF1aSa1MOLps/bMWW2DDOngTVGyaWufh8OaBzxGIL3815BZLJF9VTgEuyJbOq3+XLZMj2fdEjXHTRvYURKZtc/O7FHYG5mOc7QTwkXd9jQ8tMYZ85wWJdR3ZLGWYfnrrplQTdkAq9H7DEH4OTypJSYjvhMBrDAZeFOe1nHVkJU14sO2x1rc9X1GQMYmLC4WxLcwdcyUh1aXOEev3VprQRQjaFznk0UHK33rn1q16YE5zc+3hhF03FOGSos8DMyQy3o10/p1fOI9oVSkFpKlx5OyZXz1uG6Utmt8htptEr4rE4jm9y6+r5DXm5nIjSZIbNgXh9boxyX7KvOkkwFQYKKwYBBAGDjBsCATEHEwVvd25lcjA9BgkrBgECAQ8DAQExMBMuUW1UcE5taXhzZlVTSEJtM3ZXdnZ1VGtndDJIZFhjMXNZaUJSdzRwTVJuODhHUjBHBgNVHRExQBM+Mm90d2pyc3gzcGNmNmR2amhlb2w2djJ4Y3VpNm42cW40cmZraXBlMm9oM3Z5aWJpemlyNDZkaWQub25pb24wCgYIKoZIzj0EAwIDSQAwRgIhAOK6Uac+lomfbGsOpT+M1/mZLNGmQ6uPXE4blwkpyla2AiEApkT1IJjfMgcYl613arLQ4nUrieyCoz8W8U+EWt1HhGM=',
          'MIIDKjCCAtACAQAwSTFHMEUGA1UEAxM+aWx5bTJleXB0eTVnbWFzcnB3djV0bjI1aWhsNnp3YnU3dDN5aXM3aTNhbzNwamRlbXR3NXAyYWQub25pb24wWTATBgcqhkjOPQIBBggqhkjOPQMBBwNCAASAc6Q7kSitT6fyLxEFZGkuuzNa9jtKyJR7X+dlJEEmw5Lt9tZZh33x2EjtrubvNXQ6o2Ok0bbirf38mNxlDpvYoIICIzAuBgkqhkiG9w0BCQ4xITAfMB0GA1UdDgQWBBSq+CkgQPuUKSTjGI+UdK61eLe3xzCCAUcGCSqGSIb3DQEJDDGCATgEggE0LxHEGHtvKSiDcFtzFUkCL4n71xN5ZfTPdAbFO34bUN1lRH9B8vVRIllPt7t78Us1jAQc0SbkZj/lmZdb/FlgjytUXwQCyU/4P+/XWsScrvD5iOkhipLZ9OBC6Z+Kxr8gHijlP8E/2VEDWp2TEI4y4PalusR0aiEkMK9G+aFPenTi6/7oUDZa5ePoBlSn4dtDiMkb9WT9fTv4W033G1PhszK8SEV7gM0ZlHyrt9vsThXW46jW1UhJfUZfQ4IzUAHZyfKlhux2mG3PIshCDI3fVIIu72b1YKV7ixkY39G8cq3B8pjCk7wLpVop7Bz8Ke9lf0qRL/cTsBcRYv5pH1B8L16tCHA/ZnYupxd++5vygxoK/F96rU5YuNpG2Xc4YhfW7/7u/CRECz1pIinU7Eanm0OPKUIwHgYKKwYBBAGDjBsCATEQEw51c2VyLWpvaW5pbmctMTA9BgkrBgECAQ8DAQExMBMuUW1aTFc2eTVtOGJyb1l1dEc0b2cyeW1YUlpVRGN4VmhkZ0hoaUtZS2hxdVVOcDBHBgNVHRExQBM+aWx5bTJleXB0eTVnbWFzcnB3djV0bjI1aWhsNnp3YnU3dDN5aXM3aTNhbzNwamRlbXR3NXAyYWQub25pb24wCgYIKoZIzj0EAwIDSAAwRQIhAJclKaxQLhPy8NHDIbipEmjrVtOqp7aXhzB9Wu8r3T/LAiB7+RGRT1sFjUy5Wk+IZTZ7I3xf1gi+PN9FCRngURsyyA==',
          'MIIDKTCCAtACAQAwSTFHMEUGA1UEAxM+ZTU3NmtyZ3YzeDdoeGVqd3lmYjR2Zml5eHdsbWdmNnUycTY0YW5nZ2J3c25ucnBlYzN1YmZvaWQub25pb24wWTATBgcqhkjOPQIBBggqhkjOPQMBBwNCAATnIhoeFv4HceoeOzC6x/n9E2zNgU18QQpohtiQIYs9qZtdpgQjOOHh98Nb0c6ix4Tf+Y5yBphKqhBZHTx/c60+oIICIzAuBgkqhkiG9w0BCQ4xITAfMB0GA1UdDgQWBBRPXKXKd+B8grn50ArRUFGbIm6h4jCCAUcGCSqGSIb3DQEJDDGCATgEggE0D9hxS1q2dIOXzWjJAaB3Q4YeSP8hPt9hx8BAEIeRiNOl0vbCcXBFibDmk2Bpu+vGd0ABl6SCCSew/ClC8nuU3o+ae6cefNC19thDGRv3RdxkvOMmZndXCuML5gwmCXGIvwG/lc0W8Vv03FCDC2vbWSGo+njmtEaEQTsZwrCl/TRQeWHGiB2sCXkH/DXueXByPKBgRMDqGcpmV2IhOsTuHF/7Cx5KT70CBIYw/JzJ2QjptZXlUtTiQ/cm/bpk+iHUmrn5JT70rQ0JNypYWl6BVEXHpyEEKwEb+HfyuJfinyk8j/WS+1zRTOFmx3XudtVlg/HrqHtO846ab44fMYmIeuLz2yd5h6MBi2urphuABlFaUqd2LbUYK0G4xL2WG+Ai5fE9Sbh8ZmGws5HCWHpvGhOmTkkwHgYKKwYBBAGDjBsCATEQEw51c2VyLWpvaW5pbmctMjA9BgkrBgECAQ8DAQExMBMuUW1RR0dzUGs4djFzeTNvQXdBMmVjZ2I2SldrMVhWekI4VTd2c0ZCMWREZlczYjBHBgNVHRExQBM+ZTU3NmtyZ3YzeDdoeGVqd3lmYjR2Zml5eHdsbWdmNnUycTY0YW5nZ2J3c25ucnBlYzN1YmZvaWQub25pb24wCgYIKoZIzj0EAwIDRwAwRAIgXQIcKPTyXTWAGWH4UiykpIBw/cO1T5rn5s08fTpXkYgCICCjjLNI3W4uZyyF0qHf0dmHG3turzM5SH19Qt/pAXwG',
          'MIIDKzCCAtICAQAwSTFHMEUGA1UEAxM+NzRsaXVtenRzaTR3NHpieHdnYXBuM29rMnZmY2FzeGx1ajdkamZnZzZqenZ1Zm9oZnVmbnljYWQub25pb24wWTATBgcqhkjOPQIBBggqhkjOPQMBBwNCAARkis+vRRj55wPofAsnqogdQJ9cswjXY+mghUo4MrLNneX92bxSMOp0C6mlH8RAzlOsdFs53yDXVn4W8PrIC9AdoIICJTAuBgkqhkiG9w0BCQ4xITAfMB0GA1UdDgQWBBSzaZiL7t1QdBpWxislFO3Gh61hjDCCAUcGCSqGSIb3DQEJDDGCATgEggE0InyPnWtRIGwri45rJnHiUKRXC44BCaSBY1a05jxw2zC8hvQaqFqPen37UORsSYAJh4S4RC7ZgM2QjR7h5zadwt3tjbDsdEFho1z6idXD9iyvwqCbB29cx0nWeWk9U8BS8zAptGzIPj5fuOEZN+pJt0FSJl9BmQGV052jP1Ji+vB2rjQrIf3FHsymL5ttO5znTs7UisJhRoxC18a61y+WOgsNXUAwT2TD0kzAiPjUkgIzpDM1zuD7wrlT3obU/DaqoNFgr0vSoe9QS7gapuVnZ0SvJtxJzweEWTUigEcldUeE4Y1qy6GJ4ctYzEeavpJgZDdDwMqPrd5KiNqYAdI+hpEkKLn7ufK1mmBVq1437F81OK4OPdNrqSTYZeF577zInpB/GxXcNyKfhZThCkZBFvN7V9UwIAYKKwYBBAGDjBsCATESExB1c2VyLWpvaW5pbmctMS0xMD0GCSsGAQIBDwMBATEwEy5RbWJrR1BWMVVnUFM3Yjg1ODhIQW9tVGlqbW9qdUtYak5ZYk1nWjZQZ1F0Z3NoMEcGA1UdETFAEz43NGxpdW16dHNpNHc0emJ4d2dhcG4zb2sydmZjYXN4bHVqN2RqZmdnNmp6dnVmb2hmdWZueWNhZC5vbmlvbjAKBggqhkjOPQQDAgNHADBEAiA0v1FpJiZO7V7lO/xfAPHkL2o8SQOzhyj/npttxvbm3wIgV7tNC9FrP2wHhfFSbyFkI9ETI7vSJB+Fqn6y2byZW/Q='
        ]
      }
    ]
    2024-03-22T21:04:46.304Z backend:RegistrationService Issuing certificates {
      csrs: [
        'MIIDIjCCAscCAQAwSTFHMEUGA1UEAxM+Mm90d2pyc3gzcGNmNmR2amhlb2w2djJ4Y3VpNm42cW40cmZraXBlMm9oM3Z5aWJpemlyNDZkaWQub25pb24wWTATBgcqhkjOPQIBBggqhkjOPQMBBwNCAASAyz/RAv61EQ7fSy3WbndIpaX9zi+r2BPNsF7eh2TyzlNUIqZ+ZGBrDPOP4ea+lYwAGYc0obSJgwiFRataRarIoIICGjAuBgkqhkiG9w0BCQ4xITAfMB0GA1UdDgQWBBRAQ+c+nMaAWHjxud5tJL3peqMp1zCCAUcGCSqGSIb3DQEJDDGCATgEggE0FVgLbFaN+gKO4Aqfjs/gNPtz+V9vgnwmOEuIipHYSyEyiZL7PmRutx07890ws44SwLYEKDBavLKfF1aSa1MOLps/bMWW2DDOngTVGyaWufh8OaBzxGIL3815BZLJF9VTgEuyJbOq3+XLZMj2fdEjXHTRvYURKZtc/O7FHYG5mOc7QTwkXd9jQ8tMYZ85wWJdR3ZLGWYfnrrplQTdkAq9H7DEH4OTypJSYjvhMBrDAZeFOe1nHVkJU14sO2x1rc9X1GQMYmLC4WxLcwdcyUh1aXOEev3VprQRQjaFznk0UHK33rn1q16YE5zc+3hhF03FOGSos8DMyQy3o10/p1fOI9oVSkFpKlx5OyZXz1uG6Utmt8htptEr4rE4jm9y6+r5DXm5nIjSZIbNgXh9boxyX7KvOkkwFQYKKwYBBAGDjBsCATEHEwVvd25lcjA9BgkrBgECAQ8DAQExMBMuUW1UcE5taXhzZlVTSEJtM3ZXdnZ1VGtndDJIZFhjMXNZaUJSdzRwTVJuODhHUjBHBgNVHRExQBM+Mm90d2pyc3gzcGNmNmR2amhlb2w2djJ4Y3VpNm42cW40cmZraXBlMm9oM3Z5aWJpemlyNDZkaWQub25pb24wCgYIKoZIzj0EAwIDSQAwRgIhAOK6Uac+lomfbGsOpT+M1/mZLNGmQ6uPXE4blwkpyla2AiEApkT1IJjfMgcYl613arLQ4nUrieyCoz8W8U+EWt1HhGM=',
        'MIIDKjCCAtACAQAwSTFHMEUGA1UEAxM+aWx5bTJleXB0eTVnbWFzcnB3djV0bjI1aWhsNnp3YnU3dDN5aXM3aTNhbzNwamRlbXR3NXAyYWQub25pb24wWTATBgcqhkjOPQIBBggqhkjOPQMBBwNCAASAc6Q7kSitT6fyLxEFZGkuuzNa9jtKyJR7X+dlJEEmw5Lt9tZZh33x2EjtrubvNXQ6o2Ok0bbirf38mNxlDpvYoIICIzAuBgkqhkiG9w0BCQ4xITAfMB0GA1UdDgQWBBSq+CkgQPuUKSTjGI+UdK61eLe3xzCCAUcGCSqGSIb3DQEJDDGCATgEggE0LxHEGHtvKSiDcFtzFUkCL4n71xN5ZfTPdAbFO34bUN1lRH9B8vVRIllPt7t78Us1jAQc0SbkZj/lmZdb/FlgjytUXwQCyU/4P+/XWsScrvD5iOkhipLZ9OBC6Z+Kxr8gHijlP8E/2VEDWp2TEI4y4PalusR0aiEkMK9G+aFPenTi6/7oUDZa5ePoBlSn4dtDiMkb9WT9fTv4W033G1PhszK8SEV7gM0ZlHyrt9vsThXW46jW1UhJfUZfQ4IzUAHZyfKlhux2mG3PIshCDI3fVIIu72b1YKV7ixkY39G8cq3B8pjCk7wLpVop7Bz8Ke9lf0qRL/cTsBcRYv5pH1B8L16tCHA/ZnYupxd++5vygxoK/F96rU5YuNpG2Xc4YhfW7/7u/CRECz1pIinU7Eanm0OPKUIwHgYKKwYBBAGDjBsCATEQEw51c2VyLWpvaW5pbmctMTA9BgkrBgECAQ8DAQExMBMuUW1aTFc2eTVtOGJyb1l1dEc0b2cyeW1YUlpVRGN4VmhkZ0hoaUtZS2hxdVVOcDBHBgNVHRExQBM+aWx5bTJleXB0eTVnbWFzcnB3djV0bjI1aWhsNnp3YnU3dDN5aXM3aTNhbzNwamRlbXR3NXAyYWQub25pb24wCgYIKoZIzj0EAwIDSAAwRQIhAJclKaxQLhPy8NHDIbipEmjrVtOqp7aXhzB9Wu8r3T/LAiB7+RGRT1sFjUy5Wk+IZTZ7I3xf1gi+PN9FCRngURsyyA==',
        'MIIDKTCCAtACAQAwSTFHMEUGA1UEAxM+ZTU3NmtyZ3YzeDdoeGVqd3lmYjR2Zml5eHdsbWdmNnUycTY0YW5nZ2J3c25ucnBlYzN1YmZvaWQub25pb24wWTATBgcqhkjOPQIBBggqhkjOPQMBBwNCAATnIhoeFv4HceoeOzC6x/n9E2zNgU18QQpohtiQIYs9qZtdpgQjOOHh98Nb0c6ix4Tf+Y5yBphKqhBZHTx/c60+oIICIzAuBgkqhkiG9w0BCQ4xITAfMB0GA1UdDgQWBBRPXKXKd+B8grn50ArRUFGbIm6h4jCCAUcGCSqGSIb3DQEJDDGCATgEggE0D9hxS1q2dIOXzWjJAaB3Q4YeSP8hPt9hx8BAEIeRiNOl0vbCcXBFibDmk2Bpu+vGd0ABl6SCCSew/ClC8nuU3o+ae6cefNC19thDGRv3RdxkvOMmZndXCuML5gwmCXGIvwG/lc0W8Vv03FCDC2vbWSGo+njmtEaEQTsZwrCl/TRQeWHGiB2sCXkH/DXueXByPKBgRMDqGcpmV2IhOsTuHF/7Cx5KT70CBIYw/JzJ2QjptZXlUtTiQ/cm/bpk+iHUmrn5JT70rQ0JNypYWl6BVEXHpyEEKwEb+HfyuJfinyk8j/WS+1zRTOFmx3XudtVlg/HrqHtO846ab44fMYmIeuLz2yd5h6MBi2urphuABlFaUqd2LbUYK0G4xL2WG+Ai5fE9Sbh8ZmGws5HCWHpvGhOmTkkwHgYKKwYBBAGDjBsCATEQEw51c2VyLWpvaW5pbmctMjA9BgkrBgECAQ8DAQExMBMuUW1RR0dzUGs4djFzeTNvQXdBMmVjZ2I2SldrMVhWekI4VTd2c0ZCMWREZlczYjBHBgNVHRExQBM+ZTU3NmtyZ3YzeDdoeGVqd3lmYjR2Zml5eHdsbWdmNnUycTY0YW5nZ2J3c25ucnBlYzN1YmZvaWQub25pb24wCgYIKoZIzj0EAwIDRwAwRAIgXQIcKPTyXTWAGWH4UiykpIBw/cO1T5rn5s08fTpXkYgCICCjjLNI3W4uZyyF0qHf0dmHG3turzM5SH19Qt/pAXwG',
        'MIIDKzCCAtICAQAwSTFHMEUGA1UEAxM+NzRsaXVtenRzaTR3NHpieHdnYXBuM29rMnZmY2FzeGx1ajdkamZnZzZqenZ1Zm9oZnVmbnljYWQub25pb24wWTATBgcqhkjOPQIBBggqhkjOPQMBBwNCAARkis+vRRj55wPofAsnqogdQJ9cswjXY+mghUo4MrLNneX92bxSMOp0C6mlH8RAzlOsdFs53yDXVn4W8PrIC9AdoIICJTAuBgkqhkiG9w0BCQ4xITAfMB0GA1UdDgQWBBSzaZiL7t1QdBpWxislFO3Gh61hjDCCAUcGCSqGSIb3DQEJDDGCATgEggE0
[2m[22m
[2m      [2mat Socket.<anonymous> ([22m[2msrc/utils.ts[2m:159:15)[22m[2m[22m
  [2mconsole.log[22m
    [e2e_4cc1hr73df40]: InyPnWtRIGwri45rJnHiUKRXC44BCaSBY1a05jxw2zC8hvQaqFqPen37UORsSYAJh4S4RC7ZgM2QjR7h5zadwt3tjbDsdEFho1z6idXD9iyvwqCbB29cx0nWeWk9U8BS8zAptGzIPj5fuOEZN+pJt0FSJl9BmQGV052jP1Ji+vB2rjQrIf3FHsymL5ttO5znTs7UisJhRoxC18a61y+WOgsNXUAwT2TD0kzAiPjUkgIzpDM1zuD7wrlT3obU/DaqoNFgr0vSoe9QS7gapuVnZ0SvJtxJzweEWTUigEcldUeE4Y1qy6GJ4ctYzEeavpJgZDdDwMqPrd5KiNqYAdI+hpEkKLn7ufK1mmBVq1437F81OK4OPdNrqSTYZeF577zInpB/GxXcNyKfhZThCkZBFvN7V9UwIAYKKwYBBAGDjBsCATESExB1c2VyLWpvaW5pbmctMS0xMD0GCSsGAQIBDwMBATEwEy5RbWJrR1BWMVVnUFM3Yjg1ODhIQW9tVGlqbW9qdUtYak5ZYk1nWjZQZ1F0Z3NoMEcGA1UdETFAEz43NGxpdW16dHNpNHc0emJ4d2dhcG4zb2sydmZjYXN4bHVqN2RqZmdnNmp6dnVmb2hmdWZueWNhZC5vbmlvbjAKBggqhkjOPQQDAgNHADBEAiA0v1FpJiZO7V7lO/xfAPHkL2o8SQOzhyj/npttxvbm3wIgV7tNC9FrP2wHhfFSbyFkI9ETI7vSJB+Fqn6y2byZW/Q='
      ]
    }
    2024-03-22T21:04:46.304Z backend:StorageService Loading all certificates
[2m[22m
[2m      [2mat Socket.<anonymous> ([22m[2msrc/utils.ts[2m:159:15)[22m[2m[22m
  [2mconsole.log[22m
    [e2e_4cc1hr73df40]: 2024-03-22T21:04:46.307Z backend:CertificatesStore Loaded certificates to memory
    2024-03-22T21:04:46.307Z backend:CertificatesStore All certificates: 3
    2024-03-22T21:04:46.307Z backend:CertificatesStore Valid certificates: 3
[2m[22m
[2m      [2mat Socket.<anonymous> ([22m[2msrc/utils.ts[2m:159:15)[22m[2m[22m
  [2mconsole.log[22m
    [e2e_4cc1hr73df40]: 2024-03-22T21:04:46.307Z backend:RegistrationService Not issuing certificates due to missing perms data
    2024-03-22T21:04:46.307Z backend:RegistrationService Finished issuing certificates
[2m[22m
[2m      [2mat Socket.<anonymous> ([22m[2msrc/utils.ts[2m:159:15)[22m[2m[22m
  [2mconsole.log[22m
    [e2e_4cc1hr73df40]: 2024-03-22T21:04:46.312Z backend:CertificatesRequestsStore Added CSR to database
[2m[22m
[2m      [2mat Socket.<anonymous> ([22m[2msrc/utils.ts[2m:159:15)[22m[2m[22m
  [2mconsole.log[22m
    [e2e_4cc1hr73df40]: 2024-03-22T21:04:46.315Z backend:CertificatesRequestsStore DuplicatedCertBug {
      allEntries: [
        'MIIDIjCCAscCAQAwSTFHMEUGA1UEAxM+Mm90d2pyc3gzcGNmNmR2amhlb2w2djJ4Y3VpNm42cW40cmZraXBlMm9oM3Z5aWJpemlyNDZkaWQub25pb24wWTATBgcqhkjOPQIBBggqhkjOPQMBBwNCAASAyz/RAv61EQ7fSy3WbndIpaX9zi+r2BPNsF7eh2TyzlNUIqZ+ZGBrDPOP4ea+lYwAGYc0obSJgwiFRataRarIoIICGjAuBgkqhkiG9w0BCQ4xITAfMB0GA1UdDgQWBBRAQ+c+nMaAWHjxud5tJL3peqMp1zCCAUcGCSqGSIb3DQEJDDGCATgEggE0FVgLbFaN+gKO4Aqfjs/gNPtz+V9vgnwmOEuIipHYSyEyiZL7PmRutx07890ws44SwLYEKDBavLKfF1aSa1MOLps/bMWW2DDOngTVGyaWufh8OaBzxGIL3815BZLJF9VTgEuyJbOq3+XLZMj2fdEjXHTRvYURKZtc/O7FHYG5mOc7QTwkXd9jQ8tMYZ85wWJdR3ZLGWYfnrrplQTdkAq9H7DEH4OTypJSYjvhMBrDAZeFOe1nHVkJU14sO2x1rc9X1GQMYmLC4WxLcwdcyUh1aXOEev3VprQRQjaFznk0UHK33rn1q16YE5zc+3hhF03FOGSos8DMyQy3o10/p1fOI9oVSkFpKlx5OyZXz1uG6Utmt8htptEr4rE4jm9y6+r5DXm5nIjSZIbNgXh9boxyX7KvOkkwFQYKKwYBBAGDjBsCATEHEwVvd25lcjA9BgkrBgECAQ8DAQExMBMuUW1UcE5taXhzZlVTSEJtM3ZXdnZ1VGtndDJIZFhjMXNZaUJSdzRwTVJuODhHUjBHBgNVHRExQBM+Mm90d2pyc3gzcGNmNmR2amhlb2w2djJ4Y3VpNm42cW40cmZraXBlMm9oM3Z5aWJpemlyNDZkaWQub25pb24wCgYIKoZIzj0EAwIDSQAwRgIhAOK6Uac+lomfbGsOpT+M1/mZLNGmQ6uPXE4blwkpyla2AiEApkT1IJjfMgcYl613arLQ4nUrieyCoz8W8U+EWt1HhGM=',
        'MIIDKjCCAtACAQAwSTFHMEUGA1UEAxM+aWx5bTJleXB0eTVnbWFzcnB3djV0bjI1aWhsNnp3YnU3dDN5aXM3aTNhbzNwamRlbXR3NXAyYWQub25pb24wWTATBgcqhkjOPQIBBggqhkjOPQMBBwNCAASAc6Q7kSitT6fyLxEFZGkuuzNa9jtKyJR7X+dlJEEmw5Lt9tZZh33x2EjtrubvNXQ6o2Ok0bbirf38mNxlDpvYoIICIzAuBgkqhkiG9w0BCQ4xITAfMB0GA1UdDgQWBBSq+CkgQPuUKSTjGI+UdK61eLe3xzCCAUcGCSqGSIb3DQEJDDGCATgEggE0LxHEGHtvKSiDcFtzFUkCL4n71xN5ZfTPdAbFO34bUN1lRH9B8vVRIllPt7t78Us1jAQc0SbkZj/lmZdb/FlgjytUXwQCyU/4P+/XWsScrvD5iOkhipLZ9OBC6Z+Kxr8gHijlP8E/2VEDWp2TEI4y4PalusR0aiEkMK9G+aFPenTi6/7oUDZa5ePoBlSn4dtDiMkb9WT9fTv4W033G1PhszK8SEV7gM0ZlHyrt9vsThXW46jW1UhJfUZfQ4IzUAHZyfKlhux2mG3PIshCDI3fVIIu72b1YKV7ixkY39G8cq3B8pjCk7wLpVop7Bz8Ke9lf0qRL/cTsBcRYv5pH1B8L16tCHA/ZnYupxd++5vygxoK/F96rU5YuNpG2Xc4YhfW7/7u/CRECz1pIinU7Eanm0OPKUIwHgYKKwYBBAGDjBsCATEQEw51c2VyLWpvaW5pbmctMTA9BgkrBgECAQ8DAQExMBMuUW1aTFc2eTVtOGJyb1l1dEc0b2cyeW1YUlpVRGN4VmhkZ0hoaUtZS2hxdVVOcDBHBgNVHRExQBM+aWx5bTJleXB0eTVnbWFzcnB3djV0bjI1aWhsNnp3YnU3dDN5aXM3aTNhbzNwamRlbXR3NXAyYWQub25pb24wCgYIKoZIzj0EAwIDSAAwRQIhAJclKaxQLhPy8NHDIbipEmjrVtOqp7aXhzB9Wu8r3T/LAiB7+RGRT1sFjUy5Wk+IZTZ7I3xf1gi+PN9FCRngURsyyA==',
        'MIIDKjCCAtACAQAwSTFHMEUGA1UEAxM+ZTU3NmtyZ3YzeDdoeGVqd3lmYjR2Zml5eHdsbWdmNnUycTY0YW5nZ2J3c25ucnBlYzN1YmZvaWQub25pb24wWTATBgcqhkjOPQIBBggqhkjOPQMBBwNCAATnIhoeFv4HceoeOzC6x/n9E2zNgU18QQpohtiQIYs9qZtdpgQjOOHh98Nb0c6ix4Tf+Y5yBphKqhBZHTx/c60+oIICIzAuBgkqhkiG9w0BCQ4xITAfMB0GA1UdDgQWBBRPXKXKd+B8grn50ArRUFGbIm6h4jCCAUcGCSqGSIb3DQEJDDGCATgEggE0D9hxS1q2dIOXzWjJAaB3Q4YeSP8hPt9hx8BAEIeRiNOl0vbCcXBFibDmk2Bpu+vGd0ABl6SCCSew/ClC8nuU3o+ae6cefNC19thDGRv3RdxkvOMmZndXCuML5gwmCXGIvwG/lc0W8Vv03FCDC2vbWSGo+njmtEaEQTsZwrCl/TRQeWHGiB2sCXkH/DXueXByPKBgRMDqGcpmV2IhOsTuHF/7Cx5KT70CBIYw/JzJ2QjptZXlUtTiQ/cm/bpk+iHUmrn5JT70rQ0JNypYWl6BVEXHpyEEKwEb+HfyuJfinyk8j/WS+1zRTOFmx3XudtVlg/HrqHtO846ab44fMYmIeuLz2yd5h6MBi2urphuABlFaUqd2LbUYK0G4xL2WG+Ai5fE9Sbh8ZmGws5HCWHpvGhOmTkkwHgYKKwYBBAGDjBsCATEQEw51c2VyLWpvaW5pbmctMTA9BgkrBgECAQ8DAQExMBMuUW1RR0dzUGs4djFzeTNvQXdBMmVjZ2I2SldrMVhWekI4VTd2c0ZCMWREZlczYjBHBgNVHRExQBM+ZTU3NmtyZ3YzeDdoeGVqd3lmYjR2Zml5eHdsbWdmNnUycTY0YW5nZ2J3c25ucnBlYzN1YmZvaWQub25pb24wCgYIKoZIzj0EAwIDSAAwRQIgag3Elvsz6Cfm3OGkt5j5BjTvItNqKyKd4FRzlDovpyYCIQCLRWqVmjQrYkMO4om3ktje5V8LLKfuCUzcT/eO+7T+ew==',
        'MIIDKTCCAtACAQAwSTFHMEUGA1UEAxM+ZTU3NmtyZ3YzeDdoeGVqd3lmYjR2Zml5eHdsbWdmNnUycTY0YW5nZ2J3c25ucnBlYzN1YmZvaWQub25pb24wWTATBgcqhkjOPQIBBggqhkjOPQMBBwNCAATnIhoeFv4HceoeOzC6x/n9E2zNgU18QQpohtiQIYs9qZtdpgQjOOHh98Nb0c6ix4Tf+Y5yBphKqhBZHTx/c60+oIICIzAuBgkqhkiG9w0BCQ4xITAfMB0GA1UdDgQWBBRPXKXKd+B8grn50ArRUFGbIm6h4jCCAUcGCSqGSIb3DQEJDDGCATgEggE0D9hxS1q2dIOXzWjJAaB3Q4YeSP8hPt9hx8BAEIeRiNOl0vbCcXBFibDmk2Bpu+vGd0ABl6SCCSew/ClC8nuU3o+ae6cefNC19thDGRv3RdxkvOMmZndXCuML5gwmCXGIvwG/lc0W8Vv03FCDC2vbWSGo+njmtEaEQTsZwrCl/TRQeWHGiB2sCXkH/DXueXByPKBgRMDqGcpmV2IhOsTuHF/7Cx5KT70CBIYw/JzJ2QjptZXlUtTiQ/cm/bpk+iHUmrn5JT70rQ0JNypYWl6BVEXHpyEEKwEb+HfyuJfinyk8j/WS+1zRTOFmx3XudtVlg/HrqHtO846ab44fMYmIeuLz2yd5h6MBi2urphuABlFaUqd2LbUYK0G4xL2WG+Ai5fE9Sbh8ZmGws5HCWHpvGhOmTkkwHgYKKwYBBAGDjBsCATEQEw51c2VyLWpvaW5pbmctMjA9BgkrBgECAQ8DAQExMBMuUW1RR0dzUGs4djFzeTNvQXdBMmVjZ2I2SldrMVhWekI4VTd2c0ZCMWREZlczYjBHBgNVHRExQBM+ZTU3NmtyZ3YzeDdoeGVqd3lmYjR2Zml5eHdsbWdmNnUycTY0YW5nZ2J3c25ucnBlYzN1YmZvaWQub25pb24wCgYIKoZIzj0EAwIDRwAwRAIgXQIcKPTyXTWAGWH4UiykpIBw/cO1T5rn5s08fTpXkYgCICCjjLNI3W4uZyyF0qHf0dmHG3turzM5SH19Qt/pAXwG',
        'MIIDKzCCAtICAQAwSTFHMEUGA1UEAxM+NzRsaXVtenRzaTR3NHpieHdnYXBuM29rMnZmY2FzeGx1ajdkamZnZzZqenZ1Zm9oZnVmbnljYWQub25pb24wWTATBgcqhkjOPQIBBggqhkjOPQMBBwNCAARkis+vRRj55wPofAsnqogdQJ9cswjXY+mghUo4MrLNneX92bxSMOp0C6mlH8RAzlOsdFs53yDXVn4W8PrIC9AdoIICJTAuBgkqhkiG9w0BCQ4xITAfMB0GA1UdDgQWBBSzaZiL7t1QdBpWxislFO3Gh61hjDCCAUcGCSqGSIb3DQEJDDGCATgEggE0InyPnWtRIGwri45rJnHiUKRXC44BCaSBY1a05jxw2zC8hvQaqFqPen37UORsSYAJh4S4RC7ZgM2QjR7h5zadwt3tjbDsdEFho1z6idXD9iyvwqCbB29cx0nWeWk9U8BS8zAptGzIPj5fuOEZN+pJt0FSJl9BmQGV052jP1Ji+vB2rjQrIf3FHsymL5ttO5znTs7UisJhRoxC18a61y+WOgsNXUAwT2TD0kzAiPjUkgIzpDM1zuD7wrlT3obU/DaqoNFgr0vSoe9QS7gapuVnZ0SvJtxJzweEWTUigEcldUeE4Y1qy6GJ4ctYzEeavpJgZDdDwMqPrd5KiNqYAdI+hpEkKLn7ufK1mmBVq1437F81OK4OPdNrqSTYZeF577zInpB/GxXcNyKfhZThCkZBFvN7V9UwIAYKKwYBBAGDjBsCATESExB1c2VyLWpvaW5pbmctMS0xMD0GCSsGAQIBDwMBATEwEy5RbWJrR1BWMVVnUFM3Yjg1ODhIQW9tVGlqbW9qdUtYak5ZYk1nWjZQZ1F0Z3NoMEcGA1UdETFAEz43NGxpdW16dHNpNHc0emJ4d2dhcG4zb2sydmZjYXN4bHVqN2RqZmdnNmp6dnVmb2hmdWZueWNhZC5vbmlvbjAKBggqhkjOPQQDAgNHADBEAiA0v1FpJiZO7V7lO/xfAPHkL2o8SQOzhyj/npttxvbm3wIgV7tNC9FrP2wHhfFSbyFkI9ETI7vSJB+Fqn6y2byZW/Q=',
        'MIIDKzCCAtICAQAwSTFHMEUGA1UEAxM+NzRsaXVtenRzaTR3NHpieHdnYXBuM29rMnZmY2FzeGx1ajdkamZnZzZqenZ1Zm9oZnVmbnljYWQub25pb24wWTATBgcqhkjOPQIBBggqhkjOPQMBBwNCAARkis+vRRj55wPofAsnqogdQJ9cswjXY+mghUo4MrLNneX92bxSMOp0C6mlH8RAzlOsdFs53yDXVn4W8PrIC9AdoIICJTAuBgkqhkiG9w0BCQ4xITAfMB0GA1UdDgQWBBSzaZiL7t1QdBpWxislFO3Gh61hjDCCAUcGCSqGSIb3DQEJDDGCATgEggE0InyPnWtRIGwri45rJnHiUKRXC44BCaSBY1a05jxw2zC8hvQaqFqPen37UORsSYAJh4S4RC7ZgM2QjR7h5zadwt3tjbDsdEFho1z6idXD9iyvwqCbB29cx0nWeWk9U8BS8zAptGzIPj5fuOEZN+pJt0FSJl9BmQGV052jP1Ji+vB2rjQrIf3FHsymL5ttO5znTs7UisJhRoxC18a61y+WOgsNXUAwT2TD0kzAiPjUkgIzpDM1zuD7wrlT3obU/DaqoNFgr0vSoe9QS7gapuVnZ0SvJtxJzweEWTUigEcldUeE4Y1qy6GJ4ctYzEeavpJgZDdDwMqPrd5KiNqYAdI+hpEkKLn7ufK1mmBVq1437F81OK4OPdNrqSTYZeF577zInpB/GxXcNyKfhZThCkZBFvN7V9UwIAYKKwYBBAGDjBsCATESExB1c2VyLWpvaW5pbmctMS0xMD0GCSsGAQIBDwMBATEwEy5RbWJrR1BWMVVnUFM3Yjg1ODhIQW9tVGlqbW9qdUtYak5ZYk1nWjZQZ1F0Z3NoMEcGA1UdETFAEz43NGxpdW16dHNpNHc0emJ4d2dhcG4zb2sydmZjYXN4bHVqN2RqZmdnNmp6dnVmb2hmdWZueWNhZC5vbmlvbjAKBggqhkjOPQQDAgNHADBEAiA0v1FpJiZO7V7lO/xfAPHkL2o8SQOzhyj/npttxvbm3wIgV7tNC9FrP2wHhfFSbyFkI9ETI7vSJB+Fqn6y2byZW/Q='
      ]
    }
[2m[22m
[2m      [2mat Socket.<anonymous> ([22m[2msrc/utils.ts[2m:159:15)[22m[2m[22m
  [2mconsole.log[22m
    [e2e_4cc1hr73df40]: 2024-03-22T21:04:46.315Z backend:CertificatesRequestsStore DuplicatedCertBug {
      allCsrsUnique: [
        'MIIDIjCCAscCAQAwSTFHMEUGA1UEAxM+Mm90d2pyc3gzcGNmNmR2amhlb2w2djJ4Y3VpNm42cW40cmZraXBlMm9oM3Z5aWJpemlyNDZkaWQub25pb24wWTATBgcqhkjOPQIBBggqhkjOPQMBBwNCAASAyz/RAv61EQ7fSy3WbndIpaX9zi+r2BPNsF7eh2TyzlNUIqZ+ZGBrDPOP4ea+lYwAGYc0obSJgwiFRataRarIoIICGjAuBgkqhkiG9w0BCQ4xITAfMB0GA1UdDgQWBBRAQ+c+nMaAWHjxud5tJL3peqMp1zCCAUcGCSqGSIb3DQEJDDGCATgEggE0FVgLbFaN+gKO4Aqfjs/gNPtz+V9vgnwmOEuIipHYSyEyiZL7PmRutx07890ws44SwLYEKDBavLKfF1aSa1MOLps/bMWW2DDOngTVGyaWufh8OaBzxGIL3815BZLJF9VTgEuyJbOq3+XLZMj2fdEjXHTRvYURKZtc/O7FHYG5mOc7QTwkXd9jQ8tMYZ85wWJdR3ZLGWYfnrrplQTdkAq9H7DEH4OTypJSYjvhMBrDAZeFOe1nHVkJU14sO2x1rc9X1GQMYmLC4WxLcwdcyUh1aXOEev3VprQRQjaFznk0UHK33rn1q16YE5zc+3hhF03FOGSos8DMyQy3o10/p1fOI9oVSkFpKlx5OyZXz1uG6Utmt8htptEr4rE4jm9y6+r5DXm5nIjSZIbNgXh9boxyX7KvOkkwFQYKKwYBBAGDjBsCATEHEwVvd25lcjA9BgkrBgECAQ8DAQExMBMuUW1UcE5taXhzZlVTSEJtM3ZXdnZ1VGtndDJIZFhjMXNZaUJSdzRwTVJuODhHUjBHBgNVHRExQBM+Mm90d2pyc3gzcGNmNmR2amhlb2w2djJ4Y3VpNm42cW40cmZraXBlMm9oM3Z5aWJpemlyNDZkaWQub25pb24wCgYIKoZIzj0EAwIDSQAwRgIhAOK6Uac+lomfbGsOpT+M1/mZLNGmQ6uPXE4blwkpyla2AiEApkT1IJjfMgcYl613arLQ4nUrieyCoz8W8U+EWt1HhGM=',
        'MIIDKjCCAtACAQAwSTFHMEUGA1UEAxM+aWx5bTJleXB0eTVnbWFzcnB3djV0bjI1aWhsNnp3YnU3dDN5aXM3aTNhbzNwamRlbXR3NXAyYWQub25pb24wWTATBgcqhkjOPQIBBggqhkjOPQMBBwNCAASAc6Q7kSitT6fyLxEFZGkuuzNa9jtKyJR7X+dlJEEmw5Lt9tZZh33x2EjtrubvNXQ6o2Ok0bbirf38mNxlDpvYoIICIzAuBgkqhkiG9w0BCQ4xITAfMB0GA1UdDgQWBBSq+CkgQPuUKSTjGI+UdK61eLe3xzCCAUcGCSqGSIb3DQEJDDGCATgEggE0LxHEGHtvKSiDcFtzFUkCL4n71xN5ZfTPdAbFO34bUN1lRH9B8vVRIllPt7t78Us1jAQc0SbkZj/lmZdb/FlgjytUXwQCyU/4P+/XWsScrvD5iOkhipLZ9OBC6Z+Kxr8gHijlP8E/2VEDWp2TEI4y4PalusR0aiEkMK9G+aFPenTi6/7oUDZa5ePoBlSn4dtDiMkb9WT9fTv4W033G1PhszK8SEV7gM0ZlHyrt9vsThXW46jW1UhJfUZfQ4IzUAHZyfKlhux2mG3PIshCDI3fVIIu72b1YKV7ixkY39G8cq3B8pjCk7wLpVop7Bz8Ke9lf0qRL/cTsBcRYv5pH1B8L16tCHA/ZnYupxd++5vygxoK/F96rU5YuNpG2Xc4YhfW7/7u/CRECz1pIinU7Eanm0OPKUIwHgYKKwYBBAGDjBsCATEQEw51c2VyLWpvaW5pbmctMTA9BgkrBgECAQ8DAQExMBMuUW1aTFc2eTVtOGJyb1l1dEc0b2cyeW1YUlpVRGN4VmhkZ0hoaUtZS2hxdVVOcDBHBgNVHRExQBM+aWx5bTJleXB0eTVnbWFzcnB3djV0bjI1aWhsNnp3YnU3dDN5aXM3aTNhbzNwamRlbXR3NXAyYWQub25pb24wCgYIKoZIzj0EAwIDSAAwRQIhAJclKaxQLhPy8NHDIbipEmjrVtOqp7aXhzB9Wu8r3T/LAiB7+RGRT1sFjUy5Wk+IZTZ7I3xf1gi+PN9FCRngURsyyA==',
        'MIIDKjCCAtACAQAwSTFHMEUGA1UEAxM+ZTU3NmtyZ3YzeDdoeGVqd3lmYjR2Zml5eHdsbWdmNnUycTY0YW5nZ2J3c25ucnBlYzN1YmZvaWQub25pb24wWTATBgcqhkjOPQIBBggqhkjOPQMBBwNCAATnIhoeFv4HceoeOzC6x/n9E2zNgU18QQpohtiQIYs9qZtdpgQjOOHh98Nb0c6ix4Tf+Y5yBphKqhBZHTx/c60+oIICIzAuBgkqhkiG9w0BCQ4xITAfMB0GA1UdDgQWBBRPXKXKd+B8grn50ArRUFGbIm6h4jCCAUcGCSqGSIb3DQEJDDGCATgEggE0D9hxS1q2dIOXzWjJAaB3Q4YeSP8hPt9hx8BAEIeRiNOl0vbCcXBFibDmk2Bpu+vGd0ABl6SCCSew/ClC8nuU3o+ae6cefNC19thDGRv3RdxkvOMmZndXCuML5gwmCXGIvwG/lc0W8Vv03FCDC2vbWSGo+njmtEaEQTsZwrCl/TRQeWHGiB2sCXkH/DXueXByPKBgRMDqGcpmV2IhOsTuHF/7Cx5KT70CBIYw/JzJ2QjptZXlUtTiQ/cm/bpk+iHUmrn5JT70rQ0JNypYWl6BVEXHpyEEKwEb+HfyuJfinyk8j/WS+1zRTOFmx3XudtVlg/HrqHtO846ab44fMYmIeuLz2yd5h6MBi2urphuABlFaUqd2LbUYK0G4xL2WG+Ai5fE9Sbh8ZmGws5HCWHpvGhOmTkkwHgYKKwYBBAGDjBsCATEQEw51c2VyLWpvaW5pbmctMTA9BgkrBgECAQ8DAQExMBMuUW1RR0dzUGs4djFzeTNvQXdBMmVjZ2I2SldrMVhWekI4VTd2c0ZCMWREZlczYjBHBgNVHRExQBM+ZTU3NmtyZ3YzeDdoeGVqd3lmYjR2Zml5eHdsbWdmNnUycTY0YW5nZ2J3c25ucnBlYzN1YmZvaWQub25pb24wCgYIKoZIzj0EAwIDSAAwRQIgag3Elvsz6Cfm3OGkt5j5BjTvItNqKyKd4FRzlDovpyYCIQCLRWqVmjQrYkMO4om3ktje5V8LLKfuCUzcT/eO+7T+ew==',
        'MIIDKTCCAtACAQAwSTFHMEUGA1UEAxM+ZTU3NmtyZ3YzeDdoeGVqd3lmYjR2Zml5eHdsbWdmNnUycTY0YW5nZ2J3c25ucnBlYzN1YmZvaWQub25pb24wWTATBgcqhkjOPQIBBggqhkjOPQMBBwNCAATnIhoeFv4HceoeOzC6x/n9E2zNgU18QQpohtiQIYs9qZtdpgQjOOHh98Nb0c6ix4Tf+Y5yBphKqhBZHTx/c60+oIICIzAuBgkqhkiG9w0BCQ4xITAfMB0GA1UdDgQWBBRPXKXKd+B8grn50ArRUFGbIm6h4jCCAUcGCSqGSIb3DQEJDDGCATgEggE0D9hxS1q2dIOXzWjJAaB3Q4YeSP8hPt9hx8BAEIeRiNOl0vbCcXBFibDmk2Bpu+vGd0ABl6SCCSew/ClC8nuU3o+ae6cefNC19thDGRv3RdxkvOMmZndXCuML5gwmCXGIvwG/lc0W8Vv03FCDC2vbWSGo+njmtEaEQTsZwrCl/TRQeWHGiB2sCXkH/DXueXByPKBgRMDqGcpmV2IhOsTuHF/7Cx5KT70CBIYw/JzJ2QjptZXlUtTiQ/cm/bpk+iHUmrn5JT70rQ0JNypYWl6BVEXHpyEEKwEb+HfyuJfinyk8j/WS+1zRTOFmx3XudtVlg/HrqHtO846ab44fMYmIeuLz2yd5h6MBi2urphuABlFaUqd2LbUYK0G4xL2WG+Ai5fE9Sbh8ZmGws5HCWHpvGhOmTkkwHgYKKwYBBAGDjBsCATEQEw51c2VyLWpvaW5pbmctMjA9BgkrBgECAQ8DAQExMBMuUW1RR0dzUGs4djFzeTNvQXdBMmVjZ2I2SldrMVhWekI4VTd2c0ZCMWREZlczYjBHBgNVHRExQBM+ZTU3NmtyZ3YzeDdoeGVqd3lmYjR2Zml5eHdsbWdmNnUycTY0YW5nZ2J3c25ucnBlYzN1YmZvaWQub25pb24wCgYIKoZIzj0EAwIDRwAwRAIgXQIcKPTyXTWAGWH4UiykpIBw/cO1T5rn5s08fTpXkYgCICCjjLNI3W4uZyyF0qHf0dmHG3turzM5SH19Qt/pAXwG',
        'MIIDKzCCAtICAQAwSTFHMEUGA1UEAxM+NzRsaXVtenRzaTR3NHpieHdnYXBuM29rMnZmY2FzeGx1ajdkamZnZzZqenZ1Zm9oZnVmbnljYWQub25pb24wWTATBgcqhkjOPQIBBggqhkjOPQMBBwNCAARkis+vRRj55wPofAsnqogdQJ9cswjXY+mghUo4MrLNneX92bxSMOp0C6mlH8RAzlOsdFs53yDXVn4W8PrIC9AdoIICJTAuBgkqhkiG9w0BCQ4xITAfMB0GA1UdDgQWBBSzaZiL7t1QdBpWxislFO3Gh61hjDCCAUcGCSqGSIb3DQEJDDGCATgEggE0InyPnWtRIGwri45rJnHiUKRXC44BCaSBY1a05jxw2zC8hvQaqFqPen37UORsSYAJh4S4RC7ZgM2QjR7h5zadwt3tjbDsdEFho1z6idXD9iyvwqCbB29cx0nWeWk9U8BS8zAptGzIPj5fuOEZN+pJt0FSJl9BmQGV052jP1Ji+vB2rjQrIf3FHsymL5ttO5znTs7UisJhRoxC18a61y+WOgsNXUAwT2TD0kzAiPjUkgIzpDM1zuD7wrlT3obU/DaqoNFgr0vSoe9QS7gapuVnZ0SvJtxJzweEWTUigEcldUeE4Y1qy6GJ4ctYzEeavpJgZDdDwMqPrd5KiNqYAdI+hpEkKLn7ufK1mmBVq1437F81OK4OPdNrqSTYZeF577zInpB/GxXcNyKfhZThCkZBFvN7V9UwIAYKKwYBBAGDjBsCATESExB1c2VyLWpvaW5pbmctMS0xMD0GCSsGAQIBDwMBATEwEy5RbWJrR1BWMVVnUFM3Yjg1ODhIQW9tVGlqbW9qdUtYak5ZYk1nWjZQZ1F0Z3NoMEcGA1UdETFAEz43NGxpdW16dHNpNHc0emJ4d2dhcG4zb2sydmZjYXN4bHVqN2RqZmdnNmp6dnVmb2hmdWZueWNhZC5vbmlvbjAKBggqhkjOPQQDAgNHADBEAiA0v1FpJiZO7V7lO/xfAPHkL2o8SQOzhyj/npttxvbm3wIgV7tNC9FrP2wHhfFSbyFkI9ETI7vSJB+Fqn6y2byZW/Q='
      ]
    }
[2m[22m
[2m      [2mat Socket.<anonymous> ([22m[2msrc/utils.ts[2m:159:15)[22m[2m[22m
  [2mconsole.log[22m
    [e2e_4cc1hr73df40]: 2024-03-22T21:04:46.320Z backend:CertificatesRequestsStore DuplicatedCertBug [...filteredCsrsMap.values()] [
      'MIIDIjCCAscCAQAwSTFHMEUGA1UEAxM+Mm90d2pyc3gzcGNmNmR2amhlb2w2djJ4Y3VpNm42cW40cmZraXBlMm9oM3Z5aWJpemlyNDZkaWQub25pb24wWTATBgcqhkjOPQIBBggqhkjOPQMBBwNCAASAyz/RAv61EQ7fSy3WbndIpaX9zi+r2BPNsF7eh2TyzlNUIqZ+ZGBrDPOP4ea+lYwAGYc0obSJgwiFRataRarIoIICGjAuBgkqhkiG9w0BCQ4xITAfMB0GA1UdDgQWBBRAQ+c+nMaAWHjxud5tJL3peqMp1zCCAUcGCSqGSIb3DQEJDDGCATgEggE0FVgLbFaN+gKO4Aqfjs/gNPtz+V9vgnwmOEuIipHYSyEyiZL7PmRutx07890ws44SwLYEKDBavLKfF1aSa1MOLps/bMWW2DDOngTVGyaWufh8OaBzxGIL3815BZLJF9VTgEuyJbOq3+XLZMj2fdEjXHTRvYURKZtc/O7FHYG5mOc7QTwkXd9jQ8tMYZ85wWJdR3ZLGWYfnrrplQTdkAq9H7DEH4OTypJSYjvhMBrDAZeFOe1nHVkJU14sO2x1rc9X1GQMYmLC4WxLcwdcyUh1aXOEev3VprQRQjaFznk0UHK33rn1q16YE5zc+3hhF03FOGSos8DMyQy3o10/p1fOI9oVSkFpKlx5OyZXz1uG6Utmt8htptEr4rE4jm9y6+r5DXm5nIjSZIbNgXh9boxyX7KvOkkwFQYKKwYBBAGDjBsCATEHEwVvd25lcjA9BgkrBgECAQ8DAQExMBMuUW1UcE5taXhzZlVTSEJtM3ZXdnZ1VGtndDJIZFhjMXNZaUJSdzRwTVJuODhHUjBHBgNVHRExQBM+Mm90d2pyc3gzcGNmNmR2amhlb2w2djJ4Y3VpNm42cW40cmZraXBlMm9oM3Z5aWJpemlyNDZkaWQub25pb24wCgYIKoZIzj0EAwIDSQAwRgIhAOK6Uac+lomfbGsOpT+M1/mZLNGmQ6uPXE4blwkpyla2AiEApkT1IJjfMgcYl613arLQ4nUrieyCoz8W8U+EWt1HhGM=',
      'MIIDKjCCAtACAQAwSTFHMEUGA1UEAxM+aWx5bTJleXB0eTVnbWFzcnB3djV0bjI1aWhsNnp3YnU3dDN5aXM3aTNhbzNwamRlbXR3NXAyYWQub25pb24wWTATBgcqhkjOPQIBBggqhkjOPQMBBwNCAASAc6Q7kSitT6fyLxEFZGkuuzNa9jtKyJR7X+dlJEEmw5Lt9tZZh33x2EjtrubvNXQ6o2Ok0bbirf38mNxlDpvYoIICIzAuBgkqhkiG9w0BCQ4xITAfMB0GA1UdDgQWBBSq+CkgQPuUKSTjGI+UdK61eLe3xzCCAUcGCSqGSIb3DQEJDDGCATgEggE0LxHEGHtvKSiDcFtzFUkCL4n71xN5ZfTPdAbFO34bUN1lRH9B8vVRIllPt7t78Us1jAQc0SbkZj/lmZdb/FlgjytUXwQCyU/4P+/XWsScrvD5iOkhipLZ9OBC6Z+Kxr8gHijlP8E/2VEDWp2TEI4y4PalusR0aiEkMK9G+aFPenTi6/7oUDZa5ePoBlSn4dtDiMkb9WT9fTv4W033G1PhszK8SEV7gM0ZlHyrt9vsThXW46jW1UhJfUZfQ4IzUAHZyfKlhux2mG3PIshCDI3fVIIu72b1YKV7ixkY39G8cq3B8pjCk7wLpVop7Bz8Ke9lf0qRL/cTsBcRYv5pH1B8L16tCHA/ZnYupxd++5vygxoK/F96rU5YuNpG2Xc4YhfW7/7u/CRECz1pIinU7Eanm0OPKUIwHgYKKwYBBAGDjBsCATEQEw51c2VyLWpvaW5pbmctMTA9BgkrBgECAQ8DAQExMBMuUW1aTFc2eTVtOGJyb1l1dEc0b2cyeW1YUlpVRGN4VmhkZ0hoaUtZS2hxdVVOcDBHBgNVHRExQBM+aWx5bTJleXB0eTVnbWFzcnB3djV0bjI1aWhsNnp3YnU3dDN5aXM3aTNhbzNwamRlbXR3NXAyYWQub25pb24wCgYIKoZIzj0EAwIDSAAwRQIhAJclKaxQLhPy8NHDIbipEmjrVtOqp7aXhzB9Wu8r3T/LAiB7+RGRT1sFjUy5Wk+IZTZ7I3xf1gi+PN9FCRngURsyyA==',
      'MIIDKTCCAtACAQAwSTFHMEUGA1UEAxM+ZTU3NmtyZ3YzeDdoeGVqd3lmYjR2Zml5eHdsbWdmNnUycTY0YW5nZ2J3c25ucnBlYzN1YmZvaWQub25pb24wWTATBgcqhkjOPQIBBggqhkjOPQMBBwNCAATnIhoeFv4HceoeOzC6x/n9E2zNgU18QQpohtiQIYs9qZtdpgQjOOHh98Nb0c6ix4Tf+Y5yBphKqhBZHTx/c60+oIICIzAuBgkqhkiG9w0BCQ4xITAfMB0GA1UdDgQWBBRPXKXKd+B8grn50ArRUFGbIm6h4jCCAUcGCSqGSIb3DQEJDDGCATgEggE0D9hxS1q2dIOXzWjJAaB3Q4YeSP8hPt9hx8BAEIeRiNOl0vbCcXBFibDmk2Bpu+vGd0ABl6SCCSew/ClC8nuU3o+ae6cefNC19thDGRv3RdxkvOMmZndXCuML5gwmCXGIvwG/lc0W8Vv03FCDC2vbWSGo+njmtEaEQTsZwrCl/TRQeWHGiB2sCXkH/DXueXByPKBgRMDqGcpmV2IhOsTuHF/7Cx5KT70CBIYw/JzJ2QjptZXlUtTiQ/cm/bpk+iHUmrn5JT70rQ0JNypYWl6BVEXHpyEEKwEb+HfyuJfinyk8j/WS+1zRTOFmx3XudtVlg/HrqHtO846ab44fMYmIeuLz2yd5h6MBi2urphuABlFaUqd2LbUYK0G4xL2WG+Ai5fE9Sbh8ZmGws5HCWHpvGhOmTkkwHgYKKwYBBAGDjBsCATEQEw51c2VyLWpvaW5pbmctMjA9BgkrBgECAQ8DAQExMBMuUW1RR0dzUGs4djFzeTNvQXdBMmVjZ2I2SldrMVhWekI4VTd2c0ZCMWREZlczYjBHBgNVHRExQBM+ZTU3NmtyZ3YzeDdoeGVqd3lmYjR2Zml5eHdsbWdmNnUycTY0YW5nZ2J3c25ucnBlYzN1YmZvaWQub25pb24wCgYIKoZIzj0EAwIDRwAwRAIgXQIcKPTyXTWAGWH4UiykpIBw/cO1T5rn5s08fTpXkYgCICCjjLNI3W4uZyyF0qHf0dmHG3turzM5SH19Qt/pAXwG',
      'MIIDKzCCAtICAQAwSTFHMEUGA1UEAxM+NzRsaXVtenRzaTR3NHpieHdnYXBuM29rMnZmY2FzeGx1ajdkamZnZzZqenZ1Zm9oZnVmbnljYWQub25pb24wWTATBgcqhkjOPQIBBggqhkjOPQMBBwNCAARkis+vRRj55wPofAsnqogdQJ9cswjXY+mghUo4MrLNneX92bxSMOp0C6mlH8RAzlOsdFs53yDXVn4W8PrIC9AdoIICJTAuBgkqhkiG9w0BCQ4xITAfMB0GA1UdDgQWBBSzaZiL7t1QdBpWxislFO3Gh61hjDCCAUcGCSqGSIb3DQEJDDGCATgEggE0InyPnWtRIGwri45rJnHiUKRXC44BCaSBY1a05jxw2zC8hvQaqFqPen37UORsSYAJh4S4RC7ZgM2QjR7h5zadwt3tjbDsdEFho1z6idXD9iyvwqCbB29cx0nWeWk9U8BS8zAptGzIPj5fuOEZN+pJt0FSJl9BmQGV052jP1Ji+vB2rjQrIf3FHsymL5ttO5znTs7UisJhRoxC18a61y+WOgsNXUAwT2TD0kzAiPjUkgIzpDM1zuD7wrlT3obU/DaqoNFgr0vSoe9QS7gapuVnZ0SvJtxJzweEWTUigEcldUeE4Y1qy6GJ4ctYzEeavpJgZDdDwMqPrd5KiNqYAdI+hpEkKLn7ufK1mmBVq1437F81OK4OPdNrqSTYZeF577zInpB/GxXcNyKfhZThCkZBFvN7V9UwIAYKKwYBBAGDjBsCATESExB1c2VyLWpvaW5pbmctMS0xMD0GCSsGAQIBDwMBATEwEy5RbWJrR1BWMVVnUFM3Yjg1ODhIQW9tVGlqbW9qdUtYak5ZYk1nWjZQZ1F0Z3NoMEcGA1UdETFAEz43NGxpdW16dHNpNHc0emJ4d2dhcG4zb2sydmZjYXN4bHVqN2RqZmdnNmp6dnVmb2hmdWZueWNhZC5vbmlvbjAKBggqhkjOPQQDAgNHADBEAiA0v1FpJiZO7V7lO/xfAPHkL2o8SQOzhyj/npttxvbm3wIgV7tNC9FrP2wHhfFSbyFkI9ETI7vSJB+Fqn6y2byZW/Q='
    ]
    2024-03-22T21:04:46.320Z backend:ConnectionsManagerService Storage - csrsStored
[2m[22m
[2m      [2mat Socket.<anonymous> ([22m[2msrc/utils.ts[2m:159:15)[22m[2m[22m
  [2mconsole.log[22m
    [e2e_4cc1hr73df40]: 2024-03-22T21:04:46.321Z backend:StorageService csrs count: 6
[2m[22m
[2m      [2mat Socket.<anonymous> ([22m[2msrc/utils.ts[2m:159:15)[22m[2m[22m
  [2mconsole.log[22m
    stdout:
    updatePeersList, peers count: 6
[2m[22m
[2m      [2mat Socket.<anonymous> ([22m[2msrc/utils.ts[2m:149:15)[22m[2m[22m
  [2mconsole.log[22m
    [e2e_4cc1hr73df40]: 2024-03-22T21:04:46.322Z backend:ConnectionsManagerService Storage - csrsStored
[2m[22m
[2m      [2mat Socket.<anonymous> ([22m[2msrc/utils.ts[2m:159:15)[22m[2m[22m
  [2mconsole.log[22m
    [e2e_4cc1hr73df40]: 2024-03-22T21:04:46.323Z backend:StorageService csrs count: 6
[2m[22m
[2m      [2mat Socket.<anonymous> ([22m[2msrc/utils.ts[2m:159:15)[22m[2m[22m
  [2mconsole.log[22m
    stdout:
    updatePeersList, peers count: 6
[2m[22m
[2m      [2mat Socket.<anonymous> ([22m[2msrc/utils.ts[2m:149:15)[22m[2m[22m
  [2mconsole.log[22m
    [e2e_4cc1hr73df40]: 2024-03-22T21:04:46.326Z backend:Libp2pService Dialing 0 addresses
    2024-03-22T21:04:46.326Z backend:ProcessInChunksService Updating data with 0 items
    2024-03-22T21:04:46.326Z backend:ProcessInChunksService Processing 0 items
    2024-03-22T21:04:46.326Z backend:Libp2pService Dialing 0 addresses
    2024-03-22T21:04:46.326Z backend:ProcessInChunksService Updating data with 0 items
    2024-03-22T21:04:46.326Z backend:ProcessInChunksService Processing 0 items
    2024-03-22T21:04:46.326Z backend:RegistrationService Trying to issue certificates false [
      {
        csrs: [
          'MIIDIjCCAscCAQAwSTFHMEUGA1UEAxM+Mm90d2pyc3gzcGNmNmR2amhlb2w2djJ4Y3VpNm42cW40cmZraXBlMm9oM3Z5aWJpemlyNDZkaWQub25pb24wWTATBgcqhkjOPQIBBggqhkjOPQMBBwNCAASAyz/RAv61EQ7fSy3WbndIpaX9zi+r2BPNsF7eh2TyzlNUIqZ+ZGBrDPOP4ea+lYwAGYc0obSJgwiFRataRarIoIICGjAuBgkqhkiG9w0BCQ4xITAfMB0GA1UdDgQWBBRAQ+c+nMaAWHjxud5tJL3peqMp1zCCAUcGCSqGSIb3DQEJDDGCATgEggE0FVgLbFaN+gKO4Aqfjs/gNPtz+V9vgnwmOEuIipHYSyEyiZL7PmRutx07890ws44SwLYEKDBavLKfF1aSa1MOLps/bMWW2DDOngTVGyaWufh8OaBzxGIL3815BZLJF9VTgEuyJbOq3+XLZMj2fdEjXHTRvYURKZtc/O7FHYG5mOc7QTwkXd9jQ8tMYZ85wWJdR3ZLGWYfnrrplQTdkAq9H7DEH4OTypJSYjvhMBrDAZeFOe1nHVkJU14sO2x1rc9X1GQMYmLC4WxLcwdcyUh1aXOEev3VprQRQjaFznk0UHK33rn1q16YE5zc+3hhF03FOGSos8DMyQy3o10/p1fOI9oVSkFpKlx5OyZXz1uG6Utmt8htptEr4rE4jm9y6+r5DXm5nIjSZIbNgXh9boxyX7KvOkkwFQYKKwYBBAGDjBsCATEHEwVvd25lcjA9BgkrBgECAQ8DAQExMBMuUW1UcE5taXhzZlVTSEJtM3ZXdnZ1VGtndDJIZFhjMXNZaUJSdzRwTVJuODhHUjBHBgNVHRExQBM+Mm90d2pyc3gzcGNmNmR2amhlb2w2djJ4Y3VpNm42cW40cmZraXBlMm9oM3Z5aWJpemlyNDZkaWQub25pb24wCgYIKoZIzj0EAwIDSQAwRgIhAOK6Uac+lomfbGsOpT+M1/mZLNGmQ6uPXE4blwkpyla2AiEApkT1IJjfMgcYl613arLQ4nUrieyCoz8W8U+EWt1HhGM=',
          'MIIDKjCCAtACAQAwSTFHMEUGA1UEAxM+aWx5bTJleXB0eTVnbWFzcnB3djV0bjI1aWhsNnp3YnU3dDN5aXM3aTNhbzNwamRlbXR3NXAyYWQub25pb24wWTATBgcqhkjOPQIBBggqhkjOPQMBBwNCAASAc6Q7kSitT6fyLxEFZGkuuzNa9jtKyJR7X+dlJEEmw5Lt9tZZh33x2EjtrubvNXQ6o2Ok0bbirf38mNxlDpvYoIICIzAuBgkqhkiG9w0BCQ4xITAfMB0GA1UdDgQWBBSq+CkgQPuUKSTjGI+UdK61eLe3xzCCAUcGCSqGSIb3DQEJDDGCATgEggE0LxHEGHtvKSiDcFtzFUkCL4n71xN5ZfTPdAbFO34bUN1lRH9B8vVRIllPt7t78Us1jAQc0SbkZj/lmZdb/FlgjytUXwQCyU/4P+/XWsScrvD5iOkhipLZ9OBC6Z+Kxr8gHijlP8E/2VEDWp2TEI4y4PalusR0aiEkMK9G+aFPenTi6/7oUDZa5ePoBlSn4dtDiMkb9WT9fTv4W033G1PhszK8SEV7gM0ZlHyrt9vsThXW46jW1UhJfUZfQ4IzUAHZyfKlhux2mG3PIshCDI3fVIIu72b1YKV7ixkY39G8cq3B8pjCk7wLpVop7Bz8Ke9lf0qRL/cTsBcRYv5pH1B8L16tCHA/ZnYupxd++5vygxoK/F96rU5YuNpG2Xc4YhfW7/7u/CRECz1pIinU7Eanm0OPKUIwHgYKKwYBBAGDjBsCATEQEw51c2VyLWpvaW5pbmctMTA9BgkrBgECAQ8DAQExMBMuUW1aTFc2eTVtOGJyb1l1dEc0b2cyeW1YUlpVRGN4VmhkZ0hoaUtZS2hxdVVOcDBHBgNVHRExQBM+aWx5bTJleXB0eTVnbWFzcnB3djV0bjI1aWhsNnp3YnU3dDN5aXM3aTNhbzNwamRlbXR3NXAyYWQub25pb24wCgYIKoZIzj0EAwIDSAAwRQIhAJclKaxQLhPy8NHDIbipEmjrVtOqp7aXhzB9Wu8r3T/LAiB7+RGRT1sFjUy5Wk+IZTZ7I3xf1gi+PN9FCRngURsyyA==',
          'MIIDKTCCAtACAQAwSTFHMEUGA1UEAxM+ZTU3NmtyZ3YzeDdoeGVqd3lmYjR2Zml5eHdsbWdmNnUycTY0YW5nZ2J3c25ucnBlYzN1YmZvaWQub25pb24wWTATBgcqhkjOPQIBBggqhkjOPQMBBwNCAATnIhoeFv4HceoeOzC6x/n9E2zNgU18QQpohtiQIYs9qZtdpgQjOOHh98Nb0c6ix4Tf+Y5yBphKqhBZHTx/c60+oIICIzAuBgkqhkiG9w0BCQ4xITAfMB0GA1UdDgQWBBRPXKXKd+B8grn50ArRUFGbIm6h4jCCAUcGCSqGSIb3DQEJDDGCATgEggE0D9hxS1q2dIOXzWjJAaB3Q4YeSP8hPt9hx8BAEIeRiNOl0vbCcXBFibDmk2Bpu+vGd0ABl6SCCSew/ClC8nuU3o+ae6cefNC19thDGRv3RdxkvOMmZndXCuML5gwmCXGIvwG/lc0W8Vv03FCDC2vbWSGo+njmtEaEQTsZwrCl/TRQeWHGiB2sCXkH/DXueXByPKBgRMDqGcpmV2IhOsTuHF/7Cx5KT70CBIYw/JzJ2QjptZXlUtTiQ/cm/bpk+iHUmrn5JT70rQ0JNypYWl6BVEXHpyEEKwEb+HfyuJfinyk8j/WS+1zRTOFmx3XudtVlg/HrqHtO846ab44fMYmIeuLz2yd5h6MBi2urphuABlFaUqd2LbUYK0G4xL2WG+Ai5fE9Sbh8ZmGws5HCWHpvGhOmTkkwHgYKKwYBBAGDjBsCATEQEw51c2VyLWpvaW5pbmctMjA9BgkrBgECAQ8DAQExMBMuUW1RR0dzUGs4djFzeTNvQXdBMmVjZ2I2SldrMVhWekI4VTd2c0ZCMWREZlczYjBHBgNVHRExQBM+ZTU3NmtyZ3YzeDdoeGVqd3lmYjR2Zml5eHdsbWdmNnUycTY0YW5nZ2J3c25ucnBlYzN1YmZvaWQub25pb24wCgYIKoZIzj0EAwIDRwAwRAIgXQIcKPTyXTWAGWH4UiykpIBw/cO1T5rn5s08fTpXkYgCICCjjLNI3W4uZyyF0qHf0dmHG3turzM5SH19Qt/pAXwG',
          'MIIDKzCCAtICAQAwSTFHMEUGA1UEAxM+NzRsaXVtenRzaTR3NHpieHdnYXBuM29rMnZmY2FzeGx1ajdkamZnZzZqenZ1Zm9oZnVmbnljYWQub25pb24wWTATBgcqhkjOPQIBBggqhkjOPQMBBwNCAARkis+vRRj55wPofAsnqogdQJ9cswjXY+mghUo4MrLNneX92bxSMOp0C6mlH8RAzlOsdFs53yDXVn4W8PrIC9AdoIICJTAuBgkqhkiG9w0BCQ4xITAfMB0GA1UdDgQWBBSzaZiL7t1QdBpWxislFO3Gh61hjDCCAUcGCSqGSIb3DQEJDDGCATgEggE0InyPnWtRIGwri45rJnHiUKRXC44BCaSBY1a05jxw2zC8hvQaqFqPen37UORsSYAJh4S4RC7ZgM2QjR7h5zadwt3tjbDsdEFho1z6idXD9iyvwqCbB29cx0nWeWk9U8BS8zAptGzIPj5fuOEZN+pJt0FSJl9BmQGV052jP1Ji+vB2rjQrIf3FHsymL5ttO5znTs7UisJhRoxC18a61y+WOgsNXUAwT2TD0kzAiPjUkgIzpDM1zuD7wrlT3obU/DaqoNFgr0vSoe9QS7gapuVnZ0SvJtxJzweEWTUigEcldUeE4Y1qy6GJ4ctYzEeavpJgZDdDwMqPrd5KiNqYAdI+hpEkKLn7ufK1mmBVq1437F81OK4OPdNrqSTYZeF577zInpB/GxXcNyKfhZThCkZBFvN7V9UwIAYKKwYBBAGDjBsCATESExB1c2VyLWpvaW5pbmctMS0xMD0GCSsGAQIBDwMBATEwEy5RbWJrR1BWMVVnUFM3Yjg1ODhIQW9tVGlqbW9qdUtYak5ZYk1nWjZQZ1F0Z3NoMEcGA1UdETFAEz43NGxpdW16dHNpNHc0emJ4d2dhcG4zb2sydmZjYXN4bHVqN2RqZmdnNmp6dnVmb2hmdWZueWNhZC5vbmlvbjAKBggqhkjOPQQDAgNHADBEAiA0v1FpJiZO7V7lO/xfAPHkL2o8SQOzhyj/npttxvbm3wIgV7tNC9FrP2wHhfFSbyFkI9ETI7vSJB+Fqn6y2byZW/Q='
        ]
      }
    ]
    2024-03-22T21:04:46.326Z backend:RegistrationService Issuing certificates {
      csrs: [
        'MIIDIjCCAscCAQAwSTFHMEUGA1UEAxM+Mm90d2pyc3gzcGNmNmR2amhlb2w2djJ4Y3VpNm42cW40cmZraXBlMm9oM3Z5aWJpemlyNDZkaWQub25pb24wWTATBgcqhkjOPQIBBggqhkjOPQMBBwNCAASAyz/RAv61EQ7fSy3WbndIpaX9zi+r2BPNsF7eh2TyzlNUIqZ+ZGBrDPOP4ea+lYwAGYc0obSJgwiFRataRarIoIICGjAuBgkqhkiG9w0BCQ4xITAfMB0GA1UdDgQWBBRAQ+c+nMaAWHjxud5tJL3peqMp1zCCAUcGCSqGSIb3DQEJDDGCATgEggE0FVgLbFaN+gKO4Aqfjs/gNPtz+V9vgnwmOEuIipHYSyEyiZL7PmRutx07890ws44SwLYEKDBavLKfF1aSa1MOLps/bMWW2DDOngTVGyaWufh8OaBzxGIL3815BZLJF9VTgEuyJbOq3+XLZMj2fdEjXHTRvYURKZtc/O7FHYG5mOc7QTwkXd9jQ8tMYZ85wWJdR3ZLGWYfnrrplQTdkAq9H7DEH4OTypJSYjvhMBrDAZeFOe1nHVkJU14sO2x1rc9X1GQMYmLC4WxLcwdcyUh1aXOEev3VprQRQjaFznk0UHK33rn1q16YE5zc+3hhF03FOGSos8DMyQy3o10/p1fOI9oVSkFpKlx5OyZXz1uG6Utmt8htptEr4rE4jm9y6+r5DXm5nIjSZIbNgXh9boxyX7KvOkkwFQYKKwYBBAGDjBsCATEHEwVvd25lcjA9BgkrBgECAQ8DAQExMBMuUW1UcE5taXhzZlVTSEJtM3ZXdnZ1VGtndDJIZFhjMXNZaUJSdzRwTVJuODhHUjBHBgNVHRExQBM+Mm90d2pyc3gzcGNmNmR2amhlb2w2djJ4Y3VpNm42cW40cmZraXBlMm9oM3Z5aWJpemlyNDZkaWQub25pb24wCgYIKoZIzj0EAwIDSQAwRgIhAOK6Uac+lomfbGsOpT+M1/mZLNGmQ6uPXE4blwkpyla2AiEApkT1IJjfMgcYl613arLQ4nUrieyCoz8W8U+EWt1HhGM=',
        'MIIDKjCCAtACAQAwSTFHMEUGA1UEAxM+aWx5bTJleXB0eTVnbWFzcnB3djV0bjI1aWhsNnp3YnU3dDN5aXM3aTNhbzNwamRlbXR3NXAyYWQub25pb24wWTATBgcqhkjOPQIBBggqhkjOPQMBBwNCAASAc6Q7kSitT6fyLxEFZGkuuzNa9jtKyJR7X+dlJEEmw5Lt9tZZh33x2EjtrubvNXQ6o2Ok0bbirf38mNxlDpvYoIICIzAuBgkqhkiG9w0BCQ4xITAfMB0GA1UdDgQWBBSq+CkgQPuUKSTjGI+UdK61eLe3xzCCAUcGCSqGSIb3DQEJDDGCATgEggE0LxHEGHtvKSiDcFtzFUkCL4n71xN5ZfTPdAbFO34bUN1lRH9B8vVRIllPt7t78Us1jAQc0SbkZj/lmZdb/FlgjytUXwQCyU/4P+/XWsScrvD5iOkhipLZ9OBC6Z+Kxr8gHijlP8E/2VEDWp2TEI4y4PalusR0aiEkMK9G+aFPenTi6/7oUDZa5ePoBlSn4dtDiMkb9WT9fTv4W033G1PhszK8SEV7gM0ZlHyrt9vsThXW46jW1UhJfUZfQ4IzUAHZyfKlhux2mG3PIshCDI3fVIIu72b1YKV7ixkY39G8cq3B8pjCk7wLpVop7Bz8Ke9lf0qRL/cTsBcRYv5pH1B8L16tCHA/ZnYupxd++5vygxoK/F96rU5YuNpG2Xc4YhfW7/7u/CRECz1pIinU7Eanm0OPKUIwHgYKKwYBBAGDjBsCATEQEw51c2VyLWpvaW5pbmctMTA9BgkrBgECAQ8DAQExMBMuUW1aTFc2eTVtOGJyb1l1dEc0b2cyeW1YUlpVRGN4VmhkZ0hoaUtZS2hxdVVOcDBHBgNVHRExQBM+aWx5bTJleXB0eTVnbWFzcnB3djV0bjI1aWhsNnp3YnU3dDN5aXM3aTNhbzNwamRlbXR3NXAyYWQub25pb24wCgYIKoZIzj0EAwIDSAAwRQIhAJclKaxQLhPy8NHDIbipEmjrVtOqp7aXhzB9Wu8r3T/LAiB7+RGRT1sFjUy5Wk+IZTZ7I3xf1gi+PN9FCRngURsyyA==',
        'MIIDKTCCAtACAQAwSTFHMEUGA1UEAxM+ZTU3NmtyZ3YzeDdoeGVqd3lmYjR2Zml5eHdsbWdmNnUycTY0YW5nZ2J3c25ucnBlYzN1YmZvaWQub25pb24wWTATBgcqhkjOPQIBBggqhkjOPQMBBwNCAATnIhoeFv4HceoeOzC6x/n9E2zNgU18QQpohtiQIYs9qZtdpgQjOOHh98Nb0c6ix4Tf+Y5yBphKqhBZHTx/c60+oIICIzAuBgkqhkiG9w0BCQ4xITAfMB0GA1UdDgQWBBRPXKXKd+B8grn50ArRUFGbIm6h4jCCAUcGCSqGSIb3DQEJDDGCATgEggE0D9hxS1q2dIOXzWjJAaB3Q4YeSP8hPt9hx8BAEIeRiNOl0vbCcXBFibDmk2Bpu+vGd0ABl6SCCSew/ClC8nuU3o+ae6cefNC19thDGRv3RdxkvOMmZndXCuML5gwmCXGIvwG/lc0W8Vv03FCDC2vbWSGo+njmtEaEQTsZwrCl/TRQeWHGiB2sCXkH/DXueXByPKBgRMDqGcpmV2IhOsTuHF/7Cx5KT70CBIYw/JzJ2QjptZXlUtTiQ/cm/bpk+iHUmrn5JT70rQ0JNypYWl6BVEXHpyEEKwEb+HfyuJfinyk8j/WS+1zRTOFmx3XudtVlg/HrqHtO846ab44fMYmIeuLz2yd5h6MBi2urphuABlFaUqd2LbUYK0G4xL2WG+Ai5fE9Sbh8ZmGws5HCWHpvGhOmTkkwHgYKKwYBBAGDjBsCATEQEw51c2VyLWpvaW5pbmctMjA9BgkrBgECAQ8DAQExMBMuUW1RR0dzUGs4djFzeTNvQXdBMmVjZ2I2SldrMVhWekI4VTd2c0ZCMWREZlczYjBHBgNVHRExQBM+ZTU3NmtyZ3YzeDdoeGVqd3lmYjR2Zml5eHdsbWdmNnUycTY0YW5nZ2J3c25ucnBlYzN1YmZvaWQub25pb24wCgYIKo
[2m[22m
[2m      [2mat Socket.<anonymous> ([22m[2msrc/utils.ts[2m:159:15)[22m[2m[22m
  [2mconsole.log[22m
    [e2e_4cc1hr73df40]: ZIzj0EAwIDRwAwRAIgXQIcKPTyXTWAGWH4UiykpIBw/cO1T5rn5s08fTpXkYgCICCjjLNI3W4uZyyF0qHf0dmHG3turzM5SH19Qt/pAXwG',
        'MIIDKzCCAtICAQAwSTFHMEUGA1UEAxM+NzRsaXVtenRzaTR3NHpieHdnYXBuM29rMnZmY2FzeGx1ajdkamZnZzZqenZ1Zm9oZnVmbnljYWQub25pb24wWTATBgcqhkjOPQIBBggqhkjOPQMBBwNCAARkis+vRRj55wPofAsnqogdQJ9cswjXY+mghUo4MrLNneX92bxSMOp0C6mlH8RAzlOsdFs53yDXVn4W8PrIC9AdoIICJTAuBgkqhkiG9w0BCQ4xITAfMB0GA1UdDgQWBBSzaZiL7t1QdBpWxislFO3Gh61hjDCCAUcGCSqGSIb3DQEJDDGCATgEggE0InyPnWtRIGwri45rJnHiUKRXC44BCaSBY1a05jxw2zC8hvQaqFqPen37UORsSYAJh4S4RC7ZgM2QjR7h5zadwt3tjbDsdEFho1z6idXD9iyvwqCbB29cx0nWeWk9U8BS8zAptGzIPj5fuOEZN+pJt0FSJl9BmQGV052jP1Ji+vB2rjQrIf3FHsymL5ttO5znTs7UisJhRoxC18a61y+WOgsNXUAwT2TD0kzAiPjUkgIzpDM1zuD7wrlT3obU/DaqoNFgr0vSoe9QS7gapuVnZ0SvJtxJzweEWTUigEcldUeE4Y1qy6GJ4ctYzEeavpJgZDdDwMqPrd5KiNqYAdI+hpEkKLn7ufK1mmBVq1437F81OK4OPdNrqSTYZeF577zInpB/GxXcNyKfhZThCkZBFvN7V9UwIAYKKwYBBAGDjBsCATESExB1c2VyLWpvaW5pbmctMS0xMD0GCSsGAQIBDwMBATEwEy5RbWJrR1BWMVVnUFM3Yjg1ODhIQW9tVGlqbW9qdUtYak5ZYk1nWjZQZ1F0Z3NoMEcGA1UdETFAEz43NGxpdW16dHNpNHc0emJ4d2dhcG4zb2sydmZjYXN4bHVqN2RqZmdnNmp6dnVmb2hmdWZueWNhZC5vbmlvbjAKBggqhkjOPQQDAgNHADBEAiA0v1FpJiZO7V7lO/xfAPHkL2o8SQOzhyj/npttxvbm3wIgV7tNC9FrP2wHhfFSbyFkI9ETI7vSJB+Fqn6y2byZW/Q='
      ]
    }
[2m[22m
[2m      [2mat Socket.<anonymous> ([22m[2msrc/utils.ts[2m:159:15)[22m[2m[22m
  [2mconsole.log[22m
    [e2e_4cc1hr73df40]: 2024-03-22T21:04:46.326Z backend:StorageService Loading all certificates
    2024-03-22T21:04:46.326Z backend:Libp2pService Dialing 0 addresses
    2024-03-22T21:04:46.326Z backend:ProcessInChunksService Updating data with 0 items
    2024-03-22T21:04:46.326Z backend:ProcessInChunksService Processing 0 items
    2024-03-22T21:04:46.326Z backend:Libp2pService Dialing 0 addresses
    2024-03-22T21:04:46.326Z backend:ProcessInChunksService Updating data with 0 items
    2024-03-22T21:04:46.326Z backend:ProcessInChunksService Processing 0 items
    2024-03-22T21:04:46.326Z backend:RegistrationService Trying to issue certificates true [
      {
        csrs: [
          'MIIDIjCCAscCAQAwSTFHMEUGA1UEAxM+Mm90d2pyc3gzcGNmNmR2amhlb2w2djJ4Y3VpNm42cW40cmZraXBlMm9oM3Z5aWJpemlyNDZkaWQub25pb24wWTATBgcqhkjOPQIBBggqhkjOPQMBBwNCAASAyz/RAv61EQ7fSy3WbndIpaX9zi+r2BPNsF7eh2TyzlNUIqZ+ZGBrDPOP4ea+lYwAGYc0obSJgwiFRataRarIoIICGjAuBgkqhkiG9w0BCQ4xITAfMB0GA1UdDgQWBBRAQ+c+nMaAWHjxud5tJL3peqMp1zCCAUcGCSqGSIb3DQEJDDGCATgEggE0FVgLbFaN+gKO4Aqfjs/gNPtz+V9vgnwmOEuIipHYSyEyiZL7PmRutx07890ws44SwLYEKDBavLKfF1aSa1MOLps/bMWW2DDOngTVGyaWufh8OaBzxGIL3815BZLJF9VTgEuyJbOq3+XLZMj2fdEjXHTRvYURKZtc/O7FHYG5mOc7QTwkXd9jQ8tMYZ85wWJdR3ZLGWYfnrrplQTdkAq9H7DEH4OTypJSYjvhMBrDAZeFOe1nHVkJU14sO2x1rc9X1GQMYmLC4WxLcwdcyUh1aXOEev3VprQRQjaFznk0UHK33rn1q16YE5zc+3hhF03FOGSos8DMyQy3o10/p1fOI9oVSkFpKlx5OyZXz1uG6Utmt8htptEr4rE4jm9y6+r5DXm5nIjSZIbNgXh9boxyX7KvOkkwFQYKKwYBBAGDjBsCATEHEwVvd25lcjA9BgkrBgECAQ8DAQExMBMuUW1UcE5taXhzZlVTSEJtM3ZXdnZ1VGtndDJIZFhjMXNZaUJSdzRwTVJuODhHUjBHBgNVHRExQBM+Mm90d2pyc3gzcGNmNmR2amhlb2w2djJ4Y3VpNm42cW40cmZraXBlMm9oM3Z5aWJpemlyNDZkaWQub25pb24wCgYIKoZIzj0EAwIDSQAwRgIhAOK6Uac+lomfbGsOpT+M1/mZLNGmQ6uPXE4blwkpyla2AiEApkT1IJjfMgcYl613arLQ4nUrieyCoz8W8U+EWt1HhGM=',
          'MIIDKjCCAtACAQAwSTFHMEUGA1UEAxM+aWx5bTJleXB0eTVnbWFzcnB3djV0bjI1aWhsNnp3YnU3dDN5aXM3aTNhbzNwamRlbXR3NXAyYWQub25pb24wWTATBgcqhkjOPQIBBggqhkjOPQMBBwNCAASAc6Q7kSitT6fyLxEFZGkuuzNa9jtKyJR7X+dlJEEmw5Lt9tZZh33x2EjtrubvNXQ6o2Ok0bbirf38mNxlDpvYoIICIzAuBgkqhkiG9w0BCQ4xITAfMB0GA1UdDgQWBBSq+CkgQPuUKSTjGI+UdK61eLe3xzCCAUcGCSqGSIb3DQEJDDGCATgEggE0LxHEGHtvKSiDcFtzFUkCL4n71xN5ZfTPdAbFO34bUN1lRH9B8vVRIllPt7t78Us1jAQc0SbkZj/lmZdb/FlgjytUXwQCyU/4P+/XWsScrvD5iOkhipLZ9OBC6Z+Kxr8gHijlP8E/2VEDWp2TEI4y4PalusR0aiEkMK9G+aFPenTi6/7oUDZa5ePoBlSn4dtDiMkb9WT9fTv4W033G1PhszK8SEV7gM0ZlHyrt9vsThXW46jW1UhJfUZfQ4IzUAHZyfKlhux2mG3PIshCDI3fVIIu72b1YKV7ixkY39G8cq3B8pjCk7wLpVop7Bz8Ke9lf0qRL/cTsBcRYv5pH1B8L16tCHA/ZnYupxd++5vygxoK/F96rU5YuNpG2Xc4YhfW7/7u/CRECz1pIinU7Eanm0OPKUIwHgYKKwYBBAGDjBsCATEQEw51c2VyLWpvaW5pbmctMTA9BgkrBgECAQ8DAQExMBMuUW1aTFc2eTVtOGJyb1l1dEc0b2cyeW1YUlpVRGN4VmhkZ0hoaUtZS2hxdVVOcDBHBgNVHRExQBM+aWx5bTJleXB0eTVnbWFzcnB3djV0bjI1aWhsNnp3YnU3dDN5aXM3aTNhbzNwamRlbXR3NXAyYWQub25pb24wCgYIKoZIzj0EAwIDSAAwRQIhAJclKaxQLhPy8NHDIbipEmjrVtOqp7aXhzB9Wu8r3T/LAiB7+RGRT1sFjUy5Wk+IZTZ7I3xf1gi+PN9FCRngURsyyA==',
          'MIIDKTCCAtACAQAwSTFHMEUGA1UEAxM+ZTU3NmtyZ3YzeDdoeGVqd3lmYjR2Zml5eHdsbWdmNnUycTY0YW5nZ2J3c25ucnBlYzN1YmZvaWQub25pb24wWTATBgcqhkjOPQIBBggqhkjOPQMBBwNCAATnIhoeFv4HceoeOzC6x/n9E2zNgU18QQpohtiQIYs9qZtdpgQjOOHh98Nb0c6ix4Tf+Y5yBphKqhBZHTx/c60+oIICIzAuBgkqhkiG9w0BCQ4xITAfMB0GA1UdDgQWBBRPXKXKd+B8grn50ArRUFGbIm6h4jCCAUcGCSqGSIb3DQEJDDGCATgEggE0D9hxS1q2dIOXzWjJAaB3Q4YeSP8hPt9hx8BAEIeRiNOl0vbCcXBFibDmk2Bpu+vGd0ABl6SCCSew/ClC8nuU3o+ae6cefNC19thDGRv3RdxkvOMmZndXCuML5gwmCXGIvwG/lc0W8Vv03FCDC2vbWSGo+njmtEaEQTsZwrCl/TRQeWHGiB2sCXkH/DXueXByPKBgRMDqGcpmV2IhOsTuHF/7Cx5KT70CBIYw/JzJ2QjptZXlUtTiQ/cm/bpk+iHUmrn5JT70rQ0JNypYWl6BVEXHpyEEKwEb+HfyuJfinyk8j/WS+1zRTOFmx3XudtVlg/HrqHtO846ab44fMYmIeuLz2yd5h6MBi2urphuABlFaUqd2LbUYK0G4xL2WG+Ai5fE9Sbh8ZmGws5HCWHpvGhOmTkkwHgYKKwYBBAGDjBsCATEQEw51c2VyLWpvaW5pbmctMjA9BgkrBgECAQ8DAQExMBMuUW1RR0dzUGs4djFzeTNvQXdBMmVjZ2I2SldrMVhWekI4VTd2c0ZCMWREZlczYjBHBgNVHRExQBM+ZTU3NmtyZ3YzeDdoeGVqd3lmYjR2Zml5eHdsbWdmNnUycTY0YW5nZ2J3c25ucnBlYzN1YmZvaWQub25pb24wCgYIKoZIzj0EAwIDRwAwRAIgXQIcKPTyXTWAGWH4UiykpIBw/cO1T5rn5s08fTpXkYgCICCjjLNI3W4uZyyF0qHf0dmHG3turzM5SH19Qt/pAXwG',
          'MIIDKzCCAtICAQAwSTFHMEUGA1UEAxM+NzRsaXVtenRzaTR3NHpieHdnYXBuM29rMnZmY2FzeGx1ajdkamZnZzZqenZ1Zm9oZnVmbnljYWQub25pb24wWTATBgcqhkjOPQIBBggqhkjOPQMBBwNCAARkis+vRRj55wPofAsnqogdQJ9cswjXY+mghUo4MrLNneX92bxSMOp0C6mlH8RAzlOsdFs53yDXVn4W8PrIC9AdoIICJTAuBgkqhkiG9w0BCQ4xITAfMB0GA1UdDgQWBBSzaZiL7t1QdBpWxislFO3Gh61hjDCCAUcGCSqGSIb3DQEJDDGCATgEggE0InyPnWtRIGwri45rJnHiUKRXC44BCaSBY1a05jxw2zC8hvQaqFqPen37UORsSYAJh4S4RC7ZgM2QjR7h5zadwt3tjbDsdEFho1z6idXD9iyvwqCbB29cx0nWeWk9U8BS8zAptGzIPj5fuOEZN+pJt0FSJl9BmQGV052jP1Ji+vB2rjQrIf3FHsymL5ttO5znTs7UisJhRoxC18a61y+WOgsNXUAwT2TD0kzAiPjUkgIzpDM1zuD7wrlT3obU/DaqoNFgr0vSoe9QS7gapuVnZ0SvJtxJzweEWTUigEcldUeE4Y1qy6GJ4ctYzEeavpJgZDdDwMqPrd5KiNqYAdI+hpEkKLn7ufK1mmBVq1437F81OK4OPdNrqSTYZeF577zInpB/GxXcNyKfhZThCkZBFvN7V9UwIAYKKwYBBAGDjBsCATESExB1c2VyLWpvaW5pbmctMS0xMD0GCSsGAQIBDwMBATEwEy5RbWJrR1BWMVVnUFM3Yjg1ODhIQW9tVGlqbW9qdUtYak5ZYk1nWjZQZ1F0Z3NoMEcGA1UdETFAEz43NGxpdW16dHNpNHc0emJ4d2dhcG4zb2sydmZjYXN4bHVqN2RqZmdnNmp6dnVmb2hmdWZueWNhZC5vbmlvbjAKBggqhkjOPQQDAgNHADBEAiA0v1FpJiZO7V7lO/xfAPHkL2o8SQOzhyj/npttxvbm3wIgV7tNC9FrP2wHhfFSbyFkI9ETI7vSJB+Fqn6y2byZW/Q='
        ]
      }
    ]
    2024-03-22T21:04:46.329Z backend:CertificatesRequestsStore DuplicatedCertBug {
      validation: true,
      csr: 'MIIDIjCCAscCAQAwSTFHMEUGA1UEAxM+Mm90d2pyc3gzcGNmNmR2amhlb2w2djJ4Y3VpNm42cW40cmZraXBlMm9oM3Z5aWJpemlyNDZkaWQub25pb24wWTATBgcqhkjOPQIBBggqhkjOPQMBBwNCAASAyz/RAv61EQ7fSy3WbndIpaX9zi+r2BPNsF7eh2TyzlNUIqZ+ZGBrDPOP4ea+lYwAGYc0obSJgwiFRataRarIoIICGjAuBgkqhkiG9w0BCQ4xITAfMB0GA1UdDgQWBBRAQ+c+nMaAWHjxud5tJL3peqMp1zCCAUcGCSqGSIb3DQEJDDGCATgEggE0FVgLbFaN+gKO4Aqfjs/gNPtz+V9vgnwmOEuIipHYSyEyiZL7PmRutx07890ws44SwLYEKDBavLKfF1aSa1MOLps/bMWW2DDOngTVGyaWufh8OaBzxGIL3815BZLJF9VTgEuyJbOq3+XLZMj2fdEjXHTRvYURKZtc/O7FHYG5mOc7QTwkXd9jQ8tMYZ85wWJdR3ZLGWYfnrrplQTdkAq9H7DEH4OTypJSYjvhMBrDAZeFOe1nHVkJU14sO2x1rc9X1GQMYmLC4WxLcwdcyUh1aXOEev3VprQRQjaFznk0UHK33rn1q16YE5zc+3hhF03FOGSos8DMyQy3o10/p1fOI9oVSkFpKlx5OyZXz1uG6Utmt8htptEr4rE4jm9y6+r5DXm5nIjSZIbNgXh9boxyX7KvOkkwFQYKKwYBBAGDjBsCATEHEwVvd25lcjA9BgkrBgECAQ8DAQExMBMuUW1UcE5taXhzZlVTSEJtM3ZXdnZ1VGtndDJIZFhjMXNZaUJSdzRwTVJuODhHUjBHBgNVHRExQBM+Mm90d2pyc3gzcGNmNmR2amhlb2w2djJ4Y3VpNm42cW40cmZraXBlMm9oM3Z5aWJpemlyNDZkaWQub25pb24wCgYIKoZIzj0EAwIDSQAwRgIhAOK6Uac+lomfbGsOpT+M1/mZLNGmQ6uPXE4blwkpyla2AiEApkT1IJjfMgcYl613arLQ4nUrieyCoz8W8U+EWt1HhGM='
    }
    2024-03-22T21:04:46.329Z backend:CertificatesRequestsStore DuplicatedCertBug {
      validation: true,
      csr: 'MIIDKjCCAtACAQAwSTFHMEUGA1UEAxM+aWx5bTJleXB0eTVnbWFzcnB3djV0bjI1aWhsNnp3YnU3dDN5aXM3aTNhbzNwamRlbXR3NXAyYWQub25pb24wWTATBgcqhkjOPQIBBggqhkjOPQMBBwNCAASAc6Q7kSitT6fyLxEFZGkuuzNa9jtKyJR7X+dlJEEmw5Lt9tZZh33x2EjtrubvNXQ6o2Ok0bbirf38mNxlDpvYoIICIzAuBgkqhkiG9w0BCQ4xITAfMB0GA1UdDgQWBBSq+CkgQPuUKSTjGI+UdK61eLe3xzCCAUcGCSqGSIb3DQEJDDGCATgEggE0LxHEGHtvKSiDcFtzFUkCL4n71xN5ZfTPdAbFO34bUN1lRH9B8vVRIllPt7t78Us1jAQc0SbkZj/lmZdb/FlgjytUXwQCyU/4P+/XWsScrvD5iOkhipLZ9OBC6Z+Kxr8gHijlP8E/2VEDWp2TEI4y4PalusR0aiEkMK9G+aFPenTi6/7oUDZa5ePoBlSn4dtDiMkb9WT9fTv4W033G1PhszK8SEV7gM0ZlHyrt9vsThXW46jW1UhJfUZfQ4IzUAHZyfKlhux2mG3PIshCDI3fVIIu72b1YKV7ixkY39G8cq3B8pjCk7wLpVop7Bz8Ke9lf0qRL/cTsBcRYv5pH1B8L16tCHA/ZnYupxd++5vygxoK/F96rU5YuNpG2Xc4YhfW7/7u/CRECz1pIinU7Eanm0OPKUIwHgYKKwYBBAGDjBsCATEQEw51c2VyLWpvaW5pbmctMTA9BgkrBgECAQ8DAQExMBMuUW1aTFc2eTVtOGJyb1l1dEc0b2cyeW1YUlpVRGN4VmhkZ0hoaUtZS2hxdVVOcDBHBgNVHRExQBM+aWx5bTJleXB0eTVnbWFzcnB3djV0bjI1aWhsNnp3YnU3dDN5aXM3aTNhbzNwamRlbXR3NXAyYWQub25pb24wCgYIKoZIzj0EAwIDSAAwRQIhAJclKaxQLhPy8NHDIbipEmjrVtOqp7aXhzB9Wu8r3T/LAiB7+RGRT1sFjUy5Wk+IZTZ7I3xf1gi+PN9FCRngURsyyA=='
    }
    2024-03-22T21:04:46.329Z backend:CertificatesRequestsStore DuplicatedCertBug {
      validation: true,
      csr: 'MIIDKjCCAtACAQAwSTFHMEUGA1UEAxM+ZTU3NmtyZ3YzeDdoeGVqd3lmYjR2Zml5eHdsbWdmNnUycTY0YW5nZ2J3c25ucnBlYzN1YmZvaWQub25pb24wWTATBgcqhkjOPQIBBggqhkjOPQMBBwNCAATnIhoeFv4HceoeOzC6x/n9E2zNgU18QQpohtiQIYs9qZtdpgQjOOHh98Nb0c6ix4Tf+Y5yBphKqhBZHTx/c60+oIICIzAuBgkqhkiG9w0BCQ4xITAfMB0GA1UdDgQWBBRPXKXKd+B8grn50ArRUFGbIm6h4jCCAUcGCSqGSIb3DQEJDDGCATgEggE0D9hxS1q2dIOXzWjJAaB3Q4YeSP8hPt9hx8BAEIeRiNOl0vbCcXBFibDmk2Bpu+vGd0ABl6SCCSew/ClC8nuU3o+ae6cefNC19thDGRv3RdxkvOMmZndXCuML5gwmCXGIvwG/lc0W8Vv03FCDC2vbWSGo+njmtEaEQTsZwrCl/TRQeWHGiB2sCXkH/DXueXByPKBgRMDqGcpmV2IhOsTuHF/7Cx5KT70CBIYw/JzJ2QjptZXlUtTiQ/cm/bpk+iHUmrn5JT70rQ0JNypYWl6BVEXHpyEEKwEb+HfyuJfinyk8j/WS+1zRTOFmx3XudtVlg/HrqHtO846ab44fMYmIeuLz2yd5
[2m[22m
[2m      [2mat Socket.<anonymous> ([22m[2msrc/utils.ts[2m:159:15)[22m[2m[22m
  [2mconsole.log[22m
    [e2e_4cc1hr73df40]: h6MBi2urphuABlFaUqd2LbUYK0G4xL2WG+Ai5fE9Sbh8ZmGws5HCWHpvGhOmTkkwHgYKKwYBBAGDjBsCATEQEw51c2VyLWpvaW5pbmctMTA9BgkrBgECAQ8DAQExMBMuUW1RR0dzUGs4djFzeTNvQXdBMmVjZ2I2SldrMVhWekI4VTd2c0ZCMWREZlczYjBHBgNVHRExQBM+ZTU3NmtyZ3YzeDdoeGVqd3lmYjR2Zml5eHdsbWdmNnUycTY0YW5nZ2J3c25ucnBlYzN1YmZvaWQub25pb24wCgYIKoZIzj0EAwIDSAAwRQIgag3Elvsz6Cfm3OGkt5j5BjTvItNqKyKd4FRzlDovpyYCIQCLRWqVmjQrYkMO4om3ktje5V8LLKfuCUzcT/eO+7T+ew=='
    }
    2024-03-22T21:04:46.329Z backend:CertificatesRequestsStore DuplicatedCertBug {
      validation: true,
      csr: 'MIIDKTCCAtACAQAwSTFHMEUGA1UEAxM+ZTU3NmtyZ3YzeDdoeGVqd3lmYjR2Zml5eHdsbWdmNnUycTY0YW5nZ2J3c25ucnBlYzN1YmZvaWQub25pb24wWTATBgcqhkjOPQIBBggqhkjOPQMBBwNCAATnIhoeFv4HceoeOzC6x/n9E2zNgU18QQpohtiQIYs9qZtdpgQjOOHh98Nb0c6ix4Tf+Y5yBphKqhBZHTx/c60+oIICIzAuBgkqhkiG9w0BCQ4xITAfMB0GA1UdDgQWBBRPXKXKd+B8grn50ArRUFGbIm6h4jCCAUcGCSqGSIb3DQEJDDGCATgEggE0D9hxS1q2dIOXzWjJAaB3Q4YeSP8hPt9hx8BAEIeRiNOl0vbCcXBFibDmk2Bpu+vGd0ABl6SCCSew/ClC8nuU3o+ae6cefNC19thDGRv3RdxkvOMmZndXCuML5gwmCXGIvwG/lc0W8Vv03FCDC2vbWSGo+njmtEaEQTsZwrCl/TRQeWHGiB2sCXkH/DXueXByPKBgRMDqGcpmV2IhOsTuHF/7Cx5KT70CBIYw/JzJ2QjptZXlUtTiQ/cm/bpk+iHUmrn5JT70rQ0JNypYWl6BVEXHpyEEKwEb+HfyuJfinyk8j/WS+1zRTOFmx3XudtVlg/HrqHtO846ab44fMYmIeuLz2yd5h6MBi2urphuABlFaUqd2LbUYK0G4xL2WG+Ai5fE9Sbh8ZmGws5HCWHpvGhOmTkkwHgYKKwYBBAGDjBsCATEQEw51c2VyLWpvaW5pbmctMjA9BgkrBgECAQ8DAQExMBMuUW1RR0dzUGs4djFzeTNvQXdBMmVjZ2I2SldrMVhWekI4VTd2c0ZCMWREZlczYjBHBgNVHRExQBM+ZTU3NmtyZ3YzeDdoeGVqd3lmYjR2Zml5eHdsbWdmNnUycTY0YW5nZ2J3c25ucnBlYzN1YmZvaWQub25pb24wCgYIKoZIzj0EAwIDRwAwRAIgXQIcKPTyXTWAGWH4UiykpIBw/cO1T5rn5s08fTpXkYgCICCjjLNI3W4uZyyF0qHf0dmHG3turzM5SH19Qt/pAXwG'
    }
    2024-03-22T21:04:46.329Z backend:CertificatesRequestsStore DuplicatedCertBug {
      validation: true,
      csr: 'MIIDKzCCAtICAQAwSTFHMEUGA1UEAxM+NzRsaXVtenRzaTR3NHpieHdnYXBuM29rMnZmY2FzeGx1ajdkamZnZzZqenZ1Zm9oZnVmbnljYWQub25pb24wWTATBgcqhkjOPQIBBggqhkjOPQMBBwNCAARkis+vRRj55wPofAsnqogdQJ9cswjXY+mghUo4MrLNneX92bxSMOp0C6mlH8RAzlOsdFs53yDXVn4W8PrIC9AdoIICJTAuBgkqhkiG9w0BCQ4xITAfMB0GA1UdDgQWBBSzaZiL7t1QdBpWxislFO3Gh61hjDCCAUcGCSqGSIb3DQEJDDGCATgEggE0InyPnWtRIGwri45rJnHiUKRXC44BCaSBY1a05jxw2zC8hvQaqFqPen37UORsSYAJh4S4RC7ZgM2QjR7h5zadwt3tjbDsdEFho1z6idXD9iyvwqCbB29cx0nWeWk9U8BS8zAptGzIPj5fuOEZN+pJt0FSJl9BmQGV052jP1Ji+vB2rjQrIf3FHsymL5ttO5znTs7UisJhRoxC18a61y+WOgsNXUAwT2TD0kzAiPjUkgIzpDM1zuD7wrlT3obU/DaqoNFgr0vSoe9QS7gapuVnZ0SvJtxJzweEWTUigEcldUeE4Y1qy6GJ4ctYzEeavpJgZDdDwMqPrd5KiNqYAdI+hpEkKLn7ufK1mmBVq1437F81OK4OPdNrqSTYZeF577zInpB/GxXcNyKfhZThCkZBFvN7V9UwIAYKKwYBBAGDjBsCATESExB1c2VyLWpvaW5pbmctMS0xMD0GCSsGAQIBDwMBATEwEy5RbWJrR1BWMVVnUFM3Yjg1ODhIQW9tVGlqbW9qdUtYak5ZYk1nWjZQZ1F0Z3NoMEcGA1UdETFAEz43NGxpdW16dHNpNHc0emJ4d2dhcG4zb2sydmZjYXN4bHVqN2RqZmdnNmp6dnVmb2hmdWZueWNhZC5vbmlvbjAKBggqhkjOPQQDAgNHADBEAiA0v1FpJiZO7V7lO/xfAPHkL2o8SQOzhyj/npttxvbm3wIgV7tNC9FrP2wHhfFSbyFkI9ETI7vSJB+Fqn6y2byZW/Q='
    }
[2m[22m
[2m      [2mat Socket.<anonymous> ([22m[2msrc/utils.ts[2m:159:15)[22m[2m[22m
  [2mconsole.log[22m
    [e2e_4cc1hr73df40]: 2024-03-22T21:04:46.330Z backend:LocalDbService Local peer /dns4/74liumztsi4w4zbxwgapn3ok2vfcasxluj7djfgg6jzvufohfufnycad.onion/tcp/80/ws/p2p/QmbkGPV1UgPS7b8588HAomTijmojuKXjNYbMgZ6PgQtgsh
    2024-03-22T21:04:46.330Z backend:LocalDbService Local peer /dns4/74liumztsi4w4zbxwgapn3ok2vfcasxluj7djfgg6jzvufohfufnycad.onion/tcp/80/ws/p2p/QmbkGPV1UgPS7b8588HAomTijmojuKXjNYbMgZ6PgQtgsh
[2m[22m
[2m      [2mat Socket.<anonymous> ([22m[2msrc/utils.ts[2m:159:15)[22m[2m[22m
  [2mconsole.log[22m
    [e2e_4cc1hr73df40]: 2024-03-22T21:04:46.331Z backend:CertificatesStore Loaded certificates to memory
[2m[22m
[2m      [2mat Socket.<anonymous> ([22m[2msrc/utils.ts[2m:159:15)[22m[2m[22m
  [2mconsole.log[22m
    [e2e_4cc1hr73df40]: 2024-03-22T21:04:46.331Z backend:CertificatesStore All certificates: 3
    2024-03-22T21:04:46.331Z backend:CertificatesStore Valid certificates: 3
    2024-03-22T21:04:46.331Z backend:RegistrationService Not issuing certificates due to missing perms data
    2024-03-22T21:04:46.331Z backend:RegistrationService Finished issuing certificates
[2m[22m
[2m      [2mat Socket.<anonymous> ([22m[2msrc/utils.ts[2m:159:15)[22m[2m[22m
  [2mconsole.log[22m
    [e2e_4cc1hr73df40]: 2024-03-22T21:04:46.332Z backend:RegistrationService Trying to issue certificates false [
      {
        csrs: [
          'MIIDIjCCAscCAQAwSTFHMEUGA1UEAxM+Mm90d2pyc3gzcGNmNmR2amhlb2w2djJ4Y3VpNm42cW40cmZraXBlMm9oM3Z5aWJpemlyNDZkaWQub25pb24wWTATBgcqhkjOPQIBBggqhkjOPQMBBwNCAASAyz/RAv61EQ7fSy3WbndIpaX9zi+r2BPNsF7eh2TyzlNUIqZ+ZGBrDPOP4ea+lYwAGYc0obSJgwiFRataRarIoIICGjAuBgkqhkiG9w0BCQ4xITAfMB0GA1UdDgQWBBRAQ+c+nMaAWHjxud5tJL3peqMp1zCCAUcGCSqGSIb3DQEJDDGCATgEggE0FVgLbFaN+gKO4Aqfjs/gNPtz+V9vgnwmOEuIipHYSyEyiZL7PmRutx07890ws44SwLYEKDBavLKfF1aSa1MOLps/bMWW2DDOngTVGyaWufh8OaBzxGIL3815BZLJF9VTgEuyJbOq3+XLZMj2fdEjXHTRvYURKZtc/O7FHYG5mOc7QTwkXd9jQ8tMYZ85wWJdR3ZLGWYfnrrplQTdkAq9H7DEH4OTypJSYjvhMBrDAZeFOe1nHVkJU14sO2x1rc9X1GQMYmLC4WxLcwdcyUh1aXOEev3VprQRQjaFznk0UHK33rn1q16YE5zc+3hhF03FOGSos8DMyQy3o10/p1fOI9oVSkFpKlx5OyZXz1uG6Utmt8htptEr4rE4jm9y6+r5DXm5nIjSZIbNgXh9boxyX7KvOkkwFQYKKwYBBAGDjBsCATEHEwVvd25lcjA9BgkrBgECAQ8DAQExMBMuUW1UcE5taXhzZlVTSEJtM3ZXdnZ1VGtndDJIZFhjMXNZaUJSdzRwTVJuODhHUjBHBgNVHRExQBM+Mm90d2pyc3gzcGNmNmR2amhlb2w2djJ4Y3VpNm42cW40cmZraXBlMm9oM3Z5aWJpemlyNDZkaWQub25pb24wCgYIKoZIzj0EAwIDSQAwRgIhAOK6Uac+lomfbGsOpT+M1/mZLNGmQ6uPXE4blwkpyla2AiEApkT1IJjfMgcYl613arLQ4nUrieyCoz8W8U+EWt1HhGM=',
          'MIIDKjCCAtACAQAwSTFHMEUGA1UEAxM+aWx5bTJleXB0eTVnbWFzcnB3djV0bjI1aWhsNnp3YnU3dDN5aXM3aTNhbzNwamRlbXR3NXAyYWQub25pb24wWTATBgcqhkjOPQIBBggqhkjOPQMBBwNCAASAc6Q7kSitT6fyLxEFZGkuuzNa9jtKyJR7X+dlJEEmw5Lt9tZZh33x2EjtrubvNXQ6o2Ok0bbirf38mNxlDpvYoIICIzAuBgkqhkiG9w0BCQ4xITAfMB0GA1UdDgQWBBSq+CkgQPuUKSTjGI+UdK61eLe3xzCCAUcGCSqGSIb3DQEJDDGCATgEggE0LxHEGHtvKSiDcFtzFUkCL4n71xN5ZfTPdAbFO34bUN1lRH9B8vVRIllPt7t78Us1jAQc0SbkZj/lmZdb/FlgjytUXwQCyU/4P+/XWsScrvD5iOkhipLZ9OBC6Z+Kxr8gHijlP8E/2VEDWp2TEI4y4PalusR0aiEkMK9G+aFPenTi6/7oUDZa5ePoBlSn4dtDiMkb9WT9fTv4W033G1PhszK8SEV7gM0ZlHyrt9vsThXW46jW1UhJfUZfQ4IzUAHZyfKlhux2mG3PIshCDI3fVIIu72b1YKV7ixkY39G8cq3B8pjCk7wLpVop7Bz8Ke9lf0qRL/cTsBcRYv5pH1B8L16tCHA/ZnYupxd++5vygxoK/F96rU5YuNpG2Xc4YhfW7/7u/CRECz1pIinU7Eanm0OPKUIwHgYKKwYBBAGDjBsCATEQEw51c2VyLWpvaW5pbmctMTA9BgkrBgECAQ8DAQExMBMuUW1aTFc2eTVtOGJyb1l1dEc0b2cyeW1YUlpVRGN4VmhkZ0hoaUtZS2hxdVVOcDBHBgNVHRExQBM+aWx5bTJleXB0eTVnbWFzcnB3djV0bjI1aWhsNnp3YnU3dDN5aXM3aTNhbzNwamRlbXR3NXAyYWQub25pb24wCgYIKoZIzj0EAwIDSAAwRQIhAJclKaxQLhPy8NHDIbipEmjrVtOqp7aXhzB9Wu8r3T/LAiB7+RGRT1sFjUy5Wk+IZTZ7I3xf1gi+PN9FCRngURsyyA==',
          'MIIDKTCCAtACAQAwSTFHMEUGA1UEAxM+ZTU3NmtyZ3YzeDdoeGVqd3lmYjR2Zml5eHdsbWdmNnUycTY0YW5nZ2J3c25ucnBlYzN1YmZvaWQub25pb24wWTATBgcqhkjOPQIBBggqhkjOPQMBBwNCAATnIhoeFv4HceoeOzC6x/n9E2zNgU18QQpohtiQIYs9qZtdpgQjOOHh98Nb0c6ix4Tf+Y5yBphKqhBZHTx/c60+oIICIzAuBgkqhkiG9w0BCQ4xITAfMB0GA1UdDgQWBBRPXKXKd+B8grn50ArRUFGbIm6h4jCCAUcGCSqGSIb3DQEJDDGCATgEggE0D9hxS1q2dIOXzWjJAaB3Q4YeSP8hPt9hx8BAEIeRiNOl0vbCcXBFibDmk2Bpu+vGd0ABl6SCCSew/ClC8nuU3o+ae6cefNC19thDGRv3RdxkvOMmZndXCuML5gwmCXGIvwG/lc0W8Vv03FCDC2vbWSGo+njmtEaEQTsZwrCl/TRQeWHGiB2sCXkH/DXueXByPKBgRMDqGcpmV2IhOsTuHF/7Cx5KT70CBIYw/JzJ2QjptZXlUtTiQ/cm/bpk+iHUmrn5JT70rQ0JNypYWl6BVEXHpyEEKwEb+HfyuJfinyk8j/WS+1zRTOFmx3XudtVlg/HrqHtO846ab44fMYmIeuLz2yd5h6MBi2urphuABlFaUqd2LbUYK0G4xL2WG+Ai5fE9Sbh8ZmGws5HCWHpvGhOmTkkwHgYKKwYBBAGDjBsCATEQEw51c2VyLWpvaW5pbmctMjA9BgkrBgECAQ8DAQExMBMuUW1RR0dzUGs4djFzeTNvQXdBMmVjZ2I2SldrMVhWekI4VTd2c0ZCMWREZlczYjBHBgNVHRExQBM+ZTU3NmtyZ3YzeDdoeGVqd3lmYjR2Zml5eHdsbWdmNnUycTY0YW5nZ2J3c25ucnBlYzN1YmZvaWQub25pb24wCgYIKoZIzj0EAwIDRwAwRAIgXQIcKPTyXTWAGWH4UiykpIBw/cO1T5rn5s08fTpXkYgCICCjjLNI3W4uZyyF0qHf0dmHG3turzM5SH19Qt/pAXwG',
          'MIIDKzCCAtICAQAwSTFHMEUGA1UEAxM+NzRsaXVtenRzaTR3NHpieHdnYXBuM29rMnZmY2FzeGx1ajdkamZnZzZqenZ1Zm9oZnVmbnljYWQub25pb24wWTATBgcqhkjOPQIBBggqhkjOPQMBBwNCAARkis+vRRj55wPofAsnqogdQJ9cswjXY+mghUo4MrLNneX92bxSMOp0C6mlH8RAzlOsdFs53yDXVn4W8PrIC9AdoIICJTAuBgkqhkiG9w0BCQ4xITAfMB0GA1UdDgQWBBSzaZiL7t1QdBpWxislFO3Gh61hjDCCAUcGCSqGSIb3DQEJDDGCATgEggE0InyPnWtRIGwri45rJnHiUKRXC44BCaSBY1a05jxw2zC8hvQaqFqPen37UORsSYAJh4S4RC7ZgM2QjR7h5zadwt3tjbDsdEFho1z6idXD9iyvwqCbB29cx0nWeWk9U8BS8zAptGzIPj5fuOEZN+pJt0FSJl9BmQGV052jP1Ji+vB2rjQrIf3FHsymL5ttO5znTs7UisJhRoxC18a61y+WOgsNXUAwT2TD0kzAiPjUkgIzpDM1zuD7wrlT3obU/DaqoNFgr0vSoe9QS7gapuVnZ0SvJtxJzweEWTUigEcldUeE4Y1qy6GJ4ctYzEeavpJgZDdDwMqPrd5KiNqYAdI+hpEkKLn7ufK1mmBVq1437F81OK4OPdNrqSTYZeF577zInpB/GxXcNyKfhZThCkZBFvN7V9UwIAYKKwYBBAGDjBsCATESExB1c2VyLWpvaW5pbmctMS0xMD0GCSsGAQIBDwMBATEwEy5RbWJrR1BWMVVnUFM3Yjg1ODhIQW9tVGlqbW9qdUtYak5ZYk1nWjZQZ1F0Z3NoMEcGA1UdETFAEz43NGxpdW16dHNpNHc0emJ4d2dhcG4zb2sydmZjYXN4bHVqN2RqZmdnNmp6dnVmb2hmdWZueWNhZC5vbmlvbjAKBggqhkjOPQQDAgNHADBEAiA0v1FpJiZO7V7lO/xfAPHkL2o8SQOzhyj/npttxvbm3wIgV7tNC9FrP2wHhfFSbyFkI9ETI7vSJB+Fqn6y2byZW/Q='
        ]
      }
    ]
    2024-03-22T21:04:46.332Z backend:RegistrationService Issuing certificates {
      csrs: [
        'MIIDIjCCAscCAQAwSTFHMEUGA1UEAxM+Mm90d2pyc3gzcGNmNmR2amhlb2w2djJ4Y3VpNm42cW40cmZraXBlMm9oM3Z5aWJpemlyNDZkaWQub25pb24wWTATBgcqhkjOPQIBBggqhkjOPQMBBwNCAASAyz/RAv61EQ7fSy3WbndIpaX9zi+r2BPNsF7eh2TyzlNUIqZ+ZGBrDPOP4ea+lYwAGYc0obSJgwiFRataRarIoIICGjAuBgkqhkiG9w0BCQ4xITAfMB0GA1UdDgQWBBRAQ+c+nMaAWHjxud5tJL3peqMp1zCCAUcGCSqGSIb3DQEJDDGCATgEggE0FVgLbFaN+gKO4Aqfjs/gNPtz+V9vgnwmOEuIipHYSyEyiZL7PmRutx07890ws44SwLYEKDBavLKfF1aSa1MOLps/bMWW2DDOngTVGyaWufh8OaBzxGIL3815BZLJF9VTgEuyJbOq3+XLZMj2fdEjXHTRvYURKZtc/O7FHYG5mOc7QTwkXd9jQ8tMYZ85wWJdR3ZLGWYfnrrplQTdkAq9H7DEH4OTypJSYjvhMBrDAZeFOe1nHVkJU14sO2x1rc9X1GQMYmLC4WxLcwdcyUh1aXOEev3VprQRQjaFznk0UHK33rn1q16YE5zc+3hhF03FOGSos8DMyQy3o10/p1fOI9oVSkFpKlx5OyZXz1uG6Utmt8htptEr4rE4jm9y6+r5DXm5nIjSZIbNgXh9boxyX7KvOkkwFQYKKwYBBAGDjBsCATEHEwVvd25lcjA9BgkrBgECAQ8DAQExMBMuUW1UcE5taXhzZlVTSEJtM3ZXdnZ1VGtndDJIZFhjMXNZaUJSdzRwTVJuODhHUjBHBgNVHRExQBM+Mm90d2pyc3gzcGNmNmR2amhlb2w2djJ4Y3VpNm42cW40cmZraXBlMm9oM3Z5aWJpemlyNDZkaWQub25pb24wCgYIKoZIzj0EAwIDSQAwRgIhAOK6Uac+lomfbGsOpT+M1/mZLNGmQ6uPXE4blwkpyla2AiEApkT1IJjfMgcYl613arLQ4nUrieyCoz8W8U+EWt1HhGM=',
        'MIIDKjCCAtACAQAwSTFHMEUGA1UEAxM+aWx5bTJleXB0eTVnbWFzcnB3djV0bjI1aWhsNnp3YnU3dDN5aXM3aTNhbzNwamRlbXR3NXAyYWQub25pb24wWTATBgcqhkjOPQIBBggqhkjOPQMBBwNCAASAc6Q7kSitT6fyLxEFZGkuuzNa9jtKyJR7X+dlJEEmw5Lt9tZZh33x2EjtrubvNXQ6o2Ok0bbirf38mNxlDpvYoIICIzAuBgkqhkiG9w0BCQ4xITAfMB0GA1UdDgQWBBSq+CkgQPuUKSTjGI+UdK61eLe3xzCCAUcGCSqGSIb3DQEJDDGCATgEggE0LxHEGHtvKSiDcFtzFUkCL4n71xN5ZfTPdAbFO34bUN1lRH9B8vVRIllPt7t78Us1jAQc0SbkZj/lmZdb/FlgjytUXwQCyU/4P+/XWsScrvD5iOkhipLZ9OBC6Z+Kxr8gHijlP8E/2VEDWp2TEI4y4PalusR0aiEkMK9G+aFPenTi6/7oUDZa5ePoBlSn4dtDiMkb9WT9fTv4W033G1PhszK8SEV7gM0ZlHyrt9vsThXW46jW1UhJfUZfQ4IzUAHZyfKlhux2mG3PIshCDI3fVIIu72b1YKV7ixkY39G8cq3B8pjCk7wLpVop7Bz8Ke9lf0qRL/cTsBcRYv5pH1B8L16tCHA/ZnYupxd++5vygxoK/F96rU5YuNpG2Xc4YhfW7/7u/CRECz1pIinU7Eanm0OPKUIwHgYKKwYBBAGDjBsCATEQEw51c2VyLWpvaW5pbmctMTA9BgkrBgECAQ8DAQExMBMuUW1aTFc2eTVtOGJyb1l1dEc0b2cyeW1YUlpVRGN4VmhkZ0hoaUtZS2hxdVVOcDBHBgNVHRExQBM+aWx5bTJleXB0eTVnbWFzcnB3djV0bjI1aWhsNnp3YnU3dDN5aXM3aTNhbzNwamRlbXR3NXAyYWQub25pb24wCgYIKoZIzj0EAwIDSAAwRQIhAJclKaxQLhPy8NHDIbipEmjrVtOqp7aXhzB9Wu8r3T/LAiB7+RGRT1sFjUy5Wk+IZTZ7I3xf1gi+PN9FCRngURsyyA==',
        'MIIDKTCCAtACAQAwSTFHMEUGA1UEAxM+ZTU3NmtyZ3YzeDdoeGVqd3lmYjR2Zml5eHdsbWdmNnUycTY0YW5nZ2J3c25ucnBlYzN1YmZvaWQub25pb24wWTATBgcqhkjOPQIBBggqhkjOPQMBBwNCAATnIhoeFv4HceoeOzC6x/n9E2zNgU18QQpohtiQIYs9qZtdpgQjOOHh98Nb0c6ix4Tf+Y5yBphKqhBZHTx/c60+oIICIzAuBgkqhkiG9w0BCQ4xITAfMB0GA1UdDgQWBBRPXKXKd+B8grn50ArRUFGbIm6h4jCCAUcGCSqGSIb3DQEJDDGCATgEggE0D9hxS1q2dIOXzWjJAaB3Q4YeSP8hPt9hx8BAEIeRiNOl0vbCcXBFibDmk2Bpu+vGd0ABl6SCCSew/ClC8nuU3o+ae6cefNC19thDGRv3RdxkvOMmZndXCuML5gwmCXGIvwG/lc0W8Vv03FCDC2vbWSGo+njmtEaEQTsZwrCl/TRQeWHGiB2sCXkH/DXueXByPKBgRMDqGcpmV2IhOsTuHF/7Cx5KT70CBIYw/JzJ2QjptZXlUtTiQ/cm/bpk+iHUmrn5JT70rQ0JNypYWl6BVEXHpyEEKwEb+HfyuJfinyk8j/WS+1zRTOFmx3XudtVlg/HrqHtO846ab44fMYmIeuLz2yd5h6MBi2urphuABlFaUqd2LbUYK0G4xL2WG+Ai5fE9Sbh8ZmGws5HCWHpvGhOmTkkwHgYKKwYBBAGDjBsCATEQEw51c2VyLWpvaW5pbmctMjA9BgkrBgECAQ8DAQExMBMuUW1RR0dzUGs4djFzeTNvQXdBMmVjZ2I2SldrMVhWekI4VTd2c0ZCMWREZlczYjBHBgNVHRExQBM+ZTU3NmtyZ3YzeDdoeGVqd3lmYjR2Zml5eHdsbWdmNnUycTY0YW5nZ2J3c25ucnBlYzN1YmZvaWQub25pb24wCgYIKoZIzj0EAwIDRwAwRAIgXQIcKPTyXTWAGWH4UiykpIBw/cO1T5rn5s08fTpXkYgCICCjjLNI3W4uZyyF0qHf0dmHG3turzM5SH19Qt/pAXwG',
        'MIIDKzCCAtICAQAwSTFHMEUGA1UEAxM+NzRsaXVtenRzaTR3NHpieHdnYXBuM29rMnZmY2FzeGx1ajdkamZnZzZqenZ1Zm9oZnVmbnljYWQub25pb24wWTATBgcqhkjOPQIBBggqhkjOPQMBBwNCAARkis+vRRj55wPofAsnqogdQJ9cswjXY+mghUo4MrLNneX92bxSMOp0C6mlH8RAzlOsdFs53yDXVn4W8PrIC9AdoIICJTAuBgkqhkiG9w0BCQ4xITAfMB0GA1UdDgQWBBSzaZiL7t1QdBpWxislFO3Gh61hjDCCAUcGCSqGSIb3DQEJDDGCATgEggE0
[2m[22m
[2m      [2mat Socket.<anonymous> ([22m[2msrc/utils.ts[2m:159:15)[22m[2m[22m
  [2mconsole.log[22m
    [e2e_4cc1hr73df40]: 2024-03-22T21:04:46.333Z backend:CertificatesStore All certificates: 3
    2024-03-22T21:04:46.333Z backend:CertificatesStore Valid certificates: 3
    2024-03-22T21:04:46.333Z backend:RegistrationService Not issuing certificates due to missing perms data
    2024-03-22T21:04:46.333Z backend:RegistrationService Finished issuing certificates
[2m[22m
[2m      [2mat Socket.<anonymous> ([22m[2msrc/utils.ts[2m:159:15)[22m[2m[22m
  [2mconsole.log[22m
    [e2e_6q0pv39bdzw0]: 2024-03-22T21:04:46.809Z backend:libp2p:websockets connect ilym2eypty5gmasrpwv5tn25ihl6zwbu7t3yis7i3ao3pjdemtw5p2ad.onion:80
[2m[22m
[2m      [2mat Socket.<anonymous> ([22m[2msrc/utils.ts[2m:159:15)[22m[2m[22m
  [2mconsole.log[22m
    [e2e_4cc1hr73df40]: 2024-03-22T21:04:47.021Z backend:StorageService progress 1/1. Address: /orbitdb/zdpuAwb6VYYuRHZoaPQ96LhoBXZpV9xMdPECr6SEaa1fehxr3/channels.mid-night-club_d88344f05a5fce146b0d7cb89807a538
[2m[22m
[2m      [2mat Socket.<anonymous> ([22m[2msrc/utils.ts[2m:159:15)[22m[2m[22m
  [2mconsole.log[22m
    [e2e_4cc1hr73df40]: 2024-03-22T21:04:47.024Z backend:StorageService Replicated. /orbitdb/zdpuAwb6VYYuRHZoaPQ96LhoBXZpV9xMdPECr6SEaa1fehxr3/channels.mid-night-club_d88344f05a5fce146b0d7cb89807a538
[2m[22m
[2m      [2mat Socket.<anonymous> ([22m[2msrc/utils.ts[2m:159:15)[22m[2m[22m
  [2mconsole.log[22m
    [e2e_r4pg81niwrk]: 2024-03-22T21:04:47.143Z backend:CertificatesRequestsStore Replicated CSRs
[2m[22m
[2m      [2mat Socket.<anonymous> ([22m[2msrc/utils.ts[2m:159:15)[22m[2m[22m
  [2mconsole.log[22m
    [e2e_r4pg81niwrk]: 2024-03-22T21:04:47.145Z backend:CertificatesRequestsStore DuplicatedCertBug {
      allEntries: [
        'MIIDIjCCAscCAQAwSTFHMEUGA1UEAxM+Mm90d2pyc3gzcGNmNmR2amhlb2w2djJ4Y3VpNm42cW40cmZraXBlMm9oM3Z5aWJpemlyNDZkaWQub25pb24wWTATBgcqhkjOPQIBBggqhkjOPQMBBwNCAASAyz/RAv61EQ7fSy3WbndIpaX9zi+r2BPNsF7eh2TyzlNUIqZ+ZGBrDPOP4ea+lYwAGYc0obSJgwiFRataRarIoIICGjAuBgkqhkiG9w0BCQ4xITAfMB0GA1UdDgQWBBRAQ+c+nMaAWHjxud5tJL3peqMp1zCCAUcGCSqGSIb3DQEJDDGCATgEggE0FVgLbFaN+gKO4Aqfjs/gNPtz+V9vgnwmOEuIipHYSyEyiZL7PmRutx07890ws44SwLYEKDBavLKfF1aSa1MOLps/bMWW2DDOngTVGyaWufh8OaBzxGIL3815BZLJF9VTgEuyJbOq3+XLZMj2fdEjXHTRvYURKZtc/O7FHYG5mOc7QTwkXd9jQ8tMYZ85wWJdR3ZLGWYfnrrplQTdkAq9H7DEH4OTypJSYjvhMBrDAZeFOe1nHVkJU14sO2x1rc9X1GQMYmLC4WxLcwdcyUh1aXOEev3VprQRQjaFznk0UHK33rn1q16YE5zc+3hhF03FOGSos8DMyQy3o10/p1fOI9oVSkFpKlx5OyZXz1uG6Utmt8htptEr4rE4jm9y6+r5DXm5nIjSZIbNgXh9boxyX7KvOkkwFQYKKwYBBAGDjBsCATEHEwVvd25lcjA9BgkrBgECAQ8DAQExMBMuUW1UcE5taXhzZlVTSEJtM3ZXdnZ1VGtndDJIZFhjMXNZaUJSdzRwTVJuODhHUjBHBgNVHRExQBM+Mm90d2pyc3gzcGNmNmR2amhlb2w2djJ4Y3VpNm42cW40cmZraXBlMm9oM3Z5aWJpemlyNDZkaWQub25pb24wCgYIKoZIzj0EAwIDSQAwRgIhAOK6Uac+lomfbGsOpT+M1/mZLNGmQ6uPXE4blwkpyla2AiEApkT1IJjfMgcYl613arLQ4nUrieyCoz8W8U+EWt1HhGM=',
        'MIIDKjCCAtACAQAwSTFHMEUGA1UEAxM+aWx5bTJleXB0eTVnbWFzcnB3djV0bjI1aWhsNnp3YnU3dDN5aXM3aTNhbzNwamRlbXR3NXAyYWQub25pb24wWTATBgcqhkjOPQIBBggqhkjOPQMBBwNCAASAc6Q7kSitT6fyLxEFZGkuuzNa9jtKyJR7X+dlJEEmw5Lt9tZZh33x2EjtrubvNXQ6o2Ok0bbirf38mNxlDpvYoIICIzAuBgkqhkiG9w0BCQ4xITAfMB0GA1UdDgQWBBSq+CkgQPuUKSTjGI+UdK61eLe3xzCCAUcGCSqGSIb3DQEJDDGCATgEggE0LxHEGHtvKSiDcFtzFUkCL4n71xN5ZfTPdAbFO34bUN1lRH9B8vVRIllPt7t78Us1jAQc0SbkZj/lmZdb/FlgjytUXwQCyU/4P+/XWsScrvD5iOkhipLZ9OBC6Z+Kxr8gHijlP8E/2VEDWp2TEI4y4PalusR0aiEkMK9G+aFPenTi6/7oUDZa5ePoBlSn4dtDiMkb9WT9fTv4W033G1PhszK8SEV7gM0ZlHyrt9vsThXW46jW1UhJfUZfQ4IzUAHZyfKlhux2mG3PIshCDI3fVIIu72b1YKV7ixkY39G8cq3B8pjCk7wLpVop7Bz8Ke9lf0qRL/cTsBcRYv5pH1B8L16tCHA/ZnYupxd++5vygxoK/F96rU5YuNpG2Xc4YhfW7/7u/CRECz1pIinU7Eanm0OPKUIwHgYKKwYBBAGDjBsCATEQEw51c2VyLWpvaW5pbmctMTA9BgkrBgECAQ8DAQExMBMuUW1aTFc2eTVtOGJyb1l1dEc0b2cyeW1YUlpVRGN4VmhkZ0hoaUtZS2hxdVVOcDBHBgNVHRExQBM+aWx5bTJleXB0eTVnbWFzcnB3djV0bjI1aWhsNnp3YnU3dDN5aXM3aTNhbzNwamRlbXR3NXAyYWQub25pb24wCgYIKoZIzj0EAwIDSAAwRQIhAJclKaxQLhPy8NHDIbipEmjrVtOqp7aXhzB9Wu8r3T/LAiB7+RGRT1sFjUy5Wk+IZTZ7I3xf1gi+PN9FCRngURsyyA==',
        'MIIDKjCCAtACAQAwSTFHMEUGA1UEAxM+ZTU3NmtyZ3YzeDdoeGVqd3lmYjR2Zml5eHdsbWdmNnUycTY0YW5nZ2J3c25ucnBlYzN1YmZvaWQub25pb24wWTATBgcqhkjOPQIBBggqhkjOPQMBBwNCAATnIhoeFv4HceoeOzC6x/n9E2zNgU18QQpohtiQIYs9qZtdpgQjOOHh98Nb0c6ix4Tf+Y5yBphKqhBZHTx/c60+oIICIzAuBgkqhkiG9w0BCQ4xITAfMB0GA1UdDgQWBBRPXKXKd+B8grn50ArRUFGbIm6h4jCCAUcGCSqGSIb3DQEJDDGCATgEggE0D9hxS1q2dIOXzWjJAaB3Q4YeSP8hPt9hx8BAEIeRiNOl0vbCcXBFibDmk2Bpu+vGd0ABl6SCCSew/ClC8nuU3o+ae6cefNC19thDGRv3RdxkvOMmZndXCuML5gwmCXGIvwG/lc0W8Vv03FCDC2vbWSGo+njmtEaEQTsZwrCl/TRQeWHGiB2sCXkH/DXueXByPKBgRMDqGcpmV2IhOsTuHF/7Cx5KT70CBIYw/JzJ2QjptZXlUtTiQ/cm/bpk+iHUmrn5JT70rQ0JNypYWl6BVEXHpyEEKwEb+HfyuJfinyk8j/WS+1zRTOFmx3XudtVlg/HrqHtO846ab44fMYmIeuLz2yd5h6MBi2urphuABlFaUqd2LbUYK0G4xL2WG+Ai5fE9Sbh8ZmGws5HCWHpvGhOmTkkwHgYKKwYBBAGDjBsCATEQEw51c2VyLWpvaW5pbmctMTA9BgkrBgECAQ8DAQExMBMuUW1RR0dzUGs4djFzeTNvQXdBMmVjZ2I2SldrMVhWekI4VTd2c0ZCMWREZlczYjBHBgNVHRExQBM+ZTU3NmtyZ3YzeDdoeGVqd3lmYjR2Zml5eHdsbWdmNnUycTY0YW5nZ2J3c25ucnBlYzN1YmZvaWQub25pb24wCgYIKoZIzj0EAwIDSAAwRQIgag3Elvsz6Cfm3OGkt5j5BjTvItNqKyKd4FRzlDovpyYCIQCLRWqVmjQrYkMO4om3ktje5V8LLKfuCUzcT/eO+7T+ew==',
        'MIIDKTCCAtACAQAwSTFHMEUGA1UEAxM+ZTU3NmtyZ3YzeDdoeGVqd3lmYjR2Zml5eHdsbWdmNnUycTY0YW5nZ2J3c25ucnBlYzN1YmZvaWQub25pb24wWTATBgcqhkjOPQIBBggqhkjOPQMBBwNCAATnIhoeFv4HceoeOzC6x/n9E2zNgU18QQpohtiQIYs9qZtdpgQjOOHh98Nb0c6ix4Tf+Y5yBphKqhBZHTx/c60+oIICIzAuBgkqhkiG9w0BCQ4xITAfMB0GA1UdDgQWBBRPXKXKd+B8grn50ArRUFGbIm6h4jCCAUcGCSqGSIb3DQEJDDGCATgEggE0D9hxS1q2dIOXzWjJAaB3Q4YeSP8hPt9hx8BAEIeRiNOl0vbCcXBFibDmk2Bpu+vGd0ABl6SCCSew/ClC8nuU3o+ae6cefNC19thDGRv3RdxkvOMmZndXCuML5gwmCXGIvwG/lc0W8Vv03FCDC2vbWSGo+njmtEaEQTsZwrCl/TRQeWHGiB2sCXkH/DXueXByPKBgRMDqGcpmV2IhOsTuHF/7Cx5KT70CBIYw/JzJ2QjptZXlUtTiQ/cm/bpk+iHUmrn5JT70rQ0JNypYWl6BVEXHpyEEKwEb+HfyuJfinyk8j/WS+1zRTOFmx3XudtVlg/HrqHtO846ab44fMYmIeuLz2yd5h6MBi2urphuABlFaUqd2LbUYK0G4xL2WG+Ai5fE9Sbh8ZmGws5HCWHpvGhOmTkkwHgYKKwYBBAGDjBsCATEQEw51c2VyLWpvaW5pbmctMjA9BgkrBgECAQ8DAQExMBMuUW1RR0dzUGs4djFzeTNvQXdBMmVjZ2I2SldrMVhWekI4VTd2c0ZCMWREZlczYjBHBgNVHRExQBM+ZTU3NmtyZ3YzeDdoeGVqd3lmYjR2Zml5eHdsbWdmNnUycTY0YW5nZ2J3c25ucnBlYzN1YmZvaWQub25pb24wCgYIKoZIzj0EAwIDRwAwRAIgXQIcKPTyXTWAGWH4UiykpIBw/cO1T5rn5s08fTpXkYgCICCjjLNI3W4uZyyF0qHf0dmHG3turzM5SH19Qt/pAXwG',
        'MIIDKzCCAtICAQAwSTFHMEUGA1UEAxM+NzRsaXVtenRzaTR3NHpieHdnYXBuM29rMnZmY2FzeGx1ajdkamZnZzZqenZ1Zm9oZnVmbnljYWQub25pb24wWTATBgcqhkjOPQIBBggqhkjOPQMBBwNCAARkis+vRRj55wPofAsnqogdQJ9cswjXY+mghUo4MrLNneX92bxSMOp0C6mlH8RAzlOsdFs53yDXVn4W8PrIC9AdoIICJTAuBgkqhkiG9w0BCQ4xITAfMB0GA1UdDgQWBBSzaZiL7t1QdBpWxislFO3Gh61hjDCCAUcGCSqGSIb3DQEJDDGCATgEggE0InyPnWtRIGwri45rJnHiUKRXC44BCaSBY1a05jxw2zC8hvQaqFqPen37UORsSYAJh4S4RC7ZgM2QjR7h5zadwt3tjbDsdEFho1z6idXD9iyvwqCbB29cx0nWeWk9U8BS8zAptGzIPj5fuOEZN+pJt0FSJl9BmQGV052jP1Ji+vB2rjQrIf3FHsymL5ttO5znTs7UisJhRoxC18a61y+WOgsNXUAwT2TD0kzAiPjUkgIzpDM1zuD7wrlT3obU/DaqoNFgr0vSoe9QS7gapuVnZ0SvJtxJzweEWTUigEcldUeE4Y1qy6GJ4ctYzEeavpJgZDdDwMqPrd5KiNqYAdI+hpEkKLn7ufK1mmBVq1437F81OK4OPdNrqSTYZeF577zInpB/GxXcNyKfhZThCkZBFvN7V9UwIAYKKwYBBAGDjBsCATESExB1c2VyLWpvaW5pbmctMS0xMD0GCSsGAQIBDwMBATEwEy5RbWJrR1BWMVVnUFM3Yjg1ODhIQW9tVGlqbW9qdUtYak5ZYk1nWjZQZ1F0Z3NoMEcGA1UdETFAEz43NGxpdW16dHNpNHc0emJ4d2dhcG4zb2sydmZjYXN4bHVqN2RqZmdnNmp6dnVmb2hmdWZueWNhZC5vbmlvbjAKBggqhkjOPQQDAgNHADBEAiA0v1FpJiZO7V7lO/xfAPHkL2o8SQOzhyj/npttxvbm3wIgV7tNC9FrP2wHhfFSbyFkI9ETI7vSJB+Fqn6y2byZW/Q='
      ]
    }
[2m[22m
[2m      [2mat Socket.<anonymous> ([22m[2msrc/utils.ts[2m:159:15)[22m[2m[22m
  [2mconsole.log[22m
    [e2e_r4pg81niwrk]: 2024-03-22T21:04:47.145Z backend:CertificatesRequestsStore DuplicatedCertBug {
      allCsrsUnique: [
        'MIIDIjCCAscCAQAwSTFHMEUGA1UEAxM+Mm90d2pyc3gzcGNmNmR2amhlb2w2djJ4Y3VpNm42cW40cmZraXBlMm9oM3Z5aWJpemlyNDZkaWQub25pb24wWTATBgcqhkjOPQIBBggqhkjOPQMBBwNCAASAyz/RAv61EQ7fSy3WbndIpaX9zi+r2BPNsF7eh2TyzlNUIqZ+ZGBrDPOP4ea+lYwAGYc0obSJgwiFRataRarIoIICGjAuBgkqhkiG9w0BCQ4xITAfMB0GA1UdDgQWBBRAQ+c+nMaAWHjxud5tJL3peqMp1zCCAUcGCSqGSIb3DQEJDDGCATgEggE0FVgLbFaN+gKO4Aqfjs/gNPtz+V9vgnwmOEuIipHYSyEyiZL7PmRutx07890ws44SwLYEKDBavLKfF1aSa1MOLps/bMWW2DDOngTVGyaWufh8OaBzxGIL3815BZLJF9VTgEuyJbOq3+XLZMj2fdEjXHTRvYURKZtc/O7FHYG5mOc7QTwkXd9jQ8tMYZ85wWJdR3ZLGWYfnrrplQTdkAq9H7DEH4OTypJSYjvhMBrDAZeFOe1nHVkJU14sO2x1rc9X1GQMYmLC4WxLcwdcyUh1aXOEev3VprQRQjaFznk0UHK33rn1q16YE5zc+3hhF03FOGSos8DMyQy3o10/p1fOI9oVSkFpKlx5OyZXz1uG6Utmt8htptEr4rE4jm9y6+r5DXm5nIjSZIbNgXh9boxyX7KvOkkwFQYKKwYBBAGDjBsCATEHEwVvd25lcjA9BgkrBgECAQ8DAQExMBMuUW1UcE5taXhzZlVTSEJtM3ZXdnZ1VGtndDJIZFhjMXNZaUJSdzRwTVJuODhHUjBHBgNVHRExQBM+Mm90d2pyc3gzcGNmNmR2amhlb2w2djJ4Y3VpNm42cW40cmZraXBlMm9oM3Z5aWJpemlyNDZkaWQub25pb24wCgYIKoZIzj0EAwIDSQAwRgIhAOK6Uac+lomfbGsOpT+M1/mZLNGmQ6uPXE4blwkpyla2AiEApkT1IJjfMgcYl613arLQ4nUrieyCoz8W8U+EWt1HhGM=',
        'MIIDKjCCAtACAQAwSTFHMEUGA1UEAxM+aWx5bTJleXB0eTVnbWFzcnB3djV0bjI1aWhsNnp3YnU3dDN5aXM3aTNhbzNwamRlbXR3NXAyYWQub25pb24wWTATBgcqhkjOPQIBBggqhkjOPQMBBwNCAASAc6Q7kSitT6fyLxEFZGkuuzNa9jtKyJR7X+dlJEEmw5Lt9tZZh33x2EjtrubvNXQ6o2Ok0bbirf38mNxlDpvYoIICIzAuBgkqhkiG9w0BCQ4xITAfMB0GA1UdDgQWBBSq+CkgQPuUKSTjGI+UdK61eLe3xzCCAUcGCSqGSIb3DQEJDDGCATgEggE0LxHEGHtvKSiDcFtzFUkCL4n71xN5ZfTPdAbFO34bUN1lRH9B8vVRIllPt7t78Us1jAQc0SbkZj/lmZdb/FlgjytUXwQCyU/4P+/XWsScrvD5iOkhipLZ9OBC6Z+Kxr8gHijlP8E/2VEDWp2TEI4y4PalusR0aiEkMK9G+aFPenTi6/7oUDZa5ePoBlSn4dtDiMkb9WT9fTv4W033G1PhszK8SEV7gM0ZlHyrt9vsThXW46jW1UhJfUZfQ4IzUAHZyfKlhux2mG3PIshCDI3fVIIu72b1YKV7ixkY39G8cq3B8pjCk7wLpVop7Bz8Ke9lf0qRL/cTsBcRYv5pH1B8L16tCHA/ZnYupxd++5vygxoK/F96rU5YuNpG2Xc4YhfW7/7u/CRECz1pIinU7Eanm0OPKUIwHgYKKwYBBAGDjBsCATEQEw51c2VyLWpvaW5pbmctMTA9BgkrBgECAQ8DAQExMBMuUW1aTFc2eTVtOGJyb1l1dEc0b2cyeW1YUlpVRGN4VmhkZ0hoaUtZS2hxdVVOcDBHBgNVHRExQBM+aWx5bTJleXB0eTVnbWFzcnB3djV0bjI1aWhsNnp3YnU3dDN5aXM3aTNhbzNwamRlbXR3NXAyYWQub25pb24wCgYIKoZIzj0EAwIDSAAwRQIhAJclKaxQLhPy8NHDIbipEmjrVtOqp7aXhzB9Wu8r3T/LAiB7+RGRT1sFjUy5Wk+IZTZ7I3xf1gi+PN9FCRngURsyyA==',
        'MIIDKjCCAtACAQAwSTFHMEUGA1UEAxM+ZTU3NmtyZ3YzeDdoeGVqd3lmYjR2Zml5eHdsbWdmNnUycTY0YW5nZ2J3c25ucnBlYzN1YmZvaWQub25pb24wWTATBgcqhkjOPQIBBggqhkjOPQMBBwNCAATnIhoeFv4HceoeOzC6x/n9E2zNgU18QQpohtiQIYs9qZtdpgQjOOHh98Nb0c6ix4Tf+Y5yBphKqhBZHTx/c60+oIICIzAuBgkqhkiG9w0BCQ4xITAfMB0GA1UdDgQWBBRPXKXKd+B8grn50ArRUFGbIm6h4jCCAUcGCSqGSIb3DQEJDDGCATgEggE0D9hxS1q2dIOXzWjJAaB3Q4YeSP8hPt9hx8BAEIeRiNOl0vbCcXBFibDmk2Bpu+vGd0ABl6SCCSew/ClC8nuU3o+ae6cefNC19thDGRv3RdxkvOMmZndXCuML5gwmCXGIvwG/lc0W8Vv03FCDC2vbWSGo+njmtEaEQTsZwrCl/TRQeWHGiB2sCXkH/DXueXByPKBgRMDqGcpmV2IhOsTuHF/7Cx5KT70CBIYw/JzJ2QjptZXlUtTiQ/cm/bpk+iHUmrn5JT70rQ0JNypYWl6BVEXHpyEEKwEb+HfyuJfinyk8j/WS+1zRTOFmx3XudtVlg/HrqHtO846ab44fMYmIeuLz2yd5h6MBi2urphuABlFaUqd2LbUYK0G4xL2WG+Ai5fE9Sbh8ZmGws5HCWHpvGhOmTkkwHgYKKwYBBAGDjBsCATEQEw51c2VyLWpvaW5pbmctMTA9BgkrBgECAQ8DAQExMBMuUW1RR0dzUGs4djFzeTNvQXdBMmVjZ2I2SldrMVhWekI4VTd2c0ZCMWREZlczYjBHBgNVHRExQBM+ZTU3NmtyZ3YzeDdoeGVqd3lmYjR2Zml5eHdsbWdmNnUycTY0YW5nZ2J3c25ucnBlYzN1YmZvaWQub25pb24wCgYIKoZIzj0EAwIDSAAwRQIgag3Elvsz6Cfm3OGkt5j5BjTvItNqKyKd4FRzlDovpyYCIQCLRWqVmjQrYkMO4om3ktje5V8LLKfuCUzcT/eO+7T+ew==',
        'MIIDKTCCAtACAQAwSTFHMEUGA1UEAxM+ZTU3NmtyZ3YzeDdoeGVqd3lmYjR2Zml5eHdsbWdmNnUycTY0YW5nZ2J3c25ucnBlYzN1YmZvaWQub25pb24wWTATBgcqhkjOPQIBBggqhkjOPQMBBwNCAATnIhoeFv4HceoeOzC6x/n9E2zNgU18QQpohtiQIYs9qZtdpgQjOOHh98Nb0c6ix4Tf+Y5yBphKqhBZHTx/c60+oIICIzAuBgkqhkiG9w0BCQ4xITAfMB0GA1UdDgQWBBRPXKXKd+B8grn50ArRUFGbIm6h4jCCAUcGCSqGSIb3DQEJDDGCATgEggE0D9hxS1q2dIOXzWjJAaB3Q4YeSP8hPt9hx8BAEIeRiNOl0vbCcXBFibDmk2Bpu+vGd0ABl6SCCSew/ClC8nuU3o+ae6cefNC19thDGRv3RdxkvOMmZndXCuML5gwmCXGIvwG/lc0W8Vv03FCDC2vbWSGo+njmtEaEQTsZwrCl/TRQeWHGiB2sCXkH/DXueXByPKBgRMDqGcpmV2IhOsTuHF/7Cx5KT70CBIYw/JzJ2QjptZXlUtTiQ/cm/bpk+iHUmrn5JT70rQ0JNypYWl6BVEXHpyEEKwEb+HfyuJfinyk8j/WS+1zRTOFmx3XudtVlg/HrqHtO846ab44fMYmIeuLz2yd5h6MBi2urphuABlFaUqd2LbUYK0G4xL2WG+Ai5fE9Sbh8ZmGws5HCWHpvGhOmTkkwHgYKKwYBBAGDjBsCATEQEw51c2VyLWpvaW5pbmctMjA9BgkrBgECAQ8DAQExMBMuUW1RR0dzUGs4djFzeTNvQXdBMmVjZ2I2SldrMVhWekI4VTd2c0ZCMWREZlczYjBHBgNVHRExQBM+ZTU3NmtyZ3YzeDdoeGVqd3lmYjR2Zml5eHdsbWdmNnUycTY0YW5nZ2J3c25ucnBlYzN1YmZvaWQub25pb24wCgYIKoZIzj0EAwIDRwAwRAIgXQIcKPTyXTWAGWH4UiykpIBw/cO1T5rn5s08fTpXkYgCICCjjLNI3W4uZyyF0qHf0dmHG3turzM5SH19Qt/pAXwG',
        'MIIDKzCCAtICAQAwSTFHMEUGA1UEAxM+NzRsaXVtenRzaTR3NHpieHdnYXBuM29rMnZmY2FzeGx1ajdkamZnZzZqenZ1Zm9oZnVmbnljYWQub25pb24wWTATBgcqhkjOPQIBBggqhkjOPQMBBwNCAARkis+vRRj55wPofAsnqogdQJ9cswjXY+mghUo4MrLNneX92bxSMOp0C6mlH8RAzlOsdFs53yDXVn4W8PrIC9AdoIICJTAuBgkqhkiG9w0BCQ4xITAfMB0GA1UdDgQWBBSzaZiL7t1QdBpWxislFO3Gh61hjDCCAUcGCSqGSIb3DQEJDDGCATgEggE0InyPnWtRIGwri45rJnHiUKRXC44BCaSBY1a05jxw2zC8hvQaqFqPen37UORsSYAJh4S4RC7ZgM2QjR7h5zadwt3tjbDsdEFho1z6idXD9iyvwqCbB29cx0nWeWk9U8BS8zAptGzIPj5fuOEZN+pJt0FSJl9BmQGV052jP1Ji+vB2rjQrIf3FHsymL5ttO5znTs7UisJhRoxC18a61y+WOgsNXUAwT2TD0kzAiPjUkgIzpDM1zuD7wrlT3obU/DaqoNFgr0vSoe9QS7gapuVnZ0SvJtxJzweEWTUigEcldUeE4Y1qy6GJ4ctYzEeavpJgZDdDwMqPrd5KiNqYAdI+hpEkKLn7ufK1mmBVq1437F81OK4OPdNrqSTYZeF577zInpB/GxXcNyKfhZThCkZBFvN7V9UwIAYKKwYBBAGDjBsCATESExB1c2VyLWpvaW5pbmctMS0xMD0GCSsGAQIBDwMBATEwEy5RbWJrR1BWMVVnUFM3Yjg1ODhIQW9tVGlqbW9qdUtYak5ZYk1nWjZQZ1F0Z3NoMEcGA1UdETFAEz43NGxpdW16dHNpNHc0emJ4d2dhcG4zb2sydmZjYXN4bHVqN2RqZmdnNmp6dnVmb2hmdWZueWNhZC5vbmlvbjAKBggqhkjOPQQDAgNHADBEAiA0v1FpJiZO7V7lO/xfAPHkL2o8SQOzhyj/npttxvbm3wIgV7tNC9FrP2wHhfFSbyFkI9ETI7vSJB+Fqn6y2byZW/Q='
      ]
    }
[2m[22m
[2m      [2mat Socket.<anonymous> ([22m[2msrc/utils.ts[2m:159:15)[22m[2m[22m
  [2mconsole.log[22m
    [e2e_r4pg81niwrk]: 2024-03-22T21:04:47.154Z backend:CertificatesRequestsStore DuplicatedCertBug [...filteredCsrsMap.values()] [
      'MIIDIjCCAscCAQAwSTFHMEUGA1UEAxM+Mm90d2pyc3gzcGNmNmR2amhlb2w2djJ4Y3VpNm42cW40cmZraXBlMm9oM3Z5aWJpemlyNDZkaWQub25pb24wWTATBgcqhkjOPQIBBggqhkjOPQMBBwNCAASAyz/RAv61EQ7fSy3WbndIpaX9zi+r2BPNsF7eh2TyzlNUIqZ+ZGBrDPOP4ea+lYwAGYc0obSJgwiFRataRarIoIICGjAuBgkqhkiG9w0BCQ4xITAfMB0GA1UdDgQWBBRAQ+c+nMaAWHjxud5tJL3peqMp1zCCAUcGCSqGSIb3DQEJDDGCATgEggE0FVgLbFaN+gKO4Aqfjs/gNPtz+V9vgnwmOEuIipHYSyEyiZL7PmRutx07890ws44SwLYEKDBavLKfF1aSa1MOLps/bMWW2DDOngTVGyaWufh8OaBzxGIL3815BZLJF9VTgEuyJbOq3+XLZMj2fdEjXHTRvYURKZtc/O7FHYG5mOc7QTwkXd9jQ8tMYZ85wWJdR3ZLGWYfnrrplQTdkAq9H7DEH4OTypJSYjvhMBrDAZeFOe1nHVkJU14sO2x1rc9X1GQMYmLC4WxLcwdcyUh1aXOEev3VprQRQjaFznk0UHK33rn1q16YE5zc+3hhF03FOGSos8DMyQy3o10/p1fOI9oVSkFpKlx5OyZXz1uG6Utmt8htptEr4rE4jm9y6+r5DXm5nIjSZIbNgXh9boxyX7KvOkkwFQYKKwYBBAGDjBsCATEHEwVvd25lcjA9BgkrBgECAQ8DAQExMBMuUW1UcE5taXhzZlVTSEJtM3ZXdnZ1VGtndDJIZFhjMXNZaUJSdzRwTVJuODhHUjBHBgNVHRExQBM+Mm90d2pyc3gzcGNmNmR2amhlb2w2djJ4Y3VpNm42cW40cmZraXBlMm9oM3Z5aWJpemlyNDZkaWQub25pb24wCgYIKoZIzj0EAwIDSQAwRgIhAOK6Uac+lomfbGsOpT+M1/mZLNGmQ6uPXE4blwkpyla2AiEApkT1IJjfMgcYl613arLQ4nUrieyCoz8W8U+EWt1HhGM=',
      'MIIDKjCCAtACAQAwSTFHMEUGA1UEAxM+aWx5bTJleXB0eTVnbWFzcnB3djV0bjI1aWhsNnp3YnU3dDN5aXM3aTNhbzNwamRlbXR3NXAyYWQub25pb24wWTATBgcqhkjOPQIBBggqhkjOPQMBBwNCAASAc6Q7kSitT6fyLxEFZGkuuzNa9jtKyJR7X+dlJEEmw5Lt9tZZh33x2EjtrubvNXQ6o2Ok0bbirf38mNxlDpvYoIICIzAuBgkqhkiG9w0BCQ4xITAfMB0GA1UdDgQWBBSq+CkgQPuUKSTjGI+UdK61eLe3xzCCAUcGCSqGSIb3DQEJDDGCATgEggE0LxHEGHtvKSiDcFtzFUkCL4n71xN5ZfTPdAbFO34bUN1lRH9B8vVRIllPt7t78Us1jAQc0SbkZj/lmZdb/FlgjytUXwQCyU/4P+/XWsScrvD5iOkhipLZ9OBC6Z+Kxr8gHijlP8E/2VEDWp2TEI4y4PalusR0aiEkMK9G+aFPenTi6/7oUDZa5ePoBlSn4dtDiMkb9WT9fTv4W033G1PhszK8SEV7gM0ZlHyrt9vsThXW46jW1UhJfUZfQ4IzUAHZyfKlhux2mG3PIshCDI3fVIIu72b1YKV7ixkY39G8cq3B8pjCk7wLpVop7Bz8Ke9lf0qRL/cTsBcRYv5pH1B8L16tCHA/ZnYupxd++5vygxoK/F96rU5YuNpG2Xc4YhfW7/7u/CRECz1pIinU7Eanm0OPKUIwHgYKKwYBBAGDjBsCATEQEw51c2VyLWpvaW5pbmctMTA9BgkrBgECAQ8DAQExMBMuUW1aTFc2eTVtOGJyb1l1dEc0b2cyeW1YUlpVRGN4VmhkZ0hoaUtZS2hxdVVOcDBHBgNVHRExQBM+aWx5bTJleXB0eTVnbWFzcnB3djV0bjI1aWhsNnp3YnU3dDN5aXM3aTNhbzNwamRlbXR3NXAyYWQub25pb24wCgYIKoZIzj0EAwIDSAAwRQIhAJclKaxQLhPy8NHDIbipEmjrVtOqp7aXhzB9Wu8r3T/LAiB7+RGRT1sFjUy5Wk+IZTZ7I3xf1gi+PN9FCRngURsyyA==',
      'MIIDKTCCAtACAQAwSTFHMEUGA1UEAxM+ZTU3NmtyZ3YzeDdoeGVqd3lmYjR2Zml5eHdsbWdmNnUycTY0YW5nZ2J3c25ucnBlYzN1YmZvaWQub25pb24wWTATBgcqhkjOPQIBBggqhkjOPQMBBwNCAATnIhoeFv4HceoeOzC6x/n9E2zNgU18QQpohtiQIYs9qZtdpgQjOOHh98Nb0c6ix4Tf+Y5yBphKqhBZHTx/c60+oIICIzAuBgkqhkiG9w0BCQ4xITAfMB0GA1UdDgQWBBRPXKXKd+B8grn50ArRUFGbIm6h4jCCAUcGCSqGSIb3DQEJDDGCATgEggE0D9hxS1q2dIOXzWjJAaB3Q4YeSP8hPt9hx8BAEIeRiNOl0vbCcXBFibDmk2Bpu+vGd0ABl6SCCSew/ClC8nuU3o+ae6cefNC19thDGRv3RdxkvOMmZndXCuML5gwmCXGIvwG/lc0W8Vv03FCDC2vbWSGo+njmtEaEQTsZwrCl/TRQeWHGiB2sCXkH/DXueXByPKBgRMDqGcpmV2IhOsTuHF/7Cx5KT70CBIYw/JzJ2QjptZXlUtTiQ/cm/bpk+iHUmrn5JT70rQ0JNypYWl6BVEXHpyEEKwEb+HfyuJfinyk8j/WS+1zRTOFmx3XudtVlg/HrqHtO846ab44fMYmIeuLz2yd5h6MBi2urphuABlFaUqd2LbUYK0G4xL2WG+Ai5fE9Sbh8ZmGws5HCWHpvGhOmTkkwHgYKKwYBBAGDjBsCATEQEw51c2VyLWpvaW5pbmctMjA9BgkrBgECAQ8DAQExMBMuUW1RR0dzUGs4djFzeTNvQXdBMmVjZ2I2SldrMVhWekI4VTd2c0ZCMWREZlczYjBHBgNVHRExQBM+ZTU3NmtyZ3YzeDdoeGVqd3lmYjR2Zml5eHdsbWdmNnUycTY0YW5nZ2J3c25ucnBlYzN1YmZvaWQub25pb24wCgYIKoZIzj0EAwIDRwAwRAIgXQIcKPTyXTWAGWH4UiykpIBw/cO1T5rn5s08fTpXkYgCICCjjLNI3W4uZyyF0qHf0dmHG3turzM5SH19Qt/pAXwG',
      'MIIDKzCCAtICAQAwSTFHMEUGA1UEAxM+NzRsaXVtenRzaTR3NHpieHdnYXBuM29rMnZmY2FzeGx1ajdkamZnZzZqenZ1Zm9oZnVmbnljYWQub25pb24wWTATBgcqhkjOPQIBBggqhkjOPQMBBwNCAARkis+vRRj55wPofAsnqogdQJ9cswjXY+mghUo4MrLNneX92bxSMOp0C6mlH8RAzlOsdFs53yDXVn4W8PrIC9AdoIICJTAuBgkqhkiG9w0BCQ4xITAfMB0GA1UdDgQWBBSzaZiL7t1QdBpWxislFO3Gh61hjDCCAUcGCSqGSIb3DQEJDDGCATgEggE0InyPnWtRIGwri45rJnHiUKRXC44BCaSBY1a05jxw2zC8hvQaqFqPen37UORsSYAJh4S4RC7ZgM2QjR7h5zadwt3tjbDsdEFho1z6idXD9iyvwqCbB29cx0nWeWk9U8BS8zAptGzIPj5fuOEZN+pJt0FSJl9BmQGV052jP1Ji+vB2rjQrIf3FHsymL5ttO5znTs7UisJhRoxC18a61y+WOgsNXUAwT2TD0kzAiPjUkgIzpDM1zuD7wrlT3obU/DaqoNFgr0vSoe9QS7gapuVnZ0SvJtxJzweEWTUigEcldUeE4Y1qy6GJ4ctYzEeavpJgZDdDwMqPrd5KiNqYAdI+hpEkKLn7ufK1mmBVq1437F81OK4OPdNrqSTYZeF577zInpB/GxXcNyKfhZThCkZBFvN7V9UwIAYKKwYBBAGDjBsCATESExB1c2VyLWpvaW5pbmctMS0xMD0GCSsGAQIBDwMBATEwEy5RbWJrR1BWMVVnUFM3Yjg1ODhIQW9tVGlqbW9qdUtYak5ZYk1nWjZQZ1F0Z3NoMEcGA1UdETFAEz43NGxpdW16dHNpNHc0emJ4d2dhcG4zb2sydmZjYXN4bHVqN2RqZmdnNmp6dnVmb2hmdWZueWNhZC5vbmlvbjAKBggqhkjOPQQDAgNHADBEAiA0v1FpJiZO7V7lO/xfAPHkL2o8SQOzhyj/npttxvbm3wIgV7tNC9FrP2wHhfFSbyFkI9ETI7vSJB+Fqn6y2byZW/Q='
    ]
[2m[22m
[2m      [2mat Socket.<anonymous> ([22m[2msrc/utils.ts[2m:159:15)[22m[2m[22m
  [2mconsole.log[22m
    [e2e_r4pg81niwrk]: 2024-03-22T21:04:47.154Z backend:ConnectionsManagerService Storage - csrsStored
[2m[22m
[2m      [2mat Socket.<anonymous> ([22m[2msrc/utils.ts[2m:159:15)[22m[2m[22m
  [2mconsole.log[22m
    [e2e_r4pg81niwrk]: 2024-03-22T21:04:47.156Z backend:StorageService csrs count: 5
[2m[22m
[2m      [2mat Socket.<anonymous> ([22m[2msrc/utils.ts[2m:159:15)[22m[2m[22m
  [2mconsole.log[22m
    stdout:
    updatePeersList, peers count: 5
[2m[22m
[2m      [2mat Socket.<anonymous> ([22m[2msrc/utils.ts[2m:149:15)[22m[2m[22m
  [2mconsole.log[22m
    [e2e_r4pg81niwrk]: 2024-03-22T21:04:47.159Z backend:Libp2pService Dialing 1 addresses
    2024-03-22T21:04:47.159Z backend:ProcessInChunksService Updating data with 1 items
    2024-03-22T21:04:47.159Z backend:ProcessInChunksService Processing 1 items
[2m[22m
[2m      [2mat Socket.<anonymous> ([22m[2msrc/utils.ts[2m:159:15)[22m[2m[22m
  [2mconsole.log[22m
    [e2e_r4pg81niwrk]: 2024-03-22T21:04:47.160Z backend:RegistrationService Trying to issue certificates false [
      {
        csrs: [
          'MIIDIjCCAscCAQAwSTFHMEUGA1UEAxM+Mm90d2pyc3gzcGNmNmR2amhlb2w2djJ4Y3VpNm42cW40cmZraXBlMm9oM3Z5aWJpemlyNDZkaWQub25pb24wWTATBgcqhkjOPQIBBggqhkjOPQMBBwNCAASAyz/RAv61EQ7fSy3WbndIpaX9zi+r2BPNsF7eh2TyzlNUIqZ+ZGBrDPOP4ea+lYwAGYc0obSJgwiFRataRarIoIICGjAuBgkqhkiG9w0BCQ4xITAfMB0GA1UdDgQWBBRAQ+c+nMaAWHjxud5tJL3peqMp1zCCAUcGCSqGSIb3DQEJDDGCATgEggE0FVgLbFaN+gKO4Aqfjs/gNPtz+V9vgnwmOEuIipHYSyEyiZL7PmRutx07890ws44SwLYEKDBavLKfF1aSa1MOLps/bMWW2DDOngTVGyaWufh8OaBzxGIL3815BZLJF9VTgEuyJbOq3+XLZMj2fdEjXHTRvYURKZtc/O7FHYG5mOc7QTwkXd9jQ8tMYZ85wWJdR3ZLGWYfnrrplQTdkAq9H7DEH4OTypJSYjvhMBrDAZeFOe1nHVkJU14sO2x1rc9X1GQMYmLC4WxLcwdcyUh1aXOEev3VprQRQjaFznk0UHK33rn1q16YE5zc+3hhF03FOGSos8DMyQy3o10/p1fOI9oVSkFpKlx5OyZXz1uG6Utmt8htptEr4rE4jm9y6+r5DXm5nIjSZIbNgXh9boxyX7KvOkkwFQYKKwYBBAGDjBsCATEHEwVvd25lcjA9BgkrBgECAQ8DAQExMBMuUW1UcE5taXhzZlVTSEJtM3ZXdnZ1VGtndDJIZFhjMXNZaUJSdzRwTVJuODhHUjBHBgNVHRExQBM+Mm90d2pyc3gzcGNmNmR2amhlb2w2djJ4Y3VpNm42cW40cmZraXBlMm9oM3Z5aWJpemlyNDZkaWQub25pb24wCgYIKoZIzj0EAwIDSQAwRgIhAOK6Uac+lomfbGsOpT+M1/mZLNGmQ6uPXE4blwkpyla2AiEApkT1IJjfMgcYl613arLQ4nUrieyCoz8W8U+EWt1HhGM=',
          'MIIDKjCCAtACAQAwSTFHMEUGA1UEAxM+aWx5bTJleXB0eTVnbWFzcnB3djV0bjI1aWhsNnp3YnU3dDN5aXM3aTNhbzNwamRlbXR3NXAyYWQub25pb24wWTATBgcqhkjOPQIBBggqhkjOPQMBBwNCAASAc6Q7kSitT6fyLxEFZGkuuzNa9jtKyJR7X+dlJEEmw5Lt9tZZh33x2EjtrubvNXQ6o2Ok0bbirf38mNxlDpvYoIICIzAuBgkqhkiG9w0BCQ4xITAfMB0GA1UdDgQWBBSq+CkgQPuUKSTjGI+UdK61eLe3xzCCAUcGCSqGSIb3DQEJDDGCATgEggE0LxHEGHtvKSiDcFtzFUkCL4n71xN5ZfTPdAbFO34bUN1lRH9B8vVRIllPt7t78Us1jAQc0SbkZj/lmZdb/FlgjytUXwQCyU/4P+/XWsScrvD5iOkhipLZ9OBC6Z+Kxr8gHijlP8E/2VEDWp2TEI4y4PalusR0aiEkMK9G+aFPenTi6/7oUDZa5ePoBlSn4dtDiMkb9WT9fTv4W033G1PhszK8SEV7gM0ZlHyrt9vsThXW46jW1UhJfUZfQ4IzUAHZyfKlhux2mG3PIshCDI3fVIIu72b1YKV7ixkY39G8cq3B8pjCk7wLpVop7Bz8Ke9lf0qRL/cTsBcRYv5pH1B8L16tCHA/ZnYupxd++5vygxoK/F96rU5YuNpG2Xc4YhfW7/7u/CRECz1pIinU7Eanm0OPKUIwHgYKKwYBBAGDjBsCATEQEw51c2VyLWpvaW5pbmctMTA9BgkrBgECAQ8DAQExMBMuUW1aTFc2eTVtOGJyb1l1dEc0b2cyeW1YUlpVRGN4VmhkZ0hoaUtZS2hxdVVOcDBHBgNVHRExQBM+aWx5bTJleXB0eTVnbWFzcnB3djV0bjI1aWhsNnp3YnU3dDN5aXM3aTNhbzNwamRlbXR3NXAyYWQub25pb24wCgYIKoZIzj0EAwIDSAAwRQIhAJclKaxQLhPy8NHDIbipEmjrVtOqp7aXhzB9Wu8r3T/LAiB7+RGRT1sFjUy5Wk+IZTZ7I3xf1gi+PN9FCRngURsyyA==',
          'MIIDKTCCAtACAQAwSTFHMEUGA1UEAxM+ZTU3NmtyZ3YzeDdoeGVqd3lmYjR2Zml5eHdsbWdmNnUycTY0YW5nZ2J3c25ucnBlYzN1YmZvaWQub25pb24wWTATBgcqhkjOPQIBBggqhkjOPQMBBwNCAATnIhoeFv4HceoeOzC6x/n9E2zNgU18QQpohtiQIYs9qZtdpgQjOOHh98Nb0c6ix4Tf+Y5yBphKqhBZHTx/c60+oIICIzAuBgkqhkiG9w0BCQ4xITAfMB0GA1UdDgQWBBRPXKXKd+B8grn50ArRUFGbIm6h4jCCAUcGCSqGSIb3DQEJDDGCATgEggE0D9hxS1q2dIOXzWjJAaB3Q4YeSP8hPt9hx8BAEIeRiNOl0vbCcXBFibDmk2Bpu+vGd0ABl6SCCSew/ClC8nuU3o+ae6cefNC19thDGRv3RdxkvOMmZndXCuML5gwmCXGIvwG/lc0W8Vv03FCDC2vbWSGo+njmtEaEQTsZwrCl/TRQeWHGiB2sCXkH/DXueXByPKBgRMDqGcpmV2IhOsTuHF/7Cx5KT70CBIYw/JzJ2QjptZXlUtTiQ/cm/bpk+iHUmrn5JT70rQ0JNypYWl6BVEXHpyEEKwEb+HfyuJfinyk8j/WS+1zRTOFmx3XudtVlg/HrqHtO846ab44fMYmIeuLz2yd5h6MBi2urphuABlFaUqd2LbUYK0G4xL2WG+Ai5fE9Sbh8ZmGws5HCWHpvGhOmTkkwHgYKKwYBBAGDjBsCATEQEw51c2VyLWpvaW5pbmctMjA9BgkrBgECAQ8DAQExMBMuUW1RR0dzUGs4djFzeTNvQXdBMmVjZ2I2SldrMVhWekI4VTd2c0ZCMWREZlczYjBHBgNVHRExQBM+ZTU3NmtyZ3YzeDdoeGVqd3lmYjR2Zml5eHdsbWdmNnUycTY0YW5nZ2J3c25ucnBlYzN1YmZvaWQub25pb24wCgYIKoZIzj0EAwIDRwAwRAIgXQIcKPTyXTWAGWH4UiykpIBw/cO1T5rn5s08fTpXkYgCICCjjLNI3W4uZyyF0qHf0dmHG3turzM5SH19Qt/pAXwG',
          'MIIDKzCCAtICAQAwSTFHMEUGA1UEAxM+NzRsaXVtenRzaTR3NHpieHdnYXBuM29rMnZmY2FzeGx1ajdkamZnZzZqenZ1Zm9oZnVmbnljYWQub25pb24wWTATBgcqhkjOPQIBBggqhkjOPQMBBwNCAARkis+vRRj55wPofAsnqogdQJ9cswjXY+mghUo4MrLNneX92bxSMOp0C6mlH8RAzlOsdFs53yDXVn4W8PrIC9AdoIICJTAuBgkqhkiG9w0BCQ4xITAfMB0GA1UdDgQWBBSzaZiL7t1QdBpWxislFO3Gh61hjDCCAUcGCSqGSIb3DQEJDDGCATgEggE0InyPnWtRIGwri45rJnHiUKRXC44BCaSBY1a05jxw2zC8hvQaqFqPen37UORsSYAJh4S4RC7ZgM2QjR7h5zadwt3tjbDsdEFho1z6idXD9iyvwqCbB29cx0nWeWk9U8BS8zAptGzIPj5fuOEZN+pJt0FSJl9BmQGV052jP1Ji+vB2rjQrIf3FHsymL5ttO5znTs7UisJhRoxC18a61y+WOgsNXUAwT2TD0kzAiPjUkgIzpDM1zuD7wrlT3obU/DaqoNFgr0vSoe9QS7gapuVnZ0SvJtxJzweEWTUigEcldUeE4Y1qy6GJ4ctYzEeavpJgZDdDwMqPrd5KiNqYAdI+hpEkKLn7ufK1mmBVq1437F81OK4OPdNrqSTYZeF577zInpB/GxXcNyKfhZThCkZBFvN7V9UwIAYKKwYBBAGDjBsCATESExB1c2VyLWpvaW5pbmctMS0xMD0GCSsGAQIBDwMBATEwEy5RbWJrR1BWMVVnUFM3Yjg1ODhIQW9tVGlqbW9qdUtYak5ZYk1nWjZQZ1F0Z3NoMEcGA1UdETFAEz43NGxpdW16dHNpNHc0emJ4d2dhcG4zb2sydmZjYXN4bHVqN2RqZmdnNmp6dnVmb2hmdWZueWNhZC5vbmlvbjAKBggqhkjOPQQDAgNHADBEAiA0v1FpJiZO7V7lO/xfAPHkL2o8SQOzhyj/npttxvbm3wIgV7tNC9FrP2wHhfFSbyFkI9ETI7vSJB+Fqn6y2byZW/Q='
        ]
      }
    ]
    2024-03-22T21:04:47.160Z backend:RegistrationService Issuing certificates {
      csrs: [
        'MIIDIjCCAscCAQAwSTFHMEUGA1UEAxM+Mm90d2pyc3gzcGNmNmR2amhlb2w2djJ4Y3VpNm42cW40cmZraXBlMm9oM3Z5aWJpemlyNDZkaWQub25pb24wWTATBgcqhkjOPQIBBggqhkjOPQMBBwNCAASAyz/RAv61EQ7fSy3WbndIpaX9zi+r2BPNsF7eh2TyzlNUIqZ+ZGBrDPOP4ea+lYwAGYc0obSJgwiFRataRarIoIICGjAuBgkqhkiG9w0BCQ4xITAfMB0GA1UdDgQWBBRAQ+c+nMaAWHjxud5tJL3peqMp1zCCAUcGCSqGSIb3DQEJDDGCATgEggE0FVgLbFaN+gKO4Aqfjs/gNPtz+V9vgnwmOEuIipHYSyEyiZL7PmRutx07890ws44SwLYEKDBavLKfF1aSa1MOLps/bMWW2DDOngTVGyaWufh8OaBzxGIL3815BZLJF9VTgEuyJbOq3+XLZMj2fdEjXHTRvYURKZtc/O7FHYG5mOc7QTwkXd9jQ8tMYZ85wWJdR3ZLGWYfnrrplQTdkAq9H7DEH4OTypJSYjvhMBrDAZeFOe1nHVkJU14sO2x1rc9X1GQMYmLC4WxLcwdcyUh1aXOEev3VprQRQjaFznk0UHK33rn1q16YE5zc+3hhF03FOGSos8DMyQy3o10/p1fOI9oVSkFpKlx5OyZXz1uG6Utmt8htptEr4rE4jm9y6+r5DXm5nIjSZIbNgXh9boxyX7KvOkkwFQYKKwYBBAGDjBsCATEHEwVvd25lcjA9BgkrBgECAQ8DAQExMBMuUW1UcE5taXhzZlVTSEJtM3ZXdnZ1VGtndDJIZFhjMXNZaUJSdzRwTVJuODhHUjBHBgNVHRExQBM+Mm90d2pyc3gzcGNmNmR2amhlb2w2djJ4Y3VpNm42cW40cmZraXBlMm9oM3Z5aWJpemlyNDZkaWQub25pb24wCgYIKoZIzj0EAwIDSQAwRgIhAOK6Uac+lomfbGsOpT+M1/mZLNGmQ6uPXE4blwkpyla2AiEApkT1IJjfMgcYl613arLQ4nUrieyCoz8W8U+EWt1HhGM=',
        'MIIDKjCCAtACAQAwSTFHMEUGA1UEAxM+aWx5bTJleXB0eTVnbWFzcnB3djV0bjI1aWhsNnp3YnU3dDN5aXM3aTNhbzNwamRlbXR3NXAyYWQub25pb24wWTATBgcqhkjOPQIBBggqhkjOPQMBBwNCAASAc6Q7kSitT6fyLxEFZGkuuzNa9jtKyJR7X+dlJEEmw5Lt9tZZh33x2EjtrubvNXQ6o2Ok0bbirf38mNxlDpvYoIICIzAuBgkqhkiG9w0BCQ4xITAfMB0GA1UdDgQWBBSq+CkgQPuUKSTjGI+UdK61eLe3xzCCAUcGCSqGSIb3DQEJDDGCATgEggE0LxHEGHtvKSiDcFtzFUkCL4n71xN5ZfTPdAbFO34bUN1lRH9B8vVRIllPt7t78Us1jAQc0SbkZj/lmZdb/FlgjytUXwQCyU/4P+/XWsScrvD5iOkhipLZ9OBC6Z+Kxr8gHijlP8E/2VEDWp2TEI4y4PalusR0aiEkMK9G+aFPenTi6/7oUDZa5ePoBlSn4dtDiMkb9WT9fTv4W033G1PhszK8SEV7gM0ZlHyrt9vsThXW46jW1UhJfUZfQ4IzUAHZyfKlhux2mG3PIshCDI3fVIIu72b1YKV7ixkY39G8cq3B8pjCk7wLpVop7Bz8Ke9lf0qRL/cTsBcRYv5pH1B8L16tCHA/ZnYupxd++5vygxoK/F96rU5YuNpG2Xc4YhfW7/7u/CRECz1pIinU7Eanm0OPKUIwHgYKKwYBBAGDjBsCATEQEw51c2VyLWpvaW5pbmctMTA9BgkrBgECAQ8DAQExMBMuUW1aTFc2eTVtOGJyb1l1dEc0b2cyeW1YUlpVRGN4VmhkZ0hoaUtZS2hxdVVOcDBHBgNVHRExQBM+aWx5bTJleXB0eTVnbWFzcnB3djV0bjI1aWhsNnp3YnU3dDN5aXM3aTNhbzNwamRlbXR3NXAyYWQub25pb24wCgYIKoZIzj0EAwIDSAAwRQIhAJclKaxQLhPy8NHDIbipEmjrVtOqp7aXhzB9Wu8r3T/LAiB7+RGRT1sFjUy5Wk+IZTZ7I3xf1gi+PN9FCRngURsyyA==',
        'MIIDKTCCAtACAQAwSTFHMEUGA1UEAxM+ZTU3NmtyZ3YzeDdoeGVqd3lmYjR2Zml5eHdsbWdmNnUycTY0YW5nZ2J3c25ucnBlYzN1YmZvaWQub25pb24wWTATBgcqhkjOPQIBBggqhkjOPQMBBwNCAATnIhoeFv4HceoeOzC6x/n9E2zNgU18QQpohtiQIYs9qZtdpgQjOOHh98Nb0c6ix4Tf+Y5yBphKqhBZHTx/c60+oIICIzAuBgkqhkiG9w0BCQ4xITAfMB0GA1UdDgQWBBRPXKXKd+B8grn50ArRUFGbIm6h4jCCAUcGCSqGSIb3DQEJDDGCATgEggE0D9hxS1q2dIOXzWjJAaB3Q4YeSP8hPt9hx8BAEIeRiNOl0vbCcXBFibDmk2Bpu+vGd0ABl6SCCSew/ClC8nuU3o+ae6cefNC19thDGRv3RdxkvOMmZndXCuML5gwmCXGIvwG/lc0W8Vv03FCDC2vbWSGo+njmtEaEQTsZwrCl/TRQeWHGiB2sCXkH/DXueXByPKBgRMDqGcpmV2IhOsTuHF/7Cx5KT70CBIYw/JzJ2QjptZXlUtTiQ/cm/bpk+iHUmrn5JT70rQ0JNypYWl6BVEXHpyEEKwEb+HfyuJfinyk8j/WS+1zRTOFmx3XudtVlg/HrqHtO846ab44fMYmIeuLz2yd5h6MBi2urphuABlFaUqd2LbUYK0G4xL2WG+Ai5fE9Sbh8ZmGws5HCWHpvGhOmTkkwHgYKKwYBBAGDjBsCATEQEw51c2VyLWpvaW5pbmctMjA9BgkrBgECAQ8DAQExMBMuUW1RR0dzUGs4djFzeTNvQXdBMmVjZ2I2SldrMVhWekI4VTd2c0ZCMWREZlczYjBHBgNVHRExQBM+ZTU3NmtyZ3YzeDdoeGVqd3lmYjR2Zml5eHdsbWdmNnUycTY0YW5nZ2J3c25ucnBlYzN1YmZvaWQub25pb24wCgYIKoZIzj0EAwIDRwAwRAIgXQIcKPTyXTWAGWH4UiykpIBw/cO1T5rn5s08fTpXkYgCICCjjLNI3W4uZyyF0qHf0dmHG3turzM5SH19Qt/pAXwG',
        'MIIDKzCCAtICAQAwSTFHMEUGA1UEAxM+NzRsaXVtenRzaTR3NHpieHdnYXBuM29rMnZmY2FzeGx1ajdkamZnZzZqenZ1Zm9oZnVmbnljYWQub25pb24wWTATBgcqhkjOPQIBBggqhkjOPQMBBwNCAARkis+vRRj55wPofAsnqogdQJ9cswjXY+mghUo4MrLNneX92bxSMOp0C6mlH8RAzlOsdFs53yDXVn4W8PrIC9AdoIICJTAuBgkqhkiG9w0BCQ4xITAfMB0GA1UdDgQWBBSzaZiL7t1QdBpWxislFO3Gh61hjDCCAUcGCSqGSIb3DQEJDDGCATgEggE0
[2m[22m
[2m      [2mat Socket.<anonymous> ([22m[2msrc/utils.ts[2m:159:15)[22m[2m[22m
  [2mconsole.log[22m
    [e2e_r4pg81niwrk]: InyPnWtRIGwri45rJnHiUKRXC44BCaSBY1a05jxw2zC8hvQaqFqPen37UORsSYAJh4S4RC7ZgM2QjR7h5zadwt3tjbDsdEFho1z6idXD9iyvwqCbB29cx0nWeWk9U8BS8zAptGzIPj5fuOEZN+pJt0FSJl9BmQGV052jP1Ji+vB2rjQrIf3FHsymL5ttO5znTs7UisJhRoxC18a61y+WOgsNXUAwT2TD0kzAiPjUkgIzpDM1zuD7wrlT3obU/DaqoNFgr0vSoe9QS7gapuVnZ0SvJtxJzweEWTUigEcldUeE4Y1qy6GJ4ctYzEeavpJgZDdDwMqPrd5KiNqYAdI+hpEkKLn7ufK1mmBVq1437F81OK4OPdNrqSTYZeF577zInpB/GxXcNyKfhZThCkZBFvN7V9UwIAYKKwYBBAGDjBsCATESExB1c2VyLWpvaW5pbmctMS0xMD0GCSsGAQIBDwMBATEwEy5RbWJrR1BWMVVnUFM3Yjg1ODhIQW9tVGlqbW9qdUtYak5ZYk1nWjZQZ1F0Z3NoMEcGA1UdETFAEz43NGxpdW16dHNpNHc0emJ4d2dhcG4zb2sydmZjYXN4bHVqN2RqZmdnNmp6dnVmb2hmdWZueWNhZC5vbmlvbjAKBggqhkjOPQQDAgNHADBEAiA0v1FpJiZO7V7lO/xfAPHkL2o8SQOzhyj/npttxvbm3wIgV7tNC9FrP2wHhfFSbyFkI9ETI7vSJB+Fqn6y2byZW/Q='
      ]
    }
[2m[22m
[2m      [2mat Socket.<anonymous> ([22m[2msrc/utils.ts[2m:159:15)[22m[2m[22m
  [2mconsole.log[22m
    [e2e_r4pg81niwrk]: 2024-03-22T21:04:47.160Z backend:StorageService Loading all certificates
    2024-03-22T21:04:47.167Z backend:CertificatesRequestsStore DuplicatedCertBug {
      validation: true,
      csr: 'MIIDIjCCAscCAQAwSTFHMEUGA1UEAxM+Mm90d2pyc3gzcGNmNmR2amhlb2w2djJ4Y3VpNm42cW40cmZraXBlMm9oM3Z5aWJpemlyNDZkaWQub25pb24wWTATBgcqhkjOPQIBBggqhkjOPQMBBwNCAASAyz/RAv61EQ7fSy3WbndIpaX9zi+r2BPNsF7eh2TyzlNUIqZ+ZGBrDPOP4ea+lYwAGYc0obSJgwiFRataRarIoIICGjAuBgkqhkiG9w0BCQ4xITAfMB0GA1UdDgQWBBRAQ+c+nMaAWHjxud5tJL3peqMp1zCCAUcGCSqGSIb3DQEJDDGCATgEggE0FVgLbFaN+gKO4Aqfjs/gNPtz+V9vgnwmOEuIipHYSyEyiZL7PmRutx07890ws44SwLYEKDBavLKfF1aSa1MOLps/bMWW2DDOngTVGyaWufh8OaBzxGIL3815BZLJF9VTgEuyJbOq3+XLZMj2fdEjXHTRvYURKZtc/O7FHYG5mOc7QTwkXd9jQ8tMYZ85wWJdR3ZLGWYfnrrplQTdkAq9H7DEH4OTypJSYjvhMBrDAZeFOe1nHVkJU14sO2x1rc9X1GQMYmLC4WxLcwdcyUh1aXOEev3VprQRQjaFznk0UHK33rn1q16YE5zc+3hhF03FOGSos8DMyQy3o10/p1fOI9oVSkFpKlx5OyZXz1uG6Utmt8htptEr4rE4jm9y6+r5DXm5nIjSZIbNgXh9boxyX7KvOkkwFQYKKwYBBAGDjBsCATEHEwVvd25lcjA9BgkrBgECAQ8DAQExMBMuUW1UcE5taXhzZlVTSEJtM3ZXdnZ1VGtndDJIZFhjMXNZaUJSdzRwTVJuODhHUjBHBgNVHRExQBM+Mm90d2pyc3gzcGNmNmR2amhlb2w2djJ4Y3VpNm42cW40cmZraXBlMm9oM3Z5aWJpemlyNDZkaWQub25pb24wCgYIKoZIzj0EAwIDSQAwRgIhAOK6Uac+lomfbGsOpT+M1/mZLNGmQ6uPXE4blwkpyla2AiEApkT1IJjfMgcYl613arLQ4nUrieyCoz8W8U+EWt1HhGM='
    }
    2024-03-22T21:04:47.167Z backend:CertificatesRequestsStore DuplicatedCertBug {
      validation: true,
      csr: 'MIIDKjCCAtACAQAwSTFHMEUGA1UEAxM+aWx5bTJleXB0eTVnbWFzcnB3djV0bjI1aWhsNnp3YnU3dDN5aXM3aTNhbzNwamRlbXR3NXAyYWQub25pb24wWTATBgcqhkjOPQIBBggqhkjOPQMBBwNCAASAc6Q7kSitT6fyLxEFZGkuuzNa9jtKyJR7X+dlJEEmw5Lt9tZZh33x2EjtrubvNXQ6o2Ok0bbirf38mNxlDpvYoIICIzAuBgkqhkiG9w0BCQ4xITAfMB0GA1UdDgQWBBSq+CkgQPuUKSTjGI+UdK61eLe3xzCCAUcGCSqGSIb3DQEJDDGCATgEggE0LxHEGHtvKSiDcFtzFUkCL4n71xN5ZfTPdAbFO34bUN1lRH9B8vVRIllPt7t78Us1jAQc0SbkZj/lmZdb/FlgjytUXwQCyU/4P+/XWsScrvD5iOkhipLZ9OBC6Z+Kxr8gHijlP8E/2VEDWp2TEI4y4PalusR0aiEkMK9G+aFPenTi6/7oUDZa5ePoBlSn4dtDiMkb9WT9fTv4W033G1PhszK8SEV7gM0ZlHyrt9vsThXW46jW1UhJfUZfQ4IzUAHZyfKlhux2mG3PIshCDI3fVIIu72b1YKV7ixkY39G8cq3B8pjCk7wLpVop7Bz8Ke9lf0qRL/cTsBcRYv5pH1B8L16tCHA/ZnYupxd++5vygxoK/F96rU5YuNpG2Xc4YhfW7/7u/CRECz1pIinU7Eanm0OPKUIwHgYKKwYBBAGDjBsCATEQEw51c2VyLWpvaW5pbmctMTA9BgkrBgECAQ8DAQExMBMuUW1aTFc2eTVtOGJyb1l1dEc0b2cyeW1YUlpVRGN4VmhkZ0hoaUtZS2hxdVVOcDBHBgNVHRExQBM+aWx5bTJleXB0eTVnbWFzcnB3djV0bjI1aWhsNnp3YnU3dDN5aXM3aTNhbzNwamRlbXR3NXAyYWQub25pb24wCgYIKoZIzj0EAwIDSAAwRQIhAJclKaxQLhPy8NHDIbipEmjrVtOqp7aXhzB9Wu8r3T/LAiB7+RGRT1sFjUy5Wk+IZTZ7I3xf1gi+PN9FCRngURsyyA=='
    }
    2024-03-22T21:04:47.167Z backend:CertificatesRequestsStore DuplicatedCertBug {
      validation: true,
      csr: 'MIIDKjCCAtACAQAwSTFHMEUGA1UEAxM+ZTU3NmtyZ3YzeDdoeGVqd3lmYjR2Zml5eHdsbWdmNnUycTY0YW5nZ2J3c25ucnBlYzN1YmZvaWQub25pb24wWTATBgcqhkjOPQIBBggqhkjOPQMBBwNCAATnIhoeFv4HceoeOzC6x/n9E2zNgU18QQpohtiQIYs9qZtdpgQjOOHh98Nb0c6ix4Tf+Y5yBphKqhBZHTx/c60+oIICIzAuBgkqhkiG9w0BCQ4xITAfMB0GA1UdDgQWBBRPXKXKd+B8grn50ArRUFGbIm6h4jCCAUcGCSqGSIb3DQEJDDGCATgEggE0D9hxS1q2dIOXzWjJAaB3Q4YeSP8hPt9hx8BAEIeRiNOl0vbCcXBFibDmk2Bpu+vGd0ABl6SCCSew/ClC8nuU3o+ae6cefNC19thDGRv3RdxkvOMmZndXCuML5gwmCXGIvwG/lc0W8Vv03FCDC2vbWSGo+njmtEaEQTsZwrCl/TRQeWHGiB2sCXkH/DXueXByPKBgRMDqGcpmV2IhOsTuHF/7Cx5KT70CBIYw/JzJ2QjptZXlUtTiQ/cm/bpk+iHUmrn5JT70rQ0JNypYWl6BVEXHpyEEKwEb+HfyuJfinyk8j/WS+1zRTOFmx3XudtVlg/HrqHtO846ab44fMYmIeuLz2yd5h6MBi2urphuABlFaUqd2LbUYK0G4xL2WG+Ai5fE9Sbh8ZmGws5HCWHpvGhOmTkkwHgYKKwYBBAGDjBsCATEQEw51c2VyLWpvaW5pbmctMTA9BgkrBgECAQ8DAQExMBMuUW1RR0dzUGs4djFzeTNvQXdBMmVjZ2I2SldrMVhWekI4VTd2c0ZCMWREZlczYjBHBgNVHRExQBM+ZTU3NmtyZ3YzeDdoeGVqd3lmYjR2Zml5eHdsbWdmNnUycTY0YW5nZ2J3c25ucnBlYzN1YmZvaWQub25pb24wCgYIKoZIzj0EAwIDSAAwRQIgag3Elvsz6Cfm3OGkt5j5BjTvItNqKyKd4FRzlDovpyYCIQCLRWqVmjQrYkMO4om3ktje5V8LLKfuCUzcT/eO+7T+ew=='
    }
    2024-03-22T21:04:47.167Z backend:CertificatesRequestsStore DuplicatedCertBug {
      validation: true,
      csr: 'MIIDKTCCAtACAQAwSTFHMEUGA1UEAxM+ZTU3NmtyZ3YzeDdoeGVqd3lmYjR2Zml5eHdsbWdmNnUycTY0YW5nZ2J3c25ucnBlYzN1YmZvaWQub25pb24wWTATBgcqhkjOPQIBBggqhkjOPQMBBwNCAATnIhoeFv4HceoeOzC6x/n9E2zNgU18QQpohtiQIYs9qZtdpgQjOOHh98Nb0c6ix4Tf+Y5yBphKqhBZHTx/c60+oIICIzAuBgkqhkiG9w0BCQ4xITAfMB0GA1UdDgQWBBRPXKXKd+B8grn50ArRUFGbIm6h4jCCAUcGCSqGSIb3DQEJDDGCATgEggE0D9hxS1q2dIOXzWjJAaB3Q4YeSP8hPt9hx8BAEIeRiNOl0vbCcXBFibDmk2Bpu+vGd0ABl6SCCSew/ClC8nuU3o+ae6cefNC19thDGRv3RdxkvOMmZndXCuML5gwmCXGIvwG/lc0W8Vv03FCDC2vbWSGo+njmtEaEQTsZwrCl/TRQeWHGiB2sCXkH/DXueXByPKBgRMDqGcpmV2IhOsTuHF/7Cx5KT70CBIYw/JzJ2QjptZXlUtTiQ/cm/bpk+iHUmrn5JT70rQ0JNypYWl6BVEXHpyEEKwEb+HfyuJfinyk8j/WS+1zRTOFmx3XudtVlg/HrqHtO846ab44fMYmIeuLz2yd5h6MBi2urphuABlFaUqd2LbUYK0G4xL2WG+Ai5fE9Sbh8ZmGws5HCWHpvGhOmTkkwHgYKKwYBBAGDjBsCATEQEw51c2VyLWpvaW5pbmctMjA9BgkrBgECAQ8DAQExMBMuUW1RR0dzUGs4djFzeTNvQXdBMmVjZ2I2SldrMVhWekI4VTd2c0ZCMWREZlczYjBHBgNVHRExQBM+ZTU3NmtyZ3YzeDdoeGVqd3lmYjR2Zml5eHdsbWdmNnUycTY0YW5nZ2J3c25ucnBlYzN1YmZvaWQub25pb24wCgYIKoZIzj0EAwIDRwAwRAIgXQIcKPTyXTWAGWH4UiykpIBw/cO1T5rn5s08fTpXkYgCICCjjLNI3W4uZyyF0qHf0dmHG3turzM5SH19Qt/pAXwG'
    }
    2024-03-22T21:04:47.167Z backend:CertificatesRequestsStore DuplicatedCertBug {
      validation: true,
      csr: 'MIIDKzCCAtICAQAwSTFHMEUGA1UEAxM+NzRsaXVtenRzaTR3NHpieHdnYXBuM29rMnZmY2FzeGx1ajdkamZnZzZqenZ1Zm9oZnVmbnljYWQub25pb24wWTATBgcqhkjOPQIBBggqhkjOPQMBBwNCAARkis+vRRj55wPofAsnqogdQJ9cswjXY+mghUo4MrLNneX92bxSMOp0C6mlH8RAzlOsdFs53yDXVn4W8PrIC9AdoIICJTAuBgkqhkiG9w0BCQ4xITAfMB0GA1UdDgQWBBSzaZiL7t1QdBpWxislFO3Gh61hjDCCAUcGCSqGSIb3DQEJDDGCATgEggE0InyPnWtRIGwri45rJnHiUKRXC44BCaSBY1a05jxw2zC8hvQaqFqPen37UORsSYAJh4S4RC7ZgM2QjR7h5zadwt3tjbDsdEFho1z6idXD9iyvwqCbB29cx0nWeWk9U8BS8zAptGzIPj5fuOEZN+pJt0FSJl9BmQGV052jP1Ji+vB2rjQrIf3FHsymL5ttO5znTs7UisJhRoxC18a61y+WOgsNXUAwT2TD0kzAiPjUkgIzpDM1zuD7wrlT3obU/DaqoNFgr0vSoe9QS7gapuVnZ0SvJtxJzweEWTUigEcldUeE4Y1qy6GJ4ctYzEeavpJgZDdDwMqPrd5KiNqYAdI+hpEkKLn7ufK1mmBVq1437F81OK4OPdNrqSTYZeF577zInpB/GxXcNyKfhZThCkZBFvN7V9UwIAYKKwYBBAGDjBsCATESExB1c2VyLWpvaW5pbmctMS0xMD0GCSsGAQIBDwMBATEwEy5RbWJrR1BWMVVnUFM3Yjg1ODhIQW9tVGlqbW9qdUtYak5ZYk1nWjZQZ1F0Z3NoMEcGA1UdETFAEz43NGxpdW16dHNpNHc0emJ4d2dhcG4zb2sydmZjYXN4bHVqN2RqZmdnNmp6dnVmb2hmdWZueWNhZC5vbmlvbjAKBggqhkjOPQQDAgNHADBEAiA0v1FpJiZO7V7lO/xfAPHkL2o8SQOzhyj/npttxvbm3wIgV7tNC9FrP2wHhfFSbyFkI9ETI7vSJB+Fqn6y2byZW/Q='
    }
    2024-03-22T21:04:47.169Z backend:TorControl Connecting to Tor, host: localhost port: 63558
[2m[22m
[2m      [2mat Socket.<anonymous> ([22m[2msrc/utils.ts[2m:159:15)[22m[2m[22m
  [2mconsole.log[22m
    [e2e_r4pg81niwrk]: 2024-03-22T21:04:47.172Z backend:LocalDbService Local peer /dns4/2otwjrsx3pcf6dvjheol6v2xcui6n6qn4rfkipe2oh3vyibizir46did.onion/tcp/80/ws/p2p/QmTpNmixsfUSHBm3vWvvuTkgt2HdXc1sYiBRw4pMRn88GR
[2m[22m
[2m      [2mat Socket.<anonymous> ([22m[2msrc/utils.ts[2m:159:15)[22m[2m[22m
  [2mconsole.log[22m
    [e2e_r4pg81niwrk]: 2024-03-22T21:04:47.173Z backend:Tor Mar 22 17:04:47.000 [notice] New control connection opened from 127.0.0.1.
[2m[22m
[2m      [2mat Socket.<anonymous> ([22m[2msrc/utils.ts[2m:159:15)[22m[2m[22m
  [2mconsole.log[22m
    [e2e_r4pg81niwrk]: 2024-03-22T21:04:47.175Z backend:CertificatesStore Loaded certificates to memory
[2m[22m
[2m      [2mat Socket.<anonymous> ([22m[2msrc/utils.ts[2m:159:15)[22m[2m[22m
  [2mconsole.log[22m
    [e2e_r4pg81niwrk]: 2024-03-22T21:04:47.176Z backend:CertificatesStore All certificates: 3
    2024-03-22T21:04:47.176Z backend:CertificatesStore Valid certificates: 3
    2024-03-22T21:04:47.176Z backend:RegistrationService DuplicatedCertBug {
      payload: {
        csrs: [
          'MIIDIjCCAscCAQAwSTFHMEUGA1UEAxM+Mm90d2pyc3gzcGNmNmR2amhlb2w2djJ4Y3VpNm42cW40cmZraXBlMm9oM3Z5aWJpemlyNDZkaWQub25pb24wWTATBgcqhkjOPQIBBggqhkjOPQMBBwNCAASAyz/RAv61EQ7fSy3WbndIpaX9zi+r2BPNsF7eh2TyzlNUIqZ+ZGBrDPOP4ea+lYwAGYc0obSJgwiFRataRarIoIICGjAuBgkqhkiG9w0BCQ4xITAfMB0GA1UdDgQWBBRAQ+c+nMaAWHjxud5tJL3peqMp1zCCAUcGCSqGSIb3DQEJDDGCATgEggE0FVgLbFaN+gKO4Aqfjs/gNPtz+V9vgnwmOEuIipHYSyEyiZL7PmRutx07890ws44SwLYEKDBavLKfF1aSa1MOLps/bMWW2DDOngTVGyaWufh8OaBzxGIL3815BZLJF9VTgEuyJbOq3+XLZMj2fdEjXHTRvYURKZtc/O7FHYG5mOc7QTwkXd9jQ8tMYZ85wWJdR3ZLGWYfnrrplQTdkAq9H7DEH4OTypJSYjvhMBrDAZeFOe1nHVkJU14sO2x1rc9X1GQMYmLC4WxLcwdcyUh1aXOEev3VprQRQjaFznk0UHK33rn1q16YE5zc+3hhF03FOGSos8DMyQy3o10/p1fOI9oVSkFpKlx5OyZXz1uG6Utmt8htptEr4rE4jm9y6+r5DXm5nIjSZIbNgXh9boxyX7KvOkkwFQYKKwYBBAGDjBsCATEHEwVvd25lcjA9BgkrBgECAQ8DAQExMBMuUW1UcE5taXhzZlVTSEJtM3ZXdnZ1VGtndDJIZFhjMXNZaUJSdzRwTVJuODhHUjBHBgNVHRExQBM+Mm90d2pyc3gzcGNmNmR2amhlb2w2djJ4Y3VpNm42cW40cmZraXBlMm9oM3Z5aWJpemlyNDZkaWQub25pb24wCgYIKoZIzj0EAwIDSQAwRgIhAOK6Uac+lomfbGsOpT+M1/mZLNGmQ6uPXE4blwkpyla2AiEApkT1IJjfMgcYl613arLQ4nUrieyCoz8W8U+EWt1HhGM=',
          'MIIDKjCCAtACAQAwSTFHMEUGA1UEAxM+aWx5bTJleXB0eTVnbWFzcnB3djV0bjI1aWhsNnp3YnU3dDN5aXM3aTNhbzNwamRlbXR3NXAyYWQub25pb24wWTATBgcqhkjOPQIBBggqhkjOPQMBBwNCAASAc6Q7kSitT6fyLxEFZGkuuzNa9jtKyJR7X+dlJEEmw5Lt9tZZh33x2EjtrubvNXQ6o2Ok0bbirf38mNxlDpvYoIICIzAuBgkqhkiG9w0BCQ4xITAfMB0GA1UdDgQWBBSq+CkgQPuUKSTjGI+UdK61eLe3xzCCAUcGCSqGSIb3DQEJDDGCATgEggE0LxHEGHtvKSiDcFtzFUkCL4n71xN5ZfTPdAbFO34bUN1lRH9B8vVRIllPt7t78Us1jAQc0SbkZj/lmZdb/FlgjytUXwQCyU/4P+/XWsScrvD5iOkhipLZ9OBC6Z+Kxr8gHijlP8E/2VEDWp2TEI4y4PalusR0aiEkMK9G+aFPenTi6/7oUDZa5ePoBlSn4dtDiMkb9WT9fTv4W033G1PhszK8SEV7gM0ZlHyrt9vsThXW46jW1UhJfUZfQ4IzUAHZyfKlhux2mG3PIshCDI3fVIIu72b1YKV7ixkY39G8cq3B8pjCk7wLpVop7Bz8Ke9lf0qRL/cTsBcRYv5pH1B8L16tCHA/ZnYupxd++5vygxoK/F96rU5YuNpG2Xc4YhfW7/7u/CRECz1pIinU7Eanm0OPKUIwHgYKKwYBBAGDjBsCATEQEw51c2VyLWpvaW5pbmctMTA9BgkrBgECAQ8DAQExMBMuUW1aTFc2eTVtOGJyb1l1dEc0b2cyeW1YUlpVRGN4VmhkZ0hoaUtZS2hxdVVOcDBHBgNVHRExQBM+aWx5bTJleXB0eTVnbWFzcnB3djV0bjI1aWhsNnp3YnU3dDN5aXM3aTNhbzNwamRlbXR3NXAyYWQub25pb24wCgYIKoZIzj0EAwIDSAAwRQIhAJclKaxQLhPy8NHDIbipEmjrVtOqp7aXhzB9Wu8r3T/LAiB7+RGRT1sFjUy5Wk+IZTZ7I3xf1gi+PN9FCRngURsyyA==',
          'MIIDKTCCAtACAQAwSTFHMEUGA1UEAxM+ZTU3NmtyZ3YzeDdoeGVqd3lmYjR2Zml5eHdsbWdmNnUycTY0YW5nZ2J3c25ucnBlYzN1YmZvaWQub25pb24wWTATBgcqhkjOPQIBBggqhkjOPQMBBwNCAATnIhoeFv4HceoeOzC6x/n9E2zNgU18QQpohtiQIYs9qZtdpgQjOOHh98Nb0c6ix4Tf+Y5yBphKqhBZHTx/c60+oIICIzAuBgkqhkiG9w0BCQ4xITAfMB0GA1UdDgQWBBRPXKXKd+B8grn50ArRUFGbIm6h4jCCAUcGCSqGSIb3DQEJDDGCATgEggE0D9hxS1q2dIOXzWjJAaB3Q4YeSP8hPt9hx8BAEIeRiNOl0vbCcXBFibDmk2Bpu+vGd0ABl6SCCSew/ClC8nuU3o+ae6cefNC19thDGRv3RdxkvOMmZndXCuML5gwmCXGIvwG/lc0W8Vv03FCDC2vbWSGo+njmtEaEQTsZwrCl/TRQeWHGiB2sCXkH/DXueXByPKBgRMDqGcpmV2IhOsTuHF/7Cx5KT70CBIYw/JzJ2QjptZXlUtTiQ/cm/bpk+iHUmrn5JT70rQ0JNypYWl6BVEXHpyEEKwEb+HfyuJfinyk8j/WS+1zRTOFmx3XudtVlg/HrqHtO846ab44fMYmIeuLz2yd5h6MBi2urphuABlFaUqd2LbUYK0G4xL2WG+Ai5fE9Sbh8ZmGws5HCWHpvGhOmTkkwHgYKKwYBBAGDjBsCATEQEw51c2VyLWpvaW5pbmctMjA9BgkrBgECAQ8DAQExMBMuUW1RR0dzUGs4djFzeTNvQXdBMmVjZ2I2SldrMVhWekI4VTd2c0ZCMWREZlczYjBHBgNVHRExQBM+ZTU3NmtyZ3YzeDdoeGVqd3lmYjR2Zml5eHdsbWdmNnUycTY0YW5nZ2J3c25ucnBlYzN1YmZvaWQub25pb24wCgYIKoZIzj0EAwIDRwAwRAIgXQIcKPTyXTWAGWH4UiykpIBw/cO1T5rn5s08fTpXkYgCICCjjLNI3W4uZyyF0qHf0dmHG3turzM5SH19Qt/pAXwG',
          'MIIDKzCCAtICAQAwSTFHMEUGA1UEAxM+NzRsaXVtenRzaTR3NHpieHdnYXBuM29rMnZmY2FzeGx1ajdkamZnZzZqenZ1Zm9oZnVmbnljYWQub25pb24wWTATBgcqhkjOPQIBBggqhkjOPQMBBwNCAARkis+vRRj55wPofAsnqogdQJ9cswjXY+mghUo4MrLNneX92bxSMOp0C6mlH8RAzlOsdFs53yDXVn4W8PrIC9AdoIICJTAuBgkqhkiG9w0BCQ4xITAfMB0GA1UdDgQWBBSzaZiL7t1QdBpWxislFO3Gh61hjDCCAUcGCSqGSIb3DQEJDDGCATgEggE0InyPnWtRIGwri45rJnHiUKRXC44BCaSBY1a05jxw2zC8hvQaqFqPen37UORsSYAJh4S4RC7ZgM2QjR7h5zadwt3tjbDsdEFho1z6idXD9iyvwqCbB29cx0nWeWk9U8BS8zAptGzIPj5fuOEZN+pJt0FSJl9BmQGV052jP1Ji+vB2rjQrIf3FHsymL5ttO5znTs7UisJhRoxC18a61y+WOgsNXUAwT2TD0kzAiPjUkgIzpDM1zuD7wrlT3obU/DaqoNFgr0vSoe9QS7gapuVnZ0SvJtxJzweEWTUigEcldUeE4Y1qy6GJ4ctYzEeavpJgZDdDwMqPrd5KiNqYAdI+hpEkKLn7ufK1mmBVq1437F81OK4OPdNrqSTYZeF577zInpB/GxXcNyKfhZThCkZBFvN7V9UwIAYKKwYBBAGDjBsCATESExB1c2VyLWpvaW5pbmctMS0xMD0GCSsGAQIBDwMBATEwEy5RbWJrR1BWMVVnUFM3Yjg1ODhIQW9tVGlqbW9qdUtYak5ZYk1nWjZQZ1F0Z3NoMEcGA1UdETFAEz43NGxpdW16dHNpNHc0emJ4d2dhcG4zb2sydmZjYXN4bHVqN2RqZmdnNmp6dnVmb2hmdWZueWNhZC5vbmlvbjAKBggqhkjOPQQDAgNHADBEAiA0v1FpJiZO7V7lO/xfAPHkL2o8SQOzhyj/npttxvbm3wIgV7tNC9FrP2wHhfFSbyFkI9ETI7vSJB+Fqn6y2byZW/Q='
        ],
        certificates: [
          'MIIDfjCCAySgAwIBAgIGAY5n9NT0MAoGCCqGSM49BAMCMBgxFjAUBgNVBAMTDXRlc3Rjb21tdW5pdHkwHhcNMjQwMzIyMjA1ODAyWhcNMzAwMjAxMDUwMDAwWjBJMUcwRQYDVQQDEz4yb3R3anJzeDNwY2Y2ZHZqaGVvbDZ2MnhjdWk2bjZxbjRyZmtpcGUyb2gzdnlpYml6aXI0NmRpZC5vbmlvbjBZMBMGByqGSM49AgEGCCqGSM49AwEHA0IABIDLP9EC/rURDt9LLdZud0ilpf3OL6vYE82wXt6HZPLOU1Qipn5kYGsM84/h5r6VjAAZhzShtImDCIVFq1pFqsijggInMIICIzAJBgNVHRMEAjAAMAsGA1UdDwQEAwIAgDAdBgNVHSUEFjAUBggrBgEFBQcDAgYIKwYBBQUHAwEwggFHBgkqhkiG9w0BCQwEggE4BIIBNBVYC2xWjfoCjuAKn47P4DT7c/lfb4J8JjhLiIqR2EshMomS+z5kbrcdO/PdMLOOEsC2BCgwWryynxdWkmtTDi6bP2zFltgwzp4E1Rsmlrn4fDmgc8RiC9/NeQWSyRfVU4BLsiWzqt/ly2TI9n3RI1x00b2FESmbXPzuxR2BuZjnO0E8JF3fY0PLTGGfOcFiXUd2SxlmH5666ZUE3ZAKvR+wxB+Dk8qSUmI74TAawwGXhTntZx1ZCVNeLDtsda3PV9RkDGJiwuFsS3MHXMlIdWlzhHr91aa0EUI2hc55NFByt9659atemBOc3Pt4YRdNxThkqLPAzMkMt6NdP6dXziPaFUpBaSpceTsmV89bhulLZrfIbabRK+KxOI5vcuvq+Q15uZyI0mSGzYF4fW6Mcl+yrzpJMBUGCisGAQQBg4wbAgEEBxMFb3duZXIwPQYJKwYBAgEPAwEBBDATLlFtVHBObWl4c2ZVU0hCbTN2V3Z2dVRrZ3QySGRYYzFzWWlCUnc0cE1Sbjg4R1IwSQYDVR0RBEIwQII+Mm90d2pyc3gzcGNmNmR2amhlb2w2djJ4Y3VpNm42cW40cmZraXBlMm9oM3Z5aWJpemlyNDZkaWQub25pb24wCgYIKoZIzj0EAwIDSAAwRQIgWqJ9o/N5ex2cAS7rD6kKFybaQ14UuGzKexMIi7W2qm0CIQC0Ldt0YfPCRQ3ZpRhZ5h+Hb7/orQR4DpFjpDZZcrRZEw==',
          'MIIDiDCCAy2gAwIBAgIGAY5n9ZigMAoGCCqGSM49BAMCMBgxFjAUBgNVBAMTDXRlc3Rjb21tdW5pdHkwHhcNMjQwMzIyMjA1ODUyWhcNMzAwMjAxMDUwMDAwWjBJMUcwRQYDVQQDEz5pbHltMmV5cHR5NWdtYXNycHd2NXRuMjVpaGw2endidTd0M3lpczdpM2FvM3BqZGVtdHc1cDJhZC5vbmlvbjBZMBMGByqGSM49AgEGCCqGSM49AwEHA0IABIBzpDuRKK1Pp/IvEQVkaS67M1r2O0rIlHtf52UkQSbDku321lmHffHYSO2u5u81dDqjY6TRtuKt/fyY3GUOm9ijggIwMIICLDAJBgNVHRMEAjAAMAsGA1UdDwQEAwIAgDAdBgNVHSUEFjAUBggrBgEFBQcDAgYIKwYBBQUHAwEwggFHBgkqhkiG9w0BCQwEggE4BIIBNC8RxBh7bykog3BbcxVJAi+J+9cTeWX0z3QGxTt+G1DdZUR/QfL1USJZT7e7e/FLNYwEHNEm5GY/5ZmXW/xZYI8rVF8EAslP+D/v11rEnK7w+YjpIYqS2fTgQumfisa/IB4o5T/BP9lRA1qdkxCOMuD2pbrEdGohJDCvRvmhT3p04uv+6FA2WuXj6AZUp+HbQ4jJG/Vk/X07+FtN9xtT4bMyvEhFe4DNGZR8q7fb7E4V1uOo1tVISX1GX0OCM1AB2cnypYbsdphtzyLIQgyN31SCLu9m9WCle4sZGN/RvHKtwfKYwpO8C6VaKewc/CnvZX9KkS/3E7AXEWL+aR9QfC9erQhwP2Z2LqcXfvub8oMaCvxfeq1OWLjaRtl3OGIX1u/+7vwkRAs9aSIp1OxGp5tDjylCMB4GCisGAQQBg4wbAgEEEBMOdXNlci1qb2luaW5nLTEwPQYJKwYBAgEPAwEBBDATLlFtWkxXNnk1bThicm9ZdXRHNG9nMnltWFJaVURjeFZoZGdIaGlLWUtocXVVTnAwSQYDVR0RBEIwQII+aWx5bTJleXB0eTVnbWFzcnB3djV0bjI1aWhsNnp3YnU3dDN5aXM3aTNhbzNwamRlbXR3NXAyYWQub25pb24wCgYIKoZIzj0EAwIDSQAwRgIhAKgI+kPK/VsfUVRJSZLkHoU286jZDj382xzPRcX0c2OJAiEAsUrGmACN7mxzeQJNzedIJTQJ2KnXiOO1SeGrOMUhAW8=',
          'MIIDhzCCAy2gAwIBAgIGAY5n+ZI2MAoGCCqGSM49BAMCMBgxFjAUBgNVBAMTDXRlc3Rjb21tdW5pdHkwHhcNMjQwMzIyMjEwMzEyWhcNMzAwMjAxMDUwMDAwWjBJMUcwRQYDVQQDEz5lNTc2a3JndjN4N2h4ZWp3eWZiNHZmaXl4d2xtZ2Y2dTJxNjRhbmdnYndzbm5ycGVjM3ViZm9pZC5vbmlvbjBZMBMGByqGSM49AgEGCCqGSM49AwEHA0IABOciGh4W/gdx6h47MLrH+f0TbM2BTXxBCmiG2JAhiz2pm12mBCM44eH3w1vRzqLHhN/5jnIGmEqqEFkdPH9zrT6jggIwMIICLDAJBgNVHRMEAjAAMAsGA1UdDwQEAwIAgDAdBgNVHSUEFjAUBggrBgEFBQcDAgYIKwYBBQUHAwEwggFHBgkqhkiG9w0BCQwEggE4BIIBNA/YcUtatnSDl81oyQGgd0OGHkj/IT7fYcfAQBCHkYjTpdL2wnFwRYmw5pNgabvrxndAAZekggknsPwpQvJ7lN6PmnunHnzQtfbYQxkb90XcZLzjJmZ3VwrjC+YMJglxiL8Bv5XNFvFb9NxQgwtr21khqPp45rRGhEE7GcKwpf00UHlhxogdrAl5B/w17nlwcjygYETA6hnKZldiITrE7hxf+wseSk+9AgSGMPycydkI6bWV5VLU4kP3Jv26ZPoh1Jq5+SU+9K0NCTcqWFpegVRFx6chBCsBG/h38riX4p8pPI/1kvtc0UzhZsd17nbVZYPx66h7TvOOmm+OHzGJiHri89sneYejAYtrq6YbgAZRWlKndi21GCtBuMS9lhvgIuXxPUm4fGZhsLORwlh6bxoTpk5JMB4GCisGAQQBg4wbAgEEEBMOdXNlci1qb2luaW5nLTIwPQYJKwYBAgEPAwEBBDATLlFtUUdHc1BrOHYxc3kzb0F3QTJlY2diNkpXazFYVnpCOFU3dnNGQjFkRGZXM2IwSQYDVR0RBEIwQII+ZTU3NmtyZ3YzeDdoeGVqd3lmYjR2Zml5eHdsbWdmNnUycTY0YW5nZ2J3c25ucnBlYzN1YmZvaWQub25pb24wCgYIKoZIzj0EA
[2m[22m
[2m      [2mat Socket.<anonymous> ([22m[2msrc/utils.ts[2m:159:15)[22m[2m[22m
  [2mconsole.log[22m
    [e2e_r4pg81niwrk]: wIDSAAwRQIgOkh8TUQ8dlXeVbGgFRtl7U100uYkgz2NXCaCQnX73I4CIQD+ndbwQa5FtY1xWmway7x8yoBn5YHvAqubcxgddk6ZUQ=='
        ]
      }
    }
    2024-03-22T21:04:47.180Z backend:registration.functions DuplicatedCertBug {
      parsedUniqueCsrs: Map(4) {
        'BGSKz69FGPnnA+h8CyeqiB1An1yzCNdj6aCFSjgyss2d5f3ZvFIw6nQLqaUfxEDOU6x0WznfINdWfhbw+sgL0B0=' => 'MIIDKzCCAtICAQAwSTFHMEUGA1UEAxM+NzRsaXVtenRzaTR3NHpieHdnYXBuM29rMnZmY2FzeGx1ajdkamZnZzZqenZ1Zm9oZnVmbnljYWQub25pb24wWTATBgcqhkjOPQIBBggqhkjOPQMBBwNCAARkis+vRRj55wPofAsnqogdQJ9cswjXY+mghUo4MrLNneX92bxSMOp0C6mlH8RAzlOsdFs53yDXVn4W8PrIC9AdoIICJTAuBgkqhkiG9w0BCQ4xITAfMB0GA1UdDgQWBBSzaZiL7t1QdBpWxislFO3Gh61hjDCCAUcGCSqGSIb3DQEJDDGCATgEggE0InyPnWtRIGwri45rJnHiUKRXC44BCaSBY1a05jxw2zC8hvQaqFqPen37UORsSYAJh4S4RC7ZgM2QjR7h5zadwt3tjbDsdEFho1z6idXD9iyvwqCbB29cx0nWeWk9U8BS8zAptGzIPj5fuOEZN+pJt0FSJl9BmQGV052jP1Ji+vB2rjQrIf3FHsymL5ttO5znTs7UisJhRoxC18a61y+WOgsNXUAwT2TD0kzAiPjUkgIzpDM1zuD7wrlT3obU/DaqoNFgr0vSoe9QS7gapuVnZ0SvJtxJzweEWTUigEcldUeE4Y1qy6GJ4ctYzEeavpJgZDdDwMqPrd5KiNqYAdI+hpEkKLn7ufK1mmBVq1437F81OK4OPdNrqSTYZeF577zInpB/GxXcNyKfhZThCkZBFvN7V9UwIAYKKwYBBAGDjBsCATESExB1c2VyLWpvaW5pbmctMS0xMD0GCSsGAQIBDwMBATEwEy5RbWJrR1BWMVVnUFM3Yjg1ODhIQW9tVGlqbW9qdUtYak5ZYk1nWjZQZ1F0Z3NoMEcGA1UdETFAEz43NGxpdW16dHNpNHc0emJ4d2dhcG4zb2sydmZjYXN4bHVqN2RqZmdnNmp6dnVmb2hmdWZueWNhZC5vbmlvbjAKBggqhkjOPQQDAgNHADBEAiA0v1FpJiZO7V7lO/xfAPHkL2o8SQOzhyj/npttxvbm3wIgV7tNC9FrP2wHhfFSbyFkI9ETI7vSJB+Fqn6y2byZW/Q=',
        'BOciGh4W/gdx6h47MLrH+f0TbM2BTXxBCmiG2JAhiz2pm12mBCM44eH3w1vRzqLHhN/5jnIGmEqqEFkdPH9zrT4=' => 'MIIDKTCCAtACAQAwSTFHMEUGA1UEAxM+ZTU3NmtyZ3YzeDdoeGVqd3lmYjR2Zml5eHdsbWdmNnUycTY0YW5nZ2J3c25ucnBlYzN1YmZvaWQub25pb24wWTATBgcqhkjOPQIBBggqhkjOPQMBBwNCAATnIhoeFv4HceoeOzC6x/n9E2zNgU18QQpohtiQIYs9qZtdpgQjOOHh98Nb0c6ix4Tf+Y5yBphKqhBZHTx/c60+oIICIzAuBgkqhkiG9w0BCQ4xITAfMB0GA1UdDgQWBBRPXKXKd+B8grn50ArRUFGbIm6h4jCCAUcGCSqGSIb3DQEJDDGCATgEggE0D9hxS1q2dIOXzWjJAaB3Q4YeSP8hPt9hx8BAEIeRiNOl0vbCcXBFibDmk2Bpu+vGd0ABl6SCCSew/ClC8nuU3o+ae6cefNC19thDGRv3RdxkvOMmZndXCuML5gwmCXGIvwG/lc0W8Vv03FCDC2vbWSGo+njmtEaEQTsZwrCl/TRQeWHGiB2sCXkH/DXueXByPKBgRMDqGcpmV2IhOsTuHF/7Cx5KT70CBIYw/JzJ2QjptZXlUtTiQ/cm/bpk+iHUmrn5JT70rQ0JNypYWl6BVEXHpyEEKwEb+HfyuJfinyk8j/WS+1zRTOFmx3XudtVlg/HrqHtO846ab44fMYmIeuLz2yd5h6MBi2urphuABlFaUqd2LbUYK0G4xL2WG+Ai5fE9Sbh8ZmGws5HCWHpvGhOmTkkwHgYKKwYBBAGDjBsCATEQEw51c2VyLWpvaW5pbmctMjA9BgkrBgECAQ8DAQExMBMuUW1RR0dzUGs4djFzeTNvQXdBMmVjZ2I2SldrMVhWekI4VTd2c0ZCMWREZlczYjBHBgNVHRExQBM+ZTU3NmtyZ3YzeDdoeGVqd3lmYjR2Zml5eHdsbWdmNnUycTY0YW5nZ2J3c25ucnBlYzN1YmZvaWQub25pb24wCgYIKoZIzj0EAwIDRwAwRAIgXQIcKPTyXTWAGWH4UiykpIBw/cO1T5rn5s08fTpXkYgCICCjjLNI3W4uZyyF0qHf0dmHG3turzM5SH19Qt/pAXwG',
        'BIBzpDuRKK1Pp/IvEQVkaS67M1r2O0rIlHtf52UkQSbDku321lmHffHYSO2u5u81dDqjY6TRtuKt/fyY3GUOm9g=' => 'MIIDKjCCAtACAQAwSTFHMEUGA1UEAxM+aWx5bTJleXB0eTVnbWFzcnB3djV0bjI1aWhsNnp3YnU3dDN5aXM3aTNhbzNwamRlbXR3NXAyYWQub25pb24wWTATBgcqhkjOPQIBBggqhkjOPQMBBwNCAASAc6Q7kSitT6fyLxEFZGkuuzNa9jtKyJR7X+dlJEEmw5Lt9tZZh33x2EjtrubvNXQ6o2Ok0bbirf38mNxlDpvYoIICIzAuBgkqhkiG9w0BCQ4xITAfMB0GA1UdDgQWBBSq+CkgQPuUKSTjGI+UdK61eLe3xzCCAUcGCSqGSIb3DQEJDDGCATgEggE0LxHEGHtvKSiDcFtzFUkCL4n71xN5ZfTPdAbFO34bUN1lRH9B8vVRIllPt7t78Us1jAQc0SbkZj/lmZdb/FlgjytUXwQCyU/4P+/XWsScrvD5iOkhipLZ9OBC6Z+Kxr8gHijlP8E/2VEDWp2TEI4y4PalusR0aiEkMK9G+aFPenTi6/7oUDZa5ePoBlSn4dtDiMkb9WT9fTv4W033G1PhszK8SEV7gM0ZlHyrt9vsThXW46jW1UhJfUZfQ4IzUAHZyfKlhux2mG3PIshCDI3fVIIu72b1YKV7ixkY39G8cq3B8pjCk7wLpVop7Bz8Ke9lf0qRL/cTsBcRYv5pH1B8L16tCHA/ZnYupxd++5vygxoK/F96rU5YuNpG2Xc4YhfW7/7u/CRECz1pIinU7Eanm0OPKUIwHgYKKwYBBAGDjBsCATEQEw51c2VyLWpvaW5pbmctMTA9BgkrBgECAQ8DAQExMBMuUW1aTFc2eTVtOGJyb1l1dEc0b2cyeW1YUlpVRGN4VmhkZ0hoaUtZS2hxdVVOcDBHBgNVHRExQBM+aWx5bTJleXB0eTVnbWFzcnB3djV0bjI1aWhsNnp3YnU3dDN5aXM3aTNhbzNwamRlbXR3NXAyYWQub25pb24wCgYIKoZIzj0EAwIDSAAwRQIhAJclKaxQLhPy8NHDIbipEmjrVtOqp7aXhzB9Wu8r3T/LAiB7+RGRT1sFjUy5Wk+IZTZ7I3xf1gi+PN9FCRngURsyyA==',
        'BIDLP9EC/rURDt9LLdZud0ilpf3OL6vYE82wXt6HZPLOU1Qipn5kYGsM84/h5r6VjAAZhzShtImDCIVFq1pFqsg=' => 'MIIDIjCCAscCAQAwSTFHMEUGA1UEAxM+Mm90d2pyc3gzcGNmNmR2amhlb2w2djJ4Y3VpNm42cW40cmZraXBlMm9oM3Z5aWJpemlyNDZkaWQub25pb24wWTATBgcqhkjOPQIBBggqhkjOPQMBBwNCAASAyz/RAv61EQ7fSy3WbndIpaX9zi+r2BPNsF7eh2TyzlNUIqZ+ZGBrDPOP4ea+lYwAGYc0obSJgwiFRataRarIoIICGjAuBgkqhkiG9w0BCQ4xITAfMB0GA1UdDgQWBBRAQ+c+nMaAWHjxud5tJL3peqMp1zCCAUcGCSqGSIb3DQEJDDGCATgEggE0FVgLbFaN+gKO4Aqfjs/gNPtz+V9vgnwmOEuIipHYSyEyiZL7PmRutx07890ws44SwLYEKDBavLKfF1aSa1MOLps/bMWW2DDOngTVGyaWufh8OaBzxGIL3815BZLJF9VTgEuyJbOq3+XLZMj2fdEjXHTRvYURKZtc/O7FHYG5mOc7QTwkXd9jQ8tMYZ85wWJdR3ZLGWYfnrrplQTdkAq9H7DEH4OTypJSYjvhMBrDAZeFOe1nHVkJU14sO2x1rc9X1GQMYmLC4WxLcwdcyUh1aXOEev3VprQRQjaFznk0UHK33rn1q16YE5zc+3hhF03FOGSos8DMyQy3o10/p1fOI9oVSkFpKlx5OyZXz1uG6Utmt8htptEr4rE4jm9y6+r5DXm5nIjSZIbNgXh9boxyX7KvOkkwFQYKKwYBBAGDjBsCATEHEwVvd25lcjA9BgkrBgECAQ8DAQExMBMuUW1UcE5taXhzZlVTSEJtM3ZXdnZ1VGtndDJIZFhjMXNZaUJSdzRwTVJuODhHUjBHBgNVHRExQBM+Mm90d2pyc3gzcGNmNmR2amhlb2w2djJ4Y3VpNm42cW40cmZraXBlMm9oM3Z5aWJpemlyNDZkaWQub25pb24wCgYIKoZIzj0EAwIDSQAwRgIhAOK6Uac+lomfbGsOpT+M1/mZLNGmQ6uPXE4blwkpyla2AiEApkT1IJjfMgcYl613arLQ4nUrieyCoz8W8U+EWt1HhGM='
      },
      pendingNames: Set(1) { 'user-joining-1-1' },
      certNames: Set(3) { 'owner', 'user-joining-1', 'user-joining-2' }
    }
    2024-03-22T21:04:47.180Z backend:RegistrationService DuplicatedCertBug {
      pendingCsrs: [
        'MIIDKzCCAtICAQAwSTFHMEUGA1UEAxM+NzRsaXVtenRzaTR3NHpieHdnYXBuM29rMnZmY2FzeGx1ajdkamZnZzZqenZ1Zm9oZnVmbnljYWQub25pb24wWTATBgcqhkjOPQIBBggqhkjOPQMBBwNCAARkis+vRRj55wPofAsnqogdQJ9cswjXY+mghUo4MrLNneX92bxSMOp0C6mlH8RAzlOsdFs53yDXVn4W8PrIC9AdoIICJTAuBgkqhkiG9w0BCQ4xITAfMB0GA1UdDgQWBBSzaZiL7t1QdBpWxislFO3Gh61hjDCCAUcGCSqGSIb3DQEJDDGCATgEggE0InyPnWtRIGwri45rJnHiUKRXC44BCaSBY1a05jxw2zC8hvQaqFqPen37UORsSYAJh4S4RC7ZgM2QjR7h5zadwt3tjbDsdEFho1z6idXD9iyvwqCbB29cx0nWeWk9U8BS8zAptGzIPj5fuOEZN+pJt0FSJl9BmQGV052jP1Ji+vB2rjQrIf3FHsymL5ttO5znTs7UisJhRoxC18a61y+WOgsNXUAwT2TD0kzAiPjUkgIzpDM1zuD7wrlT3obU/DaqoNFgr0vSoe9QS7gapuVnZ0SvJtxJzweEWTUigEcldUeE4Y1qy6GJ4ctYzEeavpJgZDdDwMqPrd5KiNqYAdI+hpEkKLn7ufK1mmBVq1437F81OK4OPdNrqSTYZeF577zInpB/GxXcNyKfhZThCkZBFvN7V9UwIAYKKwYBBAGDjBsCATESExB1c2VyLWpvaW5pbmctMS0xMD0GCSsGAQIBDwMBATEwEy5RbWJrR1BWMVVnUFM3Yjg1ODhIQW9tVGlqbW9qdUtYak5ZYk1nWjZQZ1F0Z3NoMEcGA1UdETFAEz43NGxpdW16dHNpNHc0emJ4d2dhcG4zb2sydmZjYXN4bHVqN2RqZmdnNmp6dnVmb2hmdWZueWNhZC5vbmlvbjAKBggqhkjOPQQDAgNHADBEAiA0v1FpJiZO7V7lO/xfAPHkL2o8SQOzhyj/npttxvbm3wIgV7tNC9FrP2wHhfFSbyFkI9ETI7vSJB+Fqn6y2byZW/Q='
      ]
    }
    2024-03-22T21:04:47.185Z backend:RegistrationService DuplicatedCertBug {
      result: {
        cert: 'MIIDiTCCAy+gAwIBAgIGAY5n+wJPMAoGCCqGSM49BAMCMBgxFjAUBgNVBAMTDXRlc3Rjb21tdW5pdHkwHhcNMjQwMzIyMjEwNDQ3WhcNMzAwMjAxMDUwMDAwWjBJMUcwRQYDVQQDEz43NGxpdW16dHNpNHc0emJ4d2dhcG4zb2sydmZjYXN4bHVqN2RqZmdnNmp6dnVmb2hmdWZueWNhZC5vbmlvbjBZMBMGByqGSM49AgEGCCqGSM49AwEHA0IABGSKz69FGPnnA+h8CyeqiB1An1yzCNdj6aCFSjgyss2d5f3ZvFIw6nQLqaUfxEDOU6x0WznfINdWfhbw+sgL0B2jggIyMIICLjAJBgNVHRMEAjAAMAsGA1UdDwQEAwIAgDAdBgNVHSUEFjAUBggrBgEFBQcDAgYIKwYBBQUHAwEwggFHBgkqhkiG9w0BCQwEggE4BIIBNCJ8j51rUSBsK4uOayZx4lCkVwuOAQmkgWNWtOY8cNswvIb0Gqhaj3p9+1DkbEmACYeEuEQu2YDNkI0e4ec2ncLd7Y2w7HRBYaNc+onVw/Ysr8KgmwdvXMdJ1nlpPVPAUvMwKbRsyD4+X7jhGTfqSbdBUiZfQZkBldOdoz9SYvrwdq40KyH9xR7Mpi+bbTuc507O1IrCYUaMQtfGutcvljoLDV1AME9kw9JMwIj41JICM6QzNc7g+8K5U96G1Pw2qqDRYK9L0qHvUEu4GqblZ2dErybcSc8HhFk1IoBHJXVHhOGNasuhieHLWMxHmr6SYGQ3Q8DKj63eSojamAHSPoaRJCi5+7nytZpgVateN+xfNTiuDj3Ta6kk2GXhee+8yJ6QfxsV3Dcin4WU4QpGQRbze1fVMCAGCisGAQQBg4wbAgEEEhMQdXNlci1qb2luaW5nLTEtMTA9BgkrBgECAQ8DAQEEMBMuUW1ia0dQVjFVZ1BTN2I4NTg4SEFvbVRpam1vanVLWGpOWWJNZ1o2UGdRdGdzaDBJBgNVHREEQjBAgj43NGxpdW16dHNpNHc0emJ4d2dhcG4zb2sydmZjYXN4bHVqN2RqZmdnNmp6dnVmb2hmdWZueWNhZC5vbmlvbjAKBggqhkjOPQQDAgNIADBFAiAHT9X84AmUkPgP2HlG+kQuMLzm3i2lPXJmI6II9sa0EAIhAIQIlizV0G+jG5hbKdsw+mis1MTHyI+pEsr2x3xVRByb',
        error: null
      }
    }
    2024-03-22T21:04:47.185Z backend:StorageService About to save certificate...
    2024-03-22T21:04:47.185Z backend:StorageService Saving certificate...
    2024-03-22T21:04:47.185Z backend:CertificatesStore Adding user certificate
[2m[22m
[2m      [2mat Socket.<anonymous> ([22m[2msrc/utils.ts[2m:159:15)[22m[2m[22m
  [2mconsole.log[22m
    [e2e_4cc1hr73df40]: 2024-03-22T21:04:47.189Z backend:StorageService Writing to public channel db general_03eeb30c6ed119cffff68b3656894df0
[2m[22m
[2m      [2mat Socket.<anonymous> ([22m[2msrc/utils.ts[2m:159:15)[22m[2m[22m
  [2mconsole.log[22m
    [e2e_r4pg81niwrk]: 2024-03-22T21:04:47.192Z backend:CertificatesRequestsStore Replicated CSRs
[2m[22m
[2m      [2mat Socket.<anonymous> ([22m[2msrc/utils.ts[2m:159:15)[22m[2m[22m
  [2mconsole.log[22m
    [e2e_r4pg81niwrk]: 2024-03-22T21:04:47.193Z backend:CertificatesStore Saved certificate locally
[2m[22m
[2m      [2mat Socket.<anonymous> ([22m[2msrc/utils.ts[2m:159:15)[22m[2m[22m
  [2mconsole.log[22m
    [e2e_r4pg81niwrk]: 2024-03-22T21:04:47.195Z backend:RegistrationService Finished issuing certificates
[2m[22m
[2m      [2mat Socket.<anonymous> ([22m[2msrc/utils.ts[2m:159:15)[22m[2m[22m
  [2mconsole.log[22m
    [e2e_r4pg81niwrk]: 2024-03-22T21:04:47.196Z backend:CertificatesStore Loaded certificates to memory
[2m[22m
[2m      [2mat Socket.<anonymous> ([22m[2msrc/utils.ts[2m:159:15)[22m[2m[22m
  [2mconsole.log[22m
    [e2e_r4pg81niwrk]: 2024-03-22T21:04:47.197Z backend:CertificatesStore All certificates: 4
[2m[22m
[2m      [2mat Socket.<anonymous> ([22m[2msrc/utils.ts[2m:159:15)[22m[2m[22m
  [2mconsole.log[22m
    [e2e_r4pg81niwrk]: 2024-03-22T21:04:47.198Z backend:CertificatesStore DuplicatedCertBug {
      validation: true,
      certificate: 'MIIDiTCCAy+gAwIBAgIGAY5n+wJPMAoGCCqGSM49BAMCMBgxFjAUBgNVBAMTDXRlc3Rjb21tdW5pdHkwHhcNMjQwMzIyMjEwNDQ3WhcNMzAwMjAxMDUwMDAwWjBJMUcwRQYDVQQDEz43NGxpdW16dHNpNHc0emJ4d2dhcG4zb2sydmZjYXN4bHVqN2RqZmdnNmp6dnVmb2hmdWZueWNhZC5vbmlvbjBZMBMGByqGSM49AgEGCCqGSM49AwEHA0IABGSKz69FGPnnA+h8CyeqiB1An1yzCNdj6aCFSjgyss2d5f3ZvFIw6nQLqaUfxEDOU6x0WznfINdWfhbw+sgL0B2jggIyMIICLjAJBgNVHRMEAjAAMAsGA1UdDwQEAwIAgDAdBgNVHSUEFjAUBggrBgEFBQcDAgYIKwYBBQUHAwEwggFHBgkqhkiG9w0BCQwEggE4BIIBNCJ8j51rUSBsK4uOayZx4lCkVwuOAQmkgWNWtOY8cNswvIb0Gqhaj3p9+1DkbEmACYeEuEQu2YDNkI0e4ec2ncLd7Y2w7HRBYaNc+onVw/Ysr8KgmwdvXMdJ1nlpPVPAUvMwKbRsyD4+X7jhGTfqSbdBUiZfQZkBldOdoz9SYvrwdq40KyH9xR7Mpi+bbTuc507O1IrCYUaMQtfGutcvljoLDV1AME9kw9JMwIj41JICM6QzNc7g+8K5U96G1Pw2qqDRYK9L0qHvUEu4GqblZ2dErybcSc8HhFk1IoBHJXVHhOGNasuhieHLWMxHmr6SYGQ3Q8DKj63eSojamAHSPoaRJCi5+7nytZpgVateN+xfNTiuDj3Ta6kk2GXhee+8yJ6QfxsV3Dcin4WU4QpGQRbze1fVMCAGCisGAQQBg4wbAgEEEhMQdXNlci1qb2luaW5nLTEtMTA9BgkrBgECAQ8DAQEEMBMuUW1ia0dQVjFVZ1BTN2I4NTg4SEFvbVRpam1vanVLWGpOWWJNZ1o2UGdRdGdzaDBJBgNVHREEQjBAgj43NGxpdW16dHNpNHc0emJ4d2dhcG4zb2sydmZjYXN4bHVqN2RqZmdnNmp6dnVmb2hmdWZueWNhZC5vbmlvbjAKBggqhkjOPQQDAgNIADBFAiAHT9X84AmUkPgP2HlG+kQuMLzm3i2lPXJmI6II9sa0EAIhAIQIlizV0G+jG5hbKdsw+mis1MTHyI+pEsr2x3xVRByb'
    }
[2m[22m
[2m      [2mat Socket.<anonymous> ([22m[2msrc/utils.ts[2m:159:15)[22m[2m[22m
  [2mconsole.log[22m
    [e2e_r4pg81niwrk]: 2024-03-22T21:04:47.199Z backend:CertificatesStore Valid certificates: 4
[2m[22m
[2m      [2mat Socket.<anonymous> ([22m[2msrc/utils.ts[2m:159:15)[22m[2m[22m
  [2mconsole.log[22m
    [e2e_r4pg81niwrk]: 2024-03-22T21:04:47.199Z backend:ConnectionsManagerService Storage - certificatesStored
    2024-03-22T21:04:47.199Z backend:StorageService csrs count: 6
[2m[22m
[2m      [2mat Socket.<anonymous> ([22m[2msrc/utils.ts[2m:159:15)[22m[2m[22m
  [2mconsole.log[22m
    stdout:
    updatePeersList, peers count: 6
[2m[22m
[2m      [2mat Socket.<anonymous> ([22m[2msrc/utils.ts[2m:149:15)[22m[2m[22m
  [2mconsole.log[22m
    [e2e_r4pg81niwrk]: 2024-03-22T21:04:47.203Z backend:CertificatesRequestsStore DuplicatedCertBug {
      allEntries: [
        'MIIDIjCCAscCAQAwSTFHMEUGA1UEAxM+Mm90d2pyc3gzcGNmNmR2amhlb2w2djJ4Y3VpNm42cW40cmZraXBlMm9oM3Z5aWJpemlyNDZkaWQub25pb24wWTATBgcqhkjOPQIBBggqhkjOPQMBBwNCAASAyz/RAv61EQ7fSy3WbndIpaX9zi+r2BPNsF7eh2TyzlNUIqZ+ZGBrDPOP4ea+lYwAGYc0obSJgwiFRataRarIoIICGjAuBgkqhkiG9w0BCQ4xITAfMB0GA1UdDgQWBBRAQ+c+nMaAWHjxud5tJL3peqMp1zCCAUcGCSqGSIb3DQEJDDGCATgEggE0FVgLbFaN+gKO4Aqfjs/gNPtz+V9vgnwmOEuIipHYSyEyiZL7PmRutx07890ws44SwLYEKDBavLKfF1aSa1MOLps/bMWW2DDOngTVGyaWufh8OaBzxGIL3815BZLJF9VTgEuyJbOq3+XLZMj2fdEjXHTRvYURKZtc/O7FHYG5mOc7QTwkXd9jQ8tMYZ85wWJdR3ZLGWYfnrrplQTdkAq9H7DEH4OTypJSYjvhMBrDAZeFOe1nHVkJU14sO2x1rc9X1GQMYmLC4WxLcwdcyUh1aXOEev3VprQRQjaFznk0UHK33rn1q16YE5zc+3hhF03FOGSos8DMyQy3o10/p1fOI9oVSkFpKlx5OyZXz1uG6Utmt8htptEr4rE4jm9y6+r5DXm5nIjSZIbNgXh9boxyX7KvOkkwFQYKKwYBBAGDjBsCATEHEwVvd25lcjA9BgkrBgECAQ8DAQExMBMuUW1UcE5taXhzZlVTSEJtM3ZXdnZ1VGtndDJIZFhjMXNZaUJSdzRwTVJuODhHUjBHBgNVHRExQBM+Mm90d2pyc3gzcGNmNmR2amhlb2w2djJ4Y3VpNm42cW40cmZraXBlMm9oM3Z5aWJpemlyNDZkaWQub25pb24wCgYIKoZIzj0EAwIDSQAwRgIhAOK6Uac+lomfbGsOpT+M1/mZLNGmQ6uPXE4blwkpyla2AiEApkT1IJjfMgcYl613arLQ4nUrieyCoz8W8U+EWt1HhGM=',
        'MIIDKjCCAtACAQAwSTFHMEUGA1UEAxM+aWx5bTJleXB0eTVnbWFzcnB3djV0bjI1aWhsNnp3YnU3dDN5aXM3aTNhbzNwamRlbXR3NXAyYWQub25pb24wWTATBgcqhkjOPQIBBggqhkjOPQMBBwNCAASAc6Q7kSitT6fyLxEFZGkuuzNa9jtKyJR7X+dlJEEmw5Lt9tZZh33x2EjtrubvNXQ6o2Ok0bbirf38mNxlDpvYoIICIzAuBgkqhkiG9w0BCQ4xITAfMB0GA1UdDgQWBBSq+CkgQPuUKSTjGI+UdK61eLe3xzCCAUcGCSqGSIb3DQEJDDGCATgEggE0LxHEGHtvKSiDcFtzFUkCL4n71xN5ZfTPdAbFO34bUN1lRH9B8vVRIllPt7t78Us1jAQc0SbkZj/lmZdb/FlgjytUXwQCyU/4P+/XWsScrvD5iOkhipLZ9OBC6Z+Kxr8gHijlP8E/2VEDWp2TEI4y4PalusR0aiEkMK9G+aFPenTi6/7oUDZa5ePoBlSn4dtDiMkb9WT9fTv4W033G1PhszK8SEV7gM0ZlHyrt9vsThXW46jW1UhJfUZfQ4IzUAHZyfKlhux2mG3PIshCDI3fVIIu72b1YKV7ixkY39G8cq3B8pjCk7wLpVop7Bz8Ke9lf0qRL/cTsBcRYv5pH1B8L16tCHA/ZnYupxd++5vygxoK/F96rU5YuNpG2Xc4YhfW7/7u/CRECz1pIinU7Eanm0OPKUIwHgYKKwYBBAGDjBsCATEQEw51c2VyLWpvaW5pbmctMTA9BgkrBgECAQ8DAQExMBMuUW1aTFc2eTVtOGJyb1l1dEc0b2cyeW1YUlpVRGN4VmhkZ0hoaUtZS2hxdVVOcDBHBgNVHRExQBM+aWx5bTJleXB0eTVnbWFzcnB3djV0bjI1aWhsNnp3YnU3dDN5aXM3aTNhbzNwamRlbXR3NXAyYWQub25pb24wCgYIKoZIzj0EAwIDSAAwRQIhAJclKaxQLhPy8NHDIbipEmjrVtOqp7aXhzB9Wu8r3T/LAiB7+RGRT1sFjUy5Wk+IZTZ7I3xf1gi+PN9FCRngURsyyA==',
        'MIIDKjCCAtACAQAwSTFHMEUGA1UEAxM+ZTU3NmtyZ3YzeDdoeGVqd3lmYjR2Zml5eHdsbWdmNnUycTY0YW5nZ2J3c25ucnBlYzN1YmZvaWQub25pb24wWTATBgcqhkjOPQIBBggqhkjOPQMBBwNCAATnIhoeFv4HceoeOzC6x/n9E2zNgU18QQpohtiQIYs9qZtdpgQjOOHh98Nb0c6ix4Tf+Y5yBphKqhBZHTx/c60+oIICIzAuBgkqhkiG9w0BCQ4xITAfMB0GA1UdDgQWBBRPXKXKd+B8grn50ArRUFGbIm6h4jCCAUcGCSqGSIb3DQEJDDGCATgEggE0D9hxS1q2dIOXzWjJAaB3Q4YeSP8hPt9hx8BAEIeRiNOl0vbCcXBFibDmk2Bpu+vGd0ABl6SCCSew/ClC8nuU3o+ae6cefNC19thDGRv3RdxkvOMmZndXCuML5gwmCXGIvwG/lc0W8Vv03FCDC2vbWSGo+njmtEaEQTsZwrCl/TRQeWHGiB2sCXkH/DXueXByPKBgRMDqGcpmV2IhOsTuHF/7Cx5KT70CBIYw/JzJ2QjptZXlUtTiQ/cm/bpk+iHUmrn5JT70rQ0JNypYWl6BVEXHpyEEKwEb+HfyuJfinyk8j/WS+1zRTOFmx3XudtVlg/HrqHtO846ab44fMYmIeuLz2yd5h6MBi2urphuABlFaUqd2LbUYK0G4xL2WG+Ai5fE9Sbh8ZmGws5HCWHpvGhOmTkkwHgYKKwYBBAGDjBsCATEQEw51c2VyLWpvaW5pbmctMTA9BgkrBgECAQ8DAQExMBMuUW1RR0dzUGs4djFzeTNvQXdBMmVjZ2I2SldrMVhWekI4VTd2c0ZCMWREZlczYjBHBgNVHRExQBM+ZTU3NmtyZ3YzeDdoeGVqd3lmYjR2Zml5eHdsbWdmNnUycTY0YW5nZ2J3c25ucnBlYzN1YmZvaWQub25pb24wCgYIKoZIzj0EAwIDSAAwRQIgag3Elvsz6Cfm3OGkt5j5BjTvItNqKyKd4FRzlDovpyYCIQCLRWqVmjQrYkMO4om3ktje5V8LLKfuCUzcT/eO+7T+ew==',
        'MIIDKTCCAtACAQAwSTFHMEUGA1UEAxM+ZTU3NmtyZ3YzeDdoeGVqd3lmYjR2Zml5eHdsbWdmNnUycTY0YW5nZ2J3c25ucnBlYzN1YmZvaWQub25pb24wWTATBgcqhkjOPQIBBggqhkjOPQMBBwNCAATnIhoeFv4HceoeOzC6x/n9E2zNgU18QQpohtiQIYs9qZtdpgQjOOHh98Nb0c6ix4Tf+Y5yBphKqhBZHTx/c60+oIICIzAuBgkqhkiG9w0BCQ4xITAfMB0GA1UdDgQWBBRPXKXKd+B8grn50ArRUFGbIm6h4jCCAUcGCSqGSIb3DQEJDDGCATgEggE0D9hxS1q2dIOXzWjJAaB3Q4YeSP8hPt9hx8BAEIeRiNOl0vbCcXBFibDmk2Bpu+vGd0ABl6SCCSew/ClC8nuU3o+ae6cefNC19thDGRv3RdxkvOMmZndXCuML5gwmCXGIvwG/lc0W8Vv03FCDC2vbWSGo+njmtEaEQTsZwrCl/TRQeWHGiB2sCXkH/DXueXByPKBgRMDqGcpmV2IhOsTuHF/7Cx5KT70CBIYw/JzJ2QjptZXlUtTiQ/cm/bpk+iHUmrn5JT70rQ0JNypYWl6BVEXHpyEEKwEb+HfyuJfinyk8j/WS+1zRTOFmx3XudtVlg/HrqHtO846ab44fMYmIeuLz2yd5h6MBi2urphuABlFaUqd2LbUYK0G4xL2WG+Ai5fE9Sbh8ZmGws5HCWHpvGhOmTkkwHgYKKwYBBAGDjBsCATEQEw51c2VyLWpvaW5pbmctMjA9BgkrBgECAQ8DAQExMBMuUW1RR0dzUGs4djFzeTNvQXdBMmVjZ2I2SldrMVhWekI4VTd2c0ZCMWREZlczYjBHBgNVHRExQBM+ZTU3NmtyZ3YzeDdoeGVqd3lmYjR2Zml5eHdsbWdmNnUycTY0YW5nZ2J3c25ucnBlYzN1YmZvaWQub25pb24wCgYIKoZIzj0EAwIDRwAwRAIgXQIcKPTyXTWAGWH4UiykpIBw/cO1T5rn5s08fTpXkYgCICCjjLNI3W4uZyyF0qHf0dmHG3turzM5SH19Qt/pAXwG',
        'MIIDKzCCAtICAQAwSTFHMEUGA1UEAxM+NzRsaXVtenRzaTR3NHpieHdnYXBuM29rMnZmY2FzeGx1ajdkamZnZzZqenZ1Zm9oZnVmbnljYWQub25pb24wWTATBgcqhkjOPQIBBggqhkjOPQMBBwNCAARkis+vRRj55wPofAsnqogdQJ9cswjXY+mghUo4MrLNneX92bxSMOp0C6mlH8RAzlOsdFs53yDXVn4W8PrIC9AdoIICJTAuBgkqhkiG9w0BCQ4xITAfMB0GA1UdDgQWBBSzaZiL7t1QdBpWxislFO3Gh61hjDCCAUcGCSqGSIb3DQEJDDGCATgEggE0InyPnWtRIGwri45rJnHiUKRXC44BCaSBY1a05jxw2zC8hvQaqFqPen37UORsSYAJh4S4RC7ZgM2QjR7h5zadwt3tjbDsdEFho1z6idXD9iyvwqCbB29cx0nWeWk9U8BS8zAptGzIPj5fuOEZN+pJt0FSJl9BmQGV052jP1Ji+vB2rjQrIf3FHsymL5ttO5znTs7UisJhRoxC18a61y+WOgsNXUAwT2TD0kzAiPjUkgIzpDM1zuD7wrlT3obU/DaqoNFgr0vSoe9QS7gapuVnZ0SvJtxJzweEWTUigEcldUeE4Y1qy6GJ4ctYzEeavpJgZDdDwMqPrd5KiNqYAdI+hpEkKLn7ufK1mmBVq1437F81OK4OPdNrqSTYZeF577zInpB/GxXcNyKfhZThCkZBFvN7V9UwIAYKKwYBBAGDjBsCATESExB1c2VyLWpvaW5pbmctMS0xMD0GCSsGAQIBDwMBATEwEy5RbWJrR1BWMVVnUFM3Yjg1ODhIQW9tVGlqbW9qdUtYak5ZYk1nWjZQZ1F0Z3NoMEcGA1UdETFAEz43NGxpdW16dHNpNHc0emJ4d2dhcG4zb2sydmZjYXN4bHVqN2RqZmdnNmp6dnVmb2hmdWZueWNhZC5vbmlvbjAKBggqhkjOPQQDAgNHADBEAiA0v1FpJiZO7V7lO/xfAPHkL2o8SQOzhyj/npttxvbm3wIgV7tNC9FrP2wHhfFSbyFkI9ETI7vSJB+Fqn6y2byZW/Q=',
        'MIIDKzCCAtICAQAwSTFHMEUGA1UEAxM+NzRsaXVtenRzaTR3NHpieHdnYXBuM29rMnZmY2FzeGx1ajdkamZnZzZqenZ1Zm9oZnVmbnljYWQub25pb24wWTATBgcqhkjOPQIBBggqhkjOPQMBBwNCAARkis+vRRj55wPofAsnqogdQJ9cswjXY+mghUo4MrLNneX92bxSMOp0C6mlH8RAzlOsdFs53yDXVn4W8PrIC9AdoIICJTAuBgkqhkiG9w0BCQ4xITAfMB0GA1UdDgQWBBSzaZiL7t1QdBpWxislFO3Gh61hjDCCAUcGCSqGSIb3DQEJDDGCATgEggE0InyPnWtRIGwri45rJnHiUKRXC44BCaSBY1a05jxw2zC8hvQaqFqPen37UORsSYAJh4S4RC7ZgM2QjR7h5zadwt3tjbDsdEFho1z6idXD9iyvwqCbB29cx0nWeWk9U8BS8zAptGzIPj5fuOEZN+pJt0FSJl9BmQGV052jP1Ji+vB2rjQrIf3FHsymL5ttO5znTs7UisJhRoxC18a61y+WOgsNXUAwT2TD0kzAiPjUkgIzpDM1zuD7wrlT3obU/DaqoNFgr0vSoe9QS7gapuVnZ0SvJtxJzweEWTUigEcldUeE4Y1qy6GJ4ctYzEeavpJgZDdDwMqPrd5KiNqYAdI+hpEkKLn7ufK1mmBVq1437F81OK4OPdNrqSTYZeF577zInpB/GxXcNyKfhZThCkZBFvN7V9UwIAYKKwYBBAGDjBsCATESExB1c2VyLWpvaW5pbmctMS0xMD0GCSsGAQIBDwMBATEwEy5RbWJrR1BWMVVnUFM3Yjg1ODhIQW9tVGlqbW9qdUtYak5ZYk1nWjZQZ1F0Z3NoMEcGA1UdETFAEz43NGxpdW16dHNpNHc0emJ4d2dhcG4zb2sydmZjYXN4bHVqN2RqZmdnNmp6dnVmb2hmdWZueWNhZC5vbmlvbjAKBggqhkjOPQQDAgNHADBEAiA0v1FpJiZO7V7lO/xfAPHkL2o8SQOzhyj/npttxvbm3wIgV7tNC9FrP2wHhfFSbyFkI9ETI7vSJB+Fqn6y2byZW/Q='
      ]
    }
[2m[22m
[2m      [2mat Socket.<anonymous> ([22m[2msrc/utils.ts[2m:159:15)[22m[2m[22m
  [2mconsole.log[22m
    stdout:
    updatePeersList, peers count: 6
[2m[22m
[2m      [2mat Socket.<anonymous> ([22m[2msrc/utils.ts[2m:149:15)[22m[2m[22m
  [2mconsole.log[22m
    [e2e_r4pg81niwrk]: 2024-03-22T21:04:47.203Z backend:CertificatesRequestsStore DuplicatedCertBug {
      allCsrsUnique: [
        'MIIDIjCCAscCAQAwSTFHMEUGA1UEAxM+Mm90d2pyc3gzcGNmNmR2amhlb2w2djJ4Y3VpNm42cW40cmZraXBlMm9oM3Z5aWJpemlyNDZkaWQub25pb24wWTATBgcqhkjOPQIBBggqhkjOPQMBBwNCAASAyz/RAv61EQ7fSy3WbndIpaX9zi+r2BPNsF7eh2TyzlNUIqZ+ZGBrDPOP4ea+lYwAGYc0obSJgwiFRataRarIoIICGjAuBgkqhkiG9w0BCQ4xITAfMB0GA1UdDgQWBBRAQ+c+nMaAWHjxud5tJL3peqMp1zCCAUcGCSqGSIb3DQEJDDGCATgEggE0FVgLbFaN+gKO4Aqfjs/gNPtz+V9vgnwmOEuIipHYSyEyiZL7PmRutx07890ws44SwLYEKDBavLKfF1aSa1MOLps/bMWW2DDOngTVGyaWufh8OaBzxGIL3815BZLJF9VTgEuyJbOq3+XLZMj2fdEjXHTRvYURKZtc/O7FHYG5mOc7QTwkXd9jQ8tMYZ85wWJdR3ZLGWYfnrrplQTdkAq9H7DEH4OTypJSYjvhMBrDAZeFOe1nHVkJU14sO2x1rc9X1GQMYmLC4WxLcwdcyUh1aXOEev3VprQRQjaFznk0UHK33rn1q16YE5zc+3hhF03FOGSos8DMyQy3o10/p1fOI9oVSkFpKlx5OyZXz1uG6Utmt8htptEr4rE4jm9y6+r5DXm5nIjSZIbNgXh9boxyX7KvOkkwFQYKKwYBBAGDjBsCATEHEwVvd25lcjA9BgkrBgECAQ8DAQExMBMuUW1UcE5taXhzZlVTSEJtM3ZXdnZ1VGtndDJIZFhjMXNZaUJSdzRwTVJuODhHUjBHBgNVHRExQBM+Mm90d2pyc3gzcGNmNmR2amhlb2w2djJ4Y3VpNm42cW40cmZraXBlMm9oM3Z5aWJpemlyNDZkaWQub25pb24wCgYIKoZIzj0EAwIDSQAwRgIhAOK6Uac+lomfbGsOpT+M1/mZLNGmQ6uPXE4blwkpyla2AiEApkT1IJjfMgcYl613arLQ4nUrieyCoz8W8U+EWt1HhGM=',
        'MIIDKjCCAtACAQAwSTFHMEUGA1UEAxM+aWx5bTJleXB0eTVnbWFzcnB3djV0bjI1aWhsNnp3YnU3dDN5aXM3aTNhbzNwamRlbXR3NXAyYWQub25pb24wWTATBgcqhkjOPQIBBggqhkjOPQMBBwNCAASAc6Q7kSitT6fyLxEFZGkuuzNa9jtKyJR7X+dlJEEmw5Lt9tZZh33x2EjtrubvNXQ6o2Ok0bbirf38mNxlDpvYoIICIzAuBgkqhkiG9w0BCQ4xITAfMB0GA1UdDgQWBBSq+CkgQPuUKSTjGI+UdK61eLe3xzCCAUcGCSqGSIb3DQEJDDGCATgEggE0LxHEGHtvKSiDcFtzFUkCL4n71xN5ZfTPdAbFO34bUN1lRH9B8vVRIllPt7t78Us1jAQc0SbkZj/lmZdb/FlgjytUXwQCyU/4P+/XWsScrvD5iOkhipLZ9OBC6Z+Kxr8gHijlP8E/2VEDWp2TEI4y4PalusR0aiEkMK9G+aFPenTi6/7oUDZa5ePoBlSn4dtDiMkb9WT9fTv4W033G1PhszK8SEV7gM0ZlHyrt9vsThXW46jW1UhJfUZfQ4IzUAHZyfKlhux2mG3PIshCDI3fVIIu72b1YKV7ixkY39G8cq3B8pjCk7wLpVop7Bz8Ke9lf0qRL/cTsBcRYv5pH1B8L16tCHA/ZnYupxd++5vygxoK/F96rU5YuNpG2Xc4YhfW7/7u/CRECz1pIinU7Eanm0OPKUIwHgYKKwYBBAGDjBsCATEQEw51c2VyLWpvaW5pbmctMTA9BgkrBgECAQ8DAQExMBMuUW1aTFc2eTVtOGJyb1l1dEc0b2cyeW1YUlpVRGN4VmhkZ0hoaUtZS2hxdVVOcDBHBgNVHRExQBM+aWx5bTJleXB0eTVnbWFzcnB3djV0bjI1aWhsNnp3YnU3dDN5aXM3aTNhbzNwamRlbXR3NXAyYWQub25pb24wCgYIKoZIzj0EAwIDSAAwRQIhAJclKaxQLhPy8NHDIbipEmjrVtOqp7aXhzB9Wu8r3T/LAiB7+RGRT1sFjUy5Wk+IZTZ7I3xf1gi+PN9FCRngURsyyA==',
        'MIIDKjCCAtACAQAwSTFHMEUGA1UEAxM+ZTU3NmtyZ3YzeDdoeGVqd3lmYjR2Zml5eHdsbWdmNnUycTY0YW5nZ2J3c25ucnBlYzN1YmZvaWQub25pb24wWTATBgcqhkjOPQIBBggqhkjOPQMBBwNCAATnIhoeFv4HceoeOzC6x/n9E2zNgU18QQpohtiQIYs9qZtdpgQjOOHh98Nb0c6ix4Tf+Y5yBphKqhBZHTx/c60+oIICIzAuBgkqhkiG9w0BCQ4xITAfMB0GA1UdDgQWBBRPXKXKd+B8grn50ArRUFGbIm6h4jCCAUcGCSqGSIb3DQEJDDGCATgEggE0D9hxS1q2dIOXzWjJAaB3Q4YeSP8hPt9hx8BAEIeRiNOl0vbCcXBFibDmk2Bpu+vGd0ABl6SCCSew/ClC8nuU3o+ae6cefNC19thDGRv3RdxkvOMmZndXCuML5gwmCXGIvwG/lc0W8Vv03FCDC2vbWSGo+njmtEaEQTsZwrCl/TRQeWHGiB2sCXkH/DXueXByPKBgRMDqGcpmV2IhOsTuHF/7Cx5KT70CBIYw/JzJ2QjptZXlUtTiQ/cm/bpk+iHUmrn5JT70rQ0JNypYWl6BVEXHpyEEKwEb+HfyuJfinyk8j/WS+1zRTOFmx3XudtVlg/HrqHtO846ab44fMYmIeuLz2yd5h6MBi2urphuABlFaUqd2LbUYK0G4xL2WG+Ai5fE9Sbh8ZmGws5HCWHpvGhOmTkkwHgYKKwYBBAGDjBsCATEQEw51c2VyLWpvaW5pbmctMTA9BgkrBgECAQ8DAQExMBMuUW1RR0dzUGs4djFzeTNvQXdBMmVjZ2I2SldrMVhWekI4VTd2c0ZCMWREZlczYjBHBgNVHRExQBM+ZTU3NmtyZ3YzeDdoeGVqd3lmYjR2Zml5eHdsbWdmNnUycTY0YW5nZ2J3c25ucnBlYzN1YmZvaWQub25pb24wCgYIKoZIzj0EAwIDSAAwRQIgag3Elvsz6Cfm3OGkt5j5BjTvItNqKyKd4FRzlDovpyYCIQCLRWqVmjQrYkMO4om3ktje5V8LLKfuCUzcT/eO+7T+ew==',
        'MIIDKTCCAtACAQAwSTFHMEUGA1UEAxM+ZTU3NmtyZ3YzeDdoeGVqd3lmYjR2Zml5eHdsbWdmNnUycTY0YW5nZ2J3c25ucnBlYzN1YmZvaWQub25pb24wWTATBgcqhkjOPQIBBggqhkjOPQMBBwNCAATnIhoeFv4HceoeOzC6x/n9E2zNgU18QQpohtiQIYs9qZtdpgQjOOHh98Nb0c6ix4Tf+Y5yBphKqhBZHTx/c60+oIICIzAuBgkqhkiG9w0BCQ4xITAfMB0GA1UdDgQWBBRPXKXKd+B8grn50ArRUFGbIm6h4jCCAUcGCSqGSIb3DQEJDDGCATgEggE0D9hxS1q2dIOXzWjJAaB3Q4YeSP8hPt9hx8BAEIeRiNOl0vbCcXBFibDmk2Bpu+vGd0ABl6SCCSew/ClC8nuU3o+ae6cefNC19thDGRv3RdxkvOMmZndXCuML5gwmCXGIvwG/lc0W8Vv03FCDC2vbWSGo+njmtEaEQTsZwrCl/TRQeWHGiB2sCXkH/DXueXByPKBgRMDqGcpmV2IhOsTuHF/7Cx5KT70CBIYw/JzJ2QjptZXlUtTiQ/cm/bpk+iHUmrn5JT70rQ0JNypYWl6BVEXHpyEEKwEb+HfyuJfinyk8j/WS+1zRTOFmx3XudtVlg/HrqHtO846ab44fMYmIeuLz2yd5h6MBi2urphuABlFaUqd2LbUYK0G4xL2WG+Ai5fE9Sbh8ZmGws5HCWHpvGhOmTkkwHgYKKwYBBAGDjBsCATEQEw51c2VyLWpvaW5pbmctMjA9BgkrBgECAQ8DAQExMBMuUW1RR0dzUGs4djFzeTNvQXdBMmVjZ2I2SldrMVhWekI4VTd2c0ZCMWREZlczYjBHBgNVHRExQBM+ZTU3NmtyZ3YzeDdoeGVqd3lmYjR2Zml5eHdsbWdmNnUycTY0YW5nZ2J3c25ucnBlYzN1YmZvaWQub25pb24wCgYIKoZIzj0EAwIDRwAwRAIgXQIcKPTyXTWAGWH4UiykpIBw/cO1T5rn5s08fTpXkYgCICCjjLNI3W4uZyyF0qHf0dmHG3turzM5SH19Qt/pAXwG',
        'MIIDKzCCAtICAQAwSTFHMEUGA1UEAxM+NzRsaXVtenRzaTR3NHpieHdnYXBuM29rMnZmY2FzeGx1ajdkamZnZzZqenZ1Zm9oZnVmbnljYWQub25pb24wWTATBgcqhkjOPQIBBggqhkjOPQMBBwNCAARkis+vRRj55wPofAsnqogdQJ9cswjXY+mghUo4MrLNneX92bxSMOp0C6mlH8RAzlOsdFs53yDXVn4W8PrIC9AdoIICJTAuBgkqhkiG9w0BCQ4xITAfMB0GA1UdDgQWBBSzaZiL7t1QdBpWxislFO3Gh61hjDCCAUcGCSqGSIb3DQEJDDGCATgEggE0InyPnWtRIGwri45rJnHiUKRXC44BCaSBY1a05jxw2zC8hvQaqFqPen37UORsSYAJh4S4RC7ZgM2QjR7h5zadwt3tjbDsdEFho1z6idXD9iyvwqCbB29cx0nWeWk9U8BS8zAptGzIPj5fuOEZN+pJt0FSJl9BmQGV052jP1Ji+vB2rjQrIf3FHsymL5ttO5znTs7UisJhRoxC18a61y+WOgsNXUAwT2TD0kzAiPjUkgIzpDM1zuD7wrlT3obU/DaqoNFgr0vSoe9QS7gapuVnZ0SvJtxJzweEWTUigEcldUeE4Y1qy6GJ4ctYzEeavpJgZDdDwMqPrd5KiNqYAdI+hpEkKLn7ufK1mmBVq1437F81OK4OPdNrqSTYZeF577zInpB/GxXcNyKfhZThCkZBFvN7V9UwIAYKKwYBBAGDjBsCATESExB1c2VyLWpvaW5pbmctMS0xMD0GCSsGAQIBDwMBATEwEy5RbWJrR1BWMVVnUFM3Yjg1ODhIQW9tVGlqbW9qdUtYak5ZYk1nWjZQZ1F0Z3NoMEcGA1UdETFAEz43NGxpdW16dHNpNHc0emJ4d2dhcG4zb2sydmZjYXN4bHVqN2RqZmdnNmp6dnVmb2hmdWZueWNhZC5vbmlvbjAKBggqhkjOPQQDAgNHADBEAiA0v1FpJiZO7V7lO/xfAPHkL2o8SQOzhyj/npttxvbm3wIgV7tNC9FrP2wHhfFSbyFkI9ETI7vSJB+Fqn6y2byZW/Q='
      ]
    }
[2m[22m
[2m      [2mat Socket.<anonymous> ([22m[2msrc/utils.ts[2m:159:15)[22m[2m[22m
  [2mconsole.log[22m
    [e2e_r4pg81niwrk]: 2024-03-22T21:04:47.207Z backend:CertificatesRequestsStore DuplicatedCertBug [...filteredCsrsMap.values()] [
      'MIIDIjCCAscCAQAwSTFHMEUGA1UEAxM+Mm90d2pyc3gzcGNmNmR2amhlb2w2djJ4Y3VpNm42cW40cmZraXBlMm9oM3Z5aWJpemlyNDZkaWQub25pb24wWTATBgcqhkjOPQIBBggqhkjOPQMBBwNCAASAyz/RAv61EQ7fSy3WbndIpaX9zi+r2BPNsF7eh2TyzlNUIqZ+ZGBrDPOP4ea+lYwAGYc0obSJgwiFRataRarIoIICGjAuBgkqhkiG9w0BCQ4xITAfMB0GA1UdDgQWBBRAQ+c+nMaAWHjxud5tJL3peqMp1zCCAUcGCSqGSIb3DQEJDDGCATgEggE0FVgLbFaN+gKO4Aqfjs/gNPtz+V9vgnwmOEuIipHYSyEyiZL7PmRutx07890ws44SwLYEKDBavLKfF1aSa1MOLps/bMWW2DDOngTVGyaWufh8OaBzxGIL3815BZLJF9VTgEuyJbOq3+XLZMj2fdEjXHTRvYURKZtc/O7FHYG5mOc7QTwkXd9jQ8tMYZ85wWJdR3ZLGWYfnrrplQTdkAq9H7DEH4OTypJSYjvhMBrDAZeFOe1nHVkJU14sO2x1rc9X1GQMYmLC4WxLcwdcyUh1aXOEev3VprQRQjaFznk0UHK33rn1q16YE5zc+3hhF03FOGSos8DMyQy3o10/p1fOI9oVSkFpKlx5OyZXz1uG6Utmt8htptEr4rE4jm9y6+r5DXm5nIjSZIbNgXh9boxyX7KvOkkwFQYKKwYBBAGDjBsCATEHEwVvd25lcjA9BgkrBgECAQ8DAQExMBMuUW1UcE5taXhzZlVTSEJtM3ZXdnZ1VGtndDJIZFhjMXNZaUJSdzRwTVJuODhHUjBHBgNVHRExQBM+Mm90d2pyc3gzcGNmNmR2amhlb2w2djJ4Y3VpNm42cW40cmZraXBlMm9oM3Z5aWJpemlyNDZkaWQub25pb24wCgYIKoZIzj0EAwIDSQAwRgIhAOK6Uac+lomfbGsOpT+M1/mZLNGmQ6uPXE4blwkpyla2AiEApkT1IJjfMgcYl613arLQ4nUrieyCoz8W8U+EWt1HhGM=',
      'MIIDKjCCAtACAQAwSTFHMEUGA1UEAxM+aWx5bTJleXB0eTVnbWFzcnB3djV0bjI1aWhsNnp3YnU3dDN5aXM3aTNhbzNwamRlbXR3NXAyYWQub25pb24wWTATBgcqhkjOPQIBBggqhkjOPQMBBwNCAASAc6Q7kSitT6fyLxEFZGkuuzNa9jtKyJR7X+dlJEEmw5Lt9tZZh33x2EjtrubvNXQ6o2Ok0bbirf38mNxlDpvYoIICIzAuBgkqhkiG9w0BCQ4xITAfMB0GA1UdDgQWBBSq+CkgQPuUKSTjGI+UdK61eLe3xzCCAUcGCSqGSIb3DQEJDDGCATgEggE0LxHEGHtvKSiDcFtzFUkCL4n71xN5ZfTPdAbFO34bUN1lRH9B8vVRIllPt7t78Us1jAQc0SbkZj/lmZdb/FlgjytUXwQCyU/4P+/XWsScrvD5iOkhipLZ9OBC6Z+Kxr8gHijlP8E/2VEDWp2TEI4y4PalusR0aiEkMK9G+aFPenTi6/7oUDZa5ePoBlSn4dtDiMkb9WT9fTv4W033G1PhszK8SEV7gM0ZlHyrt9vsThXW46jW1UhJfUZfQ4IzUAHZyfKlhux2mG3PIshCDI3fVIIu72b1YKV7ixkY39G8cq3B8pjCk7wLpVop7Bz8Ke9lf0qRL/cTsBcRYv5pH1B8L16tCHA/ZnYupxd++5vygxoK/F96rU5YuNpG2Xc4YhfW7/7u/CRECz1pIinU7Eanm0OPKUIwHgYKKwYBBAGDjBsCATEQEw51c2VyLWpvaW5pbmctMTA9BgkrBgECAQ8DAQExMBMuUW1aTFc2eTVtOGJyb1l1dEc0b2cyeW1YUlpVRGN4VmhkZ0hoaUtZS2hxdVVOcDBHBgNVHRExQBM+aWx5bTJleXB0eTVnbWFzcnB3djV0bjI1aWhsNnp3YnU3dDN5aXM3aTNhbzNwamRlbXR3NXAyYWQub25pb24wCgYIKoZIzj0EAwIDSAAwRQIhAJclKaxQLhPy8NHDIbipEmjrVtOqp7aXhzB9Wu8r3T/LAiB7+RGRT1sFjUy5Wk+IZTZ7I3xf1gi+PN9FCRngURsyyA==',
      'MIIDKTCCAtACAQAwSTFHMEUGA1UEAxM+ZTU3NmtyZ3YzeDdoeGVqd3lmYjR2Zml5eHdsbWdmNnUycTY0YW5nZ2J3c25ucnBlYzN1YmZvaWQub25pb24wWTATBgcqhkjOPQIBBggqhkjOPQMBBwNCAATnIhoeFv4HceoeOzC6x/n9E2zNgU18QQpohtiQIYs9qZtdpgQjOOHh98Nb0c6ix4Tf+Y5yBphKqhBZHTx/c60+oIICIzAuBgkqhkiG9w0BCQ4xITAfMB0GA1UdDgQWBBRPXKXKd+B8grn50ArRUFGbIm6h4jCCAUcGCSqGSIb3DQEJDDGCATgEggE0D9hxS1q2dIOXzWjJAaB3Q4YeSP8hPt9hx8BAEIeRiNOl0vbCcXBFibDmk2Bpu+vGd0ABl6SCCSew/ClC8nuU3o+ae6cefNC19thDGRv3RdxkvOMmZndXCuML5gwmCXGIvwG/lc0W8Vv03FCDC2vbWSGo+njmtEaEQTsZwrCl/TRQeWHGiB2sCXkH/DXueXByPKBgRMDqGcpmV2IhOsTuHF/7Cx5KT70CBIYw/JzJ2QjptZXlUtTiQ/cm/bpk+iHUmrn5JT70rQ0JNypYWl6BVEXHpyEEKwEb+HfyuJfinyk8j/WS+1zRTOFmx3XudtVlg/HrqHtO846ab44fMYmIeuLz2yd5h6MBi2urphuABlFaUqd2LbUYK0G4xL2WG+Ai5fE9Sbh8ZmGws5HCWHpvGhOmTkkwHgYKKwYBBAGDjBsCATEQEw51c2VyLWpvaW5pbmctMjA9BgkrBgECAQ8DAQExMBMuUW1RR0dzUGs4djFzeTNvQXdBMmVjZ2I2SldrMVhWekI4VTd2c0ZCMWREZlczYjBHBgNVHRExQBM+ZTU3NmtyZ3YzeDdoeGVqd3lmYjR2Zml5eHdsbWdmNnUycTY0YW5nZ2J3c25ucnBlYzN1YmZvaWQub25pb24wCgYIKoZIzj0EAwIDRwAwRAIgXQIcKPTyXTWAGWH4UiykpIBw/cO1T5rn5s08fTpXkYgCICCjjLNI3W4uZyyF0qHf0dmHG3turzM5SH19Qt/pAXwG',
      'MIIDKzCCAtICAQAwSTFHMEUGA1UEAxM+NzRsaXVtenRzaTR3NHpieHdnYXBuM29rMnZmY2FzeGx1ajdkamZnZzZqenZ1Zm9oZnVmbnljYWQub25pb24wWTATBgcqhkjOPQIBBggqhkjOPQMBBwNCAARkis+vRRj55wPofAsnqogdQJ9cswjXY+mghUo4MrLNneX92bxSMOp0C6mlH8RAzlOsdFs53yDXVn4W8PrIC9AdoIICJTAuBgkqhkiG9w0BCQ4xITAfMB0GA1UdDgQWBBSzaZiL7t1QdBpWxislFO3Gh61hjDCCAUcGCSqGSIb3DQEJDDGCATgEggE0InyPnWtRIGwri45rJnHiUKRXC44BCaSBY1a05jxw2zC8hvQaqFqPen37UORsSYAJh4S4RC7ZgM2QjR7h5zadwt3tjbDsdEFho1z6idXD9iyvwqCbB29cx0nWeWk9U8BS8zAptGzIPj5fuOEZN+pJt0FSJl9BmQGV052jP1Ji+vB2rjQrIf3FHsymL5ttO5znTs7UisJhRoxC18a61y+WOgsNXUAwT2TD0kzAiPjUkgIzpDM1zuD7wrlT3obU/DaqoNFgr0vSoe9QS7gapuVnZ0SvJtxJzweEWTUigEcldUeE4Y1qy6GJ4ctYzEeavpJgZDdDwMqPrd5KiNqYAdI+hpEkKLn7ufK1mmBVq1437F81OK4OPdNrqSTYZeF577zInpB/GxXcNyKfhZThCkZBFvN7V9UwIAYKKwYBBAGDjBsCATESExB1c2VyLWpvaW5pbmctMS0xMD0GCSsGAQIBDwMBATEwEy5RbWJrR1BWMVVnUFM3Yjg1ODhIQW9tVGlqbW9qdUtYak5ZYk1nWjZQZ1F0Z3NoMEcGA1UdETFAEz43NGxpdW16dHNpNHc0emJ4d2dhcG4zb2sydmZjYXN4bHVqN2RqZmdnNmp6dnVmb2hmdWZueWNhZC5vbmlvbjAKBggqhkjOPQQDAgNHADBEAiA0v1FpJiZO7V7lO/xfAPHkL2o8SQOzhyj/npttxvbm3wIgV7tNC9FrP2wHhfFSbyFkI9ETI7vSJB+Fqn6y2byZW/Q='
    ]
    2024-03-22T21:04:47.207Z backend:ConnectionsManagerService Storage - csrsStored
    2024-03-22T21:04:47.208Z backend:StorageService csrs count: 6
    2024-03-22T21:04:47.210Z backend:Libp2pService Dialing 0 addresses
    2024-03-22T21:04:47.210Z backend:ProcessInChunksService Updating data with 0 items
    2024-03-22T21:04:47.210Z backend:ProcessInChunksService Processing 0 items
    2024-03-22T21:04:47.210Z backend:RegistrationService Trying to issue certificates false [
      {
        csrs: [
          'MIIDIjCCAscCAQAwSTFHMEUGA1UEAxM+Mm90d2pyc3gzcGNmNmR2amhlb2w2djJ4Y3VpNm42cW40cmZraXBlMm9oM3Z5aWJpemlyNDZkaWQub25pb24wWTATBgcqhkjOPQIBBggqhkjOPQMBBwNCAASAyz/RAv61EQ7fSy3WbndIpaX9zi+r2BPNsF7eh2TyzlNUIqZ+ZGBrDPOP4ea+lYwAGYc0obSJgwiFRataRarIoIICGjAuBgkqhkiG9w0BCQ4xITAfMB0GA1UdDgQWBBRAQ+c+nMaAWHjxud5tJL3peqMp1zCCAUcGCSqGSIb3DQEJDDGCATgEggE0FVgLbFaN+gKO4Aqfjs/gNPtz+V9vgnwmOEuIipHYSyEyiZL7PmRutx07890ws44SwLYEKDBavLKfF1aSa1MOLps/bMWW2DDOngTVGyaWufh8OaBzxGIL3815BZLJF9VTgEuyJbOq3+XLZMj2fdEjXHTRvYURKZtc/O7FHYG5mOc7QTwkXd9jQ8tMYZ85wWJdR3ZLGWYfnrrplQTdkAq9H7DEH4OTypJSYjvhMBrDAZeFOe1nHVkJU14sO2x1rc9X1GQMYmLC4WxLcwdcyUh1aXOEev3VprQRQjaFznk0UHK33rn1q16YE5zc+3hhF03FOGSos8DMyQy3o10/p1fOI9oVSkFpKlx5OyZXz1uG6Utmt8htptEr4rE4jm9y6+r5DXm5nIjSZIbNgXh9boxyX7KvOkkwFQYKKwYBBAGDjBsCATEHEwVvd25lcjA9BgkrBgECAQ8DAQExMBMuUW1UcE5taXhzZlVTSEJtM3ZXdnZ1VGtndDJIZFhjMXNZaUJSdzRwTVJuODhHUjBHBgNVHRExQBM+Mm90d2pyc3gzcGNmNmR2amhlb2w2djJ4Y3VpNm42cW40cmZraXBlMm9oM3Z5aWJpemlyNDZkaWQub25pb24wCgYIKoZIzj0EAwIDSQAwRgIhAOK6Uac+lomfbGsOpT+M1/mZLNGmQ6uPXE4blwkpyla2AiEApkT1IJjfMgcYl613arLQ4nUrieyCoz8W8U+EWt1HhGM=',
          'MIIDKjCCAtACAQAwSTFHMEUGA1UEAxM+aWx5bTJleXB0eTVnbWFzcnB3djV0bjI1aWhsNnp3YnU3dDN5aXM3aTNhbzNwamRlbXR3NXAyYWQub25pb24wWTATBgcqhkjOPQIBBggqhkjOPQMBBwNCAASAc6Q7kSitT6fyLxEFZGkuuzNa9jtKyJR7X+dlJEEmw5Lt9tZZh33x2EjtrubvNXQ6o2Ok0bbirf38mNxlDpvYoIICIzAuBgkqhkiG9w0BCQ4xITAfMB0GA1UdDgQWBBSq+CkgQPuUKSTjGI+UdK61eLe3xzCCAUcGCSqGSIb3DQEJDDGCATgEggE0LxHEGHtvKSiDcFtzFUkCL4n71xN5ZfTPdAbFO34bUN1lRH9B8vVRIllPt7t78Us1jAQc0SbkZj/lmZdb/FlgjytUXwQCyU/4P+/XWsScrvD5iOkhipLZ9OBC6Z+Kxr8gHijlP8E/2VEDWp2TEI4y4PalusR0aiEkMK9G+aFPenTi6/7oUDZa5ePoBlSn4dtDiMkb9WT9fTv4W033G1PhszK8SEV7gM0ZlHyrt9vsThXW46jW1UhJfUZfQ4IzUAHZyfKlhux2mG3PIshCDI3fVIIu72b1YKV7ixkY39G8cq3B8pjCk7wLpVop7Bz8Ke9lf0qRL/cTsBcRYv5pH1B8L16tCHA/ZnYupxd++5vygxoK/F96rU5YuNpG2Xc4YhfW7/7u/CRECz1pIinU7Eanm0OPKUIwHgYKKwYBBAGDjBsCATEQEw51c2VyLWpvaW5pbmctMTA9BgkrBgECAQ8DAQExMBMuUW1aTFc2eTVtOGJyb1l1dEc0b2cyeW1YUlpVRGN4VmhkZ0hoaUtZS2hxdVVOcDBHBgNVHRExQBM+aWx5bTJleXB0eTVnbWFzcnB3djV0bjI1aWhsNnp3YnU3dDN5aXM3aTNhbzNwamRlbXR3NXAyYWQub25pb24wCgYIKoZIzj0EAwIDSAAwRQIhAJclKaxQLhPy8NHDIbipEmjrVtOqp7aXhzB9Wu8r3T/LAiB7+RGRT1sFjUy5Wk+IZTZ7I3xf1gi+PN9FCRngURsyyA==',
          'MIIDKTCCAtACAQAwSTFHMEUGA1UEAxM+ZTU3NmtyZ3YzeDdoeGVqd3lmYjR2Zml5eHdsbWdmNnUycTY0YW5nZ2J3c25ucnBlYzN1YmZvaWQub25pb24wWTATBgcqhkjOPQIBBggqhkjOPQMBBwNCAATnIhoeFv4HceoeOzC6x/n9E2zNgU18QQpohtiQIYs9qZtdpgQjOOHh98Nb0c6ix4Tf+Y5yBphKqhBZHTx/c60+oIICIzAuBgkqhkiG9w0BCQ4xITAfMB0GA1UdDgQWBBRPXKXKd+B8grn50ArRUFGbIm6h4jCCAUcGCSqGSIb3DQEJDDGCATgEggE0D9hxS1q2dIOXzWjJAaB3Q4YeSP8hPt9hx8BAEIeRiNOl0vbCcXBFibDmk2Bpu+vGd0ABl6SCCSew/ClC8nuU3o+ae6cefNC19thDGRv3RdxkvOMmZndXCuML5gwmCXGIvwG/lc0W8Vv03FCDC2vbWSGo+njmtEaEQTsZwrCl/TRQeWHGiB2sCXkH/DXueXByPKBgRMDqGcpmV2IhOsTuHF/7Cx5KT70CBIYw/JzJ2QjptZXlUtTiQ/cm/bpk+iHUmrn5JT70rQ0JNypYWl6BVEXHpyEEKwEb+HfyuJfinyk8j/WS+1zRTOFmx3XudtVlg/HrqHtO846ab44fMYmIeuLz2yd5h6MBi2urphuABlFaUqd2LbUYK0G4xL2WG+Ai5fE9Sbh8ZmGws5HCWHpvGhOmTkkwHgYKKwYBBAGDjBsCATEQEw51c2VyLWpvaW5pbmctMjA9BgkrBgECAQ8DAQExMBMuUW1RR0dzUGs4djFzeTNvQXdBMmVjZ2I2SldrMVhWekI4VTd2c0ZCMWREZlczYjBHBgNVHRExQBM+ZTU3NmtyZ3YzeDdoeGVqd3lmYjR2Zml5eHdsbWdmNnUycTY0YW5nZ2J3c25ucnBlYzN1YmZvaWQub25pb24wCgYIKoZIzj0EAwIDRwAwRAIgXQIcKPTyXTWAGWH4UiykpIBw/cO1T5rn5s08fTpXkYgCICCjjLNI3W4uZyyF0q
[2m[22m
[2m      [2mat Socket.<anonymous> ([22m[2msrc/utils.ts[2m:159:15)[22m[2m[22m
  [2mconsole.log[22m
    [e2e_r4pg81niwrk]: Hf0dmHG3turzM5SH19Qt/pAXwG',
          'MIIDKzCCAtICAQAwSTFHMEUGA1UEAxM+NzRsaXVtenRzaTR3NHpieHdnYXBuM29rMnZmY2FzeGx1ajdkamZnZzZqenZ1Zm9oZnVmbnljYWQub25pb24wWTATBgcqhkjOPQIBBggqhkjOPQMBBwNCAARkis+vRRj55wPofAsnqogdQJ9cswjXY+mghUo4MrLNneX92bxSMOp0C6mlH8RAzlOsdFs53yDXVn4W8PrIC9AdoIICJTAuBgkqhkiG9w0BCQ4xITAfMB0GA1UdDgQWBBSzaZiL7t1QdBpWxislFO3Gh61hjDCCAUcGCSqGSIb3DQEJDDGCATgEggE0InyPnWtRIGwri45rJnHiUKRXC44BCaSBY1a05jxw2zC8hvQaqFqPen37UORsSYAJh4S4RC7ZgM2QjR7h5zadwt3tjbDsdEFho1z6idXD9iyvwqCbB29cx0nWeWk9U8BS8zAptGzIPj5fuOEZN+pJt0FSJl9BmQGV052jP1Ji+vB2rjQrIf3FHsymL5ttO5znTs7UisJhRoxC18a61y+WOgsNXUAwT2TD0kzAiPjUkgIzpDM1zuD7wrlT3obU/DaqoNFgr0vSoe9QS7gapuVnZ0SvJtxJzweEWTUigEcldUeE4Y1qy6GJ4ctYzEeavpJgZDdDwMqPrd5KiNqYAdI+hpEkKLn7ufK1mmBVq1437F81OK4OPdNrqSTYZeF577zInpB/GxXcNyKfhZThCkZBFvN7V9UwIAYKKwYBBAGDjBsCATESExB1c2VyLWpvaW5pbmctMS0xMD0GCSsGAQIBDwMBATEwEy5RbWJrR1BWMVVnUFM3Yjg1ODhIQW9tVGlqbW9qdUtYak5ZYk1nWjZQZ1F0Z3NoMEcGA1UdETFAEz43NGxpdW16dHNpNHc0emJ4d2dhcG4zb2sydmZjYXN4bHVqN2RqZmdnNmp6dnVmb2hmdWZueWNhZC5vbmlvbjAKBggqhkjOPQQDAgNHADBEAiA0v1FpJiZO7V7lO/xfAPHkL2o8SQOzhyj/npttxvbm3wIgV7tNC9FrP2wHhfFSbyFkI9ETI7vSJB+Fqn6y2byZW/Q='
        ]
      }
    ]
    2024-03-22T21:04:47.210Z backend:RegistrationService Issuing certificates {
      csrs: [
        'MIIDIjCCAscCAQAwSTFHMEUGA1UEAxM+Mm90d2pyc3gzcGNmNmR2amhlb2w2djJ4Y3VpNm42cW40cmZraXBlMm9oM3Z5aWJpemlyNDZkaWQub25pb24wWTATBgcqhkjOPQIBBggqhkjOPQMBBwNCAASAyz/RAv61EQ7fSy3WbndIpaX9zi+r2BPNsF7eh2TyzlNUIqZ+ZGBrDPOP4ea+lYwAGYc0obSJgwiFRataRarIoIICGjAuBgkqhkiG9w0BCQ4xITAfMB0GA1UdDgQWBBRAQ+c+nMaAWHjxud5tJL3peqMp1zCCAUcGCSqGSIb3DQEJDDGCATgEggE0FVgLbFaN+gKO4Aqfjs/gNPtz+V9vgnwmOEuIipHYSyEyiZL7PmRutx07890ws44SwLYEKDBavLKfF1aSa1MOLps/bMWW2DDOngTVGyaWufh8OaBzxGIL3815BZLJF9VTgEuyJbOq3+XLZMj2fdEjXHTRvYURKZtc/O7FHYG5mOc7QTwkXd9jQ8tMYZ85wWJdR3ZLGWYfnrrplQTdkAq9H7DEH4OTypJSYjvhMBrDAZeFOe1nHVkJU14sO2x1rc9X1GQMYmLC4WxLcwdcyUh1aXOEev3VprQRQjaFznk0UHK33rn1q16YE5zc+3hhF03FOGSos8DMyQy3o10/p1fOI9oVSkFpKlx5OyZXz1uG6Utmt8htptEr4rE4jm9y6+r5DXm5nIjSZIbNgXh9boxyX7KvOkkwFQYKKwYBBAGDjBsCATEHEwVvd25lcjA9BgkrBgECAQ8DAQExMBMuUW1UcE5taXhzZlVTSEJtM3ZXdnZ1VGtndDJIZFhjMXNZaUJSdzRwTVJuODhHUjBHBgNVHRExQBM+Mm90d2pyc3gzcGNmNmR2amhlb2w2djJ4Y3VpNm42cW40cmZraXBlMm9oM3Z5aWJpemlyNDZkaWQub25pb24wCgYIKoZIzj0EAwIDSQAwRgIhAOK6Uac+lomfbGsOpT+M1/mZLNGmQ6uPXE4blwkpyla2AiEApkT1IJjfMgcYl613arLQ4nUrieyCoz8W8U+EWt1HhGM=',
        'MIIDKjCCAtACAQAwSTFHMEUGA1UEAxM+aWx5bTJleXB0eTVnbWFzcnB3djV0bjI1aWhsNnp3YnU3dDN5aXM3aTNhbzNwamRlbXR3NXAyYWQub25pb24wWTATBgcqhkjOPQIBBggqhkjOPQMBBwNCAASAc6Q7kSitT6fyLxEFZGkuuzNa9jtKyJR7X+dlJEEmw5Lt9tZZh33x2EjtrubvNXQ6o2Ok0bbirf38mNxlDpvYoIICIzAuBgkqhkiG9w0BCQ4xITAfMB0GA1UdDgQWBBSq+CkgQPuUKSTjGI+UdK61eLe3xzCCAUcGCSqGSIb3DQEJDDGCATgEggE0LxHEGHtvKSiDcFtzFUkCL4n71xN5ZfTPdAbFO34bUN1lRH9B8vVRIllPt7t78Us1jAQc0SbkZj/lmZdb/FlgjytUXwQCyU/4P+/XWsScrvD5iOkhipLZ9OBC6Z+Kxr8gHijlP8E/2VEDWp2TEI4y4PalusR0aiEkMK9G+aFPenTi6/7oUDZa5ePoBlSn4dtDiMkb9WT9fTv4W033G1PhszK8SEV7gM0ZlHyrt9vsThXW46jW1UhJfUZfQ4IzUAHZyfKlhux2mG3PIshCDI3fVIIu72b1YKV7ixkY39G8cq3B8pjCk7wLpVop7Bz8Ke9lf0qRL/cTsBcRYv5pH1B8L16tCHA/ZnYupxd++5vygxoK/F96rU5YuNpG2Xc4YhfW7/7u/CRECz1pIinU7Eanm0OPKUIwHgYKKwYBBAGDjBsCATEQEw51c2VyLWpvaW5pbmctMTA9BgkrBgECAQ8DAQExMBMuUW1aTFc2eTVtOGJyb1l1dEc0b2cyeW1YUlpVRGN4VmhkZ0hoaUtZS2hxdVVOcDBHBgNVHRExQBM+aWx5bTJleXB0eTVnbWFzcnB3djV0bjI1aWhsNnp3YnU3dDN5aXM3aTNhbzNwamRlbXR3NXAyYWQub25pb24wCgYIKoZIzj0EAwIDSAAwRQIhAJclKaxQLhPy8NHDIbipEmjrVtOqp7aXhzB9Wu8r3T/LAiB7+RGRT1sFjUy5Wk+IZTZ7I3xf1gi+PN9FCRngURsyyA==',
        'MIIDKTCCAtACAQAwSTFHMEUGA1UEAxM+ZTU3NmtyZ3YzeDdoeGVqd3lmYjR2Zml5eHdsbWdmNnUycTY0YW5nZ2J3c25ucnBlYzN1YmZvaWQub25pb24wWTATBgcqhkjOPQIBBggqhkjOPQMBBwNCAATnIhoeFv4HceoeOzC6x/n9E2zNgU18QQpohtiQIYs9qZtdpgQjOOHh98Nb0c6ix4Tf+Y5yBphKqhBZHTx/c60+oIICIzAuBgkqhkiG9w0BCQ4xITAfMB0GA1UdDgQWBBRPXKXKd+B8grn50ArRUFGbIm6h4jCCAUcGCSqGSIb3DQEJDDGCATgEggE0D9hxS1q2dIOXzWjJAaB3Q4YeSP8hPt9hx8BAEIeRiNOl0vbCcXBFibDmk2Bpu+vGd0ABl6SCCSew/ClC8nuU3o+ae6cefNC19thDGRv3RdxkvOMmZndXCuML5gwmCXGIvwG/lc0W8Vv03FCDC2vbWSGo+njmtEaEQTsZwrCl/TRQeWHGiB2sCXkH/DXueXByPKBgRMDqGcpmV2IhOsTuHF/7Cx5KT70CBIYw/JzJ2QjptZXlUtTiQ/cm/bpk+iHUmrn5JT70rQ0JNypYWl6BVEXHpyEEKwEb+HfyuJfinyk8j/WS+1zRTOFmx3XudtVlg/HrqHtO846ab44fMYmIeuLz2yd5h6MBi2urphuABlFaUqd2LbUYK0G4xL2WG+Ai5fE9Sbh8ZmGws5HCWHpvGhOmTkkwHgYKKwYBBAGDjBsCATEQEw51c2VyLWpvaW5pbmctMjA9BgkrBgECAQ8DAQExMBMuUW1RR0dzUGs4djFzeTNvQXdBMmVjZ2I2SldrMVhWekI4VTd2c0ZCMWREZlczYjBHBgNVHRExQBM+ZTU3NmtyZ3YzeDdoeGVqd3lmYjR2Zml5eHdsbWdmNnUycTY0YW5nZ2J3c25ucnBlYzN1YmZvaWQub25pb24wCgYIKoZIzj0EAwIDRwAwRAIgXQIcKPTyXTWAGWH4UiykpIBw/cO1T5rn5s08fTpXkYgCICCjjLNI3W4uZyyF0qHf0dmHG3turzM5SH19Qt/pAXwG',
        'MIIDKzCCAtICAQAwSTFHMEUGA1UEAxM+NzRsaXVtenRzaTR3NHpieHdnYXBuM29rMnZmY2FzeGx1ajdkamZnZzZqenZ1Zm9oZnVmbnljYWQub25pb24wWTATBgcqhkjOPQIBBggqhkjOPQMBBwNCAARkis+vRRj55wPofAsnqogdQJ9cswjXY+mghUo4MrLNneX92bxSMOp0C6mlH8RAzlOsdFs53yDXVn4W8PrIC9AdoIICJTAuBgkqhkiG9w0BCQ4xITAfMB0GA1UdDgQWBBSzaZiL7t1QdBpWxislFO3Gh61hjDCCAUcGCSqGSIb3DQEJDDGCATgEggE0InyPnWtRIGwri45rJnHiUKRXC44BCaSBY1a05jxw2zC8hvQaqFqPen37UORsSYAJh4S4RC7ZgM2QjR7h5zadwt3tjbDsdEFho1z6idXD9iyvwqCbB29cx0nWeWk9U8BS8zAptGzIPj5fuOEZN+pJt0FSJl9BmQGV052jP1Ji+vB2rjQrIf3FHsymL5ttO5znTs7UisJhRoxC18a61y+WOgsNXUAwT2TD0kzAiPjUkgIzpDM1zuD7wrlT3obU/DaqoNFgr0vSoe9QS7gapuVnZ0SvJtxJzweEWTUigEcldUeE4Y1qy6GJ4ctYzEeavpJgZDdDwMqPrd5KiNqYAdI+hpEkKLn7ufK1mmBVq1437F81OK4OPdNrqSTYZeF577zInpB/GxXcNyKfhZThCkZBFvN7V9UwIAYKKwYBBAGDjBsCATESExB1c2VyLWpvaW5pbmctMS0xMD0GCSsGAQIBDwMBATEwEy5RbWJrR1BWMVVnUFM3Yjg1ODhIQW9tVGlqbW9qdUtYak5ZYk1nWjZQZ1F0Z3NoMEcGA1UdETFAEz43NGxpdW16dHNpNHc0emJ4d2dhcG4zb2sydmZjYXN4bHVqN2RqZmdnNmp6dnVmb2hmdWZueWNhZC5vbmlvbjAKBggqhkjOPQQDAgNHADBEAiA0v1FpJiZO7V7lO/xfAPHkL2o8SQOzhyj/npttxvbm3wIgV7tNC9FrP2wHhfFSbyFkI9ETI7vSJB+Fqn6y2byZW/Q='
      ]
    }
    2024-03-22T21:04:47.211Z backend:StorageService Loading all certificates
    2024-03-22T21:04:47.214Z backend:CertificatesRequestsStore DuplicatedCertBug {
      validation: true,
      csr: 'MIIDIjCCAscCAQAwSTFHMEUGA1UEAxM+Mm90d2pyc3gzcGNmNmR2amhlb2w2djJ4Y3VpNm42cW40cmZraXBlMm9oM3Z5aWJpemlyNDZkaWQub25pb24wWTATBgcqhkjOPQIBBggqhkjOPQMBBwNCAASAyz/RAv61EQ7fSy3WbndIpaX9zi+r2BPNsF7eh2TyzlNUIqZ+ZGBrDPOP4ea+lYwAGYc0obSJgwiFRataRarIoIICGjAuBgkqhkiG9w0BCQ4xITAfMB0GA1UdDgQWBBRAQ+c+nMaAWHjxud5tJL3peqMp1zCCAUcGCSqGSIb3DQEJDDGCATgEggE0FVgLbFaN+gKO4Aqfjs/gNPtz+V9vgnwmOEuIipHYSyEyiZL7PmRutx07890ws44SwLYEKDBavLKfF1aSa1MOLps/bMWW2DDOngTVGyaWufh8OaBzxGIL3815BZLJF9VTgEuyJbOq3+XLZMj2fdEjXHTRvYURKZtc/O7FHYG5mOc7QTwkXd9jQ8tMYZ85wWJdR3ZLGWYfnrrplQTdkAq9H7DEH4OTypJSYjvhMBrDAZeFOe1nHVkJU14sO2x1rc9X1GQMYmLC4WxLcwdcyUh1aXOEev3VprQRQjaFznk0UHK33rn1q16YE5zc+3hhF03FOGSos8DMyQy3o10/p1fOI9oVSkFpKlx5OyZXz1uG6Utmt8htptEr4rE4jm9y6+r5DXm5nIjSZIbNgXh9boxyX7KvOkkwFQYKKwYBBAGDjBsCATEHEwVvd25lcjA9BgkrBgECAQ8DAQExMBMuUW1UcE5taXhzZlVTSEJtM3ZXdnZ1VGtndDJIZFhjMXNZaUJSdzRwTVJuODhHUjBHBgNVHRExQBM+Mm90d2pyc3gzcGNmNmR2amhlb2w2djJ4Y3VpNm42cW40cmZraXBlMm9oM3Z5aWJpemlyNDZkaWQub25pb24wCgYIKoZIzj0EAwIDSQAwRgIhAOK6Uac+lomfbGsOpT+M1/mZLNGmQ6uPXE4blwkpyla2AiEApkT1IJjfMgcYl613arLQ4nUrieyCoz8W8U+EWt1HhGM='
    }
    2024-03-22T21:04:47.214Z backend:CertificatesRequestsStore DuplicatedCertBug {
      validation: true,
      csr: 'MIIDKjCCAtACAQAwSTFHMEUGA1UEAxM+aWx5bTJleXB0eTVnbWFzcnB3djV0bjI1aWhsNnp3YnU3dDN5aXM3aTNhbzNwamRlbXR3NXAyYWQub25pb24wWTATBgcqhkjOPQIBBggqhkjOPQMBBwNCAASAc6Q7kSitT6fyLxEFZGkuuzNa9jtKyJR7X+dlJEEmw5Lt9tZZh33x2EjtrubvNXQ6o2Ok0bbirf38mNxlDpvYoIICIzAuBgkqhkiG9w0BCQ4xITAfMB0GA1UdDgQWBBSq+CkgQPuUKSTjGI+UdK61eLe3xzCCAUcGCSqGSIb3DQEJDDGCATgEggE0LxHEGHtvKSiDcFtzFUkCL4n71xN5ZfTPdAbFO34bUN1lRH9B8vVRIllPt7t78Us1jAQc0SbkZj/lmZdb/FlgjytUXwQCyU/4P+/XWsScrvD5iOkhipLZ9OBC6Z+Kxr8gHijlP8E/2VEDWp2TEI4y4PalusR0aiEkMK9G+aFPenTi6/7oUDZa5ePoBlSn4dtDiMkb9WT9fTv4W033G1PhszK8SEV7gM0ZlHyrt9vsThXW46jW1UhJfUZfQ4IzUAHZyfKlhux2mG3PIshCDI3fVIIu72b1YKV7ixkY39G8cq3B8pjCk7wLpVop7Bz8Ke9lf0qRL/cTsBcRYv5pH1B8L16tCHA/ZnYupxd++5vygxoK/F96rU5YuNpG2Xc4YhfW7/7u/CRECz1pIinU7Eanm0OPKUIwHgYKKwYBBAGDjBsCATEQEw51c2VyLWpvaW5pbmctMTA9BgkrBgECAQ8DAQExMBMuUW1aTFc2eTVtOGJyb1l1dEc0b2cyeW1YUlpVRGN4VmhkZ0hoaUtZS2hxdVVOcDBHBgNVHRExQBM+aWx5bTJleXB0eTVnbWFzcnB3djV0bjI1aWhsNnp3YnU3dDN5aXM3aTNhbzNwamRlbXR3NXAyYWQub25pb24wCgYIKoZIzj0EAwIDSAAwRQIhAJclKaxQLhPy8NHDIbipEmjrVtOqp7aXhzB9Wu8r3T/LAiB7+RGRT1sFjUy5Wk+IZTZ7I3xf1gi+PN9FCRngURsyyA=='
    }
    2024-03-22T21:04:47.214Z backend:CertificatesRequestsStore DuplicatedCertBug {
      validation: true,
      csr: 'MIIDKjCCAtACAQAwSTFHMEUGA1UEA
[2m[22m
[2m      [2mat Socket.<anonymous> ([22m[2msrc/utils.ts[2m:159:15)[22m[2m[22m
  [2mconsole.log[22m
    [e2e_r4pg81niwrk]: xM+ZTU3NmtyZ3YzeDdoeGVqd3lmYjR2Zml5eHdsbWdmNnUycTY0YW5nZ2J3c25ucnBlYzN1YmZvaWQub25pb24wWTATBgcqhkjOPQIBBggqhkjOPQMBBwNCAATnIhoeFv4HceoeOzC6x/n9E2zNgU18QQpohtiQIYs9qZtdpgQjOOHh98Nb0c6ix4Tf+Y5yBphKqhBZHTx/c60+oIICIzAuBgkqhkiG9w0BCQ4xITAfMB0GA1UdDgQWBBRPXKXKd+B8grn50ArRUFGbIm6h4jCCAUcGCSqGSIb3DQEJDDGCATgEggE0D9hxS1q2dIOXzWjJAaB3Q4YeSP8hPt9hx8BAEIeRiNOl0vbCcXBFibDmk2Bpu+vGd0ABl6SCCSew/ClC8nuU3o+ae6cefNC19thDGRv3RdxkvOMmZndXCuML5gwmCXGIvwG/lc0W8Vv03FCDC2vbWSGo+njmtEaEQTsZwrCl/TRQeWHGiB2sCXkH/DXueXByPKBgRMDqGcpmV2IhOsTuHF/7Cx5KT70CBIYw/JzJ2QjptZXlUtTiQ/cm/bpk+iHUmrn5JT70rQ0JNypYWl6BVEXHpyEEKwEb+HfyuJfinyk8j/WS+1zRTOFmx3XudtVlg/HrqHtO846ab44fMYmIeuLz2yd5h6MBi2urphuABlFaUqd2LbUYK0G4xL2WG+Ai5fE9Sbh8ZmGws5HCWHpvGhOmTkkwHgYKKwYBBAGDjBsCATEQEw51c2VyLWpvaW5pbmctMTA9BgkrBgECAQ8DAQExMBMuUW1RR0dzUGs4djFzeTNvQXdBMmVjZ2I2SldrMVhWekI4VTd2c0ZCMWREZlczYjBHBgNVHRExQBM+ZTU3NmtyZ3YzeDdoeGVqd3lmYjR2Zml5eHdsbWdmNnUycTY0YW5nZ2J3c25ucnBlYzN1YmZvaWQub25pb24wCgYIKoZIzj0EAwIDSAAwRQIgag3Elvsz6Cfm3OGkt5j5BjTvItNqKyKd4FRzlDovpyYCIQCLRWqVmjQrYkMO4om3ktje5V8LLKfuCUzcT/eO+7T+ew=='
    }
    2024-03-22T21:04:47.215Z backend:CertificatesRequestsStore DuplicatedCertBug {
      validation: true,
      csr: 'MIIDKTCCAtACAQAwSTFHMEUGA1UEAxM+ZTU3NmtyZ3YzeDdoeGVqd3lmYjR2Zml5eHdsbWdmNnUycTY0YW5nZ2J3c25ucnBlYzN1YmZvaWQub25pb24wWTATBgcqhkjOPQIBBggqhkjOPQMBBwNCAATnIhoeFv4HceoeOzC6x/n9E2zNgU18QQpohtiQIYs9qZtdpgQjOOHh98Nb0c6ix4Tf+Y5yBphKqhBZHTx/c60+oIICIzAuBgkqhkiG9w0BCQ4xITAfMB0GA1UdDgQWBBRPXKXKd+B8grn50ArRUFGbIm6h4jCCAUcGCSqGSIb3DQEJDDGCATgEggE0D9hxS1q2dIOXzWjJAaB3Q4YeSP8hPt9hx8BAEIeRiNOl0vbCcXBFibDmk2Bpu+vGd0ABl6SCCSew/ClC8nuU3o+ae6cefNC19thDGRv3RdxkvOMmZndXCuML5gwmCXGIvwG/lc0W8Vv03FCDC2vbWSGo+njmtEaEQTsZwrCl/TRQeWHGiB2sCXkH/DXueXByPKBgRMDqGcpmV2IhOsTuHF/7Cx5KT70CBIYw/JzJ2QjptZXlUtTiQ/cm/bpk+iHUmrn5JT70rQ0JNypYWl6BVEXHpyEEKwEb+HfyuJfinyk8j/WS+1zRTOFmx3XudtVlg/HrqHtO846ab44fMYmIeuLz2yd5h6MBi2urphuABlFaUqd2LbUYK0G4xL2WG+Ai5fE9Sbh8ZmGws5HCWHpvGhOmTkkwHgYKKwYBBAGDjBsCATEQEw51c2VyLWpvaW5pbmctMjA9BgkrBgECAQ8DAQExMBMuUW1RR0dzUGs4djFzeTNvQXdBMmVjZ2I2SldrMVhWekI4VTd2c0ZCMWREZlczYjBHBgNVHRExQBM+ZTU3NmtyZ3YzeDdoeGVqd3lmYjR2Zml5eHdsbWdmNnUycTY0YW5nZ2J3c25ucnBlYzN1YmZvaWQub25pb24wCgYIKoZIzj0EAwIDRwAwRAIgXQIcKPTyXTWAGWH4UiykpIBw/cO1T5rn5s08fTpXkYgCICCjjLNI3W4uZyyF0qHf0dmHG3turzM5SH19Qt/pAXwG'
    }
    2024-03-22T21:04:47.215Z backend:CertificatesRequestsStore DuplicatedCertBug {
      validation: true,
      csr: 'MIIDKzCCAtICAQAwSTFHMEUGA1UEAxM+NzRsaXVtenRzaTR3NHpieHdnYXBuM29rMnZmY2FzeGx1ajdkamZnZzZqenZ1Zm9oZnVmbnljYWQub25pb24wWTATBgcqhkjOPQIBBggqhkjOPQMBBwNCAARkis+vRRj55wPofAsnqogdQJ9cswjXY+mghUo4MrLNneX92bxSMOp0C6mlH8RAzlOsdFs53yDXVn4W8PrIC9AdoIICJTAuBgkqhkiG9w0BCQ4xITAfMB0GA1UdDgQWBBSzaZiL7t1QdBpWxislFO3Gh61hjDCCAUcGCSqGSIb3DQEJDDGCATgEggE0InyPnWtRIGwri45rJnHiUKRXC44BCaSBY1a05jxw2zC8hvQaqFqPen37UORsSYAJh4S4RC7ZgM2QjR7h5zadwt3tjbDsdEFho1z6idXD9iyvwqCbB29cx0nWeWk9U8BS8zAptGzIPj5fuOEZN+pJt0FSJl9BmQGV052jP1Ji+vB2rjQrIf3FHsymL5ttO5znTs7UisJhRoxC18a61y+WOgsNXUAwT2TD0kzAiPjUkgIzpDM1zuD7wrlT3obU/DaqoNFgr0vSoe9QS7gapuVnZ0SvJtxJzweEWTUigEcldUeE4Y1qy6GJ4ctYzEeavpJgZDdDwMqPrd5KiNqYAdI+hpEkKLn7ufK1mmBVq1437F81OK4OPdNrqSTYZeF577zInpB/GxXcNyKfhZThCkZBFvN7V9UwIAYKKwYBBAGDjBsCATESExB1c2VyLWpvaW5pbmctMS0xMD0GCSsGAQIBDwMBATEwEy5RbWJrR1BWMVVnUFM3Yjg1ODhIQW9tVGlqbW9qdUtYak5ZYk1nWjZQZ1F0Z3NoMEcGA1UdETFAEz43NGxpdW16dHNpNHc0emJ4d2dhcG4zb2sydmZjYXN4bHVqN2RqZmdnNmp6dnVmb2hmdWZueWNhZC5vbmlvbjAKBggqhkjOPQQDAgNHADBEAiA0v1FpJiZO7V7lO/xfAPHkL2o8SQOzhyj/npttxvbm3wIgV7tNC9FrP2wHhfFSbyFkI9ETI7vSJB+Fqn6y2byZW/Q='
    }
    2024-03-22T21:04:47.216Z backend:LocalDbService Local peer /dns4/2otwjrsx3pcf6dvjheol6v2xcui6n6qn4rfkipe2oh3vyibizir46did.onion/tcp/80/ws/p2p/QmTpNmixsfUSHBm3vWvvuTkgt2HdXc1sYiBRw4pMRn88GR
    2024-03-22T21:04:47.216Z backend:LocalDbService Local peer /dns4/2otwjrsx3pcf6dvjheol6v2xcui6n6qn4rfkipe2oh3vyibizir46did.onion/tcp/80/ws/p2p/QmTpNmixsfUSHBm3vWvvuTkgt2HdXc1sYiBRw4pMRn88GR
[2m[22m
[2m      [2mat Socket.<anonymous> ([22m[2msrc/utils.ts[2m:159:15)[22m[2m[22m
  [2mconsole.log[22m
    [e2e_r4pg81niwrk]: 2024-03-22T21:04:47.218Z backend:CertificatesStore Loaded certificates to memory
[2m[22m
[2m      [2mat Socket.<anonymous> ([22m[2msrc/utils.ts[2m:159:15)[22m[2m[22m
  [2mconsole.log[22m
    [e2e_r4pg81niwrk]: 2024-03-22T21:04:47.218Z backend:CertificatesStore All certificates: 4
    2024-03-22T21:04:47.218Z backend:CertificatesStore Valid certificates: 4
    2024-03-22T21:04:47.218Z backend:RegistrationService DuplicatedCertBug {
      payload: {
        csrs: [
          'MIIDIjCCAscCAQAwSTFHMEUGA1UEAxM+Mm90d2pyc3gzcGNmNmR2amhlb2w2djJ4Y3VpNm42cW40cmZraXBlMm9oM3Z5aWJpemlyNDZkaWQub25pb24wWTATBgcqhkjOPQIBBggqhkjOPQMBBwNCAASAyz/RAv61EQ7fSy3WbndIpaX9zi+r2BPNsF7eh2TyzlNUIqZ+ZGBrDPOP4ea+lYwAGYc0obSJgwiFRataRarIoIICGjAuBgkqhkiG9w0BCQ4xITAfMB0GA1UdDgQWBBRAQ+c+nMaAWHjxud5tJL3peqMp1zCCAUcGCSqGSIb3DQEJDDGCATgEggE0FVgLbFaN+gKO4Aqfjs/gNPtz+V9vgnwmOEuIipHYSyEyiZL7PmRutx07890ws44SwLYEKDBavLKfF1aSa1MOLps/bMWW2DDOngTVGyaWufh8OaBzxGIL3815BZLJF9VTgEuyJbOq3+XLZMj2fdEjXHTRvYURKZtc/O7FHYG5mOc7QTwkXd9jQ8tMYZ85wWJdR3ZLGWYfnrrplQTdkAq9H7DEH4OTypJSYjvhMBrDAZeFOe1nHVkJU14sO2x1rc9X1GQMYmLC4WxLcwdcyUh1aXOEev3VprQRQjaFznk0UHK33rn1q16YE5zc+3hhF03FOGSos8DMyQy3o10/p1fOI9oVSkFpKlx5OyZXz1uG6Utmt8htptEr4rE4jm9y6+r5DXm5nIjSZIbNgXh9boxyX7KvOkkwFQYKKwYBBAGDjBsCATEHEwVvd25lcjA9BgkrBgECAQ8DAQExMBMuUW1UcE5taXhzZlVTSEJtM3ZXdnZ1VGtndDJIZFhjMXNZaUJSdzRwTVJuODhHUjBHBgNVHRExQBM+Mm90d2pyc3gzcGNmNmR2amhlb2w2djJ4Y3VpNm42cW40cmZraXBlMm9oM3Z5aWJpemlyNDZkaWQub25pb24wCgYIKoZIzj0EAwIDSQAwRgIhAOK6Uac+lomfbGsOpT+M1/mZLNGmQ6uPXE4blwkpyla2AiEApkT1IJjfMgcYl613arLQ4nUrieyCoz8W8U+EWt1HhGM=',
          'MIIDKjCCAtACAQAwSTFHMEUGA1UEAxM+aWx5bTJleXB0eTVnbWFzcnB3djV0bjI1aWhsNnp3YnU3dDN5aXM3aTNhbzNwamRlbXR3NXAyYWQub25pb24wWTATBgcqhkjOPQIBBggqhkjOPQMBBwNCAASAc6Q7kSitT6fyLxEFZGkuuzNa9jtKyJR7X+dlJEEmw5Lt9tZZh33x2EjtrubvNXQ6o2Ok0bbirf38mNxlDpvYoIICIzAuBgkqhkiG9w0BCQ4xITAfMB0GA1UdDgQWBBSq+CkgQPuUKSTjGI+UdK61eLe3xzCCAUcGCSqGSIb3DQEJDDGCATgEggE0LxHEGHtvKSiDcFtzFUkCL4n71xN5ZfTPdAbFO34bUN1lRH9B8vVRIllPt7t78Us1jAQc0SbkZj/lmZdb/FlgjytUXwQCyU/4P+/XWsScrvD5iOkhipLZ9OBC6Z+Kxr8gHijlP8E/2VEDWp2TEI4y4PalusR0aiEkMK9G+aFPenTi6/7oUDZa5ePoBlSn4dtDiMkb9WT9fTv4W033G1PhszK8SEV7gM0ZlHyrt9vsThXW46jW1UhJfUZfQ4IzUAHZyfKlhux2mG3PIshCDI3fVIIu72b1YKV7ixkY39G8cq3B8pjCk7wLpVop7Bz8Ke9lf0qRL/cTsBcRYv5pH1B8L16tCHA/ZnYupxd++5vygxoK/F96rU5YuNpG2Xc4YhfW7/7u/CRECz1pIinU7Eanm0OPKUIwHgYKKwYBBAGDjBsCATEQEw51c2VyLWpvaW5pbmctMTA9BgkrBgECAQ8DAQExMBMuUW1aTFc2eTVtOGJyb1l1dEc0b2cyeW1YUlpVRGN4VmhkZ0hoaUtZS2hxdVVOcDBHBgNVHRExQBM+aWx5bTJleXB0eTVnbWFzcnB3djV0bjI1aWhsNnp3YnU3dDN5aXM3aTNhbzNwamRlbXR3NXAyYWQub25pb24wCgYIKoZIzj0EAwIDSAAwRQIhAJclKaxQLhPy8NHDIbipEmjrVtOqp7aXhzB9Wu8r3T/LAiB7+RGRT1sFjUy5Wk+IZTZ7I3xf1gi+PN9FCRngURsyyA==',
          'MIIDKTCCAtACAQAwSTFHMEUGA1UEAxM+ZTU3NmtyZ3YzeDdoeGVqd3lmYjR2Zml5eHdsbWdmNnUycTY0YW5nZ2J3c25ucnBlYzN1YmZvaWQub25pb24wWTATBgcqhkjOPQIBBggqhkjOPQMBBwNCAATnIhoeFv4HceoeOzC6x/n9E2zNgU18QQpohtiQIYs9qZtdpgQjOOHh98Nb0c6ix4Tf+Y5yBphKqhBZHTx/c60+oIICIzAuBgkqhkiG9w0BCQ4xITAfMB0GA1UdDgQWBBRPXKXKd+B8grn50ArRUFGbIm6h4jCCAUcGCSqGSIb3DQEJDDGCATgEggE0D9hxS1q2dIOXzWjJAaB3Q4YeSP8hPt9hx8BAEIeRiNOl0vbCcXBFibDmk2Bpu+vGd0ABl6SCCSew/ClC8nuU3o+ae6cefNC19thDGRv3RdxkvOMmZndXCuML5gwmCXGIvwG/lc0W8Vv03FCDC2vbWSGo+njmtEaEQTsZwrCl/TRQeWHGiB2sCXkH/DXueXByPKBgRMDqGcpmV2IhOsTuHF/7Cx5KT70CBIYw/JzJ2QjptZXlUtTiQ/cm/bpk+iHUmrn5JT70rQ0JNypYWl6BVEXHpyEEKwEb+HfyuJfinyk8j/WS+1zRTOFmx3XudtVlg/HrqHtO846ab44fMYmIeuLz2yd5h6MBi2urphuABlFaUqd2LbUYK0G4xL2WG+Ai5fE9Sbh8ZmGws5HCWHpvGhOmTkkwHgYKKwYBBAGDjBsCATEQEw51c2VyLWpvaW5pbmctMjA9BgkrBgECAQ8DAQExMBMuUW1RR0dzUGs4djFzeTNvQXdBMmVjZ2I2SldrMVhWekI4VTd2c0ZCMWREZlczYjBHBgNVHRExQBM+ZTU3NmtyZ3YzeDdoeGVqd3lmYjR2Zml5eHdsbWdmNnUycTY0YW5nZ2J3c25ucnBlYzN1YmZvaWQub25pb24wCgYIKoZIzj0EAwIDRwAwRAIgXQIcKPTyXTWAGWH4UiykpIBw/cO1T5rn5s08fTpXkYgCICCjjLNI3W4uZyyF0qHf0dmHG3turzM5SH19Qt/pAXwG',
          'MIIDKzCCAtICAQAwSTFHMEUGA1UEAxM+NzRsaXVtenRzaTR3NHpieHdnYXBuM29rMnZmY2FzeGx1ajdkamZnZzZqenZ1Zm9oZnVmbnljYWQub25pb24wWTATBgcqhkjOPQIBBggqhkjOPQMBBwNCAARkis+vRRj55wPofAsnqogdQJ9cswjXY+mghUo4MrLNneX92bxSMOp0C6mlH8RAzlOsdFs53yDXVn4W8PrIC9AdoIICJTAuBgkqhkiG9w0BCQ4xITAfMB0GA1UdDgQWBBSzaZiL7t1QdBpWxislFO3Gh61hjDCCAUcGCSqGSIb3DQEJDDGCATgEggE0InyPnWtRIGwri45rJnHiUKRXC44BCaSBY1a05jxw2zC8hvQaqFqPen37UORsSYAJh4S4RC7ZgM2QjR7h5zadwt3tjbDsdEFho1z6idXD9iyvwqCbB29cx0nWeWk9U8BS8zAptGzIPj5fuOEZN+pJt0FSJl9BmQGV052jP1Ji+vB2rjQrIf3FHsymL5ttO5znTs7UisJhRoxC18a61y+WOgsNXUAwT2TD0kzAiPjUkgIzpDM1zuD7wrlT3obU/DaqoNFgr0vSoe9QS7gapuVnZ0SvJtxJzweEWTUigEcldUeE4Y1qy6GJ4ctYzEeavpJgZDdDwMqPrd5KiNqYAdI+hpEkKLn7ufK1mmBVq1437F81OK4OPdNrqSTYZeF577zInpB/GxXcNyKfhZThCkZBFvN7V9UwIAYKKwYBBAGDjBsCATESExB1c2VyLWpvaW5pbmctMS0xMD0GCSsGAQIBDwMBATEwEy5RbWJrR1BWMVVnUFM3Yjg1ODhIQW9tVGlqbW9qdUtYak5ZYk1nWjZQZ1F0Z3NoMEcGA1UdETFAEz43NGxpdW16dHNpNHc0emJ4d2dhcG4zb2sydmZjYXN4bHVqN2RqZmdnNmp6dnVmb2hmdWZueWNhZC5vbmlvbjAKBggqhkjOPQQDAgNHADBEAiA0v1FpJiZO7V7lO/xfAPHkL2o8SQOzhyj/npttxvbm3wIgV7tNC9FrP2wHhfFSbyFkI9ETI7vSJB+Fqn6y2byZW/Q='
        ],
        certificates: [
          'MIIDfjCCAySgAwIBAgIGAY5n9NT0MAoGCCqGSM49BAMCMBgxFjAUBgNVBAMTDXRlc3Rjb21tdW5pdHkwHhcNMjQwMzIyMjA1ODAyWhcNMzAwMjAxMDUwMDAwWjBJMUcwRQYDVQQDEz4yb3R3anJzeDNwY2Y2ZHZqaGVvbDZ2MnhjdWk2bjZxbjRyZmtpcGUyb2gzdnlpYml6aXI0NmRpZC5vbmlvbjBZMBMGByqGSM49AgEGCCqGSM49AwEHA0IABIDLP9EC/rURDt9LLdZud0ilpf3OL6vYE82wXt6HZPLOU1Qipn5kYGsM84/h5r6VjAAZhzShtImDCIVFq1pFqsijggInMIICIzAJBgNVHRMEAjAAMAsGA1UdDwQEAwIAgDAdBgNVHSUEFjAUBggrBgEFBQcDAgYIKwYBBQUHAwEwggFHBgkqhkiG9w0BCQwEggE4BIIBNBVYC2xWjfoCjuAKn47P4DT7c/lfb4J8JjhLiIqR2EshMomS+z5kbrcdO/PdMLOOEsC2BCgwWryynxdWkmtTDi6bP2zFltgwzp4E1Rsmlrn4fDmgc8RiC9/NeQWSyRfVU4BLsiWzqt/ly2TI9n3RI1x00b2FESmbXPzuxR2BuZjnO0E8JF3fY0PLTGGfOcFiXUd2SxlmH5666ZUE3ZAKvR+wxB+Dk8qSUmI74TAawwGXhTntZx1ZCVNeLDtsda3PV9RkDGJiwuFsS3MHXMlIdWlzhHr91aa0EUI2hc55NFByt9659atemBOc3Pt4YRdNxThkqLPAzMkMt6NdP6dXziPaFUpBaSpceTsmV89bhulLZrfIbabRK+KxOI5vcuvq+Q15uZyI0mSGzYF4fW6Mcl+yrzpJMBUGCisGAQQBg4wbAgEEBxMFb3duZXIwPQYJKwYBAgEPAwEBBDATLlFtVHBObWl4c2ZVU0hCbTN2V3Z2dVRrZ3QySGRYYzFzWWlCUnc0cE1Sbjg4R1IwSQYDVR0RBEIwQII+Mm90d2pyc3gzcGNmNmR2amhlb2w2djJ4Y3VpNm42cW40cmZraXBlMm9oM3Z5aWJpemlyNDZkaWQub25pb24wCgYIKoZIzj0EAwIDSAAwRQIgWqJ9o/N5ex2cAS7rD6kKFybaQ14UuGzKexMIi7W2qm0CIQC0Ldt0YfPCRQ3ZpRhZ5h+Hb7/orQR4DpFjpDZZcrRZEw==',
          'MIIDiDCCAy2gAwIBAgIGAY5n9ZigMAoGCCqGSM49BAMCMBgxFjAUBgNVBAMTDXRlc3Rjb21tdW5pdHkwHhcNMjQwMzIyMjA1ODUyWhcNMzAwMjAxMDUwMDAwWjBJMUcwRQYDVQQDEz5pbHltMmV5cHR5NWdtYXNycHd2NXRuMjVpaGw2endidTd0M3lpczdpM2FvM3BqZGVtdHc1cDJhZC5vbmlvbjBZMBMGByqGSM49AgEGCCqGSM49AwEHA0IABIBzpDuRKK1Pp/IvEQVkaS67M1r2O0rIlHtf52UkQSbDku321lmHffHYSO2u5u81dDqjY6TRtuKt/fyY3GUOm9ijggIwMIICLDAJBgNVHRMEAjAAMAsGA1UdDwQEAwIAgDAdBgNVHSUEFjAUBggrBgEFBQcDAgYIKwYBBQUHAwEwggFHBgkqhkiG9w0BCQwEggE4BIIBNC8RxBh7bykog3BbcxVJAi+J+9cTeWX0z3QGxTt+G1DdZUR/QfL1USJZT7e7e/FLNYwEHNEm5GY/5ZmXW/xZYI8rVF8EAslP+D/v11rEnK7w+YjpIYqS2fTgQumfisa/IB4o5T/BP9lRA1qdkxCOMuD2pbrEdGohJDCvRvmhT3p04uv+6FA2WuXj6AZUp+HbQ4jJG/Vk/X07+FtN9xtT4bMyvEhFe4DNGZR8q7fb7E4V1uOo1tVISX1GX0OCM1AB2cnypYbsdphtzyLIQgyN31SCLu9m9WCle4sZGN/RvHKtwfKYwpO8C6VaKewc/CnvZX9KkS/3E7AXEWL+aR9QfC9erQhwP2Z2LqcXfvub8oMaCvxfeq1OWLjaRtl3OGIX1u/+7vwkRAs9aSIp1OxGp5tDjylCMB4GCisGAQQBg4wbAgEEEBMOdXNlci1qb2luaW5nLTEwPQYJKwYBAgEPAwEBBDATLlFtWkxXNnk1bThicm9ZdXRHNG9nMnltWFJaVURjeFZoZGdIaGlLWUtocXVVTnAwSQYDVR0RBEIwQII+aWx5bTJleXB0eTVnbWFzcnB3djV0bjI1aWhsNnp3YnU3dDN5aXM3aTNhbzNwamRlbXR3NXAyYWQub25pb24wCgYIKoZIzj0EAwIDSQAwRgIhAKgI+kPK/VsfUVRJSZLkHoU286jZDj382xzPRcX0c2OJAiEAsUrGmACN7mxzeQJNzedIJTQJ2KnXiOO1SeGrOMUhAW8=',
          'MIIDhzCCAy2gAwIBAgIGAY5n+ZI2MAoGCCqGSM49BAMCMBgxFjAUBgNVBAMTDXRlc3Rjb21tdW5pdHkwHhcNMjQwMzIyMjEwMzEyWhcNMzAwMjAxMDUwMDAwWjBJMUcwRQYDVQQDEz5lNTc2a3JndjN4N2h4ZWp3eWZiNHZmaXl4d2xtZ2Y2dTJxNjRhbmdnYndzbm5ycGVjM3ViZm9pZC5vbmlvbjBZMBMGByqGSM49AgEGCCqGSM49AwEHA0IABOciGh4W/gdx6h47MLrH+f0TbM2BTXxBCmiG2JAhiz2pm12mBCM44eH3w1vRzqLHhN/5jnIGmEqqEFkdPH9zrT6jggIwMIICLDAJBgNVHRMEAjAAMAsGA1UdDwQEAwIAgDAdBgNVHSUEFjAUBggrBgEFBQcDAgYIKwYBBQUHAwEwggFHBgkqhkiG9w0BCQwEggE4BIIBNA/YcUtatnSDl81oyQGgd0OGHkj/IT7fYcfAQBCHkYjTpdL2wnFwRYmw5pNgabvrxndAAZekggknsPwpQvJ7lN6PmnunHnzQtfbYQxkb90XcZLzjJmZ3VwrjC+YMJglxiL8Bv5XNFvFb9NxQgwtr21khqPp45rRGhEE7GcKwpf00UHlhxogdrAl5B/w17nlwcjygYETA6hnKZldiITrE7hxf+wseSk+9AgSGMPycydkI6bWV5VLU4kP3Jv26ZPoh1Jq5+SU+9K0NCTcqWFpegVRFx6chBCsBG/h38riX4p8pPI/1kvtc0UzhZsd17nbVZYPx66h7TvOOmm+OHzGJiHri89sneYejAYtrq6YbgAZRWlKndi21GCtBuMS9lhvgIuXxPUm4fGZhsLORwlh6bxoTpk5JMB4GCisGAQQBg4wbAgEEEBMOdXNlci1qb2luaW5nLTIwPQYJKwYBAgEPAwEBBDATLlFtUUdHc1BrOHYxc3kzb0F3QTJlY2diNkpXazFYVnpCOFU3dnNGQjFkRGZXM2IwSQYDVR0RBEIwQII+ZTU3NmtyZ3YzeDdoeGVqd3lmYjR2Zml5eHdsbWdmNnUycTY0YW5nZ2J3c25ucnBlYzN1YmZvaWQub25pb24wCgYIKoZIzj0EA
[2m[22m
[2m      [2mat Socket.<anonymous> ([22m[2msrc/utils.ts[2m:159:15)[22m[2m[22m
  [2mconsole.log[22m
    [e2e_r4pg81niwrk]: wIDSAAwRQIgOkh8TUQ8dlXeVbGgFRtl7U100uYkgz2NXCaCQnX73I4CIQD+ndbwQa5FtY1xWmway7x8yoBn5YHvAqubcxgddk6ZUQ==',
          'MIIDiTCCAy+gAwIBAgIGAY5n+wJPMAoGCCqGSM49BAMCMBgxFjAUBgNVBAMTDXRlc3Rjb21tdW5pdHkwHhcNMjQwMzIyMjEwNDQ3WhcNMzAwMjAxMDUwMDAwWjBJMUcwRQYDVQQDEz43NGxpdW16dHNpNHc0emJ4d2dhcG4zb2sydmZjYXN4bHVqN2RqZmdnNmp6dnVmb2hmdWZueWNhZC5vbmlvbjBZMBMGByqGSM49AgEGCCqGSM49AwEHA0IABGSKz69FGPnnA+h8CyeqiB1An1yzCNdj6aCFSjgyss2d5f3ZvFIw6nQLqaUfxEDOU6x0WznfINdWfhbw+sgL0B2jggIyMIICLjAJBgNVHRMEAjAAMAsGA1UdDwQEAwIAgDAdBgNVHSUEFjAUBggrBgEFBQcDAgYIKwYBBQUHAwEwggFHBgkqhkiG9w0BCQwEggE4BIIBNCJ8j51rUSBsK4uOayZx4lCkVwuOAQmkgWNWtOY8cNswvIb0Gqhaj3p9+1DkbEmACYeEuEQu2YDNkI0e4ec2ncLd7Y2w7HRBYaNc+onVw/Ysr8KgmwdvXMdJ1nlpPVPAUvMwKbRsyD4+X7jhGTfqSbdBUiZfQZkBldOdoz9SYvrwdq40KyH9xR7Mpi+bbTuc507O1IrCYUaMQtfGutcvljoLDV1AME9kw9JMwIj41JICM6QzNc7g+8K5U96G1Pw2qqDRYK9L0qHvUEu4GqblZ2dErybcSc8HhFk1IoBHJXVHhOGNasuhieHLWMxHmr6SYGQ3Q8DKj63eSojamAHSPoaRJCi5+7nytZpgVateN+xfNTiuDj3Ta6kk2GXhee+8yJ6QfxsV3Dcin4WU4QpGQRbze1fVMCAGCisGAQQBg4wbAgEEEhMQdXNlci1qb2luaW5nLTEtMTA9BgkrBgECAQ8DAQEEMBMuUW1ia0dQVjFVZ1BTN2I4NTg4SEFvbVRpam1vanVLWGpOWWJNZ1o2UGdRdGdzaDBJBgNVHREEQjBAgj43NGxpdW16dHNpNHc0emJ4d2dhcG4zb2sydmZjYXN4bHVqN2RqZmdnNmp6dnVmb2hmdWZueWNhZC5vbmlvbjAKBggqhkjOPQQDAgNIADBFAiAHT9X84AmUkPgP2HlG+kQuMLzm3i2lPXJmI6II9sa0EAIhAIQIlizV0G+jG5hbKdsw+mis1MTHyI+pEsr2x3xVRByb'
        ]
      }
    }
[2m[22m
[2m      [2mat Socket.<anonymous> ([22m[2msrc/utils.ts[2m:159:15)[22m[2m[22m
  [2mconsole.log[22m
    [e2e_r4pg81niwrk]: 2024-03-22T21:04:47.222Z backend:registration.functions DuplicatedCertBug {
      parsedUniqueCsrs: Map(4) {
        'BGSKz69FGPnnA+h8CyeqiB1An1yzCNdj6aCFSjgyss2d5f3ZvFIw6nQLqaUfxEDOU6x0WznfINdWfhbw+sgL0B0=' => 'MIIDKzCCAtICAQAwSTFHMEUGA1UEAxM+NzRsaXVtenRzaTR3NHpieHdnYXBuM29rMnZmY2FzeGx1ajdkamZnZzZqenZ1Zm9oZnVmbnljYWQub25pb24wWTATBgcqhkjOPQIBBggqhkjOPQMBBwNCAARkis+vRRj55wPofAsnqogdQJ9cswjXY+mghUo4MrLNneX92bxSMOp0C6mlH8RAzlOsdFs53yDXVn4W8PrIC9AdoIICJTAuBgkqhkiG9w0BCQ4xITAfMB0GA1UdDgQWBBSzaZiL7t1QdBpWxislFO3Gh61hjDCCAUcGCSqGSIb3DQEJDDGCATgEggE0InyPnWtRIGwri45rJnHiUKRXC44BCaSBY1a05jxw2zC8hvQaqFqPen37UORsSYAJh4S4RC7ZgM2QjR7h5zadwt3tjbDsdEFho1z6idXD9iyvwqCbB29cx0nWeWk9U8BS8zAptGzIPj5fuOEZN+pJt0FSJl9BmQGV052jP1Ji+vB2rjQrIf3FHsymL5ttO5znTs7UisJhRoxC18a61y+WOgsNXUAwT2TD0kzAiPjUkgIzpDM1zuD7wrlT3obU/DaqoNFgr0vSoe9QS7gapuVnZ0SvJtxJzweEWTUigEcldUeE4Y1qy6GJ4ctYzEeavpJgZDdDwMqPrd5KiNqYAdI+hpEkKLn7ufK1mmBVq1437F81OK4OPdNrqSTYZeF577zInpB/GxXcNyKfhZThCkZBFvN7V9UwIAYKKwYBBAGDjBsCATESExB1c2VyLWpvaW5pbmctMS0xMD0GCSsGAQIBDwMBATEwEy5RbWJrR1BWMVVnUFM3Yjg1ODhIQW9tVGlqbW9qdUtYak5ZYk1nWjZQZ1F0Z3NoMEcGA1UdETFAEz43NGxpdW16dHNpNHc0emJ4d2dhcG4zb2sydmZjYXN4bHVqN2RqZmdnNmp6dnVmb2hmdWZueWNhZC5vbmlvbjAKBggqhkjOPQQDAgNHADBEAiA0v1FpJiZO7V7lO/xfAPHkL2o8SQOzhyj/npttxvbm3wIgV7tNC9FrP2wHhfFSbyFkI9ETI7vSJB+Fqn6y2byZW/Q=',
        'BOciGh4W/gdx6h47MLrH+f0TbM2BTXxBCmiG2JAhiz2pm12mBCM44eH3w1vRzqLHhN/5jnIGmEqqEFkdPH9zrT4=' => 'MIIDKTCCAtACAQAwSTFHMEUGA1UEAxM+ZTU3NmtyZ3YzeDdoeGVqd3lmYjR2Zml5eHdsbWdmNnUycTY0YW5nZ2J3c25ucnBlYzN1YmZvaWQub25pb24wWTATBgcqhkjOPQIBBggqhkjOPQMBBwNCAATnIhoeFv4HceoeOzC6x/n9E2zNgU18QQpohtiQIYs9qZtdpgQjOOHh98Nb0c6ix4Tf+Y5yBphKqhBZHTx/c60+oIICIzAuBgkqhkiG9w0BCQ4xITAfMB0GA1UdDgQWBBRPXKXKd+B8grn50ArRUFGbIm6h4jCCAUcGCSqGSIb3DQEJDDGCATgEggE0D9hxS1q2dIOXzWjJAaB3Q4YeSP8hPt9hx8BAEIeRiNOl0vbCcXBFibDmk2Bpu+vGd0ABl6SCCSew/ClC8nuU3o+ae6cefNC19thDGRv3RdxkvOMmZndXCuML5gwmCXGIvwG/lc0W8Vv03FCDC2vbWSGo+njmtEaEQTsZwrCl/TRQeWHGiB2sCXkH/DXueXByPKBgRMDqGcpmV2IhOsTuHF/7Cx5KT70CBIYw/JzJ2QjptZXlUtTiQ/cm/bpk+iHUmrn5JT70rQ0JNypYWl6BVEXHpyEEKwEb+HfyuJfinyk8j/WS+1zRTOFmx3XudtVlg/HrqHtO846ab44fMYmIeuLz2yd5h6MBi2urphuABlFaUqd2LbUYK0G4xL2WG+Ai5fE9Sbh8ZmGws5HCWHpvGhOmTkkwHgYKKwYBBAGDjBsCATEQEw51c2VyLWpvaW5pbmctMjA9BgkrBgECAQ8DAQExMBMuUW1RR0dzUGs4djFzeTNvQXdBMmVjZ2I2SldrMVhWekI4VTd2c0ZCMWREZlczYjBHBgNVHRExQBM+ZTU3NmtyZ3YzeDdoeGVqd3lmYjR2Zml5eHdsbWdmNnUycTY0YW5nZ2J3c25ucnBlYzN1YmZvaWQub25pb24wCgYIKoZIzj0EAwIDRwAwRAIgXQIcKPTyXTWAGWH4UiykpIBw/cO1T5rn5s08fTpXkYgCICCjjLNI3W4uZyyF0qHf0dmHG3turzM5SH19Qt/pAXwG',
        'BIBzpDuRKK1Pp/IvEQVkaS67M1r2O0rIlHtf52UkQSbDku321lmHffHYSO2u5u81dDqjY6TRtuKt/fyY3GUOm9g=' => 'MIIDKjCCAtACAQAwSTFHMEUGA1UEAxM+aWx5bTJleXB0eTVnbWFzcnB3djV0bjI1aWhsNnp3YnU3dDN5aXM3aTNhbzNwamRlbXR3NXAyYWQub25pb24wWTATBgcqhkjOPQIBBggqhkjOPQMBBwNCAASAc6Q7kSitT6fyLxEFZGkuuzNa9jtKyJR7X+dlJEEmw5Lt9tZZh33x2EjtrubvNXQ6o2Ok0bbirf38mNxlDpvYoIICIzAuBgkqhkiG9w0BCQ4xITAfMB0GA1UdDgQWBBSq+CkgQPuUKSTjGI+UdK61eLe3xzCCAUcGCSqGSIb3DQEJDDGCATgEggE0LxHEGHtvKSiDcFtzFUkCL4n71xN5ZfTPdAbFO34bUN1lRH9B8vVRIllPt7t78Us1jAQc0SbkZj/lmZdb/FlgjytUXwQCyU/4P+/XWsScrvD5iOkhipLZ9OBC6Z+Kxr8gHijlP8E/2VEDWp2TEI4y4PalusR0aiEkMK9G+aFPenTi6/7oUDZa5ePoBlSn4dtDiMkb9WT9fTv4W033G1PhszK8SEV7gM0ZlHyrt9vsThXW46jW1UhJfUZfQ4IzUAHZyfKlhux2mG3PIshCDI3fVIIu72b1YKV7ixkY39G8cq3B8pjCk7wLpVop7Bz8Ke9lf0qRL/cTsBcRYv5pH1B8L16tCHA/ZnYupxd++5vygxoK/F96rU5YuNpG2Xc4YhfW7/7u/CRECz1pIinU7Eanm0OPKUIwHgYKKwYBBAGDjBsCATEQEw51c2VyLWpvaW5pbmctMTA9BgkrBgECAQ8DAQExMBMuUW1aTFc2eTVtOGJyb1l1dEc0b2cyeW1YUlpVRGN4VmhkZ0hoaUtZS2hxdVVOcDBHBgNVHRExQBM+aWx5bTJleXB0eTVnbWFzcnB3djV0bjI1aWhsNnp3YnU3dDN5aXM3aTNhbzNwamRlbXR3NXAyYWQub25pb24wCgYIKoZIzj0EAwIDSAAwRQIhAJclKaxQLhPy8NHDIbipEmjrVtOqp7aXhzB9Wu8r3T/LAiB7+RGRT1sFjUy5Wk+IZTZ7I3xf1gi+PN9FCRngURsyyA==',
        'BIDLP9EC/rURDt9LLdZud0ilpf3OL6vYE82wXt6HZPLOU1Qipn5kYGsM84/h5r6VjAAZhzShtImDCIVFq1pFqsg=' => 'MIIDIjCCAscCAQAwSTFHMEUGA1UEAxM+Mm90d2pyc3gzcGNmNmR2amhlb2w2djJ4Y3VpNm42cW40cmZraXBlMm9oM3Z5aWJpemlyNDZkaWQub25pb24wWTATBgcqhkjOPQIBBggqhkjOPQMBBwNCAASAyz/RAv61EQ7fSy3WbndIpaX9zi+r2BPNsF7eh2TyzlNUIqZ+ZGBrDPOP4ea+lYwAGYc0obSJgwiFRataRarIoIICGjAuBgkqhkiG9w0BCQ4xITAfMB0GA1UdDgQWBBRAQ+c+nMaAWHjxud5tJL3peqMp1zCCAUcGCSqGSIb3DQEJDDGCATgEggE0FVgLbFaN+gKO4Aqfjs/gNPtz+V9vgnwmOEuIipHYSyEyiZL7PmRutx07890ws44SwLYEKDBavLKfF1aSa1MOLps/bMWW2DDOngTVGyaWufh8OaBzxGIL3815BZLJF9VTgEuyJbOq3+XLZMj2fdEjXHTRvYURKZtc/O7FHYG5mOc7QTwkXd9jQ8tMYZ85wWJdR3ZLGWYfnrrplQTdkAq9H7DEH4OTypJSYjvhMBrDAZeFOe1nHVkJU14sO2x1rc9X1GQMYmLC4WxLcwdcyUh1aXOEev3VprQRQjaFznk0UHK33rn1q16YE5zc+3hhF03FOGSos8DMyQy3o10/p1fOI9oVSkFpKlx5OyZXz1uG6Utmt8htptEr4rE4jm9y6+r5DXm5nIjSZIbNgXh9boxyX7KvOkkwFQYKKwYBBAGDjBsCATEHEwVvd25lcjA9BgkrBgECAQ8DAQExMBMuUW1UcE5taXhzZlVTSEJtM3ZXdnZ1VGtndDJIZFhjMXNZaUJSdzRwTVJuODhHUjBHBgNVHRExQBM+Mm90d2pyc3gzcGNmNmR2amhlb2w2djJ4Y3VpNm42cW40cmZraXBlMm9oM3Z5aWJpemlyNDZkaWQub25pb24wCgYIKoZIzj0EAwIDSQAwRgIhAOK6Uac+lomfbGsOpT+M1/mZLNGmQ6uPXE4blwkpyla2AiEApkT1IJjfMgcYl613arLQ4nUrieyCoz8W8U+EWt1HhGM='
      },
      pendingNames: Set(0) {},
      certNames: Set(4) {
        'owner',
        'user-joining-1',
        'user-joining-2',
        'user-joining-1-1'
      }
    }
    2024-03-22T21:04:47.222Z backend:RegistrationService DuplicatedCertBug { pendingCsrs: [] }
    2024-03-22T21:04:47.222Z backend:RegistrationService Finished issuing certificates
[2m[22m
[2m      [2mat Socket.<anonymous> ([22m[2msrc/utils.ts[2m:159:15)[22m[2m[22m
  [2mconsole.log[22m
    [e2e_6q0pv39bdzw0]: 2024-03-22T21:04:47.455Z backend:libp2p:websockets:err connection error: Unexpected server response: 500
[2m[22m
[2m      [2mat Socket.<anonymous> ([22m[2msrc/utils.ts[2m:159:15)[22m[2m[22m
  [2mconsole.log[22m
    [e2e_6q0pv39bdzw0]: 2024-03-22T21:04:47.456Z backend:libp2p:websockets:err error connecting to /dns4/ilym2eypty5gmasrpwv5tn25ihl6zwbu7t3yis7i3ao3pjdemtw5p2ad.onion/tcp/80/ws/p2p/QmZLW6y5m8broYutG4og2ymXRZUDcxVhdgHhiKYKhquUNp. Details: Unexpected server response: 500
[2m[22m
[2m      [2mat Socket.<anonymous> ([22m[2msrc/utils.ts[2m:159:15)[22m[2m[22m
  [2mconsole.log[22m
    [e2e_4cc1hr73df40]: 2024-03-22T21:04:47.799Z backend:CertificatesStore REPLICATED: Certificates
[2m[22m
[2m      [2mat Socket.<anonymous> ([22m[2msrc/utils.ts[2m:159:15)[22m[2m[22m
  [2mconsole.log[22m
    [e2e_4cc1hr73df40]: 2024-03-22T21:04:47.801Z backend:CertificatesStore Loaded certificates to memory
[2m[22m
[2m      [2mat Socket.<anonymous> ([22m[2msrc/utils.ts[2m:159:15)[22m[2m[22m
  [2mconsole.log[22m
    [e2e_4cc1hr73df40]: 2024-03-22T21:04:47.801Z backend:CertificatesStore All certificates: 4
[2m[22m
[2m      [2mat Socket.<anonymous> ([22m[2msrc/utils.ts[2m:159:15)[22m[2m[22m
  [2mconsole.log[22m
    [e2e_4cc1hr73df40]: 2024-03-22T21:04:47.804Z backend:CertificatesStore DuplicatedCertBug {
      validation: true,
      certificate: 'MIIDiTCCAy+gAwIBAgIGAY5n+wJPMAoGCCqGSM49BAMCMBgxFjAUBgNVBAMTDXRlc3Rjb21tdW5pdHkwHhcNMjQwMzIyMjEwNDQ3WhcNMzAwMjAxMDUwMDAwWjBJMUcwRQYDVQQDEz43NGxpdW16dHNpNHc0emJ4d2dhcG4zb2sydmZjYXN4bHVqN2RqZmdnNmp6dnVmb2hmdWZueWNhZC5vbmlvbjBZMBMGByqGSM49AgEGCCqGSM49AwEHA0IABGSKz69FGPnnA+h8CyeqiB1An1yzCNdj6aCFSjgyss2d5f3ZvFIw6nQLqaUfxEDOU6x0WznfINdWfhbw+sgL0B2jggIyMIICLjAJBgNVHRMEAjAAMAsGA1UdDwQEAwIAgDAdBgNVHSUEFjAUBggrBgEFBQcDAgYIKwYBBQUHAwEwggFHBgkqhkiG9w0BCQwEggE4BIIBNCJ8j51rUSBsK4uOayZx4lCkVwuOAQmkgWNWtOY8cNswvIb0Gqhaj3p9+1DkbEmACYeEuEQu2YDNkI0e4ec2ncLd7Y2w7HRBYaNc+onVw/Ysr8KgmwdvXMdJ1nlpPVPAUvMwKbRsyD4+X7jhGTfqSbdBUiZfQZkBldOdoz9SYvrwdq40KyH9xR7Mpi+bbTuc507O1IrCYUaMQtfGutcvljoLDV1AME9kw9JMwIj41JICM6QzNc7g+8K5U96G1Pw2qqDRYK9L0qHvUEu4GqblZ2dErybcSc8HhFk1IoBHJXVHhOGNasuhieHLWMxHmr6SYGQ3Q8DKj63eSojamAHSPoaRJCi5+7nytZpgVateN+xfNTiuDj3Ta6kk2GXhee+8yJ6QfxsV3Dcin4WU4QpGQRbze1fVMCAGCisGAQQBg4wbAgEEEhMQdXNlci1qb2luaW5nLTEtMTA9BgkrBgECAQ8DAQEEMBMuUW1ia0dQVjFVZ1BTN2I4NTg4SEFvbVRpam1vanVLWGpOWWJNZ1o2UGdRdGdzaDBJBgNVHREEQjBAgj43NGxpdW16dHNpNHc0emJ4d2dhcG4zb2sydmZjYXN4bHVqN2RqZmdnNmp6dnVmb2hmdWZueWNhZC5vbmlvbjAKBggqhkjOPQQDAgNIADBFAiAHT9X84AmUkPgP2HlG+kQuMLzm3i2lPXJmI6II9sa0EAIhAIQIlizV0G+jG5hbKdsw+mis1MTHyI+pEsr2x3xVRByb'
    }
[2m[22m
[2m      [2mat Socket.<anonymous> ([22m[2msrc/utils.ts[2m:159:15)[22m[2m[22m
  [2mconsole.log[22m
    [e2e_4cc1hr73df40]: 2024-03-22T21:04:47.804Z backend:CertificatesStore Valid certificates: 4
[2m[22m
[2m      [2mat Socket.<anonymous> ([22m[2msrc/utils.ts[2m:159:15)[22m[2m[22m
  [2mconsole.log[22m
    [e2e_4cc1hr73df40]: 2024-03-22T21:04:47.804Z backend:ConnectionsManagerService Storage - certificatesStored
    2024-03-22T21:04:47.805Z backend:StorageService csrs count: 6
[2m[22m
[2m      [2mat Socket.<anonymous> ([22m[2msrc/utils.ts[2m:159:15)[22m[2m[22m
  [2mconsole.log[22m
    stdout:
    updatePeersList, peers count: 6
[2m[22m
[2m      [2mat Socket.<anonymous> ([22m[2msrc/utils.ts[2m:149:15)[22m[2m[22m
  [2mconsole.log[22m
    [e2e_4cc1hr73df40]: 2024-03-22T21:04:47.808Z backend:ConnectionsManagerService Storage - certificatesStored
    2024-03-22T21:04:47.808Z backend:StorageService csrs count: 6
[2m[22m
[2m      [2mat Socket.<anonymous> ([22m[2msrc/utils.ts[2m:159:15)[22m[2m[22m
  [2mconsole.log[22m
    stdout:
    updatePeersList, peers count: 6
[2m[22m
[2m      [2mat Socket.<anonymous> ([22m[2msrc/utils.ts[2m:149:15)[22m[2m[22m
  [2mconsole.log[22m
    [e2e_4cc1hr73df40]: 2024-03-22T21:04:47.812Z backend:LocalDbService Local peer /dns4/74liumztsi4w4zbxwgapn3ok2vfcasxluj7djfgg6jzvufohfufnycad.onion/tcp/80/ws/p2p/QmbkGPV1UgPS7b8588HAomTijmojuKXjNYbMgZ6PgQtgsh
    2024-03-22T21:04:47.812Z backend:LocalDbService Local peer /dns4/74liumztsi4w4zbxwgapn3ok2vfcasxluj7djfgg6jzvufohfufnycad.onion/tcp/80/ws/p2p/QmbkGPV1UgPS7b8588HAomTijmojuKXjNYbMgZ6PgQtgsh
[2m[22m
[2m      [2mat Socket.<anonymous> ([22m[2msrc/utils.ts[2m:159:15)[22m[2m[22m
  [2mconsole.log[22m
    [e2e_r4pg81niwrk]: 2024-03-22T21:04:47.824Z backend:StorageService progress 1/1. Address: /orbitdb/zdpuAwDRFnjKZXiPbDHznfkAHctoCerqiUFbVkg2PxjGfSSnu/channels.general_03eeb30c6ed119cffff68b3656894df0
[2m[22m
[2m      [2mat Socket.<anonymous> ([22m[2msrc/utils.ts[2m:159:15)[22m[2m[22m
  [2mconsole.log[22m
    [e2e_r4pg81niwrk]: 2024-03-22T21:04:47.827Z backend:StorageService Replicated. /orbitdb/zdpuAwDRFnjKZXiPbDHznfkAHctoCerqiUFbVkg2PxjGfSSnu/channels.general_03eeb30c6ed119cffff68b3656894df0
[2m[22m
[2m      [2mat Socket.<anonymous> ([22m[2msrc/utils.ts[2m:159:15)[22m[2m[22m
  [2mconsole.log[22m
    [e2e_4cc1hr73df40]: 2024-03-22T21:04:47.843Z backend:StorageService progress 1/1. Address: /orbitdb/zdpuAwDRFnjKZXiPbDHznfkAHctoCerqiUFbVkg2PxjGfSSnu/channels.general_03eeb30c6ed119cffff68b3656894df0
[2m[22m
[2m      [2mat Socket.<anonymous> ([22m[2msrc/utils.ts[2m:159:15)[22m[2m[22m
  [2mconsole.log[22m
    [e2e_4cc1hr73df40]: 2024-03-22T21:04:47.845Z backend:StorageService Replicated. /orbitdb/zdpuAwDRFnjKZXiPbDHznfkAHctoCerqiUFbVkg2PxjGfSSnu/channels.general_03eeb30c6ed119cffff68b3656894df0
[2m[22m
[2m      [2mat Socket.<anonymous> ([22m[2msrc/utils.ts[2m:159:15)[22m[2m[22m
  [2mconsole.log[22m
    Potential message with text: @owner deleted all messages in #general
[2m[22m
[2m      [2mat [22m[2msrc/selectors.ts[2m:347:17[22m[2m[22m
  [2mconsole.log[22m
    Found message with matching text @owner deleted all messages in #general
[2m[22m
[2m      [2mat [22m[2msrc/selectors.ts[2m:349:19[22m[2m[22m
  [2mconsole.log[22m
    Data Test ID for message content: userMessages-owner-du6qy1l9p5
[2m[22m
[2m      [2mat Channel.getMessageIdsByText ([22m[2msrc/selectors.ts[2m:384:13)[22m[2m[22m
  [2mconsole.log[22m
    Waiting for content for message with text @owner deleted all messages in #general
[2m[22m
[2m      [2mat Channel.waitForMessageContentByText ([22m[2msrc/selectors.ts[2m:510:13)[22m[2m[22m
  [2mconsole.log[22m
    Testing content: @owner deleted all messages in #general
[2m[22m
[2m      [2mat Channel.waitForMessageContentByText ([22m[2msrc/selectors.ts[2m:516:15)[22m[2m[22m
  [2mconsole.log[22m
    Found content element for message with text @owner deleted all messages in #general
[2m[22m
[2m      [2mat Channel.waitForMessageContentByText ([22m[2msrc/selectors.ts[2m:518:17)[22m[2m[22m
  [2mconsole.log[22m
    Data Test ID for message content: messagesGroupContent-du6qy1l9p5
[2m[22m
[2m      [2mat Channel.getMessageIdsByText ([22m[2msrc/selectors.ts[2m:394:13)[22m[2m[22m
  [2mconsole.log[22m
    [e2e_r4pg81niwrk]: 2024-03-22T21:04:50.499Z backend:libp2p:websockets connect ilym2eypty5gmasrpwv5tn25ihl6zwbu7t3yis7i3ao3pjdemtw5p2ad.onion:80
[2m[22m
[2m      [2mat Socket.<anonymous> ([22m[2msrc/utils.ts[2m:159:15)[22m[2m[22m
  [2mconsole.log[22m
    Waiting for 'sending...' element for message with data-testid unsent-sending-owner-du6qy1l9p5
[2m[22m
[2m      [2mat Channel.waitForSending ([22m[2msrc/selectors.ts[2m:528:13)[22m[2m[22m
  [2mconsole.log[22m
    Waiting for user's avatar with username owner for message with ID du6qy1l9p5
[2m[22m
[2m      [2mat Channel.waitForAvatar ([22m[2msrc/selectors.ts[2m:471:13)[22m[2m[22m
  [2mconsole.log[22m
    Found user's avatar with username owner for message with ID du6qy1l9p5
[2m[22m
[2m      [2mat Channel.waitForAvatar ([22m[2msrc/selectors.ts[2m:476:15)[22m[2m[22m
  [2mconsole.log[22m
    Waiting for date for message with ID du6qy1l9p5
[2m[22m
[2m      [2mat Channel.waitForDateLabel ([22m[2msrc/selectors.ts[2m:484:13)[22m[2m[22m
  [2mconsole.log[22m
    Found date label for message with ID du6qy1l9p5
[2m[22m
[2m      [2mat Channel.waitForDateLabel ([22m[2msrc/selectors.ts[2m:489:15)[22m[2m[22m
  [2mconsole.log[22m
    Waiting for content for message with ID du6qy1l9p5
[2m[22m
[2m      [2mat Channel.waitForMessageContentById ([22m[2msrc/selectors.ts[2m:497:13)[22m[2m[22m
  [2mconsole.log[22m
    Found content for message with ID du6qy1l9p5
[2m[22m
[2m      [2mat Channel.waitForMessageContentById ([22m[2msrc/selectors.ts[2m:502:15)[22m[2m[22m
  [2mconsole.log[22m
    Waiting for user "user-joining-1" message "@user-joining-1-1 has joined and will be registered soon. 🎉 Learn more"
[2m[22m
[2m      [2mat Channel.waitForUserMessage ([22m[2msrc/selectors.ts[2m:342:13)[22m[2m[22m
  [2mconsole.log[22m
    Potential message with text: @user-joining-1-1 has joined and will be registered soon. 🎉 Learn more
[2m[22m
[2m      [2mat [22m[2msrc/selectors.ts[2m:347:17[22m[2m[22m
  [2mconsole.log[22m
    Found message with matching text @user-joining-1-1 has joined and will be registered soon. 🎉 Learn more
[2m[22m
[2m      [2mat [22m[2msrc/selectors.ts[2m:349:19[22m[2m[22m
  [2mconsole.log[22m
    Data Test ID for message content: userMessages-user-joining-1-1-8ah7h55ean
[2m[22m
[2m      [2mat Channel.getMessageIdsByText ([22m[2msrc/selectors.ts[2m:384:13)[22m[2m[22m
  [2mconsole.log[22m
    Waiting for content for message with text @user-joining-1-1 has joined and will be registered soon. 🎉 Learn more
[2m[22m
[2m      [2mat Channel.waitForMessageContentByText ([22m[2msrc/selectors.ts[2m:510:13)[22m[2m[22m
  [2mconsole.log[22m
    Testing content: @user-joining-1-1 has joined and will be registered soon. 🎉 Learn more
[2m[22m
[2m      [2mat Channel.waitForMessageContentByText ([22m[2msrc/selectors.ts[2m:516:15)[22m[2m[22m
  [2mconsole.log[22m
    Testing content: @user-joining-1-1 has joined and will be registered soon. 🎉 Learn more
[2m[22m
[2m      [2mat Channel.waitForMessageContentByText ([22m[2msrc/selectors.ts[2m:516:15)[22m[2m[22m
  [2mconsole.log[22m
    Found content element for message with text @user-joining-1-1 has joined and will be registered soon. 🎉 Learn more
[2m[22m
[2m      [2mat Channel.waitForMessageContentByText ([22m[2msrc/selectors.ts[2m:518:17)[22m[2m[22m
  [2mconsole.log[22m
    Data Test ID for message content: messagesGroupContent-8ah7h55ean
[2m[22m
[2m      [2mat Channel.getMessageIdsByText ([22m[2msrc/selectors.ts[2m:394:13)[22m[2m[22m
  [2mconsole.log[22m
    [e2e_r4pg81niwrk]: 2024-03-22T21:04:51.429Z backend:libp2p:websockets:err connection error: Unexpected server response: 500
[2m[22m
[2m      [2mat Socket.<anonymous> ([22m[2msrc/utils.ts[2m:159:15)[22m[2m[22m
  [2mconsole.log[22m
    [e2e_r4pg81niwrk]: 2024-03-22T21:04:51.430Z backend:libp2p:websockets:err error connecting to /dns4/ilym2eypty5gmasrpwv5tn25ihl6zwbu7t3yis7i3ao3pjdemtw5p2ad.onion/tcp/80/ws/p2p/QmZLW6y5m8broYutG4og2ymXRZUDcxVhdgHhiKYKhquUNp. Details: Unexpected server response: 500
[2m[22m
[2m      [2mat Socket.<anonymous> ([22m[2msrc/utils.ts[2m:159:15)[22m[2m[22m
  [2mconsole.log[22m
    Waiting for 'sending...' element for message with data-testid unsent-sending-user-joining-1-8ah7h55ean
[2m[22m
[2m      [2mat Channel.waitForSending ([22m[2msrc/selectors.ts[2m:528:13)[22m[2m[22m
  [2mconsole.log[22m
    Waiting for user's avatar with username user-joining-1 for message with ID 8ah7h55ean
[2m[22m
[2m      [2mat Channel.waitForAvatar ([22m[2msrc/selectors.ts[2m:471:13)[22m[2m[22m
  [2mconsole.log[22m
    TEST 7
[2m[22m
[2m      [2mat Object.<anonymous> ([22m[2m[0m[36msrc/tests/multipleClients.test.ts[39m[0m[2m:513:17)[22m[2m[22m
  [2mconsole.log[22m
    [e2e_6q0pv39bdzw0]: 2024-03-22T21:04:57.459Z backend:libp2p:websockets connect ilym2eypty5gmasrpwv5tn25ihl6zwbu7t3yis7i3ao3pjdemtw5p2ad.onion:80
[2m[22m
[2m      [2mat Socket.<anonymous> ([22m[2msrc/utils.ts[2m:159:15)[22m[2m[22m
  [2mconsole.log[22m
    [e2e_6q0pv39bdzw0]: 2024-03-22T21:04:58.121Z backend:libp2p:websockets:err connection error: Unexpected server response: 500
    2024-03-22T21:04:58.122Z backend:libp2p:websockets:err error connecting to /dns4/ilym2eypty5gmasrpwv5tn25ihl6zwbu7t3yis7i3ao3pjdemtw5p2ad.onion/tcp/80/ws/p2p/QmZLW6y5m8broYutG4og2ymXRZUDcxVhdgHhiKYKhquUNp. Details: Unexpected server response: 500
[2m[22m
[2m      [2mat Socket.<anonymous> ([22m[2msrc/utils.ts[2m:159:15)[22m[2m[22m
  [2mconsole.log[22m
    [e2e_4cc1hr73df40]: 2024-03-22T21:05:00.338Z backend:SocketService Awaiting readyness before emitting:  sendMessage
[2m[22m
[2m      [2mat Socket.<anonymous> ([22m[2msrc/utils.ts[2m:159:15)[22m[2m[22m
  [2mconsole.log[22m
    [e2e_r4pg81niwrk]: 2024-03-22T21:05:01.405Z backend:StorageService progress 2/2. Address: /orbitdb/zdpuAwDRFnjKZXiPbDHznfkAHctoCerqiUFbVkg2PxjGfSSnu/channels.general_03eeb30c6ed119cffff68b3656894df0
[2m[22m
[2m      [2mat Socket.<anonymous> ([22m[2msrc/utils.ts[2m:159:15)[22m[2m[22m
  [2mconsole.log[22m
    [e2e_r4pg81niwrk]: 2024-03-22T21:05:01.408Z backend:StorageService Replicated. /orbitdb/zdpuAwDRFnjKZXiPbDHznfkAHctoCerqiUFbVkg2PxjGfSSnu/channels.general_03eeb30c6ed119cffff68b3656894df0
[2m[22m
[2m      [2mat Socket.<anonymous> ([22m[2msrc/utils.ts[2m:159:15)[22m[2m[22m
  [2mconsole.log[22m
    [e2e_r4pg81niwrk]: 2024-03-22T21:05:01.433Z backend:libp2p:websockets connect ilym2eypty5gmasrpwv5tn25ihl6zwbu7t3yis7i3ao3pjdemtw5p2ad.onion:80
[2m[22m
[2m      [2mat Socket.<anonymous> ([22m[2msrc/utils.ts[2m:159:15)[22m[2m[22m
  [2mconsole.log[22m
    [e2e_r4pg81niwrk]: 2024-03-22T21:05:02.277Z backend:libp2p:websockets:err connection error: Unexpected server response: 500
[2m[22m
[2m      [2mat Socket.<anonymous> ([22m[2msrc/utils.ts[2m:159:15)[22m[2m[22m
  [2mconsole.log[22m
    [e2e_r4pg81niwrk]: 2024-03-22T21:05:02.277Z backend:libp2p:websockets:err error connecting to /dns4/ilym2eypty5gmasrpwv5tn25ihl6zwbu7t3yis7i3ao3pjdemtw5p2ad.onion/tcp/80/ws/p2p/QmZLW6y5m8broYutG4og2ymXRZUDcxVhdgHhiKYKhquUNp. Details: Unexpected server response: 500
[2m[22m
[2m      [2mat Socket.<anonymous> ([22m[2msrc/utils.ts[2m:159:15)[22m[2m[22m
  [2mconsole.log[22m
    [e2e_6q0pv39bdzw0]: 2024-03-22T21:05:04.664Z backend:CertificatesRequestsStore Replicated CSRs
[2m[22m
[2m      [2mat Socket.<anonymous> ([22m[2msrc/utils.ts[2m:159:15)[22m[2m[22m
  [2mconsole.log[22m
    [e2e_6q0pv39bdzw0]: 2024-03-22T21:05:04.668Z backend:CertificatesStore REPLICATED: Certificates
[2m[22m
[2m      [2mat Socket.<anonymous> ([22m[2msrc/utils.ts[2m:159:15)[22m[2m[22m
  [2mconsole.log[22m
    [e2e_6q0pv39bdzw0]: 2024-03-22T21:05:04.669Z backend:CertificatesRequestsStore DuplicatedCertBug {
      allEntries: [
        'MIIDIjCCAscCAQAwSTFHMEUGA1UEAxM+Mm90d2pyc3gzcGNmNmR2amhlb2w2djJ4Y3VpNm42cW40cmZraXBlMm9oM3Z5aWJpemlyNDZkaWQub25pb24wWTATBgcqhkjOPQIBBggqhkjOPQMBBwNCAASAyz/RAv61EQ7fSy3WbndIpaX9zi+r2BPNsF7eh2TyzlNUIqZ+ZGBrDPOP4ea+lYwAGYc0obSJgwiFRataRarIoIICGjAuBgkqhkiG9w0BCQ4xITAfMB0GA1UdDgQWBBRAQ+c+nMaAWHjxud5tJL3peqMp1zCCAUcGCSqGSIb3DQEJDDGCATgEggE0FVgLbFaN+gKO4Aqfjs/gNPtz+V9vgnwmOEuIipHYSyEyiZL7PmRutx07890ws44SwLYEKDBavLKfF1aSa1MOLps/bMWW2DDOngTVGyaWufh8OaBzxGIL3815BZLJF9VTgEuyJbOq3+XLZMj2fdEjXHTRvYURKZtc/O7FHYG5mOc7QTwkXd9jQ8tMYZ85wWJdR3ZLGWYfnrrplQTdkAq9H7DEH4OTypJSYjvhMBrDAZeFOe1nHVkJU14sO2x1rc9X1GQMYmLC4WxLcwdcyUh1aXOEev3VprQRQjaFznk0UHK33rn1q16YE5zc+3hhF03FOGSos8DMyQy3o10/p1fOI9oVSkFpKlx5OyZXz1uG6Utmt8htptEr4rE4jm9y6+r5DXm5nIjSZIbNgXh9boxyX7KvOkkwFQYKKwYBBAGDjBsCATEHEwVvd25lcjA9BgkrBgECAQ8DAQExMBMuUW1UcE5taXhzZlVTSEJtM3ZXdnZ1VGtndDJIZFhjMXNZaUJSdzRwTVJuODhHUjBHBgNVHRExQBM+Mm90d2pyc3gzcGNmNmR2amhlb2w2djJ4Y3VpNm42cW40cmZraXBlMm9oM3Z5aWJpemlyNDZkaWQub25pb24wCgYIKoZIzj0EAwIDSQAwRgIhAOK6Uac+lomfbGsOpT+M1/mZLNGmQ6uPXE4blwkpyla2AiEApkT1IJjfMgcYl613arLQ4nUrieyCoz8W8U+EWt1HhGM=',
        'MIIDKjCCAtACAQAwSTFHMEUGA1UEAxM+aWx5bTJleXB0eTVnbWFzcnB3djV0bjI1aWhsNnp3YnU3dDN5aXM3aTNhbzNwamRlbXR3NXAyYWQub25pb24wWTATBgcqhkjOPQIBBggqhkjOPQMBBwNCAASAc6Q7kSitT6fyLxEFZGkuuzNa9jtKyJR7X+dlJEEmw5Lt9tZZh33x2EjtrubvNXQ6o2Ok0bbirf38mNxlDpvYoIICIzAuBgkqhkiG9w0BCQ4xITAfMB0GA1UdDgQWBBSq+CkgQPuUKSTjGI+UdK61eLe3xzCCAUcGCSqGSIb3DQEJDDGCATgEggE0LxHEGHtvKSiDcFtzFUkCL4n71xN5ZfTPdAbFO34bUN1lRH9B8vVRIllPt7t78Us1jAQc0SbkZj/lmZdb/FlgjytUXwQCyU/4P+/XWsScrvD5iOkhipLZ9OBC6Z+Kxr8gHijlP8E/2VEDWp2TEI4y4PalusR0aiEkMK9G+aFPenTi6/7oUDZa5ePoBlSn4dtDiMkb9WT9fTv4W033G1PhszK8SEV7gM0ZlHyrt9vsThXW46jW1UhJfUZfQ4IzUAHZyfKlhux2mG3PIshCDI3fVIIu72b1YKV7ixkY39G8cq3B8pjCk7wLpVop7Bz8Ke9lf0qRL/cTsBcRYv5pH1B8L16tCHA/ZnYupxd++5vygxoK/F96rU5YuNpG2Xc4YhfW7/7u/CRECz1pIinU7Eanm0OPKUIwHgYKKwYBBAGDjBsCATEQEw51c2VyLWpvaW5pbmctMTA9BgkrBgECAQ8DAQExMBMuUW1aTFc2eTVtOGJyb1l1dEc0b2cyeW1YUlpVRGN4VmhkZ0hoaUtZS2hxdVVOcDBHBgNVHRExQBM+aWx5bTJleXB0eTVnbWFzcnB3djV0bjI1aWhsNnp3YnU3dDN5aXM3aTNhbzNwamRlbXR3NXAyYWQub25pb24wCgYIKoZIzj0EAwIDSAAwRQIhAJclKaxQLhPy8NHDIbipEmjrVtOqp7aXhzB9Wu8r3T/LAiB7+RGRT1sFjUy5Wk+IZTZ7I3xf1gi+PN9FCRngURsyyA==',
        'MIIDKjCCAtACAQAwSTFHMEUGA1UEAxM+ZTU3NmtyZ3YzeDdoeGVqd3lmYjR2Zml5eHdsbWdmNnUycTY0YW5nZ2J3c25ucnBlYzN1YmZvaWQub25pb24wWTATBgcqhkjOPQIBBggqhkjOPQMBBwNCAATnIhoeFv4HceoeOzC6x/n9E2zNgU18QQpohtiQIYs9qZtdpgQjOOHh98Nb0c6ix4Tf+Y5yBphKqhBZHTx/c60+oIICIzAuBgkqhkiG9w0BCQ4xITAfMB0GA1UdDgQWBBRPXKXKd+B8grn50ArRUFGbIm6h4jCCAUcGCSqGSIb3DQEJDDGCATgEggE0D9hxS1q2dIOXzWjJAaB3Q4YeSP8hPt9hx8BAEIeRiNOl0vbCcXBFibDmk2Bpu+vGd0ABl6SCCSew/ClC8nuU3o+ae6cefNC19thDGRv3RdxkvOMmZndXCuML5gwmCXGIvwG/lc0W8Vv03FCDC2vbWSGo+njmtEaEQTsZwrCl/TRQeWHGiB2sCXkH/DXueXByPKBgRMDqGcpmV2IhOsTuHF/7Cx5KT70CBIYw/JzJ2QjptZXlUtTiQ/cm/bpk+iHUmrn5JT70rQ0JNypYWl6BVEXHpyEEKwEb+HfyuJfinyk8j/WS+1zRTOFmx3XudtVlg/HrqHtO846ab44fMYmIeuLz2yd5h6MBi2urphuABlFaUqd2LbUYK0G4xL2WG+Ai5fE9Sbh8ZmGws5HCWHpvGhOmTkkwHgYKKwYBBAGDjBsCATEQEw51c2VyLWpvaW5pbmctMTA9BgkrBgECAQ8DAQExMBMuUW1RR0dzUGs4djFzeTNvQXdBMmVjZ2I2SldrMVhWekI4VTd2c0ZCMWREZlczYjBHBgNVHRExQBM+ZTU3NmtyZ3YzeDdoeGVqd3lmYjR2Zml5eHdsbWdmNnUycTY0YW5nZ2J3c25ucnBlYzN1YmZvaWQub25pb24wCgYIKoZIzj0EAwIDSAAwRQIgag3Elvsz6Cfm3OGkt5j5BjTvItNqKyKd4FRzlDovpyYCIQCLRWqVmjQrYkMO4om3ktje5V8LLKfuCUzcT/eO+7T+ew==',
        'MIIDKTCCAtACAQAwSTFHMEUGA1UEAxM+ZTU3NmtyZ3YzeDdoeGVqd3lmYjR2Zml5eHdsbWdmNnUycTY0YW5nZ2J3c25ucnBlYzN1YmZvaWQub25pb24wWTATBgcqhkjOPQIBBggqhkjOPQMBBwNCAATnIhoeFv4HceoeOzC6x/n9E2zNgU18QQpohtiQIYs9qZtdpgQjOOHh98Nb0c6ix4Tf+Y5yBphKqhBZHTx/c60+oIICIzAuBgkqhkiG9w0BCQ4xITAfMB0GA1UdDgQWBBRPXKXKd+B8grn50ArRUFGbIm6h4jCCAUcGCSqGSIb3DQEJDDGCATgEggE0D9hxS1q2dIOXzWjJAaB3Q4YeSP8hPt9hx8BAEIeRiNOl0vbCcXBFibDmk2Bpu+vGd0ABl6SCCSew/ClC8nuU3o+ae6cefNC19thDGRv3RdxkvOMmZndXCuML5gwmCXGIvwG/lc0W8Vv03FCDC2vbWSGo+njmtEaEQTsZwrCl/TRQeWHGiB2sCXkH/DXueXByPKBgRMDqGcpmV2IhOsTuHF/7Cx5KT70CBIYw/JzJ2QjptZXlUtTiQ/cm/bpk+iHUmrn5JT70rQ0JNypYWl6BVEXHpyEEKwEb+HfyuJfinyk8j/WS+1zRTOFmx3XudtVlg/HrqHtO846ab44fMYmIeuLz2yd5h6MBi2urphuABlFaUqd2LbUYK0G4xL2WG+Ai5fE9Sbh8ZmGws5HCWHpvGhOmTkkwHgYKKwYBBAGDjBsCATEQEw51c2VyLWpvaW5pbmctMjA9BgkrBgECAQ8DAQExMBMuUW1RR0dzUGs4djFzeTNvQXdBMmVjZ2I2SldrMVhWekI4VTd2c0ZCMWREZlczYjBHBgNVHRExQBM+ZTU3NmtyZ3YzeDdoeGVqd3lmYjR2Zml5eHdsbWdmNnUycTY0YW5nZ2J3c25ucnBlYzN1YmZvaWQub25pb24wCgYIKoZIzj0EAwIDRwAwRAIgXQIcKPTyXTWAGWH4UiykpIBw/cO1T5rn5s08fTpXkYgCICCjjLNI3W4uZyyF0qHf0dmHG3turzM5SH19Qt/pAXwG',
        'MIIDKzCCAtICAQAwSTFHMEUGA1UEAxM+NzRsaXVtenRzaTR3NHpieHdnYXBuM29rMnZmY2FzeGx1ajdkamZnZzZqenZ1Zm9oZnVmbnljYWQub25pb24wWTATBgcqhkjOPQIBBggqhkjOPQMBBwNCAARkis+vRRj55wPofAsnqogdQJ9cswjXY+mghUo4MrLNneX92bxSMOp0C6mlH8RAzlOsdFs53yDXVn4W8PrIC9AdoIICJTAuBgkqhkiG9w0BCQ4xITAfMB0GA1UdDgQWBBSzaZiL7t1QdBpWxislFO3Gh61hjDCCAUcGCSqGSIb3DQEJDDGCATgEggE0InyPnWtRIGwri45rJnHiUKRXC44BCaSBY1a05jxw2zC8hvQaqFqPen37UORsSYAJh4S4RC7ZgM2QjR7h5zadwt3tjbDsdEFho1z6idXD9iyvwqCbB29cx0nWeWk9U8BS8zAptGzIPj5fuOEZN+pJt0FSJl9BmQGV052jP1Ji+vB2rjQrIf3FHsymL5ttO5znTs7UisJhRoxC18a61y+WOgsNXUAwT2TD0kzAiPjUkgIzpDM1zuD7wrlT3obU/DaqoNFgr0vSoe9QS7gapuVnZ0SvJtxJzweEWTUigEcldUeE4Y1qy6GJ4ctYzEeavpJgZDdDwMqPrd5KiNqYAdI+hpEkKLn7ufK1mmBVq1437F81OK4OPdNrqSTYZeF577zInpB/GxXcNyKfhZThCkZBFvN7V9UwIAYKKwYBBAGDjBsCATESExB1c2VyLWpvaW5pbmctMS0xMD0GCSsGAQIBDwMBATEwEy5RbWJrR1BWMVVnUFM3Yjg1ODhIQW9tVGlqbW9qdUtYak5ZYk1nWjZQZ1F0Z3NoMEcGA1UdETFAEz43NGxpdW16dHNpNHc0emJ4d2dhcG4zb2sydmZjYXN4bHVqN2RqZmdnNmp6dnVmb2hmdWZueWNhZC5vbmlvbjAKBggqhkjOPQQDAgNHADBEAiA0v1FpJiZO7V7lO/xfAPHkL2o8SQOzhyj/npttxvbm3wIgV7tNC9FrP2wHhfFSbyFkI9ETI7vSJB+Fqn6y2byZW/Q=',
        'MIIDKzCCAtICAQAwSTFHMEUGA1UEAxM+NzRsaXVtenRzaTR3NHpieHdnYXBuM29rMnZmY2FzeGx1ajdkamZnZzZqenZ1Zm9oZnVmbnljYWQub25pb24wWTATBgcqhkjOPQIBBggqhkjOPQMBBwNCAARkis+vRRj55wPofAsnqogdQJ9cswjXY+mghUo4MrLNneX92bxSMOp0C6mlH8RAzlOsdFs53yDXVn4W8PrIC9AdoIICJTAuBgkqhkiG9w0BCQ4xITAfMB0GA1UdDgQWBBSzaZiL7t1QdBpWxislFO3Gh61hjDCCAUcGCSqGSIb3DQEJDDGCATgEggE0InyPnWtRIGwri45rJnHiUKRXC44BCaSBY1a05jxw2zC8hvQaqFqPen37UORsSYAJh4S4RC7ZgM2QjR7h5zadwt3tjbDsdEFho1z6idXD9iyvwqCbB29cx0nWeWk9U8BS8zAptGzIPj5fuOEZN+pJt0FSJl9BmQGV052jP1Ji+vB2rjQrIf3FHsymL5ttO5znTs7UisJhRoxC18a61y+WOgsNXUAwT2TD0kzAiPjUkgIzpDM1zuD7wrlT3obU/DaqoNFgr0vSoe9QS7gapuVnZ0SvJtxJzweEWTUigEcldUeE4Y1qy6GJ4ctYzEeavpJgZDdDwMqPrd5KiNqYAdI+hpEkKLn7ufK1mmBVq1437F81OK4OPdNrqSTYZeF577zInpB/GxXcNyKfhZThCkZBFvN7V9UwIAYKKwYBBAGDjBsCATESExB1c2VyLWpvaW5pbmctMS0xMD0GCSsGAQIBDwMBATEwEy5RbWJrR1BWMVVnUFM3Yjg1ODhIQW9tVGlqbW9qdUtYak5ZYk1nWjZQZ1F0Z3NoMEcGA1UdETFAEz43NGxpdW16dHNpNHc0emJ4d2dhcG4zb2sydmZjYXN4bHVqN2RqZmdnNmp6dnVmb2hmdWZueWNhZC5vbmlvbjAKBggqhkjOPQQDAgNHADBEAiA0v1FpJiZO7V7lO/xfAPHkL2o8SQOzhyj/npttxvbm3wIgV7tNC9FrP2wHhfFSbyFkI9ETI7vSJB+Fqn6y2byZW/Q='
      ]
    }
[2m[22m
[2m      [2mat Socket.<anonymous> ([22m[2msrc/utils.ts[2m:159:15)[22m[2m[22m
  [2mconsole.log[22m
    [e2e_6q0pv39bdzw0]: 2024-03-22T21:05:04.669Z backend:CertificatesRequestsStore DuplicatedCertBug {
      allCsrsUnique: [
        'MIIDIjCCAscCAQAwSTFHMEUGA1UEAxM+Mm90d2pyc3gzcGNmNmR2amhlb2w2djJ4Y3VpNm42cW40cmZraXBlMm9oM3Z5aWJpemlyNDZkaWQub25pb24wWTATBgcqhkjOPQIBBggqhkjOPQMBBwNCAASAyz/RAv61EQ7fSy3WbndIpaX9zi+r2BPNsF7eh2TyzlNUIqZ+ZGBrDPOP4ea+lYwAGYc0obSJgwiFRataRarIoIICGjAuBgkqhkiG9w0BCQ4xITAfMB0GA1UdDgQWBBRAQ+c+nMaAWHjxud5tJL3peqMp1zCCAUcGCSqGSIb3DQEJDDGCATgEggE0FVgLbFaN+gKO4Aqfjs/gNPtz+V9vgnwmOEuIipHYSyEyiZL7PmRutx07890ws44SwLYEKDBavLKfF1aSa1MOLps/bMWW2DDOngTVGyaWufh8OaBzxGIL3815BZLJF9VTgEuyJbOq3+XLZMj2fdEjXHTRvYURKZtc/O7FHYG5mOc7QTwkXd9jQ8tMYZ85wWJdR3ZLGWYfnrrplQTdkAq9H7DEH4OTypJSYjvhMBrDAZeFOe1nHVkJU14sO2x1rc9X1GQMYmLC4WxLcwdcyUh1aXOEev3VprQRQjaFznk0UHK33rn1q16YE5zc+3hhF03FOGSos8DMyQy3o10/p1fOI9oVSkFpKlx5OyZXz1uG6Utmt8htptEr4rE4jm9y6+r5DXm5nIjSZIbNgXh9boxyX7KvOkkwFQYKKwYBBAGDjBsCATEHEwVvd25lcjA9BgkrBgECAQ8DAQExMBMuUW1UcE5taXhzZlVTSEJtM3ZXdnZ1VGtndDJIZFhjMXNZaUJSdzRwTVJuODhHUjBHBgNVHRExQBM+Mm90d2pyc3gzcGNmNmR2amhlb2w2djJ4Y3VpNm42cW40cmZraXBlMm9oM3Z5aWJpemlyNDZkaWQub25pb24wCgYIKoZIzj0EAwIDSQAwRgIhAOK6Uac+lomfbGsOpT+M1/mZLNGmQ6uPXE4blwkpyla2AiEApkT1IJjfMgcYl613arLQ4nUrieyCoz8W8U+EWt1HhGM=',
        'MIIDKjCCAtACAQAwSTFHMEUGA1UEAxM+aWx5bTJleXB0eTVnbWFzcnB3djV0bjI1aWhsNnp3YnU3dDN5aXM3aTNhbzNwamRlbXR3NXAyYWQub25pb24wWTATBgcqhkjOPQIBBggqhkjOPQMBBwNCAASAc6Q7kSitT6fyLxEFZGkuuzNa9jtKyJR7X+dlJEEmw5Lt9tZZh33x2EjtrubvNXQ6o2Ok0bbirf38mNxlDpvYoIICIzAuBgkqhkiG9w0BCQ4xITAfMB0GA1UdDgQWBBSq+CkgQPuUKSTjGI+UdK61eLe3xzCCAUcGCSqGSIb3DQEJDDGCATgEggE0LxHEGHtvKSiDcFtzFUkCL4n71xN5ZfTPdAbFO34bUN1lRH9B8vVRIllPt7t78Us1jAQc0SbkZj/lmZdb/FlgjytUXwQCyU/4P+/XWsScrvD5iOkhipLZ9OBC6Z+Kxr8gHijlP8E/2VEDWp2TEI4y4PalusR0aiEkMK9G+aFPenTi6/7oUDZa5ePoBlSn4dtDiMkb9WT9fTv4W033G1PhszK8SEV7gM0ZlHyrt9vsThXW46jW1UhJfUZfQ4IzUAHZyfKlhux2mG3PIshCDI3fVIIu72b1YKV7ixkY39G8cq3B8pjCk7wLpVop7Bz8Ke9lf0qRL/cTsBcRYv5pH1B8L16tCHA/ZnYupxd++5vygxoK/F96rU5YuNpG2Xc4YhfW7/7u/CRECz1pIinU7Eanm0OPKUIwHgYKKwYBBAGDjBsCATEQEw51c2VyLWpvaW5pbmctMTA9BgkrBgECAQ8DAQExMBMuUW1aTFc2eTVtOGJyb1l1dEc0b2cyeW1YUlpVRGN4VmhkZ0hoaUtZS2hxdVVOcDBHBgNVHRExQBM+aWx5bTJleXB0eTVnbWFzcnB3djV0bjI1aWhsNnp3YnU3dDN5aXM3aTNhbzNwamRlbXR3NXAyYWQub25pb24wCgYIKoZIzj0EAwIDSAAwRQIhAJclKaxQLhPy8NHDIbipEmjrVtOqp7aXhzB9Wu8r3T/LAiB7+RGRT1sFjUy5Wk+IZTZ7I3xf1gi+PN9FCRngURsyyA==',
        'MIIDKjCCAtACAQAwSTFHMEUGA1UEAxM+ZTU3NmtyZ3YzeDdoeGVqd3lmYjR2Zml5eHdsbWdmNnUycTY0YW5nZ2J3c25ucnBlYzN1YmZvaWQub25pb24wWTATBgcqhkjOPQIBBggqhkjOPQMBBwNCAATnIhoeFv4HceoeOzC6x/n9E2zNgU18QQpohtiQIYs9qZtdpgQjOOHh98Nb0c6ix4Tf+Y5yBphKqhBZHTx/c60+oIICIzAuBgkqhkiG9w0BCQ4xITAfMB0GA1UdDgQWBBRPXKXKd+B8grn50ArRUFGbIm6h4jCCAUcGCSqGSIb3DQEJDDGCATgEggE0D9hxS1q2dIOXzWjJAaB3Q4YeSP8hPt9hx8BAEIeRiNOl0vbCcXBFibDmk2Bpu+vGd0ABl6SCCSew/ClC8nuU3o+ae6cefNC19thDGRv3RdxkvOMmZndXCuML5gwmCXGIvwG/lc0W8Vv03FCDC2vbWSGo+njmtEaEQTsZwrCl/TRQeWHGiB2sCXkH/DXueXByPKBgRMDqGcpmV2IhOsTuHF/7Cx5KT70CBIYw/JzJ2QjptZXlUtTiQ/cm/bpk+iHUmrn5JT70rQ0JNypYWl6BVEXHpyEEKwEb+HfyuJfinyk8j/WS+1zRTOFmx3XudtVlg/HrqHtO846ab44fMYmIeuLz2yd5h6MBi2urphuABlFaUqd2LbUYK0G4xL2WG+Ai5fE9Sbh8ZmGws5HCWHpvGhOmTkkwHgYKKwYBBAGDjBsCATEQEw51c2VyLWpvaW5pbmctMTA9BgkrBgECAQ8DAQExMBMuUW1RR0dzUGs4djFzeTNvQXdBMmVjZ2I2SldrMVhWekI4VTd2c0ZCMWREZlczYjBHBgNVHRExQBM+ZTU3NmtyZ3YzeDdoeGVqd3lmYjR2Zml5eHdsbWdmNnUycTY0YW5nZ2J3c25ucnBlYzN1YmZvaWQub25pb24wCgYIKoZIzj0EAwIDSAAwRQIgag3Elvsz6Cfm3OGkt5j5BjTvItNqKyKd4FRzlDovpyYCIQCLRWqVmjQrYkMO4om3ktje5V8LLKfuCUzcT/eO+7T+ew==',
        'MIIDKTCCAtACAQAwSTFHMEUGA1UEAxM+ZTU3NmtyZ3YzeDdoeGVqd3lmYjR2Zml5eHdsbWdmNnUycTY0YW5nZ2J3c25ucnBlYzN1YmZvaWQub25pb24wWTATBgcqhkjOPQIBBggqhkjOPQMBBwNCAATnIhoeFv4HceoeOzC6x/n9E2zNgU18QQpohtiQIYs9qZtdpgQjOOHh98Nb0c6ix4Tf+Y5yBphKqhBZHTx/c60+oIICIzAuBgkqhkiG9w0BCQ4xITAfMB0GA1UdDgQWBBRPXKXKd+B8grn50ArRUFGbIm6h4jCCAUcGCSqGSIb3DQEJDDGCATgEggE0D9hxS1q2dIOXzWjJAaB3Q4YeSP8hPt9hx8BAEIeRiNOl0vbCcXBFibDmk2Bpu+vGd0ABl6SCCSew/ClC8nuU3o+ae6cefNC19thDGRv3RdxkvOMmZndXCuML5gwmCXGIvwG/lc0W8Vv03FCDC2vbWSGo+njmtEaEQTsZwrCl/TRQeWHGiB2sCXkH/DXueXByPKBgRMDqGcpmV2IhOsTuHF/7Cx5KT70CBIYw/JzJ2QjptZXlUtTiQ/cm/bpk+iHUmrn5JT70rQ0JNypYWl6BVEXHpyEEKwEb+HfyuJfinyk8j/WS+1zRTOFmx3XudtVlg/HrqHtO846ab44fMYmIeuLz2yd5h6MBi2urphuABlFaUqd2LbUYK0G4xL2WG+Ai5fE9Sbh8ZmGws5HCWHpvGhOmTkkwHgYKKwYBBAGDjBsCATEQEw51c2VyLWpvaW5pbmctMjA9BgkrBgECAQ8DAQExMBMuUW1RR0dzUGs4djFzeTNvQXdBMmVjZ2I2SldrMVhWekI4VTd2c0ZCMWREZlczYjBHBgNVHRExQBM+ZTU3NmtyZ3YzeDdoeGVqd3lmYjR2Zml5eHdsbWdmNnUycTY0YW5nZ2J3c25ucnBlYzN1YmZvaWQub25pb24wCgYIKoZIzj0EAwIDRwAwRAIgXQIcKPTyXTWAGWH4UiykpIBw/cO1T5rn5s08fTpXkYgCICCjjLNI3W4uZyyF0qHf0dmHG3turzM5SH19Qt/pAXwG',
        'MIIDKzCCAtICAQAwSTFHMEUGA1UEAxM+NzRsaXVtenRzaTR3NHpieHdnYXBuM29rMnZmY2FzeGx1ajdkamZnZzZqenZ1Zm9oZnVmbnljYWQub25pb24wWTATBgcqhkjOPQIBBggqhkjOPQMBBwNCAARkis+vRRj55wPofAsnqogdQJ9cswjXY+mghUo4MrLNneX92bxSMOp0C6mlH8RAzlOsdFs53yDXVn4W8PrIC9AdoIICJTAuBgkqhkiG9w0BCQ4xITAfMB0GA1UdDgQWBBSzaZiL7t1QdBpWxislFO3Gh61hjDCCAUcGCSqGSIb3DQEJDDGCATgEggE0InyPnWtRIGwri45rJnHiUKRXC44BCaSBY1a05jxw2zC8hvQaqFqPen37UORsSYAJh4S4RC7ZgM2QjR7h5zadwt3tjbDsdEFho1z6idXD9iyvwqCbB29cx0nWeWk9U8BS8zAptGzIPj5fuOEZN+pJt0FSJl9BmQGV052jP1Ji+vB2rjQrIf3FHsymL5ttO5znTs7UisJhRoxC18a61y+WOgsNXUAwT2TD0kzAiPjUkgIzpDM1zuD7wrlT3obU/DaqoNFgr0vSoe9QS7gapuVnZ0SvJtxJzweEWTUigEcldUeE4Y1qy6GJ4ctYzEeavpJgZDdDwMqPrd5KiNqYAdI+hpEkKLn7ufK1mmBVq1437F81OK4OPdNrqSTYZeF577zInpB/GxXcNyKfhZThCkZBFvN7V9UwIAYKKwYBBAGDjBsCATESExB1c2VyLWpvaW5pbmctMS0xMD0GCSsGAQIBDwMBATEwEy5RbWJrR1BWMVVnUFM3Yjg1ODhIQW9tVGlqbW9qdUtYak5ZYk1nWjZQZ1F0Z3NoMEcGA1UdETFAEz43NGxpdW16dHNpNHc0emJ4d2dhcG4zb2sydmZjYXN4bHVqN2RqZmdnNmp6dnVmb2hmdWZueWNhZC5vbmlvbjAKBggqhkjOPQQDAgNHADBEAiA0v1FpJiZO7V7lO/xfAPHkL2o8SQOzhyj/npttxvbm3wIgV7tNC9FrP2wHhfFSbyFkI9ETI7vSJB+Fqn6y2byZW/Q='
      ]
    }
[2m[22m
[2m      [2mat Socket.<anonymous> ([22m[2msrc/utils.ts[2m:159:15)[22m[2m[22m
  [2mconsole.log[22m
    [e2e_6q0pv39bdzw0]: 2024-03-22T21:05:04.676Z backend:CertificatesRequestsStore DuplicatedCertBug [...filteredCsrsMap.values()] [
      'MIIDIjCCAscCAQAwSTFHMEUGA1UEAxM+Mm90d2pyc3gzcGNmNmR2amhlb2w2djJ4Y3VpNm42cW40cmZraXBlMm9oM3Z5aWJpemlyNDZkaWQub25pb24wWTATBgcqhkjOPQIBBggqhkjOPQMBBwNCAASAyz/RAv61EQ7fSy3WbndIpaX9zi+r2BPNsF7eh2TyzlNUIqZ+ZGBrDPOP4ea+lYwAGYc0obSJgwiFRataRarIoIICGjAuBgkqhkiG9w0BCQ4xITAfMB0GA1UdDgQWBBRAQ+c+nMaAWHjxud5tJL3peqMp1zCCAUcGCSqGSIb3DQEJDDGCATgEggE0FVgLbFaN+gKO4Aqfjs/gNPtz+V9vgnwmOEuIipHYSyEyiZL7PmRutx07890ws44SwLYEKDBavLKfF1aSa1MOLps/bMWW2DDOngTVGyaWufh8OaBzxGIL3815BZLJF9VTgEuyJbOq3+XLZMj2fdEjXHTRvYURKZtc/O7FHYG5mOc7QTwkXd9jQ8tMYZ85wWJdR3ZLGWYfnrrplQTdkAq9H7DEH4OTypJSYjvhMBrDAZeFOe1nHVkJU14sO2x1rc9X1GQMYmLC4WxLcwdcyUh1aXOEev3VprQRQjaFznk0UHK33rn1q16YE5zc+3hhF03FOGSos8DMyQy3o10/p1fOI9oVSkFpKlx5OyZXz1uG6Utmt8htptEr4rE4jm9y6+r5DXm5nIjSZIbNgXh9boxyX7KvOkkwFQYKKwYBBAGDjBsCATEHEwVvd25lcjA9BgkrBgECAQ8DAQExMBMuUW1UcE5taXhzZlVTSEJtM3ZXdnZ1VGtndDJIZFhjMXNZaUJSdzRwTVJuODhHUjBHBgNVHRExQBM+Mm90d2pyc3gzcGNmNmR2amhlb2w2djJ4Y3VpNm42cW40cmZraXBlMm9oM3Z5aWJpemlyNDZkaWQub25pb24wCgYIKoZIzj0EAwIDSQAwRgIhAOK6Uac+lomfbGsOpT+M1/mZLNGmQ6uPXE4blwkpyla2AiEApkT1IJjfMgcYl613arLQ4nUrieyCoz8W8U+EWt1HhGM=',
      'MIIDKjCCAtACAQAwSTFHMEUGA1UEAxM+aWx5bTJleXB0eTVnbWFzcnB3djV0bjI1aWhsNnp3YnU3dDN5aXM3aTNhbzNwamRlbXR3NXAyYWQub25pb24wWTATBgcqhkjOPQIBBggqhkjOPQMBBwNCAASAc6Q7kSitT6fyLxEFZGkuuzNa9jtKyJR7X+dlJEEmw5Lt9tZZh33x2EjtrubvNXQ6o2Ok0bbirf38mNxlDpvYoIICIzAuBgkqhkiG9w0BCQ4xITAfMB0GA1UdDgQWBBSq+CkgQPuUKSTjGI+UdK61eLe3xzCCAUcGCSqGSIb3DQEJDDGCATgEggE0LxHEGHtvKSiDcFtzFUkCL4n71xN5ZfTPdAbFO34bUN1lRH9B8vVRIllPt7t78Us1jAQc0SbkZj/lmZdb/FlgjytUXwQCyU/4P+/XWsScrvD5iOkhipLZ9OBC6Z+Kxr8gHijlP8E/2VEDWp2TEI4y4PalusR0aiEkMK9G+aFPenTi6/7oUDZa5ePoBlSn4dtDiMkb9WT9fTv4W033G1PhszK8SEV7gM0ZlHyrt9vsThXW46jW1UhJfUZfQ4IzUAHZyfKlhux2mG3PIshCDI3fVIIu72b1YKV7ixkY39G8cq3B8pjCk7wLpVop7Bz8Ke9lf0qRL/cTsBcRYv5pH1B8L16tCHA/ZnYupxd++5vygxoK/F96rU5YuNpG2Xc4YhfW7/7u/CRECz1pIinU7Eanm0OPKUIwHgYKKwYBBAGDjBsCATEQEw51c2VyLWpvaW5pbmctMTA9BgkrBgECAQ8DAQExMBMuUW1aTFc2eTVtOGJyb1l1dEc0b2cyeW1YUlpVRGN4VmhkZ0hoaUtZS2hxdVVOcDBHBgNVHRExQBM+aWx5bTJleXB0eTVnbWFzcnB3djV0bjI1aWhsNnp3YnU3dDN5aXM3aTNhbzNwamRlbXR3NXAyYWQub25pb24wCgYIKoZIzj0EAwIDSAAwRQIhAJclKaxQLhPy8NHDIbipEmjrVtOqp7aXhzB9Wu8r3T/LAiB7+RGRT1sFjUy5Wk+IZTZ7I3xf1gi+PN9FCRngURsyyA==',
      'MIIDKTCCAtACAQAwSTFHMEUGA1UEAxM+ZTU3NmtyZ3YzeDdoeGVqd3lmYjR2Zml5eHdsbWdmNnUycTY0YW5nZ2J3c25ucnBlYzN1YmZvaWQub25pb24wWTATBgcqhkjOPQIBBggqhkjOPQMBBwNCAATnIhoeFv4HceoeOzC6x/n9E2zNgU18QQpohtiQIYs9qZtdpgQjOOHh98Nb0c6ix4Tf+Y5yBphKqhBZHTx/c60+oIICIzAuBgkqhkiG9w0BCQ4xITAfMB0GA1UdDgQWBBRPXKXKd+B8grn50ArRUFGbIm6h4jCCAUcGCSqGSIb3DQEJDDGCATgEggE0D9hxS1q2dIOXzWjJAaB3Q4YeSP8hPt9hx8BAEIeRiNOl0vbCcXBFibDmk2Bpu+vGd0ABl6SCCSew/ClC8nuU3o+ae6cefNC19thDGRv3RdxkvOMmZndXCuML5gwmCXGIvwG/lc0W8Vv03FCDC2vbWSGo+njmtEaEQTsZwrCl/TRQeWHGiB2sCXkH/DXueXByPKBgRMDqGcpmV2IhOsTuHF/7Cx5KT70CBIYw/JzJ2QjptZXlUtTiQ/cm/bpk+iHUmrn5JT70rQ0JNypYWl6BVEXHpyEEKwEb+HfyuJfinyk8j/WS+1zRTOFmx3XudtVlg/HrqHtO846ab44fMYmIeuLz2yd5h6MBi2urphuABlFaUqd2LbUYK0G4xL2WG+Ai5fE9Sbh8ZmGws5HCWHpvGhOmTkkwHgYKKwYBBAGDjBsCATEQEw51c2VyLWpvaW5pbmctMjA9BgkrBgECAQ8DAQExMBMuUW1RR0dzUGs4djFzeTNvQXdBMmVjZ2I2SldrMVhWekI4VTd2c0ZCMWREZlczYjBHBgNVHRExQBM+ZTU3NmtyZ3YzeDdoeGVqd3lmYjR2Zml5eHdsbWdmNnUycTY0YW5nZ2J3c25ucnBlYzN1YmZvaWQub25pb24wCgYIKoZIzj0EAwIDRwAwRAIgXQIcKPTyXTWAGWH4UiykpIBw/cO1T5rn5s08fTpXkYgCICCjjLNI3W4uZyyF0qHf0dmHG3turzM5SH19Qt/pAXwG',
      'MIIDKzCCAtICAQAwSTFHMEUGA1UEAxM+NzRsaXVtenRzaTR3NHpieHdnYXBuM29rMnZmY2FzeGx1ajdkamZnZzZqenZ1Zm9oZnVmbnljYWQub25pb24wWTATBgcqhkjOPQIBBggqhkjOPQMBBwNCAARkis+vRRj55wPofAsnqogdQJ9cswjXY+mghUo4MrLNneX92bxSMOp0C6mlH8RAzlOsdFs53yDXVn4W8PrIC9AdoIICJTAuBgkqhkiG9w0BCQ4xITAfMB0GA1UdDgQWBBSzaZiL7t1QdBpWxislFO3Gh61hjDCCAUcGCSqGSIb3DQEJDDGCATgEggE0InyPnWtRIGwri45rJnHiUKRXC44BCaSBY1a05jxw2zC8hvQaqFqPen37UORsSYAJh4S4RC7ZgM2QjR7h5zadwt3tjbDsdEFho1z6idXD9iyvwqCbB29cx0nWeWk9U8BS8zAptGzIPj5fuOEZN+pJt0FSJl9BmQGV052jP1Ji+vB2rjQrIf3FHsymL5ttO5znTs7UisJhRoxC18a61y+WOgsNXUAwT2TD0kzAiPjUkgIzpDM1zuD7wrlT3obU/DaqoNFgr0vSoe9QS7gapuVnZ0SvJtxJzweEWTUigEcldUeE4Y1qy6GJ4ctYzEeavpJgZDdDwMqPrd5KiNqYAdI+hpEkKLn7ufK1mmBVq1437F81OK4OPdNrqSTYZeF577zInpB/GxXcNyKfhZThCkZBFvN7V9UwIAYKKwYBBAGDjBsCATESExB1c2VyLWpvaW5pbmctMS0xMD0GCSsGAQIBDwMBATEwEy5RbWJrR1BWMVVnUFM3Yjg1ODhIQW9tVGlqbW9qdUtYak5ZYk1nWjZQZ1F0Z3NoMEcGA1UdETFAEz43NGxpdW16dHNpNHc0emJ4d2dhcG4zb2sydmZjYXN4bHVqN2RqZmdnNmp6dnVmb2hmdWZueWNhZC5vbmlvbjAKBggqhkjOPQQDAgNHADBEAiA0v1FpJiZO7V7lO/xfAPHkL2o8SQOzhyj/npttxvbm3wIgV7tNC9FrP2wHhfFSbyFkI9ETI7vSJB+Fqn6y2byZW/Q='
    ]
[2m[22m
[2m      [2mat Socket.<anonymous> ([22m[2msrc/utils.ts[2m:159:15)[22m[2m[22m
  [2mconsole.log[22m
    [e2e_6q0pv39bdzw0]: 2024-03-22T21:05:04.677Z backend:ConnectionsManagerService Storage - csrsStored
[2m[22m
[2m      [2mat Socket.<anonymous> ([22m[2msrc/utils.ts[2m:159:15)[22m[2m[22m
  [2mconsole.log[22m
    [e2e_6q0pv39bdzw0]: 2024-03-22T21:05:04.678Z backend:StorageService csrs count: 6
[2m[22m
[2m      [2mat Socket.<anonymous> ([22m[2msrc/utils.ts[2m:159:15)[22m[2m[22m
  [2mconsole.log[22m
    stdout:
    updatePeersList, peers count: 6
[2m[22m
[2m      [2mat Socket.<anonymous> ([22m[2msrc/utils.ts[2m:149:15)[22m[2m[22m
  [2mconsole.log[22m
    [e2e_6q0pv39bdzw0]: 2024-03-22T21:05:04.681Z backend:Libp2pService Dialing 1 addresses
    2024-03-22T21:05:04.681Z backend:ProcessInChunksService Updating data with 1 items
    2024-03-22T21:05:04.681Z backend:ProcessInChunksService Processing 1 items
[2m[22m
[2m      [2mat Socket.<anonymous> ([22m[2msrc/utils.ts[2m:159:15)[22m[2m[22m
  [2mconsole.log[22m
    [e2e_6q0pv39bdzw0]: 2024-03-22T21:05:04.682Z backend:RegistrationService Trying to issue certificates false [
      {
        csrs: [
          'MIIDIjCCAscCAQAwSTFHMEUGA1UEAxM+Mm90d2pyc3gzcGNmNmR2amhlb2w2djJ4Y3VpNm42cW40cmZraXBlMm9oM3Z5aWJpemlyNDZkaWQub25pb24wWTATBgcqhkjOPQIBBggqhkjOPQMBBwNCAASAyz/RAv61EQ7fSy3WbndIpaX9zi+r2BPNsF7eh2TyzlNUIqZ+ZGBrDPOP4ea+lYwAGYc0obSJgwiFRataRarIoIICGjAuBgkqhkiG9w0BCQ4xITAfMB0GA1UdDgQWBBRAQ+c+nMaAWHjxud5tJL3peqMp1zCCAUcGCSqGSIb3DQEJDDGCATgEggE0FVgLbFaN+gKO4Aqfjs/gNPtz+V9vgnwmOEuIipHYSyEyiZL7PmRutx07890ws44SwLYEKDBavLKfF1aSa1MOLps/bMWW2DDOngTVGyaWufh8OaBzxGIL3815BZLJF9VTgEuyJbOq3+XLZMj2fdEjXHTRvYURKZtc/O7FHYG5mOc7QTwkXd9jQ8tMYZ85wWJdR3ZLGWYfnrrplQTdkAq9H7DEH4OTypJSYjvhMBrDAZeFOe1nHVkJU14sO2x1rc9X1GQMYmLC4WxLcwdcyUh1aXOEev3VprQRQjaFznk0UHK33rn1q16YE5zc+3hhF03FOGSos8DMyQy3o10/p1fOI9oVSkFpKlx5OyZXz1uG6Utmt8htptEr4rE4jm9y6+r5DXm5nIjSZIbNgXh9boxyX7KvOkkwFQYKKwYBBAGDjBsCATEHEwVvd25lcjA9BgkrBgECAQ8DAQExMBMuUW1UcE5taXhzZlVTSEJtM3ZXdnZ1VGtndDJIZFhjMXNZaUJSdzRwTVJuODhHUjBHBgNVHRExQBM+Mm90d2pyc3gzcGNmNmR2amhlb2w2djJ4Y3VpNm42cW40cmZraXBlMm9oM3Z5aWJpemlyNDZkaWQub25pb24wCgYIKoZIzj0EAwIDSQAwRgIhAOK6Uac+lomfbGsOpT+M1/mZLNGmQ6uPXE4blwkpyla2AiEApkT1IJjfMgcYl613arLQ4nUrieyCoz8W8U+EWt1HhGM=',
          'MIIDKjCCAtACAQAwSTFHMEUGA1UEAxM+aWx5bTJleXB0eTVnbWFzcnB3djV0bjI1aWhsNnp3YnU3dDN5aXM3aTNhbzNwamRlbXR3NXAyYWQub25pb24wWTATBgcqhkjOPQIBBggqhkjOPQMBBwNCAASAc6Q7kSitT6fyLxEFZGkuuzNa9jtKyJR7X+dlJEEmw5Lt9tZZh33x2EjtrubvNXQ6o2Ok0bbirf38mNxlDpvYoIICIzAuBgkqhkiG9w0BCQ4xITAfMB0GA1UdDgQWBBSq+CkgQPuUKSTjGI+UdK61eLe3xzCCAUcGCSqGSIb3DQEJDDGCATgEggE0LxHEGHtvKSiDcFtzFUkCL4n71xN5ZfTPdAbFO34bUN1lRH9B8vVRIllPt7t78Us1jAQc0SbkZj/lmZdb/FlgjytUXwQCyU/4P+/XWsScrvD5iOkhipLZ9OBC6Z+Kxr8gHijlP8E/2VEDWp2TEI4y4PalusR0aiEkMK9G+aFPenTi6/7oUDZa5ePoBlSn4dtDiMkb9WT9fTv4W033G1PhszK8SEV7gM0ZlHyrt9vsThXW46jW1UhJfUZfQ4IzUAHZyfKlhux2mG3PIshCDI3fVIIu72b1YKV7ixkY39G8cq3B8pjCk7wLpVop7Bz8Ke9lf0qRL/cTsBcRYv5pH1B8L16tCHA/ZnYupxd++5vygxoK/F96rU5YuNpG2Xc4YhfW7/7u/CRECz1pIinU7Eanm0OPKUIwHgYKKwYBBAGDjBsCATEQEw51c2VyLWpvaW5pbmctMTA9BgkrBgECAQ8DAQExMBMuUW1aTFc2eTVtOGJyb1l1dEc0b2cyeW1YUlpVRGN4VmhkZ0hoaUtZS2hxdVVOcDBHBgNVHRExQBM+aWx5bTJleXB0eTVnbWFzcnB3djV0bjI1aWhsNnp3YnU3dDN5aXM3aTNhbzNwamRlbXR3NXAyYWQub25pb24wCgYIKoZIzj0EAwIDSAAwRQIhAJclKaxQLhPy8NHDIbipEmjrVtOqp7aXhzB9Wu8r3T/LAiB7+RGRT1sFjUy5Wk+IZTZ7I3xf1gi+PN9FCRngURsyyA==',
          'MIIDKTCCAtACAQAwSTFHMEUGA1UEAxM+ZTU3NmtyZ3YzeDdoeGVqd3lmYjR2Zml5eHdsbWdmNnUycTY0YW5nZ2J3c25ucnBlYzN1YmZvaWQub25pb24wWTATBgcqhkjOPQIBBggqhkjOPQMBBwNCAATnIhoeFv4HceoeOzC6x/n9E2zNgU18QQpohtiQIYs9qZtdpgQjOOHh98Nb0c6ix4Tf+Y5yBphKqhBZHTx/c60+oIICIzAuBgkqhkiG9w0BCQ4xITAfMB0GA1UdDgQWBBRPXKXKd+B8grn50ArRUFGbIm6h4jCCAUcGCSqGSIb3DQEJDDGCATgEggE0D9hxS1q2dIOXzWjJAaB3Q4YeSP8hPt9hx8BAEIeRiNOl0vbCcXBFibDmk2Bpu+vGd0ABl6SCCSew/ClC8nuU3o+ae6cefNC19thDGRv3RdxkvOMmZndXCuML5gwmCXGIvwG/lc0W8Vv03FCDC2vbWSGo+njmtEaEQTsZwrCl/TRQeWHGiB2sCXkH/DXueXByPKBgRMDqGcpmV2IhOsTuHF/7Cx5KT70CBIYw/JzJ2QjptZXlUtTiQ/cm/bpk+iHUmrn5JT70rQ0JNypYWl6BVEXHpyEEKwEb+HfyuJfinyk8j/WS+1zRTOFmx3XudtVlg/HrqHtO846ab44fMYmIeuLz2yd5h6MBi2urphuABlFaUqd2LbUYK0G4xL2WG+Ai5fE9Sbh8ZmGws5HCWHpvGhOmTkkwHgYKKwYBBAGDjBsCATEQEw51c2VyLWpvaW5pbmctMjA9BgkrBgECAQ8DAQExMBMuUW1RR0dzUGs4djFzeTNvQXdBMmVjZ2I2SldrMVhWekI4VTd2c0ZCMWREZlczYjBHBgNVHRExQBM+ZTU3NmtyZ3YzeDdoeGVqd3lmYjR2Zml5eHdsbWdmNnUycTY0YW5nZ2J3c25ucnBlYzN1YmZvaWQub25pb24wCgYIKoZIzj0EAwIDRwAwRAIgXQIcKPTyXTWAGWH4UiykpIBw/cO1T5rn5s08fTpXkYgCICCjjLNI3W4uZyyF0qHf0dmHG3turzM5SH19Qt/pAXwG',
          'MIIDKzCCAtICAQAwSTFHMEUGA1UEAxM+NzRsaXVtenRzaTR3NHpieHdnYXBuM29rMnZmY2FzeGx1ajdkamZnZzZqenZ1Zm9oZnVmbnljYWQub25pb24wWTATBgcqhkjOPQIBBggqhkjOPQMBBwNCAARkis+vRRj55wPofAsnqogdQJ9cswjXY+mghUo4MrLNneX92bxSMOp0C6mlH8RAzlOsdFs53yDXVn4W8PrIC9AdoIICJTAuBgkqhkiG9w0BCQ4xITAfMB0GA1UdDgQWBBSzaZiL7t1QdBpWxislFO3Gh61hjDCCAUcGCSqGSIb3DQEJDDGCATgEggE0InyPnWtRIGwri45rJnHiUKRXC44BCaSBY1a05jxw2zC8hvQaqFqPen37UORsSYAJh4S4RC7ZgM2QjR7h5zadwt3tjbDsdEFho1z6idXD9iyvwqCbB29cx0nWeWk9U8BS8zAptGzIPj5fuOEZN+pJt0FSJl9BmQGV052jP1Ji+vB2rjQrIf3FHsymL5ttO5znTs7UisJhRoxC18a61y+WOgsNXUAwT2TD0kzAiPjUkgIzpDM1zuD7wrlT3obU/DaqoNFgr0vSoe9QS7gapuVnZ0SvJtxJzweEWTUigEcldUeE4Y1qy6GJ4ctYzEeavpJgZDdDwMqPrd5KiNqYAdI+hpEkKLn7ufK1mmBVq1437F81OK4OPdNrqSTYZeF577zInpB/GxXcNyKfhZThCkZBFvN7V9UwIAYKKwYBBAGDjBsCATESExB1c2VyLWpvaW5pbmctMS0xMD0GCSsGAQIBDwMBATEwEy5RbWJrR1BWMVVnUFM3Yjg1ODhIQW9tVGlqbW9qdUtYak5ZYk1nWjZQZ1F0Z3NoMEcGA1UdETFAEz43NGxpdW16dHNpNHc0emJ4d2dhcG4zb2sydmZjYXN4bHVqN2RqZmdnNmp6dnVmb2hmdWZueWNhZC5vbmlvbjAKBggqhkjOPQQDAgNHADBEAiA0v1FpJiZO7V7lO/xfAPHkL2o8SQOzhyj/npttxvbm3wIgV7tNC9FrP2wHhfFSbyFkI9ETI7vSJB+Fqn6y2byZW/Q='
        ]
      }
    ]
[2m[22m
[2m      [2mat Socket.<anonymous> ([22m[2msrc/utils.ts[2m:159:15)[22m[2m[22m
  [2mconsole.log[22m
    [e2e_6q0pv39bdzw0]: 2024-03-22T21:05:04.682Z backend:RegistrationService Issuing certificates {
      csrs: [
        'MIIDIjCCAscCAQAwSTFHMEUGA1UEAxM+Mm90d2pyc3gzcGNmNmR2amhlb2w2djJ4Y3VpNm42cW40cmZraXBlMm9oM3Z5aWJpemlyNDZkaWQub25pb24wWTATBgcqhkjOPQIBBggqhkjOPQMBBwNCAASAyz/RAv61EQ7fSy3WbndIpaX9zi+r2BPNsF7eh2TyzlNUIqZ+ZGBrDPOP4ea+lYwAGYc0obSJgwiFRataRarIoIICGjAuBgkqhkiG9w0BCQ4xITAfMB0GA1UdDgQWBBRAQ+c+nMaAWHjxud5tJL3peqMp1zCCAUcGCSqGSIb3DQEJDDGCATgEggE0FVgLbFaN+gKO4Aqfjs/gNPtz+V9vgnwmOEuIipHYSyEyiZL7PmRutx07890ws44SwLYEKDBavLKfF1aSa1MOLps/bMWW2DDOngTVGyaWufh8OaBzxGIL3815BZLJF9VTgEuyJbOq3+XLZMj2fdEjXHTRvYURKZtc/O7FHYG5mOc7QTwkXd9jQ8tMYZ85wWJdR3ZLGWYfnrrplQTdkAq9H7DEH4OTypJSYjvhMBrDAZeFOe1nHVkJU14sO2x1rc9X1GQMYmLC4WxLcwdcyUh1aXOEev3VprQRQjaFznk0UHK33rn1q16YE5zc+3hhF03FOGSos8DMyQy3o10/p1fOI9oVSkFpKlx5OyZXz1uG6Utmt8htptEr4rE4jm9y6+r5DXm5nIjSZIbNgXh9boxyX7KvOkkwFQYKKwYBBAGDjBsCATEHEwVvd25lcjA9BgkrBgECAQ8DAQExMBMuUW1UcE5taXhzZlVTSEJtM3ZXdnZ1VGtndDJIZFhjMXNZaUJSdzRwTVJuODhHUjBHBgNVHRExQBM+Mm90d2pyc3gzcGNmNmR2amhlb2w2djJ4Y3VpNm42cW40cmZraXBlMm9oM3Z5aWJpemlyNDZkaWQub25pb24wCgYIKoZIzj0EAwIDSQAwRgIhAOK6Uac+lomfbGsOpT+M1/mZLNGmQ6uPXE4blwkpyla2AiEApkT1IJjfMgcYl613arLQ4nUrieyCoz8W8U+EWt1HhGM=',
        'MIIDKjCCAtACAQAwSTFHMEUGA1UEAxM+aWx5bTJleXB0eTVnbWFzcnB3djV0bjI1aWhsNnp3YnU3dDN5aXM3aTNhbzNwamRlbXR3NXAyYWQub25pb24wWTATBgcqhkjOPQIBBggqhkjOPQMBBwNCAASAc6Q7kSitT6fyLxEFZGkuuzNa9jtKyJR7X+dlJEEmw5Lt9tZZh33x2EjtrubvNXQ6o2Ok0bbirf38mNxlDpvYoIICIzAuBgkqhkiG9w0BCQ4xITAfMB0GA1UdDgQWBBSq+CkgQPuUKSTjGI+UdK61eLe3xzCCAUcGCSqGSIb3DQEJDDGCATgEggE0LxHEGHtvKSiDcFtzFUkCL4n71xN5ZfTPdAbFO34bUN1lRH9B8vVRIllPt7t78Us1jAQc0SbkZj/lmZdb/FlgjytUXwQCyU/4P+/XWsScrvD5iOkhipLZ9OBC6Z+Kxr8gHijlP8E/2VEDWp2TEI4y4PalusR0aiEkMK9G+aFPenTi6/7oUDZa5ePoBlSn4dtDiMkb9WT9fTv4W033G1PhszK8SEV7gM0ZlHyrt9vsThXW46jW1UhJfUZfQ4IzUAHZyfKlhux2mG3PIshCDI3fVIIu72b1YKV7ixkY39G8cq3B8pjCk7wLpVop7Bz8Ke9lf0qRL/cTsBcRYv5pH1B8L16tCHA/ZnYupxd++5vygxoK/F96rU5YuNpG2Xc4YhfW7/7u/CRECz1pIinU7Eanm0OPKUIwHgYKKwYBBAGDjBsCATEQEw51c2VyLWpvaW5pbmctMTA9BgkrBgECAQ8DAQExMBMuUW1aTFc2eTVtOGJyb1l1dEc0b2cyeW1YUlpVRGN4VmhkZ0hoaUtZS2hxdVVOcDBHBgNVHRExQBM+aWx5bTJleXB0eTVnbWFzcnB3djV0bjI1aWhsNnp3YnU3dDN5aXM3aTNhbzNwamRlbXR3NXAyYWQub25pb24wCgYIKoZIzj0EAwIDSAAwRQIhAJclKaxQLhPy8NHDIbipEmjrVtOqp7aXhzB9Wu8r3T/LAiB7+RGRT1sFjUy5Wk+IZTZ7I3xf1gi+PN9FCRngURsyyA==',
        'MIIDKTCCAtACAQAwSTFHMEUGA1UEAxM+ZTU3NmtyZ3YzeDdoeGVqd3lmYjR2Zml5eHdsbWdmNnUycTY0YW5nZ2J3c25ucnBlYzN1YmZvaWQub25pb24wWTATBgcqhkjOPQIBBggqhkjOPQMBBwNCAATnIhoeFv4HceoeOzC6x/n9E2zNgU18QQpohtiQIYs9qZtdpgQjOOHh98Nb0c6ix4Tf+Y5yBphKqhBZHTx/c60+oIICIzAuBgkqhkiG9w0BCQ4xITAfMB0GA1UdDgQWBBRPXKXKd+B8grn50ArRUFGbIm6h4jCCAUcGCSqGSIb3DQEJDDGCATgEggE0D9hxS1q2dIOXzWjJAaB3Q4YeSP8hPt9hx8BAEIeRiNOl0vbCcXBFibDmk2Bpu+vGd0ABl6SCCSew/ClC8nuU3o+ae6cefNC19thDGRv3RdxkvOMmZndXCuML5gwmCXGIvwG/lc0W8Vv03FCDC2vbWSGo+njmtEaEQTsZwrCl/TRQeWHGiB2sCXkH/DXueXByPKBgRMDqGcpmV2IhOsTuHF/7Cx5KT70CBIYw/JzJ2QjptZXlUtTiQ/cm/bpk+iHUmrn5JT70rQ0JNypYWl6BVEXHpyEEKwEb+HfyuJfinyk8j/WS+1zRTOFmx3XudtVlg/HrqHtO846ab44fMYmIeuLz2yd5h6MBi2urphuABlFaUqd2LbUYK0G4xL2WG+Ai5fE9Sbh8ZmGws5HCWHpvGhOmTkkwHgYKKwYBBAGDjBsCATEQEw51c2VyLWpvaW5pbmctMjA9BgkrBgECAQ8DAQExMBMuUW1RR0dzUGs4djFzeTNvQXdBMmVjZ2I2SldrMVhWekI4VTd2c0ZCMWREZlczYjBHBgNVHRExQBM+ZTU3NmtyZ3YzeDdoeGVqd3lmYjR2Zml5eHdsbWdmNnUycTY0YW5nZ2J3c25ucnBlYzN1YmZvaWQub25pb24wCgYIKoZIzj0EAwIDRwAwRAIgXQIcKPTyXTWAGWH4UiykpIBw/cO1T5rn5s08fTpXkYgCICCjjLNI3W4uZyyF0qHf0dmHG3turzM5SH19Qt/pAXwG',
        'MIIDKzCCAtICAQAwSTFHMEUGA1UEAxM+NzRsaXVtenRzaTR3NHpieHdnYXBuM29rMnZmY2FzeGx1ajdkamZnZzZqenZ1Zm9oZnVmbnljYWQub25pb24wWTATBgcqhkjOPQIBBggqhkjOPQMBBwNCAARkis+vRRj55wPofAsnqogdQJ9cswjXY+mghUo4MrLNneX92bxSMOp0C6mlH8RAzlOsdFs53yDXVn4W8PrIC9AdoIICJTAuBgkqhkiG9w0BCQ4xITAfMB0GA1UdDgQWBBSzaZiL7t1QdBpWxislFO3Gh61hjDCCAUcGCSqGSIb3DQEJDDGCATgEggE0InyPnWtRIGwri45rJnHiUKRXC44BCaSBY1a05jxw2zC8hvQaqFqPen37UORsSYAJh4S4RC7ZgM2QjR7h5zadwt3tjbDsdEFho1z6idXD9iyvwqCbB29cx0nWeWk9U8BS8zAptGzIPj5fuOEZN+pJt0FSJl9BmQGV052jP1Ji+vB2rjQrIf3FHsymL5ttO5znTs7UisJhRoxC18a61y+WOgsNXUAwT2TD0kzAiPjUkgIzpDM1zuD7wrlT3obU/DaqoNFgr0vSoe9QS7gapuVnZ0SvJtxJzweEWTUigEcldUeE4Y1qy6GJ4ctYzEeavpJgZDdDwMqPrd5KiNqYAdI+hpEkKLn7ufK1mmBVq1437F81OK4OPdNrqSTYZeF577zInpB/GxXcNyKfhZThCkZBFvN7V9UwIAYKKwYBBAGDjBsCATESExB1c2VyLWpvaW5pbmctMS0xMD0GCSsGAQIBDwMBATEwEy5RbWJrR1BWMVVnUFM3Yjg1ODhIQW9tVGlqbW9qdUtYak5ZYk1nWjZQZ1F0Z3NoMEcGA1UdETFAEz43NGxpdW16dHNpNHc0emJ4d2dhcG4zb2sydmZjYXN4bHVqN2RqZmdnNmp6dnVmb2hmdWZueWNhZC5vbmlvbjAKBggqhkjOPQQDAgNHADBEAiA0v1FpJiZO7V7lO/xfAPHkL2o8SQOzhyj/npttxvbm3wIgV7tNC9FrP2wHhfFSbyFkI9ETI7vSJB+Fqn6y2byZW/Q='
      ]
    }
    2024-03-22T21:05:04.682Z backend:StorageService Loading all certificates
[2m[22m
[2m      [2mat Socket.<anonymous> ([22m[2msrc/utils.ts[2m:159:15)[22m[2m[22m
  [2mconsole.log[22m
    [e2e_6q0pv39bdzw0]: 2024-03-22T21:05:04.688Z backend:CertificatesRequestsStore DuplicatedCertBug {
      validation: true,
      csr: 'MIIDIjCCAscCAQAwSTFHMEUGA1UEAxM+Mm90d2pyc3gzcGNmNmR2amhlb2w2djJ4Y3VpNm42cW40cmZraXBlMm9oM3Z5aWJpemlyNDZkaWQub25pb24wWTATBgcqhkjOPQIBBggqhkjOPQMBBwNCAASAyz/RAv61EQ7fSy3WbndIpaX9zi+r2BPNsF7eh2TyzlNUIqZ+ZGBrDPOP4ea+lYwAGYc0obSJgwiFRataRarIoIICGjAuBgkqhkiG9w0BCQ4xITAfMB0GA1UdDgQWBBRAQ+c+nMaAWHjxud5tJL3peqMp1zCCAUcGCSqGSIb3DQEJDDGCATgEggE0FVgLbFaN+gKO4Aqfjs/gNPtz+V9vgnwmOEuIipHYSyEyiZL7PmRutx07890ws44SwLYEKDBavLKfF1aSa1MOLps/bMWW2DDOngTVGyaWufh8OaBzxGIL3815BZLJF9VTgEuyJbOq3+XLZMj2fdEjXHTRvYURKZtc/O7FHYG5mOc7QTwkXd9jQ8tMYZ85wWJdR3ZLGWYfnrrplQTdkAq9H7DEH4OTypJSYjvhMBrDAZeFOe1nHVkJU14sO2x1rc9X1GQMYmLC4WxLcwdcyUh1aXOEev3VprQRQjaFznk0UHK33rn1q16YE5zc+3hhF03FOGSos8DMyQy3o10/p1fOI9oVSkFpKlx5OyZXz1uG6Utmt8htptEr4rE4jm9y6+r5DXm5nIjSZIbNgXh9boxyX7KvOkkwFQYKKwYBBAGDjBsCATEHEwVvd25lcjA9BgkrBgECAQ8DAQExMBMuUW1UcE5taXhzZlVTSEJtM3ZXdnZ1VGtndDJIZFhjMXNZaUJSdzRwTVJuODhHUjBHBgNVHRExQBM+Mm90d2pyc3gzcGNmNmR2amhlb2w2djJ4Y3VpNm42cW40cmZraXBlMm9oM3Z5aWJpemlyNDZkaWQub25pb24wCgYIKoZIzj0EAwIDSQAwRgIhAOK6Uac+lomfbGsOpT+M1/mZLNGmQ6uPXE4blwkpyla2AiEApkT1IJjfMgcYl613arLQ4nUrieyCoz8W8U+EWt1HhGM='
    }
[2m[22m
[2m      [2mat Socket.<anonymous> ([22m[2msrc/utils.ts[2m:159:15)[22m[2m[22m
  [2mconsole.log[22m
    [e2e_6q0pv39bdzw0]: 2024-03-22T21:05:04.688Z backend:CertificatesRequestsStore DuplicatedCertBug {
      validation: true,
      csr: 'MIIDKjCCAtACAQAwSTFHMEUGA1UEAxM+aWx5bTJleXB0eTVnbWFzcnB3djV0bjI1aWhsNnp3YnU3dDN5aXM3aTNhbzNwamRlbXR3NXAyYWQub25pb24wWTATBgcqhkjOPQIBBggqhkjOPQMBBwNCAASAc6Q7kSitT6fyLxEFZGkuuzNa9jtKyJR7X+dlJEEmw5Lt9tZZh33x2EjtrubvNXQ6o2Ok0bbirf38mNxlDpvYoIICIzAuBgkqhkiG9w0BCQ4xITAfMB0GA1UdDgQWBBSq+CkgQPuUKSTjGI+UdK61eLe3xzCCAUcGCSqGSIb3DQEJDDGCATgEggE0LxHEGHtvKSiDcFtzFUkCL4n71xN5ZfTPdAbFO34bUN1lRH9B8vVRIllPt7t78Us1jAQc0SbkZj/lmZdb/FlgjytUXwQCyU/4P+/XWsScrvD5iOkhipLZ9OBC6Z+Kxr8gHijlP8E/2VEDWp2TEI4y4PalusR0aiEkMK9G+aFPenTi6/7oUDZa5ePoBlSn4dtDiMkb9WT9fTv4W033G1PhszK8SEV7gM0ZlHyrt9vsThXW46jW1UhJfUZfQ4IzUAHZyfKlhux2mG3PIshCDI3fVIIu72b1YKV7ixkY39G8cq3B8pjCk7wLpVop7Bz8Ke9lf0qRL/cTsBcRYv5pH1B8L16tCHA/ZnYupxd++5vygxoK/F96rU5YuNpG2Xc4YhfW7/7u/CRECz1pIinU7Eanm0OPKUIwHgYKKwYBBAGDjBsCATEQEw51c2VyLWpvaW5pbmctMTA9BgkrBgECAQ8DAQExMBMuUW1aTFc2eTVtOGJyb1l1dEc0b2cyeW1YUlpVRGN4VmhkZ0hoaUtZS2hxdVVOcDBHBgNVHRExQBM+aWx5bTJleXB0eTVnbWFzcnB3djV0bjI1aWhsNnp3YnU3dDN5aXM3aTNhbzNwamRlbXR3NXAyYWQub25pb24wCgYIKoZIzj0EAwIDSAAwRQIhAJclKaxQLhPy8NHDIbipEmjrVtOqp7aXhzB9Wu8r3T/LAiB7+RGRT1sFjUy5Wk+IZTZ7I3xf1gi+PN9FCRngURsyyA=='
    }
    2024-03-22T21:05:04.688Z backend:CertificatesRequestsStore DuplicatedCertBug {
      validation: true,
      csr: 'MIIDKjCCAtACAQAwSTFHMEUGA1UEAxM+ZTU3NmtyZ3YzeDdoeGVqd3lmYjR2Zml5eHdsbWdmNnUycTY0YW5nZ2J3c25ucnBlYzN1YmZvaWQub25pb24wWTATBgcqhkjOPQIBBggqhkjOPQMBBwNCAATnIhoeFv4HceoeOzC6x/n9E2zNgU18QQpohtiQIYs9qZtdpgQjOOHh98Nb0c6ix4Tf+Y5yBphKqhBZHTx/c60+oIICIzAuBgkqhkiG9w0BCQ4xITAfMB0GA1UdDgQWBBRPXKXKd+B8grn50ArRUFGbIm6h4jCCAUcGCSqGSIb3DQEJDDGCATgEggE0D9hxS1q2dIOXzWjJAaB3Q4YeSP8hPt9hx8BAEIeRiNOl0vbCcXBFibDmk2Bpu+vGd0ABl6SCCSew/ClC8nuU3o+ae6cefNC19thDGRv3RdxkvOMmZndXCuML5gwmCXGIvwG/lc0W8Vv03FCDC2vbWSGo+njmtEaEQTsZwrCl/TRQeWHGiB2sCXkH/DXueXByPKBgRMDqGcpmV2IhOsTuHF/7Cx5KT70CBIYw/JzJ2QjptZXlUtTiQ/cm/bpk+iHUmrn5JT70rQ0JNypYWl6BVEXHpyEEKwEb+HfyuJfinyk8j/WS+1zRTOFmx3XudtVlg/HrqHtO846ab44fMYmIeuLz2yd5h6MBi2urphuABlFaUqd2LbUYK0G4xL2WG+Ai5fE9Sbh8ZmGws5HCWHpvGhOmTkkwHgYKKwYBBAGDjBsCATEQEw51c2VyLWpvaW5pbmctMTA9BgkrBgECAQ8DAQExMBMuUW1RR0dzUGs4djFzeTNvQXdBMmVjZ2I2SldrMVhWekI4VTd2c0ZCMWREZlczYjBHBgNVHRExQBM+ZTU3NmtyZ3YzeDdoeGVqd3lmYjR2Zml5eHdsbWdmNnUycTY0YW5nZ2J3c25ucnBlYzN1YmZvaWQub25pb24wCgYIKoZIzj0EAwIDSAAwRQIgag3Elvsz6Cfm3OGkt5j5BjTvItNqKyKd4FRzlDovpyYCIQCLRWqVmjQrYkMO4om3ktje5V8LLKfuCUzcT/eO+7T+ew=='
    }
    2024-03-22T21:05:04.688Z backend:CertificatesRequestsStore DuplicatedCertBug {
      validation: true,
      csr: 'MIIDKTCCAtACAQAwSTFHMEUGA1UEAxM+ZTU3NmtyZ3YzeDdoeGVqd3lmYjR2Zml5eHdsbWdmNnUycTY0YW5nZ2J3c25ucnBlYzN1YmZvaWQub25pb24wWTATBgcqhkjOPQIBBggqhkjOPQMBBwNCAATnIhoeFv4HceoeOzC6x/n9E2zNgU18QQpohtiQIYs9qZtdpgQjOOHh98Nb0c6ix4Tf+Y5yBphKqhBZHTx/c60+oIICIzAuBgkqhkiG9w0BCQ4xITAfMB0GA1UdDgQWBBRPXKXKd+B8grn50ArRUFGbIm6h4jCCAUcGCSqGSIb3DQEJDDGCATgEggE0D9hxS1q2dIOXzWjJAaB3Q4YeSP8hPt9hx8BAEIeRiNOl0vbCcXBFibDmk2Bpu+vGd0ABl6SCCSew/ClC8nuU3o+ae6cefNC19thDGRv3RdxkvOMmZndXCuML5gwmCXGIvwG/lc0W8Vv03FCDC2vbWSGo+njmtEaEQTsZwrCl/TRQeWHGiB2sCXkH/DXueXByPKBgRMDqGcpmV2IhOsTuHF/7Cx5KT70CBIYw/JzJ2QjptZXlUtTiQ/cm/bpk+iHUmrn5JT70rQ0JNypYWl6BVEXHpyEEKwEb+HfyuJfinyk8j/WS+1zRTOFmx3XudtVlg/HrqHtO846ab44fMYmIeuLz2yd5h6MBi2urphuABlFaUqd2LbUYK0G4xL2WG+Ai5fE9Sbh8ZmGws5HCWHpvGhOmTkkwHgYKKwYBBAGDjBsCATEQEw51c2VyLWpvaW5pbmctMjA9BgkrBgECAQ8DAQExMBMuUW1RR0dzUGs4djFzeTNvQXdBMmVjZ2I2SldrMVhWekI4VTd2c0ZCMWREZlczYjBHBgNVHRExQBM+ZTU3NmtyZ3YzeDdoeGVqd3lmYjR2Zml5eHdsbWdmNnUycTY0YW5nZ2J3c25ucnBlYzN1YmZvaWQub25pb24wCgYIKoZIzj0EAwIDRwAwRAIgXQIcKPTyXTWAGWH4UiykpIBw/cO1T5rn5s08fTpXkYgCICCjjLNI3W4uZyyF0qHf0dmHG3turzM5SH19Qt/pAXwG'
    }
    2024-03-22T21:05:04.688Z backend:CertificatesRequestsStore DuplicatedCertBug {
      validation: true,
      csr: 'MIIDKzCCAtICAQAwSTFHMEUGA1UEAxM+NzRsaXVtenRzaTR3NHpieHdnYXBuM29rMnZmY2FzeGx1ajdkamZnZzZqenZ1Zm9oZnVmbnljYWQub25pb24wWTATBgcqhkjOPQIBBggqhkjOPQMBBwNCAARkis+vRRj55wPofAsnqogdQJ9cswjXY+mghUo4MrLNneX92bxSMOp0C6mlH8RAzlOsdFs53yDXVn4W8PrIC9AdoIICJTAuBgkqhkiG9w0BCQ4xITAfMB0GA1UdDgQWBBSzaZiL7t1QdBpWxislFO3Gh61hjDCCAUcGCSqGSIb3DQEJDDGCATgEggE0InyPnWtRIGwri45rJnHiUKRXC44BCaSBY1a05jxw2zC8hvQaqFqPen37UORsSYAJh4S4RC7ZgM2QjR7h5zadwt3tjbDsdEFho1z6idXD9iyvwqCbB29cx0nWeWk9U8BS8zAptGzIPj5fuOEZN+pJt0FSJl9BmQGV052jP1Ji+vB2rjQrIf3FHsymL5ttO5znTs7UisJhRoxC18a61y+WOgsNXUAwT2TD0kzAiPjUkgIzpDM1zuD7wrlT3obU/DaqoNFgr0vSoe9QS7gapuVnZ0SvJtxJzweEWTUigEcldUeE4Y1qy6GJ4ctYzEeavpJgZDdDwMqPrd5KiNqYAdI+hpEkKLn7ufK1mmBVq1437F81OK4OPdNrqSTYZeF577zInpB/GxXcNyKfhZThCkZBFvN7V9UwIAYKKwYBBAGDjBsCATESExB1c2VyLWpvaW5pbmctMS0xMD0GCSsGAQIBDwMBATEwEy5RbWJrR1BWMVVnUFM3Yjg1ODhIQW9tVGlqbW9qdUtYak5ZYk1nWjZQZ1F0Z3NoMEcGA1UdETFAEz43NGxpdW16dHNpNHc0emJ4d2dhcG4zb2sydmZjYXN4bHVqN2RqZmdnNmp6dnVmb2hmdWZueWNhZC5vbmlvbjAKBggqhkjOPQQDAgNHADBEAiA0v1FpJiZO7V7lO/xfAPHkL2o8SQOzhyj/npttxvbm3wIgV7tNC9FrP2wHhfFSbyFkI9ETI7vSJB+Fqn6y2byZW/Q='
    }
[2m[22m
[2m      [2mat Socket.<anonymous> ([22m[2msrc/utils.ts[2m:159:15)[22m[2m[22m
  [2mconsole.log[22m
    [e2e_6q0pv39bdzw0]: 2024-03-22T21:05:04.689Z backend:libp2p:websockets connect 74liumztsi4w4zbxwgapn3ok2vfcasxluj7djfgg6jzvufohfufnycad.onion:80
[2m[22m
[2m      [2mat Socket.<anonymous> ([22m[2msrc/utils.ts[2m:159:15)[22m[2m[22m
  [2mconsole.log[22m
    [e2e_6q0pv39bdzw0]: 2024-03-22T21:05:04.691Z backend:LocalDbService Local peer /dns4/e576krgv3x7hxejwyfb4vfiyxwlmgf6u2q64anggbwsnnrpec3ubfoid.onion/tcp/80/ws/p2p/QmQGGsPk8v1sy3oAwA2ecgb6JWk1XVzB8U7vsFB1dDfW3b
[2m[22m
[2m      [2mat Socket.<anonymous> ([22m[2msrc/utils.ts[2m:159:15)[22m[2m[22m
  [2mconsole.log[22m
    [e2e_6q0pv39bdzw0]: 2024-03-22T21:05:04.692Z backend:CertificatesStore Loaded certificates to memory
[2m[22m
[2m      [2mat Socket.<anonymous> ([22m[2msrc/utils.ts[2m:159:15)[22m[2m[22m
  [2mconsole.log[22m
    [e2e_6q0pv39bdzw0]: 2024-03-22T21:05:04.692Z backend:CertificatesStore All certificates: 4
[2m[22m
[2m      [2mat Socket.<anonymous> ([22m[2msrc/utils.ts[2m:159:15)[22m[2m[22m
  [2mconsole.log[22m
    [e2e_6q0pv39bdzw0]: 2024-03-22T21:05:04.695Z backend:CertificatesStore DuplicatedCertBug {
      validation: true,
      certificate: 'MIIDiTCCAy+gAwIBAgIGAY5n+wJPMAoGCCqGSM49BAMCMBgxFjAUBgNVBAMTDXRlc3Rjb21tdW5pdHkwHhcNMjQwMzIyMjEwNDQ3WhcNMzAwMjAxMDUwMDAwWjBJMUcwRQYDVQQDEz43NGxpdW16dHNpNHc0emJ4d2dhcG4zb2sydmZjYXN4bHVqN2RqZmdnNmp6dnVmb2hmdWZueWNhZC5vbmlvbjBZMBMGByqGSM49AgEGCCqGSM49AwEHA0IABGSKz69FGPnnA+h8CyeqiB1An1yzCNdj6aCFSjgyss2d5f3ZvFIw6nQLqaUfxEDOU6x0WznfINdWfhbw+sgL0B2jggIyMIICLjAJBgNVHRMEAjAAMAsGA1UdDwQEAwIAgDAdBgNVHSUEFjAUBggrBgEFBQcDAgYIKwYBBQUHAwEwggFHBgkqhkiG9w0BCQwEggE4BIIBNCJ8j51rUSBsK4uOayZx4lCkVwuOAQmkgWNWtOY8cNswvIb0Gqhaj3p9+1DkbEmACYeEuEQu2YDNkI0e4ec2ncLd7Y2w7HRBYaNc+onVw/Ysr8KgmwdvXMdJ1nlpPVPAUvMwKbRsyD4+X7jhGTfqSbdBUiZfQZkBldOdoz9SYvrwdq40KyH9xR7Mpi+bbTuc507O1IrCYUaMQtfGutcvljoLDV1AME9kw9JMwIj41JICM6QzNc7g+8K5U96G1Pw2qqDRYK9L0qHvUEu4GqblZ2dErybcSc8HhFk1IoBHJXVHhOGNasuhieHLWMxHmr6SYGQ3Q8DKj63eSojamAHSPoaRJCi5+7nytZpgVateN+xfNTiuDj3Ta6kk2GXhee+8yJ6QfxsV3Dcin4WU4QpGQRbze1fVMCAGCisGAQQBg4wbAgEEEhMQdXNlci1qb2luaW5nLTEtMTA9BgkrBgECAQ8DAQEEMBMuUW1ia0dQVjFVZ1BTN2I4NTg4SEFvbVRpam1vanVLWGpOWWJNZ1o2UGdRdGdzaDBJBgNVHREEQjBAgj43NGxpdW16dHNpNHc0emJ4d2dhcG4zb2sydmZjYXN4bHVqN2RqZmdnNmp6dnVmb2hmdWZueWNhZC5vbmlvbjAKBggqhkjOPQQDAgNIADBFAiAHT9X84AmUkPgP2HlG+kQuMLzm3i2lPXJmI6II9sa0EAIhAIQIlizV0G+jG5hbKdsw+mis1MTHyI+pEsr2x3xVRByb'
    }
[2m[22m
[2m      [2mat Socket.<anonymous> ([22m[2msrc/utils.ts[2m:159:15)[22m[2m[22m
  [2mconsole.log[22m
    [e2e_6q0pv39bdzw0]: 2024-03-22T21:05:04.696Z backend:StorageService csrs count: 6
[2m[22m
[2m      [2mat Socket.<anonymous> ([22m[2msrc/utils.ts[2m:159:15)[22m[2m[22m
  [2mconsole.log[22m
    stdout:
    updatePeersList, peers count: 6
[2m[22m
[2m      [2mat Socket.<anonymous> ([22m[2msrc/utils.ts[2m:149:15)[22m[2m[22m
  [2mconsole.log[22m
    [e2e_6q0pv39bdzw0]: 2024-03-22T21:05:04.699Z backend:LocalDbService Local peer /dns4/e576krgv3x7hxejwyfb4vfiyxwlmgf6u2q64anggbwsnnrpec3ubfoid.onion/tcp/80/ws/p2p/QmQGGsPk8v1sy3oAwA2ecgb6JWk1XVzB8U7vsFB1dDfW3b
[2m[22m
[2m      [2mat Socket.<anonymous> ([22m[2msrc/utils.ts[2m:159:15)[22m[2m[22m
  [2mconsole.log[22m
    [e2e_6q0pv39bdzw0]: 2024-03-22T21:05:04.699Z backend:CertificatesStore Loaded certificates to memory
    2024-03-22T21:05:04.699Z backend:CertificatesStore All certificates: 4
    2024-03-22T21:05:04.699Z backend:CertificatesStore Valid certificates: 4
    2024-03-22T21:05:04.699Z backend:RegistrationService Not issuing certificates due to missing perms data
    2024-03-22T21:05:04.699Z backend:RegistrationService Finished issuing certificates
[2m[22m
[2m      [2mat Socket.<anonymous> ([22m[2msrc/utils.ts[2m:159:15)[22m[2m[22m
  [2mconsole.log[22m
    Waiting for user "user-joining-1-1" message "Nice to meet you again"
[2m[22m
[2m      [2mat Channel.waitForUserMessage ([22m[2msrc/selectors.ts[2m:342:13)[22m[2m[22m
  [2mconsole.log[22m
    Potential message with text: @user-joining-1-1 has joined and will be registered soon. 🎉 Learn more
[2m[22m
[2m      [2mat [22m[2msrc/selectors.ts[2m:347:17[22m[2m[22m
  [2mconsole.log[22m
    Potential message with text: Nice to meet you again
[2m[22m
[2m      [2mat [22m[2msrc/selectors.ts[2m:347:17[22m[2m[22m
  [2mconsole.log[22m
    Found message with matching text Nice to meet you again
[2m[22m
[2m      [2mat [22m[2msrc/selectors.ts[2m:349:19[22m[2m[22m
  [2mconsole.log[22m
    Data Test ID for message content: userMessages-user-joining-1-1-80y0q07jeqs
[2m[22m
[2m      [2mat Channel.getMessageIdsByText ([22m[2msrc/selectors.ts[2m:384:13)[22m[2m[22m
  [2mconsole.log[22m
    Waiting for content for message with text Nice to meet you again
[2m[22m
[2m      [2mat Channel.waitForMessageContentByText ([22m[2msrc/selectors.ts[2m:510:13)[22m[2m[22m
  [2mconsole.log[22m
    Testing content: Nice to meet you again
[2m[22m
[2m      [2mat Channel.waitForMessageContentByText ([22m[2msrc/selectors.ts[2m:516:15)[22m[2m[22m
  [2mconsole.log[22m
    Testing content: Nice to meet you again
[2m[22m
[2m      [2mat Channel.waitForMessageContentByText ([22m[2msrc/selectors.ts[2m:516:15)[22m[2m[22m
  [2mconsole.log[22m
    Testing content: Nice to meet you again
[2m[22m
[2m      [2mat Channel.waitForMessageContentByText ([22m[2msrc/selectors.ts[2m:516:15)[22m[2m[22m
  [2mconsole.log[22m
    Found content element for message with text Nice to meet you again
[2m[22m
[2m      [2mat Channel.waitForMessageContentByText ([22m[2msrc/selectors.ts[2m:518:17)[22m[2m[22m
  [2mconsole.log[22m
    Data Test ID for message content: messagesGroupContent-80y0q07jeqs
[2m[22m
[2m      [2mat Channel.getMessageIdsByText ([22m[2msrc/selectors.ts[2m:394:13)[22m[2m[22m
  [2mconsole.log[22m
    [e2e_6q0pv39bdzw0]: 2024-03-22T21:05:06.783Z backend:StorageService progress 1/1. Address: /orbitdb/zdpuAwDRFnjKZXiPbDHznfkAHctoCerqiUFbVkg2PxjGfSSnu/channels.general_03eeb30c6ed119cffff68b3656894df0
[2m[22m
[2m      [2mat Socket.<anonymous> ([22m[2msrc/utils.ts[2m:159:15)[22m[2m[22m
  [2mconsole.log[22m
    [e2e_6q0pv39bdzw0]: 2024-03-22T21:05:06.788Z backend:StorageService Replicated. /orbitdb/zdpuAwDRFnjKZXiPbDHznfkAHctoCerqiUFbVkg2PxjGfSSnu/channels.general_03eeb30c6ed119cffff68b3656894df0
[2m[22m
[2m      [2mat Socket.<anonymous> ([22m[2msrc/utils.ts[2m:159:15)[22m[2m[22m
  [2mconsole.log[22m
    [e2e_6q0pv39bdzw0]: 2024-03-22T21:05:08.125Z backend:libp2p:websockets connect ilym2eypty5gmasrpwv5tn25ihl6zwbu7t3yis7i3ao3pjdemtw5p2ad.onion:80
[2m[22m
[2m      [2mat Socket.<anonymous> ([22m[2msrc/utils.ts[2m:159:15)[22m[2m[22m
  [2mconsole.log[22m
    Waiting for 'sending...' element for message with data-testid unsent-sending-user-joining-1-1-80y0q07jeqs
[2m[22m
[2m      [2mat Channel.waitForSending ([22m[2msrc/selectors.ts[2m:528:13)[22m[2m[22m
  [2mconsole.log[22m
    Waiting for user's avatar with username user-joining-1-1 for message with ID 80y0q07jeqs
[2m[22m
[2m      [2mat Channel.waitForAvatar ([22m[2msrc/selectors.ts[2m:471:13)[22m[2m[22m
  [2mconsole.log[22m
    Found user's avatar with username user-joining-1-1 for message with ID 80y0q07jeqs
[2m[22m
[2m      [2mat Channel.waitForAvatar ([22m[2msrc/selectors.ts[2m:476:15)[22m[2m[22m
  [2mconsole.log[22m
    Waiting for date for message with ID 80y0q07jeqs
[2m[22m
[2m      [2mat Channel.waitForDateLabel ([22m[2msrc/selectors.ts[2m:484:13)[22m[2m[22m
  [2mconsole.log[22m
    Found date label for message with ID 80y0q07jeqs
[2m[22m
[2m      [2mat Channel.waitForDateLabel ([22m[2msrc/selectors.ts[2m:489:15)[22m[2m[22m
  [2mconsole.log[22m
    Waiting for content for message with ID 80y0q07jeqs
[2m[22m
[2m      [2mat Channel.waitForMessageContentById ([22m[2msrc/selectors.ts[2m:497:13)[22m[2m[22m
  [2mconsole.log[22m
    Found content for message with ID 80y0q07jeqs
[2m[22m
[2m      [2mat Channel.waitForMessageContentById ([22m[2msrc/selectors.ts[2m:502:15)[22m[2m[22m
  [2mconsole.log[22m
    [e2e_6q0pv39bdzw0]: 2024-03-22T21:05:08.864Z backend:libp2p:websockets:err connection error: Unexpected server response: 500
[2m[22m
[2m      [2mat Socket.<anonymous> ([22m[2msrc/utils.ts[2m:159:15)[22m[2m[22m
  [2mconsole.log[22m
    [e2e_6q0pv39bdzw0]: 2024-03-22T21:05:08.864Z backend:libp2p:websockets:err error connecting to /dns4/ilym2eypty5gmasrpwv5tn25ihl6zwbu7t3yis7i3ao3pjdemtw5p2ad.onion/tcp/80/ws/p2p/QmZLW6y5m8broYutG4og2ymXRZUDcxVhdgHhiKYKhquUNp. Details: Unexpected server response: 500
[2m[22m
[2m      [2mat Socket.<anonymous> ([22m[2msrc/utils.ts[2m:159:15)[22m[2m[22m
  [2mconsole.log[22m
    Closing the app e2e_r4pg81niwrk
[2m[22m
[2m      [2mat App.close ([22m[2msrc/selectors.ts[2m:58:13)[22m[2m[22m
  [2mconsole.log[22m
    Closing driver (DATA_DIR=e2e_r4pg81niwrk)
[2m[22m
[2m      [2mat BuildSetup.closeDriver ([22m[2msrc/utils.ts[2m:224:13)[22m[2m[22m
  [2mconsole.log[22m
    [e2e_r4pg81niwrk]: 2024-03-22T21:05:09.541Z desktop:main:main Event mainWindow.closed
[2m[22m
[2m      [2mat Socket.<anonymous> ([22m[2msrc/utils.ts[2m:159:15)[22m[2m[22m
  [2mconsole.log[22m
    [e2e_r4pg81niwrk]: 2024-03-22T21:05:09.541Z desktop:main:main Event: app.window-all-closed
[2m[22m
[2m      [2mat Socket.<anonymous> ([22m[2msrc/utils.ts[2m:159:15)[22m[2m[22m
  [2mconsole.log[22m
    [e2e_r4pg81niwrk]: 2024-03-22T21:05:09.542Z backend:Tor Killing tor... with pid 19193
[2m[22m
[2m      [2mat Socket.<anonymous> ([22m[2msrc/utils.ts[2m:159:15)[22m[2m[22m
  [2mconsole.log[22m
    [e2e_r4pg81niwrk]: 2024-03-22T21:05:09.542Z backend:Tor Attempting to kill hanging tor processes
[2m[22m
[2m      [2mat Socket.<anonymous> ([22m[2msrc/utils.ts[2m:159:15)[22m[2m[22m
  [2mconsole.log[22m
    Killing driver (DATA_DIR=e2e_r4pg81niwrk)
[2m[22m
[2m      [2mat BuildSetup.killChromeDriver ([22m[2msrc/utils.ts[2m:214:13)[22m[2m[22m
  [2mconsole.log[22m
    EXIT
[2m[22m
[2m      [2mat ChildProcess.<anonymous> ([22m[2msrc/utils.ts[2m:132:15)[22m[2m[22m
  [2mconsole.log[22m
    [e2e_r4pg81niwrk]: 2024-03-22T21:05:09.675Z backend:Tor Found tor process(es) with pid(s) 19193. Killing...
[2m[22m
[2m      [2mat Socket.<anonymous> ([22m[2msrc/utils.ts[2m:159:15)[22m[2m[22m
  [2mconsole.log[22m
    [e2e_r4pg81niwrk]: 2024-03-22T21:05:09.677Z backend:Tor Mar 22 17:05:09.000 [notice] Catching signal TERM, exiting cleanly.
[2m[22m
[2m      [2mat Socket.<anonymous> ([22m[2msrc/utils.ts[2m:159:15)[22m[2m[22m
  [2mconsole.log[22m
    [e2e_r4pg81niwrk]: 2024-03-22T21:05:09.685Z backend:Libp2pService Disconnecting peer: {"isTrusted":false,"detail":{"id":"82qsb21711141405536","remoteAddr":"/dns4/e576krgv3x7hxejwyfb4vfiyxwlmgf6u2q64anggbwsnnrpec3ubfoid.onion/tcp/80/ws/p2p/QmQGGsPk8v1sy3oAwA2ecgb6JWk1XVzB8U7vsFB1dDfW3b","remotePeer":"QmQGGsPk8v1sy3oAwA2ecgb6JWk1XVzB8U7vsFB1dDfW3b","stat":{"status":"CLOSED","direction":"outbound","timeline":{"open":1711141401555,"upgraded":1711141405536,"close":1711141509685},"multiplexer":"/mplex/6.7.0","encryption":"/noise"},"tags":[],"_closing":false}}
[2m[22m
[2m      [2mat Socket.<anonymous> ([22m[2msrc/utils.ts[2m:159:15)[22m[2m[22m
  [2mconsole.log[22m
    [e2e_r4pg81niwrk]: 2024-03-22T21:05:09.685Z backend:Libp2pService QmTpNmixsfUSHBm3vWvvuTkgt2HdXc1sYiBRw4pMRn88GR disconnected from QmQGGsPk8v1sy3oAwA2ecgb6JWk1XVzB8U7vsFB1dDfW3b
    2024-03-22T21:05:09.685Z backend:Libp2pService QmTpNmixsfUSHBm3vWvvuTkgt2HdXc1sYiBRw4pMRn88GR has 1 open connections
    2024-03-22T21:05:09.685Z backend:Libp2pService QmTpNmixsfUSHBm3vWvvuTkgt2HdXc1sYiBRw4pMRn88GR is now connected to 1 peers
    2024-03-22T21:05:09.685Z backend:Libp2pService Emitting peerDisconnected event with payload {"peer":"QmQGGsPk8v1sy3oAwA2ecgb6JWk1XVzB8U7vsFB1dDfW3b","connectionDuration":104148,"lastSeen":1711141509685}
[2m[22m
[2m      [2mat Socket.<anonymous> ([22m[2msrc/utils.ts[2m:159:15)[22m[2m[22m
  [2mconsole.log[22m
    [e2e_r4pg81niwrk]: 2024-03-22T21:05:09.685Z backend:Libp2pService Disconnecting peer: {"isTrusted":false,"detail":{"id":"eh7v5j1711141476767","remoteAddr":"/dns4/74liumztsi4w4zbxwgapn3ok2vfcasxluj7djfgg6jzvufohfufnycad.onion/tcp/80/ws/p2p/QmbkGPV1UgPS7b8588HAomTijmojuKXjNYbMgZ6PgQtgsh","remotePeer":"QmbkGPV1UgPS7b8588HAomTijmojuKXjNYbMgZ6PgQtgsh","stat":{"status":"CLOSED","direction":"inbound","timeline":{"open":1711141471568,"upgraded":1711141476767,"close":1711141509685},"multiplexer":"/mplex/6.7.0","encryption":"/noise"},"tags":[],"_closing":false}}
    2024-03-22T21:05:09.685Z backend:Libp2pService QmTpNmixsfUSHBm3vWvvuTkgt2HdXc1sYiBRw4pMRn88GR disconnected from QmbkGPV1UgPS7b8588HAomTijmojuKXjNYbMgZ6PgQtgsh
    2024-03-22T21:05:09.685Z backend:Libp2pService QmTpNmixsfUSHBm3vWvvuTkgt2HdXc1sYiBRw4pMRn88GR has 0 open connections
    2024-03-22T21:05:09.685Z backend:Libp2pService QmTpNmixsfUSHBm3vWvvuTkgt2HdXc1sYiBRw4pMRn88GR is now connected to 0 peers
    2024-03-22T21:05:09.685Z backend:Libp2pService Emitting peerDisconnected event with payload {"peer":"QmbkGPV1UgPS7b8588HAomTijmojuKXjNYbMgZ6PgQtgsh","connectionDuration":32917,"lastSeen":1711141509685}
[2m[22m
[2m      [2mat Socket.<anonymous> ([22m[2msrc/utils.ts[2m:159:15)[22m[2m[22m
  [2mconsole.log[22m
    [e2e_r4pg81niwrk]: 2024-03-22T21:05:09.686Z backend:Tor Tor exited with code 0 and signal null
    2024-03-22T21:05:09.686Z backend:ConnectionsManagerService Stopping orbitdb
    2024-03-22T21:05:09.686Z backend:CertificatesRequestsStore Closing...
[2m[22m
[2m      [2mat Socket.<anonymous> ([22m[2msrc/utils.ts[2m:159:15)[22m[2m[22m
  [2mconsole.log[22m
    [e2e_r4pg81niwrk]: 2024-03-22T21:05:09.686Z backend:CertificatesRequestsStore Closed
    2024-03-22T21:05:09.686Z backend:OrbitDb Stopping OrbitDB
[2m[22m
[2m      [2mat Socket.<anonymous> ([22m[2msrc/utils.ts[2m:159:15)[22m[2m[22m
  [2mconsole.log[22m
    [e2e_r4pg81niwrk]: 2024-03-22T21:05:09.687Z backend:StorageService Stopping IPFS files manager
    2024-03-22T21:05:09.687Z backend:StorageService Stopping IPFS
[2m[22m
[2m      [2mat Socket.<anonymous> ([22m[2msrc/utils.ts[2m:159:15)[22m[2m[22m
  [2mconsole.log[22m
    [e2e_r4pg81niwrk]: 2024-03-22T21:05:09.689Z backend:ConnectionsManagerService Closing socket server
[2m[22m
[2m      [2mat Socket.<anonymous> ([22m[2msrc/utils.ts[2m:159:15)[22m[2m[22m
  [2mconsole.log[22m
    [e2e_r4pg81niwrk]: 2024-03-22T21:05:09.689Z backend:ConnectionsManagerService Closing local storage
    2024-03-22T21:05:09.689Z backend:LocalDbService Closing leveldb
    2024-03-22T21:05:09.689Z backend:ConnectionsManagerService Stopping libp2p
    2024-03-22T21:05:09.689Z backend:Libp2pService Closing libp2p service
[2m[22m
[2m      [2mat Socket.<anonymous> ([22m[2msrc/utils.ts[2m:159:15)[22m[2m[22m
  [2mconsole.log[22m
    [e2e_r4pg81niwrk]: node:events:491
          throw er; // Unhandled 'error' event
          ^
    
    Error [ERR_IPC_CHANNEL_CLOSED]: Channel closed
        at new NodeError (node:internal/errors:393:5)
        at target.send (node:internal/child_process:740:16)
        at process.eval (webpack://@quiet/backend/./src/backendManager.ts?:84:25)
    Emitted 'error' event on process instance at:
        at process.processEmit [as emit] (webpack://@quiet/backend/./node_modules/signal-exit/index.js?:199:34)
        at node:internal/child_process:744:35
        at process.processTicksAndRejections (node:internal/process/task_queues:77:11) {
      code: 'ERR_IPC_CHANNEL_CLOSED'
    }
    
    Node.js v18.12.1
[2m[22m
[2m      [2mat Socket.<anonymous> ([22m[2msrc/utils.ts[2m:159:15)[22m[2m[22m
  [2mconsole.log[22m
    CLOSE
[2m[22m
[2m      [2mat ChildProcess.<anonymous> ([22m[2msrc/utils.ts[2m:137:15)[22m[2m[22m
  [2mconsole.log[22m
    [e2e_4cc1hr73df40]: 2024-03-22T21:05:10.819Z backend:Libp2pService Disconnecting peer: {"isTrusted":false,"detail":{"id":"11dztk1711141477317","remoteAddr":"/dns4/2otwjrsx3pcf6dvjheol6v2xcui6n6qn4rfkipe2oh3vyibizir46did.onion/tcp/80/ws/p2p/QmTpNmixsfUSHBm3vWvvuTkgt2HdXc1sYiBRw4pMRn88GR","remotePeer":"QmTpNmixsfUSHBm3vWvvuTkgt2HdXc1sYiBRw4pMRn88GR","stat":{"status":"CLOSED","direction":"outbound","timeline":{"open":1711141472022,"upgraded":1711141477317,"close":1711141510819},"multiplexer":"/mplex/6.7.0","encryption":"/noise"},"tags":[],"_closing":false}}
[2m[22m
[2m      [2mat Socket.<anonymous> ([22m[2msrc/utils.ts[2m:159:15)[22m[2m[22m
  [2mconsole.log[22m
    [e2e_4cc1hr73df40]: 2024-03-22T21:05:10.819Z backend:Libp2pService QmbkGPV1UgPS7b8588HAomTijmojuKXjNYbMgZ6PgQtgsh disconnected from QmTpNmixsfUSHBm3vWvvuTkgt2HdXc1sYiBRw4pMRn88GR
    2024-03-22T21:05:10.819Z backend:Libp2pService QmbkGPV1UgPS7b8588HAomTijmojuKXjNYbMgZ6PgQtgsh has 0 open connections
    2024-03-22T21:05:10.819Z backend:Libp2pService QmbkGPV1UgPS7b8588HAomTijmojuKXjNYbMgZ6PgQtgsh is now connected to 0 peers
    2024-03-22T21:05:10.819Z backend:Libp2pService Emitting peerDisconnected event with payload {"peer":"QmTpNmixsfUSHBm3vWvvuTkgt2HdXc1sYiBRw4pMRn88GR","connectionDuration":33501,"lastSeen":1711141510819}
[2m[22m
[2m      [2mat Socket.<anonymous> ([22m[2msrc/utils.ts[2m:159:15)[22m[2m[22m
  [2mconsole.log[22m
    App closed e2e_r4pg81niwrk
[2m[22m
[2m      [2mat App.close ([22m[2msrc/selectors.ts[2m:70:13)[22m[2m[22m
  [2mconsole.log[22m
    [e2e_6q0pv39bdzw0]: 2024-03-22T21:05:16.660Z backend:Libp2pService Disconnecting peer: {"isTrusted":false,"detail":{"id":"9q33vo1711141405259","remoteAddr":"/dns4/2otwjrsx3pcf6dvjheol6v2xcui6n6qn4rfkipe2oh3vyibizir46did.onion/tcp/80/ws/p2p/QmTpNmixsfUSHBm3vWvvuTkgt2HdXc1sYiBRw4pMRn88GR","remotePeer":"QmTpNmixsfUSHBm3vWvvuTkgt2HdXc1sYiBRw4pMRn88GR","stat":{"status":"CLOSED","direction":"inbound","timeline":{"open":1711141401175,"upgraded":1711141405259,"close":1711141516660},"multiplexer":"/mplex/6.7.0","encryption":"/noise"},"tags":[],"_closing":false}}
    2024-03-22T21:05:16.660Z backend:Libp2pService QmQGGsPk8v1sy3oAwA2ecgb6JWk1XVzB8U7vsFB1dDfW3b disconnected from QmTpNmixsfUSHBm3vWvvuTkgt2HdXc1sYiBRw4pMRn88GR
[2m[22m
[2m      [2mat Socket.<anonymous> ([22m[2msrc/utils.ts[2m:159:15)[22m[2m[22m
  [2mconsole.log[22m
    [e2e_6q0pv39bdzw0]: 2024-03-22T21:05:16.660Z backend:Libp2pService QmQGGsPk8v1sy3oAwA2ecgb6JWk1XVzB8U7vsFB1dDfW3b has 0 open connections
    2024-03-22T21:05:16.661Z backend:Libp2pService QmQGGsPk8v1sy3oAwA2ecgb6JWk1XVzB8U7vsFB1dDfW3b is now connected to 0 peers
    2024-03-22T21:05:16.661Z backend:Libp2pService Emitting peerDisconnected event with payload {"peer":"QmTpNmixsfUSHBm3vWvvuTkgt2HdXc1sYiBRw4pMRn88GR","connectionDuration":111400,"lastSeen":1711141516660}
[2m[22m
[2m      [2mat Socket.<anonymous> ([22m[2msrc/utils.ts[2m:159:15)[22m[2m[22m
  [2mconsole.log[22m
    TEST 9
[2m[22m
[2m      [2mat Object.<anonymous> ([22m[2m[0m[36msrc/tests/multipleClients.test.ts[39m[0m[2m:531:17)[22m[2m[22m
  [2mconsole.log[22m
    Closing the app e2e_4cc1hr73df40
[2m[22m
[2m      [2mat App.close ([22m[2msrc/selectors.ts[2m:58:13)[22m[2m[22m
  [2mconsole.log[22m
    Closing driver (DATA_DIR=e2e_4cc1hr73df40)
[2m[22m
[2m      [2mat BuildSetup.closeDriver ([22m[2msrc/utils.ts[2m:224:13)[22m[2m[22m
  [2mconsole.log[22m
    [e2e_4cc1hr73df40]: 2024-03-22T21:05:32.664Z desktop:main:main Event mainWindow.closed
[2m[22m
[2m      [2mat Socket.<anonymous> ([22m[2msrc/utils.ts[2m:159:15)[22m[2m[22m
  [2mconsole.log[22m
    [e2e_4cc1hr73df40]: 2024-03-22T21:05:32.664Z desktop:main:main Event: app.window-all-closed
    2024-03-22T21:05:32.665Z backend:Tor Killing tor... with pid 18346
    2024-03-22T21:05:32.665Z backend:Tor Attempting to kill hanging tor processes
[2m[22m
[2m      [2mat Socket.<anonymous> ([22m[2msrc/utils.ts[2m:159:15)[22m[2m[22m
  [2mconsole.log[22m
    [e2e_4cc1hr73df40]: [1711141532.767][DEBUG]: Log type 'browser' lost 7 entries on destruction
[2m[22m
[2m      [2mat Socket.<anonymous> ([22m[2msrc/utils.ts[2m:159:15)[22m[2m[22m
  [2mconsole.log[22m
    Killing driver (DATA_DIR=e2e_4cc1hr73df40)
[2m[22m
[2m      [2mat BuildSetup.killChromeDriver ([22m[2msrc/utils.ts[2m:214:13)[22m[2m[22m
  [2mconsole.log[22m
    EXIT
[2m[22m
[2m      [2mat ChildProcess.<anonymous> ([22m[2msrc/utils.ts[2m:132:15)[22m[2m[22m
  [2mconsole.log[22m
    [e2e_4cc1hr73df40]: 2024-03-22T21:05:32.803Z backend:Tor Found tor process(es) with pid(s) 18346. Killing...
[2m[22m
[2m      [2mat Socket.<anonymous> ([22m[2msrc/utils.ts[2m:159:15)[22m[2m[22m
  [2mconsole.log[22m
    [e2e_4cc1hr73df40]: 2024-03-22T21:05:32.803Z backend:Tor Mar 22 17:05:32.000 [notice] Catching signal TERM, exiting cleanly.
[2m[22m
[2m      [2mat Socket.<anonymous> ([22m[2msrc/utils.ts[2m:159:15)[22m[2m[22m
  [2mconsole.log[22m
    [e2e_4cc1hr73df40]: 2024-03-22T21:05:32.816Z backend:Tor Tor exited with code 0 and signal null
[2m[22m
[2m      [2mat Socket.<anonymous> ([22m[2msrc/utils.ts[2m:159:15)[22m[2m[22m
  [2mconsole.log[22m
    [e2e_4cc1hr73df40]: 2024-03-22T21:05:32.816Z backend:ConnectionsManagerService Stopping orbitdb
    2024-03-22T21:05:32.816Z backend:CertificatesRequestsStore Closing...
    2024-03-22T21:05:32.816Z backend:CertificatesRequestsStore Closed
    2024-03-22T21:05:32.816Z backend:OrbitDb Stopping OrbitDB
    2024-03-22T21:05:32.816Z backend:StorageService Stopping IPFS files manager
    2024-03-22T21:05:32.816Z backend:StorageService Stopping IPFS
[2m[22m
[2m      [2mat Socket.<anonymous> ([22m[2msrc/utils.ts[2m:159:15)[22m[2m[22m
  [2mconsole.log[22m
    [e2e_4cc1hr73df40]: 2024-03-22T21:05:32.818Z backend:ConnectionsManagerService Closing socket server
[2m[22m
[2m      [2mat Socket.<anonymous> ([22m[2msrc/utils.ts[2m:159:15)[22m[2m[22m
  [2mconsole.log[22m
    [e2e_4cc1hr73df40]: 2024-03-22T21:05:32.818Z backend:ConnectionsManagerService Closing local storage
    2024-03-22T21:05:32.818Z backend:LocalDbService Closing leveldb
    2024-03-22T21:05:32.818Z backend:ConnectionsManagerService Stopping libp2p
    2024-03-22T21:05:32.818Z backend:Libp2pService Closing libp2p service
    node:events:491
          throw er; // Unhandled 'error' event
          ^
    
    Error [ERR_IPC_CHANNEL_CLOSED]: Channel closed
        at new NodeError (node:internal/errors:393:5)
        at target.send (node:internal/child_process:740:16)
        at process.eval (webpack://@quiet/backend/./src/backendManager.ts?:84:25)
    Emitted 'error' event on process instance at:
        at process.processEmit [as emit] (webpack://@quiet/backend/./node_modules/signal-exit/index.js?:199:34)
        at node:internal/child_process:744:35
        at process.processTicksAndRejections (node:internal/process/task_queues:77:11) {
      code: 'ERR_IPC_CHANNEL_CLOSED'
    }
    
    Node.js v18.12.1
[2m[22m
[2m      [2mat Socket.<anonymous> ([22m[2msrc/utils.ts[2m:159:15)[22m[2m[22m
  [2mconsole.log[22m
    CLOSE
[2m[22m
[2m      [2mat ChildProcess.<anonymous> ([22m[2msrc/utils.ts[2m:137:15)[22m[2m[22m
  [2mconsole.log[22m
    App closed e2e_4cc1hr73df40
[2m[22m
[2m      [2mat App.close ([22m[2msrc/selectors.ts[2m:70:13)[22m[2m[22m
  [2mconsole.log[22m
    opening the app e2e_r4pg81niwrk
[2m[22m
[2m      [2mat App.open ([22m[2msrc/selectors.ts[2m:37:13)[22m[2m[22m
  [2mconsole.log[22m
    filename undefined
[2m[22m
[2m      [2mat BuildSetup.getBinaryLocation ([22m[2msrc/utils.ts[2m:48:13)[22m[2m[22m
  [2m[33mconsole.warn[39m[22m
[33m    RUNNING ON LOCAL BINARY[39m
[2m[22m
[2m    [0m [90m 62 |[39m     [36mlet[39m basePath [33m=[39m [32m'/Applications'[39m[0m[22m
[2m    [0m [90m 63 |[39m     [36mif[39m (process[33m.[39menv[33m.[39m[33mIS_LOCAL[39m [33m===[39m [32m'true'[39m) {[0m[22m
[2m    [0m[31m[1m>[22m[2m[39m[90m 64 |[39m       console[33m.[39mwarn([32m'RUNNING ON LOCAL BINARY'[39m)[0m[22m
[2m    [0m [90m    |[39m               [31m[1m^[22m[2m[39m[0m[22m
[2m    [0m [90m 65 |[39m       [36mconst[39m distDirByArch [33m=[39m process[33m.[39march [33m===[39m [32m'arm64'[39m [33m?[39m [32m'mac-arm64'[39m [33m:[39m [32m'mac'[39m[0m[22m
[2m    [0m [90m 66 |[39m       basePath [33m=[39m [32m`${__dirname}/../../desktop/dist/${distDirByArch}`[39m[0m[22m
[2m    [0m [90m 67 |[39m     }[0m[22m
[2m[22m
[2m      [2mat BuildSetup.getMacBinaryDir ([22m[2msrc/utils.ts[2m:64:15)[22m[2m[22m
[2m      [2mat BuildSetup.getBinaryLocation ([22m[2msrc/utils.ts[2m:55:21)[22m[2m[22m
[2m      [2mat BuildSetup.getDriver ([22m[2msrc/utils.ts[2m:185:35)[22m[2m[22m
[2m      [2mat App.open ([22m[2msrc/selectors.ts[2m:41:46)[22m[2m[22m
[2m      [2mat promiseWithTimeout ([22m[2msrc/utils.ts[2m:358:23)[22m[2m[22m
[2m      [2mat promiseWithRetries ([22m[2msrc/utils.ts[2m:378:25)[22m[2m[22m
[2m      [2mat App.openWithRetries ([22m[2msrc/selectors.ts[2m:53:5)[22m[2m[22m
[2m      [2mat Object.<anonymous> ([22m[2m[0m[36msrc/tests/multipleClients.test.ts[39m[0m[2m:536:9)[22m[2m[22m
  [2mconsole.log[22m
    stdout:
    Starting ChromeDriver 110.0.5481.208 (6664d787aa4ffd8951132dde98b5aabe25361aa0-refs/branch-heads/5845@{#410}) on port 63902
    Only local connections are allowed.
    Please see https://chromedriver.chromium.org/security-considerations for suggestions on keeping ChromeDriver safe.
[2m[22m
[2m      [2mat Socket.<anonymous> ([22m[2msrc/utils.ts[2m:149:15)[22m[2m[22m
  [2mconsole.log[22m
    stdout:
    ChromeDriver was started successfully.
[2m[22m
[2m      [2mat Socket.<anonymous> ([22m[2msrc/utils.ts[2m:149:15)[22m[2m[22m
  [2mconsole.log[22m
    stdout:
    Read extra envs: { EXEC_ENV: 'DESKTOP' }
[2m[22m
[2m      [2mat Socket.<anonymous> ([22m[2msrc/utils.ts[2m:149:15)[22m[2m[22m
  [2mconsole.log[22m
    stdout:
    setAsDefaultProtocolClient true
[2m[22m
[2m      [2mat Socket.<anonymous> ([22m[2msrc/utils.ts[2m:149:15)[22m[2m[22m
  [2mconsole.log[22m
    stdout:
    electron main
[2m[22m
[2m      [2mat Socket.<anonymous> ([22m[2msrc/utils.ts[2m:149:15)[22m[2m[22m
  [2mconsole.log[22m
    [e2e_r4pg81niwrk]: 2024-03-22 17:05:38.126 Quiet[19605:6891582] WARNING: Secure coding is not enabled for restorable state! Enable secure coding by implementing NSApplicationDelegate.applicationSupportsSecureRestorableState: and returning YES.
[2m[22m
[2m      [2mat Socket.<anonymous> ([22m[2msrc/utils.ts[2m:159:15)[22m[2m[22m
  [2mconsole.log[22m
    [e2e_r4pg81niwrk]: 2024-03-22T21:05:38.127Z desktop:main:main Event: app.ready
[2m[22m
[2m      [2mat Socket.<anonymous> ([22m[2msrc/utils.ts[2m:159:15)[22m[2m[22m
  [2mconsole.log[22m
    [e2e_r4pg81niwrk]: 2024-03-22T21:05:38.172Z desktop:main:main Event: app.browser-window-created
[2m[22m
[2m      [2mat Socket.<anonymous> ([22m[2msrc/utils.ts[2m:159:15)[22m[2m[22m
  [2mconsole.log[22m
    [e2e_r4pg81niwrk]: 2024-03-22T21:05:38.179Z desktop:main:main Event: app.browser-window-created
[2m[22m
[2m      [2mat Socket.<anonymous> ([22m[2msrc/utils.ts[2m:159:15)[22m[2m[22m
  [2mconsole.log[22m
    [e2e_r4pg81niwrk]: 2024-03-22T21:05:38.184Z desktop:main:main Created mainWindow
[2m[22m
[2m      [2mat Socket.<anonymous> ([22m[2msrc/utils.ts[2m:159:15)[22m[2m[22m
  [2mconsole.log[22m
    [e2e_r4pg81niwrk]: 2024-03-22T21:05:38.280Z desktop:main:main Forked backend, PID: 19617
[2m[22m
[2m      [2mat Socket.<anonymous> ([22m[2msrc/utils.ts[2m:159:15)[22m[2m[22m
  [2mconsole.log[22m
    Debug modal
[2m[22m
[2m      [2mat new DebugModeModal ([22m[2msrc/selectors.ts[2m:726:13)[22m[2m[22m
  [2mconsole.log[22m
    Closing debug modal
[2m[22m
[2m      [2mat DebugModeModal.close ([22m[2msrc/selectors.ts[2m:741:15)[22m[2m[22m
  [2mconsole.log[22m
    stdout:
    WARNING: Missing strong random number source
[2m[22m
[2m      [2mat Socket.<anonymous> ([22m[2msrc/utils.ts[2m:149:15)[22m[2m[22m
  [2mconsole.log[22m
    stdout:
    options {
      socketIOPort: '63923',
      appDataPath: '/Users/isla/Library/Application Support/e2e_r4pg81niwrk',
      resourcesPath: '/Users/isla/Dev/quiet/packages/desktop/dist/mac-arm64/Quiet.app/Contents/Resources',
      platform: 'desktop',
      socketIOSecret: '8010407553705963456292850500913933944832681481201'
    }
[2m[22m
[2m      [2mat Socket.<anonymous> ([22m[2msrc/utils.ts[2m:149:15)[22m[2m[22m
  [2mconsole.log[22m
    stdout:
    configOptions {
      socketIOPort: '63923',
      socketIOSecret: '8010407553705963456292850500913933944832681481201',
      torBinaryPath: '"/Users/isla/Dev/quiet/3rd-party/tor/darwin/arm64/tor"',
      torResourcesPath: '/Users/isla/Dev/quiet/3rd-party/tor/darwin/arm64',
      torControlPort: 63926,
      options: {
        env: {
          appDataPath: '/Users/isla/Library/Application Support/e2e_r4pg81niwrk/Quiet'
        }
      },
      env: {},
      bootstrapMultiaddrs: [],
      createPaths: true
    }
[2m[22m
[2m      [2mat Socket.<anonymous> ([22m[2msrc/utils.ts[2m:149:15)[22m[2m[22m
  [2mconsole.log[22m
    stdout:
    [32m[Nest] 19617  - [39m1711141539027 [32m    LOG[39m [38;5;3m[NestFactory] [39m[32mStarting Nest application...[39m
[2m[22m
[2m      [2mat Socket.<anonymous> ([22m[2msrc/utils.ts[2m:149:15)[22m[2m[22m
  [2mconsole.log[22m
    stdout:
    ok
[2m[22m
[2m      [2mat Socket.<anonymous> ([22m[2msrc/utils.ts[2m:149:15)[22m[2m[22m
  [2mconsole.log[22m
    stdout:
    [32m[Nest] 19617  - [39m1711141539037 [32m    LOG[39m [38;5;3m[InstanceLoader] [39m[32mRegistrationModule dependencies initialized[39m[38;5;3m +10ms[39m
[2m[22m
[2m      [2mat Socket.<anonymous> ([22m[2msrc/utils.ts[2m:149:15)[22m[2m[22m
  [2mconsole.log[22m
    stdout:
    [32m[Nest] 19617  - [39m1711141539047 [32m    LOG[39m [38;5;3m[InstanceLoader] [39m[32mIpfsFileManagerModule dependencies initialized[39m[38;5;3m +10ms[39m
[2m[22m
[2m      [2mat Socket.<anonymous> ([22m[2msrc/utils.ts[2m:149:15)[22m[2m[22m
  [2mconsole.log[22m
    stdout:
    [32m[Nest] 19617  - [39m1711141539047 [32m    LOG[39m [38;5;3m[InstanceLoader] [39m[32mSocketModule dependencies initialized[39m[38;5;3m +0ms[39m
    [32m[Nest] 19617  - [39m1711141539048 [32m    LOG[39m [38;5;3m[InstanceLoader] [39m[32mIpfsModule dependencies initialized[39m[38;5;3m +1ms[39m
    [32m[Nest] 19617  - [39m1711141539048 [32m    LOG[39m [38;5;3m[InstanceLoader] [39m[32mLocalDbModule dependencies initialized[39m[38;5;3m +0ms[39m
    QUIET DIR /Users/isla/Library/Application Support/e2e_r4pg81niwrk/Quiet
    [32m[Nest] 19617  - [39m1711141539048 [32m    LOG[39m [38;5;3m[InstanceLoader] [39m[32mTorModule dependencies initialized[39m[38;5;3m +0ms[39m
    [32m[Nest] 19617  - [39m1711141539048 [32m    LOG[39m [38;5;3m[InstanceLoader] [39m[32mStorageModule dependencies initialized[39m[38;5;3m +0ms[39m
[2m[22m
[2m      [2mat Socket.<anonymous> ([22m[2msrc/utils.ts[2m:149:15)[22m[2m[22m
  [2mconsole.log[22m
    stdout:
    [32m[Nest] 19617  - [39m1711141539048 [32m    LOG[39m [38;5;3m[InstanceLoader] [39m[32mAppModule dependencies initialized[39m[38;5;3m +0ms[39m
    [32m[Nest] 19617  - [39m1711141539048 [32m    LOG[39m [38;5;3m[InstanceLoader] [39m[32mLibp2pModule dependencies initialized[39m[38;5;3m +0ms[39m
    [32m[Nest] 19617  - [39m1711141539048 [32m    LOG[39m [38;5;3m[InstanceLoader] [39m[32mConnectionsManagerModule dependencies initialized[39m[38;5;3m +0ms[39m
[2m[22m
[2m      [2mat Socket.<anonymous> ([22m[2msrc/utils.ts[2m:149:15)[22m[2m[22m
  [2mconsole.log[22m
    [e2e_r4pg81niwrk]: 2024-03-22T21:05:39.049Z backend:SocketService init:started
[2m[22m
[2m      [2mat Socket.<anonymous> ([22m[2msrc/utils.ts[2m:159:15)[22m[2m[22m
  [2mconsole.log[22m
    [e2e_r4pg81niwrk]: 2024-03-22T21:05:39.049Z backend:SocketService Data server running on port 63923
[2m[22m
[2m      [2mat Socket.<anonymous> ([22m[2msrc/utils.ts[2m:159:15)[22m[2m[22m
  [2mconsole.log[22m
    [e2e_r4pg81niwrk]: 2024-03-22T21:05:39.064Z desktop:main:main Event: mainWindow did-finish-load
[2m[22m
[2m      [2mat Socket.<anonymous> ([22m[2msrc/utils.ts[2m:159:15)[22m[2m[22m
  [2mconsole.log[22m
    stdout:
    Checking for update
[2m[22m
[2m      [2mat Socket.<anonymous> ([22m[2msrc/utils.ts[2m:149:15)[22m[2m[22m
  [2mconsole.log[22m
    [e2e_r4pg81niwrk]: 2024-03-22T21:05:39.077Z backend:SocketService socket connection
[2m[22m
[2m      [2mat Socket.<anonymous> ([22m[2msrc/utils.ts[2m:159:15)[22m[2m[22m
  [2mconsole.log[22m
    [e2e_r4pg81niwrk]: 2024-03-22T21:05:39.077Z backend:SocketService init: connection
    2024-03-22T21:05:39.077Z backend:SocketService init:finished
    2024-03-22T21:05:39.078Z backend:Tor Initializing tor...
[2m[22m
[2m      [2mat Socket.<anonymous> ([22m[2msrc/utils.ts[2m:159:15)[22m[2m[22m
  [2mconsole.log[22m
    Debug modal title is displayed
[2m[22m
[2m      [2mat DebugModeModal.close ([22m[2msrc/selectors.ts[2m:743:15)[22m[2m[22m
  [2mconsole.log[22m
    Debug modal button is displayed
[2m[22m
[2m      [2mat DebugModeModal.close ([22m[2msrc/selectors.ts[2m:745:15)[22m[2m[22m
  [2mconsole.log[22m
    Button is displayed
[2m[22m
[2m      [2mat DebugModeModal.close ([22m[2msrc/selectors.ts[2m:752:13)[22m[2m[22m
  [2mconsole.log[22m
    Button click
[2m[22m
[2m      [2mat DebugModeModal.close ([22m[2msrc/selectors.ts[2m:754:13)[22m[2m[22m
  [2mconsole.log[22m
    Probably clicked hidden close button on debug modal
[2m[22m
[2m      [2mat DebugModeModal.close ([22m[2msrc/selectors.ts[2m:759:15)[22m[2m[22m
  [2mconsole.log[22m
    [e2e_r4pg81niwrk]: 2024-03-22T21:05:39.227Z backend:Tor No tor process(es) found to kill
[2m[22m
[2m      [2mat Socket.<anonymous> ([22m[2msrc/utils.ts[2m:159:15)[22m[2m[22m
  [2mconsole.log[22m
    [e2e_r4pg81niwrk]: 2024-03-22T21:05:39.227Z backend:Tor Spawning new tor process(es)
    2024-03-22T21:05:39.227Z backend:Tor Spawning tor
[2m[22m
[2m      [2mat Socket.<anonymous> ([22m[2msrc/utils.ts[2m:159:15)[22m[2m[22m
  [2mconsole.log[22m
    [e2e_r4pg81niwrk]: No authorization header
[2m[22m
[2m      [2mat Socket.<anonymous> ([22m[2msrc/utils.ts[2m:159:15)[22m[2m[22m
  [2mconsole.log[22m
    [e2e_r4pg81niwrk]: 2024-03-22T21:05:39.238Z backend:Tor Mar 22 17:05:39.238 [notice] Tor 0.4.7.13 (git-7c1601fb6edd780f) running on Darwin with Libevent 2.1.12-stable, OpenSSL 1.1.1t, Zlib 1.2.12, Liblzma N/A, Libzstd N/A and Unknown N/A as libc.
    Mar 22 17:05:39.238 [notice] Tor can't help you if you use it wrong! Learn how to be safe at https://support.torproject.org/faq/staying-anonymous/
    Mar 22 17:05:39.238 [notice] Configuration file "/var/tmp/dist/tor/etc/tor/torrc" not present, using reasonable defaults.
[2m[22m
[2m      [2mat Socket.<anonymous> ([22m[2msrc/utils.ts[2m:159:15)[22m[2m[22m
  [2mconsole.log[22m
    [e2e_r4pg81niwrk]: 2024-03-22T21:05:39.239Z backend:Tor Mar 22 17:05:39.238 [notice] Opening Socks listener on 127.0.0.1:63931
    
    2024-03-22T21:05:39.239Z backend:Tor Mar 22 17:05:39.239 [notice] Opened Socks listener connection (ready) on 127.0.0.1:63931
    Mar 22 17:05:39.239 [notice] Opening HTTP tunnel listener on 127.0.0.1:63927
    Mar 22 17:05:39.239 [notice] Opened HTTP tunnel listener connection (ready) on 127.0.0.1:63927
    Mar 22 17:05:39.239 [notice] Opening Control listener on 127.0.0.1:63926
    Mar 22 17:05:39.239 [notice] Opened Control listener connection (ready) on 127.0.0.1:63926
[2m[22m
[2m      [2mat Socket.<anonymous> ([22m[2msrc/utils.ts[2m:159:15)[22m[2m[22m
  [2mconsole.log[22m
    [e2e_r4pg81niwrk]: 2024-03-22T21:05:39.243Z backend:Tor Mar 22 17:05:39.000 [notice] Bootstrapped 0% (starting): Starting
[2m[22m
[2m      [2mat Socket.<anonymous> ([22m[2msrc/utils.ts[2m:159:15)[22m[2m[22m
  [2mconsole.log[22m
    stdout:
    Update for version 2.1.2-alpha.13 is not available (latest version: 2.1.2-alpha.13, downgrade is disallowed).
[2m[22m
[2m      [2mat Socket.<anonymous> ([22m[2msrc/utils.ts[2m:149:15)[22m[2m[22m
  [2mconsole.log[22m
    [e2e_r4pg81niwrk]: 2024-03-22T21:05:39.343Z backend:Tor Spawned tor with pid(s): 19632
[2m[22m
[2m      [2mat Socket.<anonymous> ([22m[2msrc/utils.ts[2m:159:15)[22m[2m[22m
  [2mconsole.log[22m
    stdout:
    init
[2m[22m
[2m      [2mat Socket.<anonymous> ([22m[2msrc/utils.ts[2m:149:15)[22m[2m[22m
  [2mconsole.log[22m
    [e2e_r4pg81niwrk]: 2024-03-22T21:05:39.344Z backend:ConnectionsManagerService attachTorEventsListeners
    2024-03-22T21:05:39.344Z backend:ConnectionsManagerService launchCommunityFromStorage
[2m[22m
[2m      [2mat Socket.<anonymous> ([22m[2msrc/utils.ts[2m:159:15)[22m[2m[22m
  [2mconsole.log[22m
    stdout:
    launch 1
[2m[22m
[2m      [2mat Socket.<anonymous> ([22m[2msrc/utils.ts[2m:149:15)[22m[2m[22m
  [2mconsole.log[22m
    [e2e_r4pg81niwrk]: 2024-03-22T21:05:39.344Z backend:ConnectionsManagerService launchCommunityFromStorage - community peers [
      '/dns4/2otwjrsx3pcf6dvjheol6v2xcui6n6qn4rfkipe2oh3vyibizir46did.onion/tcp/80/ws/p2p/QmTpNmixsfUSHBm3vWvvuTkgt2HdXc1sYiBRw4pMRn88GR',
      '/dns4/ilym2eypty5gmasrpwv5tn25ihl6zwbu7t3yis7i3ao3pjdemtw5p2ad.onion/tcp/80/ws/p2p/QmZLW6y5m8broYutG4og2ymXRZUDcxVhdgHhiKYKhquUNp',
      '/dns4/74liumztsi4w4zbxwgapn3ok2vfcasxluj7djfgg6jzvufohfufnycad.onion/tcp/80/ws/p2p/QmbkGPV1UgPS7b8588HAomTijmojuKXjNYbMgZ6PgQtgsh',
      '/dns4/e576krgv3x7hxejwyfb4vfiyxwlmgf6u2q64anggbwsnnrpec3ubfoid.onion/tcp/80/ws/p2p/QmQGGsPk8v1sy3oAwA2ecgb6JWk1XVzB8U7vsFB1dDfW3b'
    ]
    2024-03-22T21:05:39.345Z backend:LocalDbService Local peer /dns4/2otwjrsx3pcf6dvjheol6v2xcui6n6qn4rfkipe2oh3vyibizir46did.onion/tcp/80/ws/p2p/QmTpNmixsfUSHBm3vWvvuTkgt2HdXc1sYiBRw4pMRn88GR
[2m[22m
[2m      [2mat Socket.<anonymous> ([22m[2msrc/utils.ts[2m:159:15)[22m[2m[22m
  [2mconsole.log[22m
    [e2e_r4pg81niwrk]: 2024-03-22T21:05:39.345Z backend:ConnectionsManagerService launchCommunityFromStorage - sorted peers [
      '/dns4/2otwjrsx3pcf6dvjheol6v2xcui6n6qn4rfkipe2oh3vyibizir46did.onion/tcp/80/ws/p2p/QmTpNmixsfUSHBm3vWvvuTkgt2HdXc1sYiBRw4pMRn88GR',
      '/dns4/74liumztsi4w4zbxwgapn3ok2vfcasxluj7djfgg6jzvufohfufnycad.onion/tcp/80/ws/p2p/QmbkGPV1UgPS7b8588HAomTijmojuKXjNYbMgZ6PgQtgsh',
      '/dns4/ilym2eypty5gmasrpwv5tn25ihl6zwbu7t3yis7i3ao3pjdemtw5p2ad.onion/tcp/80/ws/p2p/QmZLW6y5m8broYutG4og2ymXRZUDcxVhdgHhiKYKhquUNp',
      '/dns4/e576krgv3x7hxejwyfb4vfiyxwlmgf6u2q64anggbwsnnrpec3ubfoid.onion/tcp/80/ws/p2p/QmQGGsPk8v1sy3oAwA2ecgb6JWk1XVzB8U7vsFB1dDfW3b'
    ]
[2m[22m
[2m      [2mat Socket.<anonymous> ([22m[2msrc/utils.ts[2m:159:15)[22m[2m[22m
  [2mconsole.log[22m
    [e2e_r4pg81niwrk]: 2024-03-22T21:05:39.345Z backend:ConnectionsManagerService Launching community: peers: [
      '/dns4/2otwjrsx3pcf6dvjheol6v2xcui6n6qn4rfkipe2oh3vyibizir46did.onion/tcp/80/ws/p2p/QmTpNmixsfUSHBm3vWvvuTkgt2HdXc1sYiBRw4pMRn88GR',
      '/dns4/74liumztsi4w4zbxwgapn3ok2vfcasxluj7djfgg6jzvufohfufnycad.onion/tcp/80/ws/p2p/QmbkGPV1UgPS7b8588HAomTijmojuKXjNYbMgZ6PgQtgsh',
      '/dns4/ilym2eypty5gmasrpwv5tn25ihl6zwbu7t3yis7i3ao3pjdemtw5p2ad.onion/tcp/80/ws/p2p/QmZLW6y5m8broYutG4og2ymXRZUDcxVhdgHhiKYKhquUNp',
      '/dns4/e576krgv3x7hxejwyfb4vfiyxwlmgf6u2q64anggbwsnnrpec3ubfoid.onion/tcp/80/ws/p2p/QmQGGsPk8v1sy3oAwA2ecgb6JWk1XVzB8U7vsFB1dDfW3b'
    ]
[2m[22m
[2m      [2mat Socket.<anonymous> ([22m[2msrc/utils.ts[2m:159:15)[22m[2m[22m
  [2mconsole.log[22m
    [e2e_r4pg81niwrk]: 2024-03-22T21:05:39.345Z backend:ConnectionsManagerService Launching community hmptgklyneqsnspv: peer: QmTpNmixsfUSHBm3vWvvuTkgt2HdXc1sYiBRw4pMRn88GR
    2024-03-22T21:05:39.345Z backend:ConnectionsManagerService Spawning hidden service for community hmptgklyneqsnspv, peer: QmTpNmixsfUSHBm3vWvvuTkgt2HdXc1sYiBRw4pMRn88GR
[2m[22m
[2m      [2mat Socket.<anonymous> ([22m[2msrc/utils.ts[2m:159:15)[22m[2m[22m
  [2mconsole.log[22m
    [e2e_r4pg81niwrk]: 2024-03-22T21:05:39.346Z backend:TorControl Connecting to Tor, host: localhost port: 63926
[2m[22m
[2m      [2mat Socket.<anonymous> ([22m[2msrc/utils.ts[2m:159:15)[22m[2m[22m
  [2mconsole.log[22m
    [e2e_r4pg81niwrk]: 2024-03-22T21:05:39.506Z backend:Tor Mar 22 17:05:39.000 [notice] Starting with guard context "default"
[2m[22m
[2m      [2mat Socket.<anonymous> ([22m[2msrc/utils.ts[2m:159:15)[22m[2m[22m
  [2mconsole.log[22m
    [e2e_r4pg81niwrk]: 2024-03-22T21:05:39.509Z backend:Tor Mar 22 17:05:39.000 [notice] New control connection opened from 127.0.0.1.
[2m[22m
[2m      [2mat Socket.<anonymous> ([22m[2msrc/utils.ts[2m:159:15)[22m[2m[22m
  [2mconsole.log[22m
    [e2e_r4pg81niwrk]: 2024-03-22T21:05:39.509Z backend:TorControl Tor connected
[2m[22m
[2m      [2mat Socket.<anonymous> ([22m[2msrc/utils.ts[2m:159:15)[22m[2m[22m
  [2mconsole.log[22m
    [e2e_r4pg81niwrk]: 2024-03-22T21:05:39.511Z backend:Tor Mar 22 17:05:39.000 [notice] Bootstrapped 5% (conn): Connecting to a relay
[2m[22m
[2m      [2mat Socket.<anonymous> ([22m[2msrc/utils.ts[2m:159:15)[22m[2m[22m
  [2mconsole.log[22m
    stdout:
    [32m[Nest] 19617  - [39m1711141539514 [32m    LOG[39m [38;5;3m[LazyModuleLoader] [39m[32mSocketModule dependencies initialized[39m
[2m[22m
[2m      [2mat Socket.<anonymous> ([22m[2msrc/utils.ts[2m:149:15)[22m[2m[22m
  [2mconsole.log[22m
    stdout:
    [32m[Nest] 19617  - [39m1711141539514 [32m    LOG[39m [38;5;3m[LazyModuleLoader] [39m[32mLibp2pModule dependencies initialized[39m
[2m[22m
[2m      [2mat Socket.<anonymous> ([22m[2msrc/utils.ts[2m:149:15)[22m[2m[22m
  [2mconsole.log[22m
    [e2e_r4pg81niwrk]: 2024-03-22T21:05:39.520Z backend:ConnectionsManagerService Launching community hmptgklyneqsnspv: payload peers: /dns4/2otwjrsx3pcf6dvjheol6v2xcui6n6qn4rfkipe2oh3vyibizir46did.onion/tcp/80/ws/p2p/QmTpNmixsfUSHBm3vWvvuTkgt2HdXc1sYiBRw4pMRn88GR,/dns4/74liumztsi4w4zbxwgapn3ok2vfcasxluj7djfgg6jzvufohfufnycad.onion/tcp/80/ws/p2p/QmbkGPV1UgPS7b8588HAomTijmojuKXjNYbMgZ6PgQtgsh,/dns4/ilym2eypty5gmasrpwv5tn25ihl6zwbu7t3yis7i3ao3pjdemtw5p2ad.onion/tcp/80/ws/p2p/QmZLW6y5m8broYutG4og2ymXRZUDcxVhdgHhiKYKhquUNp,/dns4/e576krgv3x7hxejwyfb4vfiyxwlmgf6u2q64anggbwsnnrpec3ubfoid.onion/tcp/80/ws/p2p/QmQGGsPk8v1sy3oAwA2ecgb6JWk1XVzB8U7vsFB1dDfW3b
[2m[22m
[2m      [2mat Socket.<anonymous> ([22m[2msrc/utils.ts[2m:159:15)[22m[2m[22m
  [2mconsole.log[22m
    [e2e_r4pg81niwrk]: 2024-03-22T21:05:39.520Z backend:ConnectionsManagerService Launching community hmptgklyneqsnspv: retrieved Libp2p PSK
[2m[22m
[2m      [2mat Socket.<anonymous> ([22m[2msrc/utils.ts[2m:159:15)[22m[2m[22m
  [2mconsole.log[22m
    [e2e_r4pg81niwrk]: 2024-03-22T21:05:39.534Z backend:Libp2pService Local peerId: QmTpNmixsfUSHBm3vWvvuTkgt2HdXc1sYiBRw4pMRn88GR
[2m[22m
[2m      [2mat Socket.<anonymous> ([22m[2msrc/utils.ts[2m:159:15)[22m[2m[22m
  [2mconsole.log[22m
    [e2e_r4pg81niwrk]: 2024-03-22T21:05:39.534Z backend:Libp2pService Initializing libp2p for QmTpNmixsfUSHBm3vWvvuTkgt2HdXc1sYiBRw4pMRn88GR, bootstrapping with 4 peers
    2024-03-22T21:05:39.534Z backend:ProcessInChunksService Processing 4 items
[2m[22m
[2m      [2mat Socket.<anonymous> ([22m[2msrc/utils.ts[2m:159:15)[22m[2m[22m
  [2mconsole.log[22m
    [e2e_r4pg81niwrk]: 2024-03-22T21:05:39.537Z backend:Libp2pService Initialized libp2p for peer QmTpNmixsfUSHBm3vWvvuTkgt2HdXc1sYiBRw4pMRn88GR
[2m[22m
[2m      [2mat Socket.<anonymous> ([22m[2msrc/utils.ts[2m:159:15)[22m[2m[22m
  [2mconsole.log[22m
    [e2e_r4pg81niwrk]: 2024-03-22T21:05:39.537Z backend:StorageService Initializing storage
[2m[22m
[2m      [2mat Socket.<anonymous> ([22m[2msrc/utils.ts[2m:159:15)[22m[2m[22m
  [2mconsole.log[22m
    stdout:
    creating paths in fn - utils
[2m[22m
[2m      [2mat Socket.<anonymous> ([22m[2msrc/utils.ts[2m:149:15)[22m[2m[22m
  [2mconsole.log[22m
    [e2e_r4pg81niwrk]: 2024-03-22T21:05:39.542Z backend:StorageService Initialized storage
    2024-03-22T21:05:39.542Z backend:ProcessInChunksService Processing /dns4/2otwjrsx3pcf6dvjheol6v2xcui6n6qn4rfkipe2oh3vyibizir46did.onion/tcp/80/ws/p2p/QmTpNmixsfUSHBm3vWvvuTkgt2HdXc1sYiBRw4pMRn88GR failed, message: Tried to dial self
[2m[22m
[2m      [2mat Socket.<anonymous> ([22m[2msrc/utils.ts[2m:159:15)[22m[2m[22m
  [2mconsole.log[22m
    stdout:
    [32m[Nest] 19617  - [39m1711141539544 [32m    LOG[39m [38;5;3m[LazyModuleLoader] [39m[32mIpfsModule dependencies initialized[39m
[2m[22m
[2m      [2mat Socket.<anonymous> ([22m[2msrc/utils.ts[2m:149:15)[22m[2m[22m
  [2mconsole.log[22m
    [e2e_r4pg81niwrk]: 2024-03-22T21:05:39.544Z backend:libp2p:websockets connect 74liumztsi4w4zbxwgapn3ok2vfcasxluj7djfgg6jzvufohfufnycad.onion:80
[2m[22m
[2m      [2mat Socket.<anonymous> ([22m[2msrc/utils.ts[2m:159:15)[22m[2m[22m
  [2mconsole.log[22m
    stdout:
    counter ipfs 1
[2m[22m
[2m      [2mat Socket.<anonymous> ([22m[2msrc/utils.ts[2m:149:15)[22m[2m[22m
  [2mconsole.log[22m
    [e2e_r4pg81niwrk]: 2024-03-22T21:05:39.548Z backend:libp2p:websockets connect ilym2eypty5gmasrpwv5tn25ihl6zwbu7t3yis7i3ao3pjdemtw5p2ad.onion:80
[2m[22m
[2m      [2mat Socket.<anonymous> ([22m[2msrc/utils.ts[2m:159:15)[22m[2m[22m
  [2mconsole.log[22m
    stdout:
    [32m[Nest] 19617  - [39m1711141539548 [32m    LOG[39m [38;5;3m[LazyModuleLoader] [39m[32mSocketModule dependencies initialized[39m
[2m[22m
[2m      [2mat Socket.<anonymous> ([22m[2msrc/utils.ts[2m:149:15)[22m[2m[22m
  [2mconsole.log[22m
    stdout:
    [32m[Nest] 19617  - [39m1711141539548 [32m    LOG[39m [38;5;3m[LazyModuleLoader] [39m[32mLibp2pModule dependencies initialized[39m
[2m[22m
[2m      [2mat Socket.<anonymous> ([22m[2msrc/utils.ts[2m:149:15)[22m[2m[22m
  [2mconsole.log[22m
    [e2e_r4pg81niwrk]: 2024-03-22T21:05:39.550Z backend:libp2p:websockets connect e576krgv3x7hxejwyfb4vfiyxwlmgf6u2q64anggbwsnnrpec3ubfoid.onion:80
[2m[22m
[2m      [2mat Socket.<anonymous> ([22m[2msrc/utils.ts[2m:159:15)[22m[2m[22m
  [2mconsole.log[22m
    [e2e_r4pg81niwrk]: 2024-03-22T21:05:39.571Z backend:OrbitDb [create]:started
[2m[22m
[2m      [2mat Socket.<anonymous> ([22m[2msrc/utils.ts[2m:159:15)[22m[2m[22m
  [2mconsole.log[22m
    stdout:
    [32m[Nest] 19617  - [39m1711141539592 [32m    LOG[39m [38;5;3m[LazyModuleLoader] [39m[32mIpfsFileManagerModule dependencies initialized[39m
[2m[22m
[2m      [2mat Socket.<anonymous> ([22m[2msrc/utils.ts[2m:149:15)[22m[2m[22m
  [2mconsole.log[22m
    stdout:
    [32m[Nest] 19617  - [39m1711141539593 [32m    LOG[39m [38;5;3m[LazyModuleLoader] [39m[32mIpfsModule dependencies initialized[39m
[2m[22m
[2m      [2mat Socket.<anonymous> ([22m[2msrc/utils.ts[2m:149:15)[22m[2m[22m
  [2mconsole.log[22m
    [e2e_r4pg81niwrk]: 2024-03-22T21:05:39.593Z backend:StorageService 1/3
    2024-03-22T21:05:39.593Z backend:StorageService 2/3
    2024-03-22T21:05:39.593Z backend:CommunityMetadataStore Initializing community metadata key/value store
[2m[22m
[2m      [2mat Socket.<anonymous> ([22m[2msrc/utils.ts[2m:159:15)[22m[2m[22m
  [2mconsole.log[22m
    [e2e_r4pg81niwrk]: 2024-03-22T21:05:39.651Z backend:ConnectionsManagerService Storage - communityMetadataStored: [object Object]
[2m[22m
[2m      [2mat Socket.<anonymous> ([22m[2msrc/utils.ts[2m:159:15)[22m[2m[22m
  [2mconsole.log[22m
    [e2e_r4pg81niwrk]: 2024-03-22T21:05:39.652Z backend:CommunityMetadataStore Loaded community metadata to memory
[2m[22m
[2m      [2mat Socket.<anonymous> ([22m[2msrc/utils.ts[2m:159:15)[22m[2m[22m
  [2mconsole.log[22m
    [e2e_r4pg81niwrk]: 2024-03-22T21:05:39.652Z backend:CertificatesStore Initializing certificates log store
    2024-03-22T21:05:39.652Z backend:Tor Mar 22 17:05:39.000 [notice] Bootstrapped 10% (conn_done): Connected to a relay
[2m[22m
[2m      [2mat Socket.<anonymous> ([22m[2msrc/utils.ts[2m:159:15)[22m[2m[22m
  [2mconsole.log[22m
    [e2e_r4pg81niwrk]: 2024-03-22T21:05:39.670Z backend:CertificatesStore Loaded certificates to memory
[2m[22m
[2m      [2mat Socket.<anonymous> ([22m[2msrc/utils.ts[2m:159:15)[22m[2m[22m
  [2mconsole.log[22m
    [e2e_r4pg81niwrk]: 2024-03-22T21:05:39.670Z backend:CertificatesStore Initialized
    2024-03-22T21:05:39.670Z backend:CertificatesRequestsStore Initializing certificates requests store
[2m[22m
[2m      [2mat Socket.<anonymous> ([22m[2msrc/utils.ts[2m:159:15)[22m[2m[22m
  [2mconsole.log[22m
    [e2e_r4pg81niwrk]: 2024-03-22T21:05:39.685Z backend:CertificatesRequestsStore Initialized
[2m[22m
[2m      [2mat Socket.<anonymous> ([22m[2msrc/utils.ts[2m:159:15)[22m[2m[22m
  [2mconsole.log[22m
    [e2e_r4pg81niwrk]: 2024-03-22T21:05:39.685Z backend:UserProfileStore Initializing user profiles key/value store
[2m[22m
[2m      [2mat Socket.<anonymous> ([22m[2msrc/utils.ts[2m:159:15)[22m[2m[22m
  [2mconsole.log[22m
    [e2e_r4pg81niwrk]: 2024-03-22T21:05:39.700Z backend:UserProfileStore Loaded user profiles to memory
[2m[22m
[2m      [2mat Socket.<anonymous> ([22m[2msrc/utils.ts[2m:159:15)[22m[2m[22m
  [2mconsole.log[22m
    [e2e_r4pg81niwrk]: 2024-03-22T21:05:39.700Z backend:StorageService 3/3
    2024-03-22T21:05:39.700Z backend:StorageService createDbForChannels init
[2m[22m
[2m      [2mat Socket.<anonymous> ([22m[2msrc/utils.ts[2m:159:15)[22m[2m[22m
  [2mconsole.log[22m
    [e2e_r4pg81niwrk]: 2024-03-22T21:05:39.718Z backend:StorageService Channels count: 2
[2m[22m
[2m      [2mat Socket.<anonymous> ([22m[2msrc/utils.ts[2m:159:15)[22m[2m[22m
  [2mconsole.log[22m
    [e2e_r4pg81niwrk]: 2024-03-22T21:05:39.718Z backend:StorageService Channels names: [
      'general_03eeb30c6ed119cffff68b3656894df0',
      'mid-night-club_d88344f05a5fce146b0d7cb89807a538'
    ]
[2m[22m
[2m      [2mat Socket.<anonymous> ([22m[2msrc/utils.ts[2m:159:15)[22m[2m[22m
  [2mconsole.log[22m
    [e2e_r4pg81niwrk]: 2024-03-22T21:05:39.719Z backend:StorageService Creating channel general_03eeb30c6ed119cffff68b3656894df0
    2024-03-22T21:05:39.719Z backend:StorageService Creating channel mid-night-club_d88344f05a5fce146b0d7cb89807a538
    2024-03-22T21:05:39.719Z backend:StorageService STORAGE: Finished createDbForChannels
[2m[22m
[2m      [2mat Socket.<anonymous> ([22m[2msrc/utils.ts[2m:159:15)[22m[2m[22m
  [2mconsole.log[22m
    [e2e_r4pg81niwrk]: 2024-03-22T21:05:39.719Z backend:StorageService Initialized DBs
    2024-03-22T21:05:39.719Z backend:StorageService Starting IPFS
    2024-03-22T21:05:39.719Z backend:ConnectionsManagerService storage initialized
    2024-03-22T21:05:39.719Z backend:ConnectionsManagerService Launched community hmptgklyneqsnspv
[2m[22m
[2m      [2mat Socket.<anonymous> ([22m[2msrc/utils.ts[2m:159:15)[22m[2m[22m
  [2mconsole.log[22m
    stdout:
    Storage.initDatabases: 126.458ms
    Hunting for heisenbug: Backend initialized community and sent event to state manager
[2m[22m
[2m      [2mat Socket.<anonymous> ([22m[2msrc/utils.ts[2m:149:15)[22m[2m[22m
  [2mconsole.log[22m
    stdout:
    preparing listener
[2m[22m
[2m      [2mat Socket.<anonymous> ([22m[2msrc/utils.ts[2m:149:15)[22m[2m[22m
  [2mconsole.log[22m
    [e2e_r4pg81niwrk]: 2024-03-22T21:05:40.234Z backend:StorageService IPFS started
[2m[22m
[2m      [2mat Socket.<anonymous> ([22m[2msrc/utils.ts[2m:159:15)[22m[2m[22m
  [2mconsole.log[22m
    [e2e_r4pg81niwrk]: 2024-03-22T21:05:40.234Z backend:StorageService Pubsub - subscribe to /orbitdb/zdpuAubkQfjh7bUVJFvuCuNpkXc9LYF4NuPX7VS12e4ciy851/public-channels
    2024-03-22T21:05:40.234Z backend:StorageService Pubsub - subscribe to /orbitdb/zdpuAtjfjLokx2PW6UGrDQoB8VmEyq2i2endX4KuuD8efo7Vj/certificates
    2024-03-22T21:05:40.234Z backend:StorageService Pubsub - subscribe to /orbitdb/zdpuAq8czmPVqfV7B5fchXdFY11jVPNNymTnCJtvPDR1dCV3h/csrs
    2024-03-22T21:05:40.234Z backend:StorageService Pubsub - subscribe to /orbitdb/zdpuAtLG6WrE13SaXWmg52e1odsV3c97BPDQRudzzXFNqDoQD/community-metadata
    2024-03-22T21:05:40.234Z backend:StorageService Pubsub - subscribe to /orbitdb/zdpuAyScVHonV7KUdb3rdNmC9ZurssGdfgveYm3ds7KNJ6CpU/user-profiles
[2m[22m
[2m      [2mat Socket.<anonymous> ([22m[2msrc/utils.ts[2m:159:15)[22m[2m[22m
  [2mconsole.log[22m
    [e2e_r4pg81niwrk]: 2024-03-22T21:05:40.235Z backend:ConnectionsManagerService socketService - setCommunityCaData
[2m[22m
[2m      [2mat Socket.<anonymous> ([22m[2msrc/utils.ts[2m:159:15)[22m[2m[22m
  [2mconsole.log[22m
    [e2e_r4pg81niwrk]: 2024-03-22T21:05:40.235Z backend:Tor Mar 22 17:05:39.000 [notice] Bootstrapped 14% (handshake): Handshaking with a relay
    Mar 22 17:05:40.000 [notice] Bootstrapped 15% (handshake_done): Handshake with a relay done
    Mar 22 17:05:40.000 [notice] Bootstrapped 75% (enough_dirinfo): Loaded enough directory info to build circuits
    Mar 22 17:05:40.000 [notice] Bootstrapped 90% (ap_handshake_done): Handshake finished with a relay to build circuits
    Mar 22 17:05:40.000 [notice] Bootstrapped 95% (circuit_create): Establishing a Tor circuit
[2m[22m
[2m      [2mat Socket.<anonymous> ([22m[2msrc/utils.ts[2m:159:15)[22m[2m[22m
  [2mconsole.log[22m
    [e2e_r4pg81niwrk]: 2024-03-22T21:05:40.248Z backend:StorageService Found existing channel: {
      id: 'mid-night-club_d88344f05a5fce146b0d7cb89807a538',
      name: 'mid-night-club',
      owner: 'user-joining-1',
      timestamp: 1711141445724,
      description: 'Welcome to #mid-night-club'
    }
[2m[22m
[2m      [2mat Socket.<anonymous> ([22m[2msrc/utils.ts[2m:159:15)[22m[2m[22m
  [2mconsole.log[22m
    [e2e_r4pg81niwrk]: 2024-03-22T21:05:40.248Z backend:StorageService Set mid-night-club_d88344f05a5fce146b0d7cb89807a538 to local channels
    2024-03-22T21:05:40.248Z backend:StorageService Found existing channel: {
      id: 'general_03eeb30c6ed119cffff68b3656894df0',
      name: 'general',
      owner: 'owner',
      timestamp: 1711141460251,
      description: 'Welcome to #general'
    }
    2024-03-22T21:05:40.248Z backend:StorageService Set general_03eeb30c6ed119cffff68b3656894df0 to local channels
[2m[22m
[2m      [2mat Socket.<anonymous> ([22m[2msrc/utils.ts[2m:159:15)[22m[2m[22m
  [2mconsole.log[22m
    [e2e_r4pg81niwrk]: 2024-03-22T21:05:40.248Z backend:StorageService Created channel mid-night-club_d88344f05a5fce146b0d7cb89807a538
    2024-03-22T21:05:40.249Z backend:StorageService Pubsub - subscribe to /orbitdb/zdpuAwb6VYYuRHZoaPQ96LhoBXZpV9xMdPECr6SEaa1fehxr3/channels.mid-night-club_d88344f05a5fce146b0d7cb89807a538
    2024-03-22T21:05:40.249Z backend:StorageService Subscribing to channel  mid-night-club_d88344f05a5fce146b0d7cb89807a538
[2m[22m
[2m      [2mat Socket.<anonymous> ([22m[2msrc/utils.ts[2m:159:15)[22m[2m[22m
  [2mconsole.log[22m
    [e2e_r4pg81niwrk]: 2024-03-22T21:05:40.249Z backend:StorageService Subscribed to channel mid-night-club_d88344f05a5fce146b0d7cb89807a538
[2m[22m
[2m      [2mat Socket.<anonymous> ([22m[2msrc/utils.ts[2m:159:15)[22m[2m[22m
  [2mconsole.log[22m
    [e2e_r4pg81niwrk]: 2024-03-22T21:05:40.250Z backend:StorageService Created channel general_03eeb30c6ed119cffff68b3656894df0
    2024-03-22T21:05:40.250Z backend:StorageService Pubsub - subscribe to /orbitdb/zdpuAwDRFnjKZXiPbDHznfkAHctoCerqiUFbVkg2PxjGfSSnu/channels.general_03eeb30c6ed119cffff68b3656894df0
    2024-03-22T21:05:40.250Z backend:StorageService Subscribing to channel  general_03eeb30c6ed119cffff68b3656894df0
[2m[22m
[2m      [2mat Socket.<anonymous> ([22m[2msrc/utils.ts[2m:159:15)[22m[2m[22m
  [2mconsole.log[22m
    [e2e_r4pg81niwrk]: 2024-03-22T21:05:40.251Z backend:StorageService Subscribed to channel general_03eeb30c6ed119cffff68b3656894df0
[2m[22m
[2m      [2mat Socket.<anonymous> ([22m[2msrc/utils.ts[2m:159:15)[22m[2m[22m
  [2mconsole.log[22m
    [e2e_r4pg81niwrk]: 2024-03-22T21:05:41.137Z backend:Tor Mar 22 17:05:41.000 [notice] Bootstrapped 100% (done): Done
[2m[22m
[2m      [2mat Socket.<anonymous> ([22m[2msrc/utils.ts[2m:159:15)[22m[2m[22m
  [2mconsole.log[22m
    [e2e_r4pg81niwrk]: 2024-03-22T21:05:41.744Z backend:TorControl Connecting to Tor, host: localhost port: 63926
[2m[22m
[2m      [2mat Socket.<anonymous> ([22m[2msrc/utils.ts[2m:159:15)[22m[2m[22m
  [2mconsole.log[22m
    [e2e_r4pg81niwrk]: 2024-03-22T21:05:41.745Z backend:Tor Mar 22 17:05:41.000 [notice] New control connection opened from 127.0.0.1.
    
    2024-03-22T21:05:41.745Z backend:TorControl Tor connected
[2m[22m
[2m      [2mat Socket.<anonymous> ([22m[2msrc/utils.ts[2m:159:15)[22m[2m[22m
  [2mconsole.log[22m
    [e2e_r4pg81niwrk]: 2024-03-22T21:05:49.836Z backend:libp2p:websockets:err connection error: Unexpected server response: 404
[2m[22m
[2m      [2mat Socket.<anonymous> ([22m[2msrc/utils.ts[2m:159:15)[22m[2m[22m
  [2mconsole.log[22m
    [e2e_r4pg81niwrk]: 2024-03-22T21:05:49.837Z backend:libp2p:websockets:err error connecting to /dns4/ilym2eypty5gmasrpwv5tn25ihl6zwbu7t3yis7i3ao3pjdemtw5p2ad.onion/tcp/80/ws/p2p/QmZLW6y5m8broYutG4og2ymXRZUDcxVhdgHhiKYKhquUNp. Details: Unexpected server response: 404
    2024-03-22T21:05:49.837Z backend:ProcessInChunksService Processing /dns4/ilym2eypty5gmasrpwv5tn25ihl6zwbu7t3yis7i3ao3pjdemtw5p2ad.onion/tcp/80/ws/p2p/QmZLW6y5m8broYutG4og2ymXRZUDcxVhdgHhiKYKhquUNp failed, message: All promises were rejected
[2m[22m
[2m      [2mat Socket.<anonymous> ([22m[2msrc/utils.ts[2m:159:15)[22m[2m[22m
  [2mconsole.log[22m
    [e2e_6q0pv39bdzw0]: 2024-03-22T21:05:51.359Z backend:libp2p:websockets server connecting with /dns4/2otwjrsx3pcf6dvjheol6v2xcui6n6qn4rfkipe2oh3vyibizir46did.onion/tcp/80/ws/p2p/QmTpNmixsfUSHBm3vWvvuTkgt2HdXc1sYiBRw4pMRn88GR
[2m[22m
[2m      [2mat Socket.<anonymous> ([22m[2msrc/utils.ts[2m:159:15)[22m[2m[22m
  [2mconsole.log[22m
    [e2e_6q0pv39bdzw0]: 2024-03-22T21:05:51.359Z backend:libp2p:websockets new inbound connection /dns4/2otwjrsx3pcf6dvjheol6v2xcui6n6qn4rfkipe2oh3vyibizir46did.onion/tcp/80/ws/p2p/QmTpNmixsfUSHBm3vWvvuTkgt2HdXc1sYiBRw4pMRn88GR
[2m[22m
[2m      [2mat Socket.<anonymous> ([22m[2msrc/utils.ts[2m:159:15)[22m[2m[22m
  [2mconsole.log[22m
    [e2e_r4pg81niwrk]: 2024-03-22T21:05:51.792Z backend:libp2p:websockets /dns4/2otwjrsx3pcf6dvjheol6v2xcui6n6qn4rfkipe2oh3vyibizir46did.onion/tcp/80/ws/p2p/QmTpNmixsfUSHBm3vWvvuTkgt2HdXc1sYiBRw4pMRn88GR connected /dns4/e576krgv3x7hxejwyfb4vfiyxwlmgf6u2q64anggbwsnnrpec3ubfoid.onion/tcp/80/ws/p2p/QmQGGsPk8v1sy3oAwA2ecgb6JWk1XVzB8U7vsFB1dDfW3b
[2m[22m
[2m      [2mat Socket.<anonymous> ([22m[2msrc/utils.ts[2m:159:15)[22m[2m[22m
  [2mconsole.log[22m
    [e2e_r4pg81niwrk]: 2024-03-22T21:05:51.793Z backend:libp2p:websockets new outbound connection /dns4/e576krgv3x7hxejwyfb4vfiyxwlmgf6u2q64anggbwsnnrpec3ubfoid.onion/tcp/80/ws/p2p/QmQGGsPk8v1sy3oAwA2ecgb6JWk1XVzB8U7vsFB1dDfW3b
[2m[22m
[2m      [2mat Socket.<anonymous> ([22m[2msrc/utils.ts[2m:159:15)[22m[2m[22m
  [2mconsole.log[22m
    [e2e_r4pg81niwrk]: 2024-03-22T21:05:52.299Z backend:libp2p:websockets:err connection error: Unexpected server response: 404
[2m[22m
[2m      [2mat Socket.<anonymous> ([22m[2msrc/utils.ts[2m:159:15)[22m[2m[22m
  [2mconsole.log[22m
    [e2e_r4pg81niwrk]: 2024-03-22T21:05:52.299Z backend:libp2p:websockets:err error connecting to /dns4/74liumztsi4w4zbxwgapn3ok2vfcasxluj7djfgg6jzvufohfufnycad.onion/tcp/80/ws/p2p/QmbkGPV1UgPS7b8588HAomTijmojuKXjNYbMgZ6PgQtgsh. Details: Unexpected server response: 404
    2024-03-22T21:05:52.299Z backend:ProcessInChunksService Processing /dns4/74liumztsi4w4zbxwgapn3ok2vfcasxluj7djfgg6jzvufohfufnycad.onion/tcp/80/ws/p2p/QmbkGPV1UgPS7b8588HAomTijmojuKXjNYbMgZ6PgQtgsh failed, message: All promises were rejected
[2m[22m
[2m      [2mat Socket.<anonymous> ([22m[2msrc/utils.ts[2m:159:15)[22m[2m[22m
  [2mconsole.log[22m
    TEST 10
[2m[22m
[2m      [2mat Object.<anonymous> ([22m[2m[0m[36msrc/tests/multipleClients.test.ts[39m[0m[2m:541:17)[22m[2m[22m
  [2mconsole.log[22m
    [e2e_r4pg81niwrk]: 2024-03-22T21:06:02.371Z backend:SocketService Awaiting readyness before emitting:  sendMessage
[2m[22m
[2m      [2mat Socket.<anonymous> ([22m[2msrc/utils.ts[2m:159:15)[22m[2m[22m
  [2mconsole.log[22m
    [e2e_6q0pv39bdzw0]: 2024-03-22T21:06:03.569Z backend:libp2p:websockets inbound connection /dns4/2otwjrsx3pcf6dvjheol6v2xcui6n6qn4rfkipe2oh3vyibizir46did.onion/tcp/80/ws/p2p/QmTpNmixsfUSHBm3vWvvuTkgt2HdXc1sYiBRw4pMRn88GR upgraded
[2m[22m
[2m      [2mat Socket.<anonymous> ([22m[2msrc/utils.ts[2m:159:15)[22m[2m[22m
  [2mconsole.log[22m
    [e2e_6q0pv39bdzw0]: 2024-03-22T21:06:03.569Z backend:Libp2pService Connecting peer: {"isTrusted":false,"detail":{"id":"7exyvd1711141563568","remoteAddr":"/dns4/2otwjrsx3pcf6dvjheol6v2xcui6n6qn4rfkipe2oh3vyibizir46did.onion/tcp/80/ws/p2p/QmTpNmixsfUSHBm3vWvvuTkgt2HdXc1sYiBRw4pMRn88GR","remotePeer":"QmTpNmixsfUSHBm3vWvvuTkgt2HdXc1sYiBRw4pMRn88GR","stat":{"status":"OPEN","direction":"inbound","timeline":{"open":1711141551359,"upgraded":1711141563568},"multiplexer":"/mplex/6.7.0","encryption":"/noise"},"tags":[],"_closing":false}}
    2024-03-22T21:06:03.569Z backend:Libp2pService QmQGGsPk8v1sy3oAwA2ecgb6JWk1XVzB8U7vsFB1dDfW3b connected to QmTpNmixsfUSHBm3vWvvuTkgt2HdXc1sYiBRw4pMRn88GR
    2024-03-22T21:06:03.569Z backend:Libp2pService QmQGGsPk8v1sy3oAwA2ecgb6JWk1XVzB8U7vsFB1dDfW3b is now connected to 1 peers
    2024-03-22T21:06:03.569Z backend:Libp2pService QmQGGsPk8v1sy3oAwA2ecgb6JWk1XVzB8U7vsFB1dDfW3b has 1 open connections
    2024-03-22T21:06:03.569Z backend:Libp2pService Emitting peerConnected event with payload {"peers":[{"peer":"QmTpNmixsfUSHBm3vWvvuTkgt2HdXc1sYiBRw4pMRn88GR","lastSeen":1711141563.569,"connectionDuration":0}]}
[2m[22m
[2m      [2mat Socket.<anonymous> ([22m[2msrc/utils.ts[2m:159:15)[22m[2m[22m
  [2mconsole.log[22m
    [e2e_r4pg81niwrk]: 2024-03-22T21:06:03.893Z backend:Libp2pService Connecting peer: {"isTrusted":false,"detail":{"id":"31laht1711141563892","remoteAddr":"/dns4/e576krgv3x7hxejwyfb4vfiyxwlmgf6u2q64anggbwsnnrpec3ubfoid.onion/tcp/80/ws/p2p/QmQGGsPk8v1sy3oAwA2ecgb6JWk1XVzB8U7vsFB1dDfW3b","remotePeer":"QmQGGsPk8v1sy3oAwA2ecgb6JWk1XVzB8U7vsFB1dDfW3b","stat":{"status":"OPEN","direction":"outbound","timeline":{"open":1711141551793,"upgraded":1711141563892},"multiplexer":"/mplex/6.7.0","encryption":"/noise"},"tags":[],"_closing":false}}
[2m[22m
[2m      [2mat Socket.<anonymous> ([22m[2msrc/utils.ts[2m:159:15)[22m[2m[22m
  [2mconsole.log[22m
    [e2e_r4pg81niwrk]: 2024-03-22T21:06:03.893Z backend:Libp2pService QmTpNmixsfUSHBm3vWvvuTkgt2HdXc1sYiBRw4pMRn88GR connected to QmQGGsPk8v1sy3oAwA2ecgb6JWk1XVzB8U7vsFB1dDfW3b
[2m[22m
[2m      [2mat Socket.<anonymous> ([22m[2msrc/utils.ts[2m:159:15)[22m[2m[22m
  [2mconsole.log[22m
    [e2e_r4pg81niwrk]: 2024-03-22T21:06:03.907Z backend:Libp2pService QmTpNmixsfUSHBm3vWvvuTkgt2HdXc1sYiBRw4pMRn88GR is now connected to 1 peers
    2024-03-22T21:06:03.907Z backend:Libp2pService QmTpNmixsfUSHBm3vWvvuTkgt2HdXc1sYiBRw4pMRn88GR has 1 open connections
[2m[22m
[2m      [2mat Socket.<anonymous> ([22m[2msrc/utils.ts[2m:159:15)[22m[2m[22m
  [2mconsole.log[22m
    [e2e_r4pg81niwrk]: 2024-03-22T21:06:03.907Z backend:Libp2pService Emitting peerConnected event with payload {"peers":[{"peer":"QmQGGsPk8v1sy3oAwA2ecgb6JWk1XVzB8U7vsFB1dDfW3b","lastSeen":1711141563.893,"connectionDuration":0}]}
[2m[22m
[2m      [2mat Socket.<anonymous> ([22m[2msrc/utils.ts[2m:159:15)[22m[2m[22m
  [2mconsole.log[22m
    [e2e_r4pg81niwrk]: 2024-03-22T21:06:03.908Z backend:libp2p:websockets outbound connection /dns4/e576krgv3x7hxejwyfb4vfiyxwlmgf6u2q64anggbwsnnrpec3ubfoid.onion/tcp/80/ws/p2p/QmQGGsPk8v1sy3oAwA2ecgb6JWk1XVzB8U7vsFB1dDfW3b upgraded
[2m[22m
[2m      [2mat Socket.<anonymous> ([22m[2msrc/utils.ts[2m:159:15)[22m[2m[22m
  [2mconsole.log[22m
    [e2e_r4pg81niwrk]: 2024-03-22T21:06:03.909Z backend:libp2p:websockets connect ilym2eypty5gmasrpwv5tn25ihl6zwbu7t3yis7i3ao3pjdemtw5p2ad.onion:80
[2m[22m
[2m      [2mat Socket.<anonymous> ([22m[2msrc/utils.ts[2m:159:15)[22m[2m[22m
  [2mconsole.log[22m
    [e2e_6q0pv39bdzw0]: 2024-03-22T21:06:07.105Z backend:StorageService progress 3/3. Address: /orbitdb/zdpuAwDRFnjKZXiPbDHznfkAHctoCerqiUFbVkg2PxjGfSSnu/channels.general_03eeb30c6ed119cffff68b3656894df0
[2m[22m
[2m      [2mat Socket.<anonymous> ([22m[2msrc/utils.ts[2m:159:15)[22m[2m[22m
  [2mconsole.log[22m
    [e2e_6q0pv39bdzw0]: 2024-03-22T21:06:07.114Z backend:StorageService Replicated. /orbitdb/zdpuAwDRFnjKZXiPbDHznfkAHctoCerqiUFbVkg2PxjGfSSnu/channels.general_03eeb30c6ed119cffff68b3656894df0
[2m[22m
[2m      [2mat Socket.<anonymous> ([22m[2msrc/utils.ts[2m:159:15)[22m[2m[22m
  [2mconsole.log[22m
    [e2e_6q0pv39bdzw0]: 2024-03-22T21:06:07.124Z backend:SocketService Awaiting readyness before emitting:  getMessages
[2m[22m
[2m      [2mat Socket.<anonymous> ([22m[2msrc/utils.ts[2m:159:15)[22m[2m[22m
  [2mconsole.log[22m
    Waiting for user "owner" message "After guest left the app"
[2m[22m
[2m      [2mat Channel.waitForUserMessage ([22m[2msrc/selectors.ts[2m:342:13)[22m[2m[22m
  [2mconsole.log[22m
    Potential message with text: @owner deleted all messages in #general
[2m[22m
[2m      [2mat [22m[2msrc/selectors.ts[2m:347:17[22m[2m[22m
  [2mconsole.log[22m
    Potential message with text: After guest left the app
[2m[22m
[2m      [2mat [22m[2msrc/selectors.ts[2m:347:17[22m[2m[22m
  [2mconsole.log[22m
    Found message with matching text After guest left the app
[2m[22m
[2m      [2mat [22m[2msrc/selectors.ts[2m:349:19[22m[2m[22m
  [2mconsole.log[22m
    Data Test ID for message content: userMessages-owner-5g09387o6ph
[2m[22m
[2m      [2mat Channel.getMessageIdsByText ([22m[2msrc/selectors.ts[2m:384:13)[22m[2m[22m
  [2mconsole.log[22m
    Waiting for content for message with text After guest left the app
[2m[22m
[2m      [2mat Channel.waitForMessageContentByText ([22m[2msrc/selectors.ts[2m:510:13)[22m[2m[22m
  [2mconsole.log[22m
    Testing content: After guest left the app
[2m[22m
[2m      [2mat Channel.waitForMessageContentByText ([22m[2msrc/selectors.ts[2m:516:15)[22m[2m[22m
  [2mconsole.log[22m
    Testing content: After guest left the app
[2m[22m
[2m      [2mat Channel.waitForMessageContentByText ([22m[2msrc/selectors.ts[2m:516:15)[22m[2m[22m
  [2mconsole.log[22m
    Testing content: After guest left the app
[2m[22m
[2m      [2mat Channel.waitForMessageContentByText ([22m[2msrc/selectors.ts[2m:516:15)[22m[2m[22m
  [2mconsole.log[22m
    Testing content: After guest left the app
[2m[22m
[2m      [2mat Channel.waitForMessageContentByText ([22m[2msrc/selectors.ts[2m:516:15)[22m[2m[22m
  [2mconsole.log[22m
    Found content element for message with text After guest left the app
[2m[22m
[2m      [2mat Channel.waitForMessageContentByText ([22m[2msrc/selectors.ts[2m:518:17)[22m[2m[22m
  [2mconsole.log[22m
    Data Test ID for message content: messagesGroupContent-5g09387o6ph
[2m[22m
[2m      [2mat Channel.getMessageIdsByText ([22m[2msrc/selectors.ts[2m:394:13)[22m[2m[22m
  [2mconsole.log[22m
    Waiting for 'sending...' element for message with data-testid unsent-sending-owner-5g09387o6ph
[2m[22m
[2m      [2mat Channel.waitForSending ([22m[2msrc/selectors.ts[2m:528:13)[22m[2m[22m
  [2mconsole.log[22m
    Waiting for user's avatar with username owner for message with ID 5g09387o6ph
[2m[22m
[2m      [2mat Channel.waitForAvatar ([22m[2msrc/selectors.ts[2m:471:13)[22m[2m[22m
  [2mconsole.log[22m
    Found user's avatar with username owner for message with ID 5g09387o6ph
[2m[22m
[2m      [2mat Channel.waitForAvatar ([22m[2msrc/selectors.ts[2m:476:15)[22m[2m[22m
  [2mconsole.log[22m
    Waiting for date for message with ID 5g09387o6ph
[2m[22m
[2m      [2mat Channel.waitForDateLabel ([22m[2msrc/selectors.ts[2m:484:13)[22m[2m[22m
  [2mconsole.log[22m
    Found date label for message with ID 5g09387o6ph
[2m[22m
[2m      [2mat Channel.waitForDateLabel ([22m[2msrc/selectors.ts[2m:489:15)[22m[2m[22m
  [2mconsole.log[22m
    Waiting for content for message with ID 5g09387o6ph
[2m[22m
[2m      [2mat Channel.waitForMessageContentById ([22m[2msrc/selectors.ts[2m:497:13)[22m[2m[22m
  [2mconsole.log[22m
    Found content for message with ID 5g09387o6ph
[2m[22m
[2m      [2mat Channel.waitForMessageContentById ([22m[2msrc/selectors.ts[2m:502:15)[22m[2m[22m
  [2mconsole.log[22m
    Waiting for connection status element for channel with name general with expected presence = false
[2m[22m
[2m      [2mat Channel.waitForConnectionStatus ([22m[2msrc/selectors.ts[2m:550:13)[22m[2m[22m
  [2mconsole.log[22m
    Closing the app e2e_r4pg81niwrk
[2m[22m
[2m      [2mat App.close ([22m[2msrc/selectors.ts[2m:58:13)[22m[2m[22m
  [2mconsole.log[22m
    Closing driver (DATA_DIR=e2e_r4pg81niwrk)
[2m[22m
[2m      [2mat BuildSetup.closeDriver ([22m[2msrc/utils.ts[2m:224:13)[22m[2m[22m
  [2mconsole.log[22m
    [e2e_r4pg81niwrk]: 2024-03-22T21:06:11.560Z desktop:main:main Event mainWindow.closed
[2m[22m
[2m      [2mat Socket.<anonymous> ([22m[2msrc/utils.ts[2m:159:15)[22m[2m[22m
  [2mconsole.log[22m
    [e2e_r4pg81niwrk]: 2024-03-22T21:06:11.560Z desktop:main:main Event: app.window-all-closed
[2m[22m
[2m      [2mat Socket.<anonymous> ([22m[2msrc/utils.ts[2m:159:15)[22m[2m[22m
  [2mconsole.log[22m
    [e2e_r4pg81niwrk]: 2024-03-22T21:06:11.561Z backend:Tor Killing tor... with pid 19632
[2m[22m
[2m      [2mat Socket.<anonymous> ([22m[2msrc/utils.ts[2m:159:15)[22m[2m[22m
  [2mconsole.log[22m
    [e2e_r4pg81niwrk]: 2024-03-22T21:06:11.561Z backend:Tor Attempting to kill hanging tor processes
[2m[22m
[2m      [2mat Socket.<anonymous> ([22m[2msrc/utils.ts[2m:159:15)[22m[2m[22m
  [2mconsole.log[22m
    Killing driver (DATA_DIR=e2e_r4pg81niwrk)
[2m[22m
[2m      [2mat BuildSetup.killChromeDriver ([22m[2msrc/utils.ts[2m:214:13)[22m[2m[22m
  [2mconsole.log[22m
    EXIT
[2m[22m
[2m      [2mat ChildProcess.<anonymous> ([22m[2msrc/utils.ts[2m:132:15)[22m[2m[22m
  [2mconsole.log[22m
    [e2e_r4pg81niwrk]: 2024-03-22T21:06:11.676Z backend:Tor Found tor process(es) with pid(s) 19632. Killing...
[2m[22m
[2m      [2mat Socket.<anonymous> ([22m[2msrc/utils.ts[2m:159:15)[22m[2m[22m
  [2mconsole.log[22m
    [e2e_r4pg81niwrk]: 2024-03-22T21:06:11.676Z backend:Tor Mar 22 17:06:11.000 [notice] Catching signal TERM, exiting cleanly.
[2m[22m
[2m      [2mat Socket.<anonymous> ([22m[2msrc/utils.ts[2m:159:15)[22m[2m[22m
  [2mconsole.log[22m
    [e2e_r4pg81niwrk]: 2024-03-22T21:06:11.678Z backend:Libp2pService Disconnecting peer: {"isTrusted":false,"detail":{"id":"31laht1711141563892","remoteAddr":"/dns4/e576krgv3x7hxejwyfb4vfiyxwlmgf6u2q64anggbwsnnrpec3ubfoid.onion/tcp/80/ws/p2p/QmQGGsPk8v1sy3oAwA2ecgb6JWk1XVzB8U7vsFB1dDfW3b","remotePeer":"QmQGGsPk8v1sy3oAwA2ecgb6JWk1XVzB8U7vsFB1dDfW3b","stat":{"status":"CLOSED","direction":"outbound","timeline":{"open":1711141551793,"upgraded":1711141563892,"close":1711141571678},"multiplexer":"/mplex/6.7.0","encryption":"/noise"},"tags":[],"_closing":false}}
    2024-03-22T21:06:11.678Z backend:Libp2pService QmTpNmixsfUSHBm3vWvvuTkgt2HdXc1sYiBRw4pMRn88GR disconnected from QmQGGsPk8v1sy3oAwA2ecgb6JWk1XVzB8U7vsFB1dDfW3b
[2m[22m
[2m      [2mat Socket.<anonymous> ([22m[2msrc/utils.ts[2m:159:15)[22m[2m[22m
  [2mconsole.log[22m
    [e2e_r4pg81niwrk]: 2024-03-22T21:06:11.678Z backend:Libp2pService QmTpNmixsfUSHBm3vWvvuTkgt2HdXc1sYiBRw4pMRn88GR has 0 open connections
    2024-03-22T21:06:11.678Z backend:Libp2pService QmTpNmixsfUSHBm3vWvvuTkgt2HdXc1sYiBRw4pMRn88GR is now connected to 0 peers
    2024-03-22T21:06:11.678Z backend:Libp2pService Emitting peerDisconnected event with payload {"peer":"QmQGGsPk8v1sy3oAwA2ecgb6JWk1XVzB8U7vsFB1dDfW3b","connectionDuration":7785,"lastSeen":1711141571678}
[2m[22m
[2m      [2mat Socket.<anonymous> ([22m[2msrc/utils.ts[2m:159:15)[22m[2m[22m
  [2mconsole.log[22m
    [e2e_r4pg81niwrk]: 2024-03-22T21:06:11.681Z backend:Tor Tor exited with code 0 and signal null
[2m[22m
[2m      [2mat Socket.<anonymous> ([22m[2msrc/utils.ts[2m:159:15)[22m[2m[22m
  [2mconsole.log[22m
    [e2e_r4pg81niwrk]: 2024-03-22T21:06:11.681Z backend:ConnectionsManagerService Stopping orbitdb
    2024-03-22T21:06:11.681Z backend:CertificatesRequestsStore Closing...
    2024-03-22T21:06:11.681Z backend:CertificatesRequestsStore Closed
[2m[22m
[2m      [2mat Socket.<anonymous> ([22m[2msrc/utils.ts[2m:159:15)[22m[2m[22m
  [2mconsole.log[22m
    [e2e_r4pg81niwrk]: 2024-03-22T21:06:11.681Z backend:OrbitDb Stopping OrbitDB
[2m[22m
[2m      [2mat Socket.<anonymous> ([22m[2msrc/utils.ts[2m:159:15)[22m[2m[22m
  [2mconsole.log[22m
    [e2e_r4pg81niwrk]: 2024-03-22T21:06:11.682Z backend:StorageService Stopping IPFS files manager
    2024-03-22T21:06:11.682Z backend:StorageService Stopping IPFS
[2m[22m
[2m      [2mat Socket.<anonymous> ([22m[2msrc/utils.ts[2m:159:15)[22m[2m[22m
  [2mconsole.log[22m
    [e2e_r4pg81niwrk]: 2024-03-22T21:06:11.685Z backend:ConnectionsManagerService Closing socket server
[2m[22m
[2m      [2mat Socket.<anonymous> ([22m[2msrc/utils.ts[2m:159:15)[22m[2m[22m
  [2mconsole.log[22m
    [e2e_r4pg81niwrk]: 2024-03-22T21:06:11.685Z backend:ConnectionsManagerService Closing local storage
    2024-03-22T21:06:11.685Z backend:LocalDbService Closing leveldb
    2024-03-22T21:06:11.685Z backend:ConnectionsManagerService Stopping libp2p
    2024-03-22T21:06:11.685Z backend:Libp2pService Closing libp2p service
[2m[22m
[2m      [2mat Socket.<anonymous> ([22m[2msrc/utils.ts[2m:159:15)[22m[2m[22m
  [2mconsole.log[22m
    [e2e_r4pg81niwrk]: node:events:491
          throw er; // Unhandled 'error' event
          ^
    
    Error [ERR_IPC_CHANNEL_CLOSED]: Channel closed
        at new NodeError (node:internal/errors:393:5)
        at target.send (node:internal/child_process:740:16)
        at process.eval (webpack://@quiet/backend/./src/backendManager.ts?:84:25)
    Emitted 'error' event on process instance at:
        at process.processEmit [as emit] (webpack://@quiet/backend/./node_modules/signal-exit/index.js?:199:34)
        at node:internal/child_process:744:35
        at process.processTicksAndRejections (node:internal/process/task_queues:77:11) {
      code: 'ERR_IPC_CHANNEL_CLOSED'
    }
    
    Node.js v18.12.1
[2m[22m
[2m      [2mat Socket.<anonymous> ([22m[2msrc/utils.ts[2m:159:15)[22m[2m[22m
  [2mconsole.log[22m
    CLOSE
[2m[22m
[2m      [2mat ChildProcess.<anonymous> ([22m[2msrc/utils.ts[2m:137:15)[22m[2m[22m
  [2mconsole.log[22m
    App closed e2e_r4pg81niwrk
[2m[22m
[2m      [2mat App.close ([22m[2msrc/selectors.ts[2m:70:13)[22m[2m[22m
  [2mconsole.log[22m
    Closing the app e2e_6q0pv39bdzw0
[2m[22m
[2m      [2mat App.close ([22m[2msrc/selectors.ts[2m:58:13)[22m[2m[22m
  [2mconsole.log[22m
    Closing driver (DATA_DIR=e2e_6q0pv39bdzw0)
[2m[22m
[2m      [2mat BuildSetup.closeDriver ([22m[2msrc/utils.ts[2m:224:13)[22m[2m[22m
  [2mconsole.log[22m
    [e2e_6q0pv39bdzw0]: 2024-03-22T21:06:13.676Z desktop:main:main Event mainWindow.closed
[2m[22m
[2m      [2mat Socket.<anonymous> ([22m[2msrc/utils.ts[2m:159:15)[22m[2m[22m
  [2mconsole.log[22m
    [e2e_6q0pv39bdzw0]: 2024-03-22T21:06:13.676Z desktop:main:main Event: app.window-all-closed
[2m[22m
[2m      [2mat Socket.<anonymous> ([22m[2msrc/utils.ts[2m:159:15)[22m[2m[22m
  [2mconsole.log[22m
    [e2e_6q0pv39bdzw0]: 2024-03-22T21:06:13.678Z backend:Tor Killing tor... with pid 18659
    2024-03-22T21:06:13.678Z backend:Tor Attempting to kill hanging tor processes
[2m[22m
[2m      [2mat Socket.<anonymous> ([22m[2msrc/utils.ts[2m:159:15)[22m[2m[22m
  [2mconsole.log[22m
    [e2e_6q0pv39bdzw0]: [1711141573.779][DEBUG]: Log type 'driver' lost 1 entries on destruction
    [1711141573.779][DEBUG]: Log type 'browser' lost 3 entries on destruction
[2m[22m
[2m      [2mat Socket.<anonymous> ([22m[2msrc/utils.ts[2m:159:15)[22m[2m[22m
  [2mconsole.log[22m
    Killing driver (DATA_DIR=e2e_6q0pv39bdzw0)
[2m[22m
[2m      [2mat BuildSetup.killChromeDriver ([22m[2msrc/utils.ts[2m:214:13)[22m[2m[22m
  [2mconsole.log[22m
    EXIT
[2m[22m
[2m      [2mat ChildProcess.<anonymous> ([22m[2msrc/utils.ts[2m:132:15)[22m[2m[22m
  [2mconsole.log[22m
    [e2e_6q0pv39bdzw0]: 2024-03-22T21:06:13.797Z backend:Tor Found tor process(es) with pid(s) 18659. Killing...
[2m[22m
[2m      [2mat Socket.<anonymous> ([22m[2msrc/utils.ts[2m:159:15)[22m[2m[22m
  [2mconsole.log[22m
    [e2e_6q0pv39bdzw0]: 2024-03-22T21:06:13.797Z backend:Libp2pService Disconnecting peer: {"isTrusted":false,"detail":{"id":"7exyvd1711141563568","remoteAddr":"/dns4/2otwjrsx3pcf6dvjheol6v2xcui6n6qn4rfkipe2oh3vyibizir46did.onion/tcp/80/ws/p2p/QmTpNmixsfUSHBm3vWvvuTkgt2HdXc1sYiBRw4pMRn88GR","remotePeer":"QmTpNmixsfUSHBm3vWvvuTkgt2HdXc1sYiBRw4pMRn88GR","stat":{"status":"CLOSED","direction":"inbound","timeline":{"open":1711141551359,"upgraded":1711141563568,"close":1711141573797},"multiplexer":"/mplex/6.7.0","encryption":"/noise"},"tags":[],"_closing":false}}
    2024-03-22T21:06:13.797Z backend:Libp2pService QmQGGsPk8v1sy3oAwA2ecgb6JWk1XVzB8U7vsFB1dDfW3b disconnected from QmTpNmixsfUSHBm3vWvvuTkgt2HdXc1sYiBRw4pMRn88GR
    2024-03-22T21:06:13.798Z backend:Libp2pService QmQGGsPk8v1sy3oAwA2ecgb6JWk1XVzB8U7vsFB1dDfW3b has 0 open connections
    2024-03-22T21:06:13.798Z backend:Libp2pService QmQGGsPk8v1sy3oAwA2ecgb6JWk1XVzB8U7vsFB1dDfW3b is now connected to 0 peers
    2024-03-22T21:06:13.798Z backend:Libp2pService Emitting peerDisconnected event with payload {"peer":"QmTpNmixsfUSHBm3vWvvuTkgt2HdXc1sYiBRw4pMRn88GR","connectionDuration":10229,"lastSeen":1711141573798}
    2024-03-22T21:06:13.798Z backend:Tor Mar 22 17:06:13.000 [notice] Catching signal TERM, exiting cleanly.
[2m[22m
[2m      [2mat Socket.<anonymous> ([22m[2msrc/utils.ts[2m:159:15)[22m[2m[22m
  [2mconsole.log[22m
    [e2e_6q0pv39bdzw0]: 2024-03-22T21:06:13.808Z backend:Tor Tor exited with code 0 and signal null
[2m[22m
[2m      [2mat Socket.<anonymous> ([22m[2msrc/utils.ts[2m:159:15)[22m[2m[22m
  [2mconsole.log[22m
    [e2e_6q0pv39bdzw0]: 2024-03-22T21:06:13.809Z backend:ConnectionsManagerService Stopping orbitdb
    2024-03-22T21:06:13.809Z backend:CertificatesRequestsStore Closing...
    2024-03-22T21:06:13.809Z backend:CertificatesRequestsStore Closed
    2024-03-22T21:06:13.809Z backend:OrbitDb Stopping OrbitDB
[2m[22m
[2m      [2mat Socket.<anonymous> ([22m[2msrc/utils.ts[2m:159:15)[22m[2m[22m
  [2mconsole.log[22m
    [e2e_6q0pv39bdzw0]: 2024-03-22T21:06:13.810Z backend:StorageService Stopping IPFS files manager
    2024-03-22T21:06:13.810Z backend:StorageService Stopping IPFS
[2m[22m
[2m      [2mat Socket.<anonymous> ([22m[2msrc/utils.ts[2m:159:15)[22m[2m[22m
  [2mconsole.log[22m
    [e2e_6q0pv39bdzw0]: 2024-03-22T21:06:13.813Z backend:ConnectionsManagerService Closing socket server
[2m[22m
[2m      [2mat Socket.<anonymous> ([22m[2msrc/utils.ts[2m:159:15)[22m[2m[22m
  [2mconsole.log[22m
    [e2e_6q0pv39bdzw0]: 2024-03-22T21:06:13.813Z backend:ConnectionsManagerService Closing local storage
    2024-03-22T21:06:13.813Z backend:LocalDbService Closing leveldb
    2024-03-22T21:06:13.813Z backend:ConnectionsManagerService Stopping libp2p
    2024-03-22T21:06:13.813Z backend:Libp2pService Closing libp2p service
[2m[22m
[2m      [2mat Socket.<anonymous> ([22m[2msrc/utils.ts[2m:159:15)[22m[2m[22m
  [2mconsole.log[22m
    [e2e_6q0pv39bdzw0]: node:events:491
          throw er; // Unhandled 'error' event
          ^
    
    Error [ERR_IPC_CHANNEL_CLOSED]: Channel closed
        at new NodeError (node:internal/errors:393:5)
        at target.send (node:internal/child_process:740:16)
        at process.eval (webpack://@quiet/backend/./src/backendManager.ts?:84:25)
    Emitted 'error' event on process instance at:
        at process.processEmit [as emit] (webpack://@quiet/backend/./node_modules/signal-exit/index.js?:199:34)
        at node:internal/child_process:744:35
        at process.processTicksAndRejections (node:internal/process/task_queues:77:11) {
      code: 'ERR_IPC_CHANNEL_CLOSED'
    }
    
    Node.js v18.12.1
[2m[22m
[2m      [2mat Socket.<anonymous> ([22m[2msrc/utils.ts[2m:159:15)[22m[2m[22m
  [2mconsole.log[22m
    CLOSE
[2m[22m
[2m      [2mat ChildProcess.<anonymous> ([22m[2msrc/utils.ts[2m:137:15)[22m[2m[22m
  [2mconsole.log[22m
    App closed e2e_6q0pv39bdzw0
[2m[22m
[2m      [2mat App.close ([22m[2msrc/selectors.ts[2m:70:13)[22m[2m[22m

 

 >  Lerna (powered by Nx)   Running target test:localBinary for project e2e-tests failed

   Failed tasks:
   
   - e2e-tests:test:localBinary
   
   Hint: run the command with --verbose for more details.

 FAIL  src/tests/multipleClients.test.ts (508.313 s)
  Multiple Clients
    Stages:
      Owner Opens App
        ✓ Owner opens the app (9085 ms)
        ✓ Owner sees "join community" modal and switches to "create community" modal (1047 ms)
        ✓ Owner submits valid community name (1144 ms)
        ✓ Owner sees "register username" modal and submits valid username (1089 ms)
        ✓ Owner registers successfully and sees general channel (1444 ms)
        ✓ Owner sends a message (9249 ms)
        ✓ Owner's message is visible on channel (1024 ms)
        ✓ Owner opens the settings tab and gets an invitation code (9255 ms)
      First User Joins Community
        ✓ First user opens the app (6448 ms)
        ✓ First user submits invitation code received from owner (1335 ms)
        ✓ First user submits valid username (1158 ms)
        ✓ First user joins successfully sees general channel and sends a message (48878 ms)
        ✓ First user's sent message is visible in a channel (1094 ms)
        ✓ First user opens the settings tab and copies updated invitation code (9233 ms)
      Owner Leaves
        ✓ Owner goes offline (33119 ms)
        ✓ User sees the connection status element in general channel (1058 ms)
        ✓ First user sends an unsent message (9264 ms)
        ✓ First user's unsent message is visible in a channel (1075 ms)
      Second User Joins
        ✓ Second user opens the app (11494 ms)
        ✓ Second user starts to join when owner is offline (1389 ms)
        ✓ Second user submits non-valid, duplicated username (1129 ms)
        ✓ Second user submits valid username (64187 ms)
        ✓ Second user sees general channel (1035 ms)
        ✓ Second user doesn't see the connection status element in general channel (1028 ms)
        ✓ Second user sees "unsent" message from first user as sent (34171 ms)
        ✓ First user doesn't see the connection status element in general channel (1028 ms)
        ✓ First user now sees their "unsent" message as sent (4141 ms)
        ✓ Second user can send a message, they see their message tagged as "unregistered" (24313 ms)
        ✓ First user sees that unregistered user's messages are marked as "unregistered" (4172 ms)
      Second User Registers
        ✓ Owner goes back online (41501 ms)
        ✓ "Unregistered" label is removed from second user's messages (1020 ms)
        ○ skipped Second user receives certificate, they can see confirmation that they registered
      Owner Creates New Channel
        ✓ Channel creation - Owner creates second channel (1429 ms)
        ✓ Channel creation - Owner sends message in second channel (14293 ms)
        ✓ Channel creation - Owner doesn't see the connection status element in second channel (1031 ms)
        ✓ Channel creation - User reads message in second channel (6262 ms)
        ✓ Channel creation - First user doesn't see the connection status element in second channel (1019 ms)
      Channel Deletion
        ✓ Owner deletes second channel (6095 ms)
        ✓ User sees info about channel deletion in general channel (9191 ms)
        ✕ User can create channel with the same name and is fresh channel (3377 ms)
        ✓ Leave community (1137 ms)
        ✓ Owner recreates general channel (16127 ms)
      Leave Community
        ✓ Guest re-join to community successfully (3418 ms)
        ✓ Guest registers new username (1088 ms)
        ✕ User sees information about recreation general channel and see correct amount of messages (24431 ms)
        ✓ Guest sends a message after rejoining community as a new user and it is visible (14302 ms)
      Guest Closes App
        ✓ Owner closes app (23146 ms)
        ✓ Guest closes app (3122 ms)
        ✓ Owner re-opens app (26440 ms)
        ✓ Owner sends another message after guest left the app and it is visible (9317 ms)
        ✓ Owner sees the connection status element in general channel (1028 ms)
  ● Multiple Clients › Stages: › Channel Deletion › User can create channel with the same name and is fresh channel
    expect(received).toEqual(expected) // deep equality
    Expected: 2
    Received: 1

      438 |         await sleep(2000)
      439 |         const channels = await sidebarOwner.getChannelList()
    > 440 |         expect(channels.length).toEqual(2)
          |                                 ^
      441 |       })
      442 |
      443 |       // End of tests for Windows

      at Object.<anonymous> (src/tests/multipleClients.test.ts:440:33)
  ● Multiple Clients › Stages: › Leave Community › User sees information about recreation general channel and see correct amount of messages
    NoSuchElementError: no such element: Unable to locate element: {"method":"xpath","selector":"//*[contains(@data-testid, "userAvatar-user-joining-1-8ah7h55ean")]"}
      (Session info: chrome=110.0.5481.77)

      470 |   async waitForAvatar(username: string, messageId: string): Promise<WebElement> {
      471 |     console.log(`Waiting for user's avatar with username ${username} for message with ID ${messageId}`)
    > 472 |     const avatarElement = await this.driver.wait(
          |                           ^
      473 |       this.driver.findElement(By.xpath(`//*[contains(@data-testid, "userAvatar-${username}-${messageId}")]`))
      474 |     )
      475 |     if (avatarElement) {

      at Object.throwDecodedError (node_modules/selenium-webdriver/lib/error.js:524:15)
      at parseHttpResponse (node_modules/selenium-webdriver/lib/http.js:587:13)
      at Executor.execute (node_modules/selenium-webdriver/lib/http.js:515:28)
      at thenableWebDriverProxy.execute (node_modules/selenium-webdriver/lib/webdriver.js:742:17)
      at Channel.waitForAvatar (src/selectors.ts:472:27)
      at Channel.verifyMessageSentStatus (src/selectors.ts:414:20)
      at Object.<anonymous> (src/tests/multipleClients.test.ts:509:9)
Test Suites: 1 failed, 1 total
Tests:       2 failed, 1 skipped, 48 passed, 51 total
Snapshots:   0 total
Time:        508.366 s, estimated 741 s
Ran all test suites matching /multiple/i.

